Archive member included to satisfy reference by file (symbol)

.\CortexM0\ARM_GCC_541\Debug\Lab02 - Interrupts.a(ENC_ISR.o)
                              .\CortexM0\ARM_GCC_541\Debug\main.o (ENC_ISR_Start)
.\CortexM0\ARM_GCC_541\Debug\Lab02 - Interrupts.a(BTN.o)
                              .\CortexM0\ARM_GCC_541\Debug\main.o (BTN_Read)
.\CortexM0\ARM_GCC_541\Debug\Lab02 - Interrupts.a(BTN_ISR.o)
                              .\CortexM0\ARM_GCC_541\Debug\main.o (BTN_ISR_Start)
.\CortexM0\ARM_GCC_541\Debug\Lab02 - Interrupts.a(LCD_BarGraph.o)
                              .\CortexM0\ARM_GCC_541\Debug\main.o (LCD_DrawHorizontalBG)
.\CortexM0\ARM_GCC_541\Debug\Lab02 - Interrupts.a(LCD.o)
                              .\CortexM0\ARM_GCC_541\Debug\Lab02 - Interrupts.a(LCD_BarGraph.o) (LCD_IsReady)
.\CortexM0\ARM_GCC_541\Debug\Lab02 - Interrupts.a(LCD_Timer_ISR.o)
                              .\CortexM0\ARM_GCC_541\Debug\main.o (LCD_Timer_ISR_Start)
.\CortexM0\ARM_GCC_541\Debug\Lab02 - Interrupts.a(LCD_Timer.o)
                              .\CortexM0\ARM_GCC_541\Debug\main.o (LCD_Timer_WritePeriod)
.\CortexM0\ARM_GCC_541\Debug\Lab02 - Interrupts.a(CyLib.o)
                              .\CortexM0\ARM_GCC_541\Debug\cyfitter_cfg.o (CyIntEnable)
.\CortexM0\ARM_GCC_541\Debug\Lab02 - Interrupts.a(CyLFClk.o)
                              .\CortexM0\ARM_GCC_541\Debug\Lab02 - Interrupts.a(CyLib.o) (CySysClkWcoEnabled)
.\CortexM0\ARM_GCC_541\Debug\Lab02 - Interrupts.a(CyBootAsmGnu.o)
                              .\CortexM0\ARM_GCC_541\Debug\Lab02 - Interrupts.a(CyLib.o) (CyDelayCycles)
.\CortexM0\ARM_GCC_541\Debug\Lab02 - Interrupts.a(ENC.o)
                              .\CortexM0\ARM_GCC_541\Debug\Lab02 - Interrupts.a(ENC_ISR.o) (ENC_Read)
.\CortexM0\ARM_GCC_541\Debug\Lab02 - Interrupts.a(CyFlash.o)
                              .\CortexM0\ARM_GCC_541\Debug\Lab02 - Interrupts.a(CyLib.o) (CySysFlashSetWaitCycles)
c:/program files (x86)/cypress/psoc creator/4.2/psoc creator/import/gnu/arm/5.4.1/bin/../lib/gcc/arm-none-eabi/5.4.1/armv6-m\libgcc.a(_udivsi3.o)
                              .\CortexM0\ARM_GCC_541\Debug\Lab02 - Interrupts.a(LCD_BarGraph.o) (__aeabi_uidiv)
c:/program files (x86)/cypress/psoc creator/4.2/psoc creator/import/gnu/arm/5.4.1/bin/../lib/gcc/arm-none-eabi/5.4.1/armv6-m\libgcc.a(_divsi3.o)
                              .\CortexM0\ARM_GCC_541\Debug\Lab02 - Interrupts.a(CyLFClk.o) (__aeabi_idiv)
c:/program files (x86)/cypress/psoc creator/4.2/psoc creator/import/gnu/arm/5.4.1/bin/../lib/gcc/arm-none-eabi/5.4.1/armv6-m\libgcc.a(_dvmd_tls.o)
                              c:/program files (x86)/cypress/psoc creator/4.2/psoc creator/import/gnu/arm/5.4.1/bin/../lib/gcc/arm-none-eabi/5.4.1/armv6-m\libgcc.a(_udivsi3.o) (__aeabi_idiv0)
c:/program files (x86)/cypress/psoc creator/4.2/psoc creator/import/gnu/arm/5.4.1/bin/../lib/gcc/arm-none-eabi/5.4.1/../../../../arm-none-eabi/lib/armv6-m\libg_nano.a(lib_a-errno.o)
                              .\CortexM0\ARM_GCC_541\Debug\Cm0Start.o (__errno)
c:/program files (x86)/cypress/psoc creator/4.2/psoc creator/import/gnu/arm/5.4.1/bin/../lib/gcc/arm-none-eabi/5.4.1/../../../../arm-none-eabi/lib/armv6-m\libg_nano.a(lib_a-exit.o)
                              c:/program files (x86)/cypress/psoc creator/4.2/psoc creator/import/gnu/arm/5.4.1/bin/../lib/gcc/arm-none-eabi/5.4.1/../../../../arm-none-eabi/lib/armv6-m/crt0.o (exit)
c:/program files (x86)/cypress/psoc creator/4.2/psoc creator/import/gnu/arm/5.4.1/bin/../lib/gcc/arm-none-eabi/5.4.1/../../../../arm-none-eabi/lib/armv6-m\libg_nano.a(lib_a-impure.o)
                              c:/program files (x86)/cypress/psoc creator/4.2/psoc creator/import/gnu/arm/5.4.1/bin/../lib/gcc/arm-none-eabi/5.4.1/../../../../arm-none-eabi/lib/armv6-m\libg_nano.a(lib_a-exit.o) (_global_impure_ptr)
c:/program files (x86)/cypress/psoc creator/4.2/psoc creator/import/gnu/arm/5.4.1/bin/../lib/gcc/arm-none-eabi/5.4.1/../../../../arm-none-eabi/lib/armv6-m\libg_nano.a(lib_a-init.o)
                              c:/program files (x86)/cypress/psoc creator/4.2/psoc creator/import/gnu/arm/5.4.1/bin/../lib/gcc/arm-none-eabi/5.4.1/../../../../arm-none-eabi/lib/armv6-m/crt0.o (__libc_init_array)
c:/program files (x86)/cypress/psoc creator/4.2/psoc creator/import/gnu/arm/5.4.1/bin/../lib/gcc/arm-none-eabi/5.4.1/../../../../arm-none-eabi/lib/armv6-m\libg_nano.a(lib_a-memcpy-stub.o)
                              .\CortexM0\ARM_GCC_541\Debug\Lab02 - Interrupts.a(CyFlash.o) (memcpy)
c:/program files (x86)/cypress/psoc creator/4.2/psoc creator/import/gnu/arm/5.4.1/bin/../lib/gcc/arm-none-eabi/5.4.1/../../../../arm-none-eabi/lib/armv6-m\libg_nano.a(lib_a-memset.o)
                              c:/program files (x86)/cypress/psoc creator/4.2/psoc creator/import/gnu/arm/5.4.1/bin/../lib/gcc/arm-none-eabi/5.4.1/../../../../arm-none-eabi/lib/armv6-m/crt0.o (memset)

Allocating common symbols
Common symbol       size              file

movingDirection     0x4               .\CortexM0\ARM_GCC_541\Debug\main.o
barSync             0x4               .\CortexM0\ARM_GCC_541\Debug\main.o
encoderAsync        0x4               .\CortexM0\ARM_GCC_541\Debug\main.o
buttonAsync         0x4               .\CortexM0\ARM_GCC_541\Debug\main.o
encoderPos          0x4               .\CortexM0\ARM_GCC_541\Debug\main.o

Discarded input sections

 .text          0x00000000        0x0 c:/program files (x86)/cypress/psoc creator/4.2/psoc creator/import/gnu/arm/5.4.1/bin/../lib/gcc/arm-none-eabi/5.4.1/armv6-m/crti.o
 .data          0x00000000        0x0 c:/program files (x86)/cypress/psoc creator/4.2/psoc creator/import/gnu/arm/5.4.1/bin/../lib/gcc/arm-none-eabi/5.4.1/armv6-m/crti.o
 .bss           0x00000000        0x0 c:/program files (x86)/cypress/psoc creator/4.2/psoc creator/import/gnu/arm/5.4.1/bin/../lib/gcc/arm-none-eabi/5.4.1/armv6-m/crti.o
 .data          0x00000000        0x4 c:/program files (x86)/cypress/psoc creator/4.2/psoc creator/import/gnu/arm/5.4.1/bin/../lib/gcc/arm-none-eabi/5.4.1/armv6-m/crtbegin.o
 .text          0x00000000       0x78 c:/program files (x86)/cypress/psoc creator/4.2/psoc creator/import/gnu/arm/5.4.1/bin/../lib/gcc/arm-none-eabi/5.4.1/../../../../arm-none-eabi/lib/armv6-m/crt0.o
 .data          0x00000000        0x0 c:/program files (x86)/cypress/psoc creator/4.2/psoc creator/import/gnu/arm/5.4.1/bin/../lib/gcc/arm-none-eabi/5.4.1/../../../../arm-none-eabi/lib/armv6-m/crt0.o
 .bss           0x00000000        0x0 c:/program files (x86)/cypress/psoc creator/4.2/psoc creator/import/gnu/arm/5.4.1/bin/../lib/gcc/arm-none-eabi/5.4.1/../../../../arm-none-eabi/lib/armv6-m/crt0.o
 .ARM.extab     0x00000000        0x0 c:/program files (x86)/cypress/psoc creator/4.2/psoc creator/import/gnu/arm/5.4.1/bin/../lib/gcc/arm-none-eabi/5.4.1/../../../../arm-none-eabi/lib/armv6-m/crt0.o
 .ARM.exidx     0x00000000        0x8 c:/program files (x86)/cypress/psoc creator/4.2/psoc creator/import/gnu/arm/5.4.1/bin/../lib/gcc/arm-none-eabi/5.4.1/../../../../arm-none-eabi/lib/armv6-m/crt0.o
 .text          0x00000000        0x0 .\CortexM0\ARM_GCC_541\Debug\main.o
 .data          0x00000000        0x0 .\CortexM0\ARM_GCC_541\Debug\main.o
 .bss           0x00000000        0x0 .\CortexM0\ARM_GCC_541\Debug\main.o
 .text          0x00000000        0x0 .\CortexM0\ARM_GCC_541\Debug\cyfitter_cfg.o
 .data          0x00000000        0x0 .\CortexM0\ARM_GCC_541\Debug\cyfitter_cfg.o
 .bss           0x00000000        0x0 .\CortexM0\ARM_GCC_541\Debug\cyfitter_cfg.o
 .text          0x00000000        0x0 .\CortexM0\ARM_GCC_541\Debug\cymetadata.o
 .data          0x00000000        0x0 .\CortexM0\ARM_GCC_541\Debug\cymetadata.o
 .bss           0x00000000        0x0 .\CortexM0\ARM_GCC_541\Debug\cymetadata.o
 .text          0x00000000        0x0 .\CortexM0\ARM_GCC_541\Debug\Cm0Start.o
 .data          0x00000000        0x4 .\CortexM0\ARM_GCC_541\Debug\Cm0Start.o
 .bss           0x00000000        0x0 .\CortexM0\ARM_GCC_541\Debug\Cm0Start.o
 .text._exit    0x00000000        0xc .\CortexM0\ARM_GCC_541\Debug\Cm0Start.o
 .text._sbrk    0x00000000       0x30 .\CortexM0\ARM_GCC_541\Debug\Cm0Start.o
 .text          0x00000000        0x0 .\CortexM0\ARM_GCC_541\Debug\Lab02 - Interrupts.a(ENC_ISR.o)
 .data          0x00000000        0x0 .\CortexM0\ARM_GCC_541\Debug\Lab02 - Interrupts.a(ENC_ISR.o)
 .bss           0x00000000        0x0 .\CortexM0\ARM_GCC_541\Debug\Lab02 - Interrupts.a(ENC_ISR.o)
 .text.ENC_ISR_GetVector
                0x00000000        0xc .\CortexM0\ARM_GCC_541\Debug\Lab02 - Interrupts.a(ENC_ISR.o)
 .text.ENC_ISR_GetPriority
                0x00000000       0x10 .\CortexM0\ARM_GCC_541\Debug\Lab02 - Interrupts.a(ENC_ISR.o)
 .text.ENC_ISR_GetState
                0x00000000       0x10 .\CortexM0\ARM_GCC_541\Debug\Lab02 - Interrupts.a(ENC_ISR.o)
 .text.ENC_ISR_StartEx
                0x00000000       0x1c .\CortexM0\ARM_GCC_541\Debug\Lab02 - Interrupts.a(ENC_ISR.o)
 .text.ENC_ISR_Stop
                0x00000000       0x14 .\CortexM0\ARM_GCC_541\Debug\Lab02 - Interrupts.a(ENC_ISR.o)
 .text.ENC_ISR_SetPending
                0x00000000        0xc .\CortexM0\ARM_GCC_541\Debug\Lab02 - Interrupts.a(ENC_ISR.o)
 .text.ENC_ISR_ClearPending
                0x00000000        0xc .\CortexM0\ARM_GCC_541\Debug\Lab02 - Interrupts.a(ENC_ISR.o)
 .text          0x00000000        0x0 .\CortexM0\ARM_GCC_541\Debug\Lab02 - Interrupts.a(BTN.o)
 .data          0x00000000        0x0 .\CortexM0\ARM_GCC_541\Debug\Lab02 - Interrupts.a(BTN.o)
 .bss           0x00000000        0x0 .\CortexM0\ARM_GCC_541\Debug\Lab02 - Interrupts.a(BTN.o)
 .text.BTN_SetDriveMode
                0x00000000       0x18 .\CortexM0\ARM_GCC_541\Debug\Lab02 - Interrupts.a(BTN.o)
 .text.BTN_Write
                0x00000000       0x18 .\CortexM0\ARM_GCC_541\Debug\Lab02 - Interrupts.a(BTN.o)
 .text.BTN_ReadDataReg
                0x00000000       0x10 .\CortexM0\ARM_GCC_541\Debug\Lab02 - Interrupts.a(BTN.o)
 .text.BTN_SetInterruptMode
                0x00000000       0x14 .\CortexM0\ARM_GCC_541\Debug\Lab02 - Interrupts.a(BTN.o)
 .text          0x00000000        0x0 .\CortexM0\ARM_GCC_541\Debug\Lab02 - Interrupts.a(BTN_ISR.o)
 .data          0x00000000        0x0 .\CortexM0\ARM_GCC_541\Debug\Lab02 - Interrupts.a(BTN_ISR.o)
 .bss           0x00000000        0x0 .\CortexM0\ARM_GCC_541\Debug\Lab02 - Interrupts.a(BTN_ISR.o)
 .text.BTN_ISR_GetVector
                0x00000000        0xc .\CortexM0\ARM_GCC_541\Debug\Lab02 - Interrupts.a(BTN_ISR.o)
 .text.BTN_ISR_GetPriority
                0x00000000       0x10 .\CortexM0\ARM_GCC_541\Debug\Lab02 - Interrupts.a(BTN_ISR.o)
 .text.BTN_ISR_GetState
                0x00000000       0x14 .\CortexM0\ARM_GCC_541\Debug\Lab02 - Interrupts.a(BTN_ISR.o)
 .text.BTN_ISR_StartEx
                0x00000000       0x1c .\CortexM0\ARM_GCC_541\Debug\Lab02 - Interrupts.a(BTN_ISR.o)
 .text.BTN_ISR_Stop
                0x00000000       0x14 .\CortexM0\ARM_GCC_541\Debug\Lab02 - Interrupts.a(BTN_ISR.o)
 .text.BTN_ISR_SetPending
                0x00000000        0xc .\CortexM0\ARM_GCC_541\Debug\Lab02 - Interrupts.a(BTN_ISR.o)
 .text.BTN_ISR_ClearPending
                0x00000000        0xc .\CortexM0\ARM_GCC_541\Debug\Lab02 - Interrupts.a(BTN_ISR.o)
 .text          0x00000000        0x0 .\CortexM0\ARM_GCC_541\Debug\Lab02 - Interrupts.a(LCD_BarGraph.o)
 .data          0x00000000        0x0 .\CortexM0\ARM_GCC_541\Debug\Lab02 - Interrupts.a(LCD_BarGraph.o)
 .bss           0x00000000        0x0 .\CortexM0\ARM_GCC_541\Debug\Lab02 - Interrupts.a(LCD_BarGraph.o)
 .text          0x00000000        0x0 .\CortexM0\ARM_GCC_541\Debug\Lab02 - Interrupts.a(LCD.o)
 .data          0x00000000        0x0 .\CortexM0\ARM_GCC_541\Debug\Lab02 - Interrupts.a(LCD.o)
 .text.LCD_PutChar
                0x00000000        0x8 .\CortexM0\ARM_GCC_541\Debug\Lab02 - Interrupts.a(LCD.o)
 .text.LCD_Stop
                0x00000000       0x14 .\CortexM0\ARM_GCC_541\Debug\Lab02 - Interrupts.a(LCD.o)
 .text.LCD_PrintInt8
                0x00000000       0x20 .\CortexM0\ARM_GCC_541\Debug\Lab02 - Interrupts.a(LCD.o)
 .text.LCD_PrintInt16
                0x00000000       0x14 .\CortexM0\ARM_GCC_541\Debug\Lab02 - Interrupts.a(LCD.o)
 .text.LCD_PrintInt32
                0x00000000       0x1c .\CortexM0\ARM_GCC_541\Debug\Lab02 - Interrupts.a(LCD.o)
 .text.LCD_PrintU32Number
                0x00000000       0x4c .\CortexM0\ARM_GCC_541\Debug\Lab02 - Interrupts.a(LCD.o)
 .rodata        0x00000000       0x10 .\CortexM0\ARM_GCC_541\Debug\Lab02 - Interrupts.a(LCD.o)
 .text          0x00000000        0x0 .\CortexM0\ARM_GCC_541\Debug\Lab02 - Interrupts.a(LCD_Timer_ISR.o)
 .data          0x00000000        0x0 .\CortexM0\ARM_GCC_541\Debug\Lab02 - Interrupts.a(LCD_Timer_ISR.o)
 .bss           0x00000000        0x0 .\CortexM0\ARM_GCC_541\Debug\Lab02 - Interrupts.a(LCD_Timer_ISR.o)
 .text.LCD_Timer_ISR_GetVector
                0x00000000        0xc .\CortexM0\ARM_GCC_541\Debug\Lab02 - Interrupts.a(LCD_Timer_ISR.o)
 .text.LCD_Timer_ISR_GetPriority
                0x00000000        0xc .\CortexM0\ARM_GCC_541\Debug\Lab02 - Interrupts.a(LCD_Timer_ISR.o)
 .text.LCD_Timer_ISR_GetState
                0x00000000       0x14 .\CortexM0\ARM_GCC_541\Debug\Lab02 - Interrupts.a(LCD_Timer_ISR.o)
 .text.LCD_Timer_ISR_StartEx
                0x00000000       0x1c .\CortexM0\ARM_GCC_541\Debug\Lab02 - Interrupts.a(LCD_Timer_ISR.o)
 .text.LCD_Timer_ISR_Stop
                0x00000000       0x14 .\CortexM0\ARM_GCC_541\Debug\Lab02 - Interrupts.a(LCD_Timer_ISR.o)
 .text.LCD_Timer_ISR_SetPending
                0x00000000       0x10 .\CortexM0\ARM_GCC_541\Debug\Lab02 - Interrupts.a(LCD_Timer_ISR.o)
 .text.LCD_Timer_ISR_ClearPending
                0x00000000       0x10 .\CortexM0\ARM_GCC_541\Debug\Lab02 - Interrupts.a(LCD_Timer_ISR.o)
 .text          0x00000000        0x0 .\CortexM0\ARM_GCC_541\Debug\Lab02 - Interrupts.a(LCD_Timer.o)
 .data          0x00000000        0x0 .\CortexM0\ARM_GCC_541\Debug\Lab02 - Interrupts.a(LCD_Timer.o)
 .text.LCD_Timer_Stop
                0x00000000       0x1c .\CortexM0\ARM_GCC_541\Debug\Lab02 - Interrupts.a(LCD_Timer.o)
 .text.LCD_Timer_SetMode
                0x00000000       0x28 .\CortexM0\ARM_GCC_541\Debug\Lab02 - Interrupts.a(LCD_Timer.o)
 .text.LCD_Timer_SetQDMode
                0x00000000       0x28 .\CortexM0\ARM_GCC_541\Debug\Lab02 - Interrupts.a(LCD_Timer.o)
 .text.LCD_Timer_SetPrescaler
                0x00000000       0x28 .\CortexM0\ARM_GCC_541\Debug\Lab02 - Interrupts.a(LCD_Timer.o)
 .text.LCD_Timer_SetOneShot
                0x00000000       0x30 .\CortexM0\ARM_GCC_541\Debug\Lab02 - Interrupts.a(LCD_Timer.o)
 .text.LCD_Timer_SetPWMMode
                0x00000000       0x10 .\CortexM0\ARM_GCC_541\Debug\Lab02 - Interrupts.a(LCD_Timer.o)
 .text.LCD_Timer_SetPWMSyncKill
                0x00000000       0x28 .\CortexM0\ARM_GCC_541\Debug\Lab02 - Interrupts.a(LCD_Timer.o)
 .text.LCD_Timer_SetPWMStopOnKill
                0x00000000       0x28 .\CortexM0\ARM_GCC_541\Debug\Lab02 - Interrupts.a(LCD_Timer.o)
 .text.LCD_Timer_SetPWMDeadTime
                0x00000000       0x2c .\CortexM0\ARM_GCC_541\Debug\Lab02 - Interrupts.a(LCD_Timer.o)
 .text.LCD_Timer_SetPWMInvert
                0x00000000       0x28 .\CortexM0\ARM_GCC_541\Debug\Lab02 - Interrupts.a(LCD_Timer.o)
 .text.LCD_Timer_ReadCounter
                0x00000000       0x10 .\CortexM0\ARM_GCC_541\Debug\Lab02 - Interrupts.a(LCD_Timer.o)
 .text.LCD_Timer_SetCounterMode
                0x00000000       0x28 .\CortexM0\ARM_GCC_541\Debug\Lab02 - Interrupts.a(LCD_Timer.o)
 .text.LCD_Timer_ReadPeriod
                0x00000000       0x10 .\CortexM0\ARM_GCC_541\Debug\Lab02 - Interrupts.a(LCD_Timer.o)
 .text.LCD_Timer_SetCompareSwap
                0x00000000       0x24 .\CortexM0\ARM_GCC_541\Debug\Lab02 - Interrupts.a(LCD_Timer.o)
 .text.LCD_Timer_WritePeriodBuf
                0x00000000       0x10 .\CortexM0\ARM_GCC_541\Debug\Lab02 - Interrupts.a(LCD_Timer.o)
 .text.LCD_Timer_ReadPeriodBuf
                0x00000000       0x10 .\CortexM0\ARM_GCC_541\Debug\Lab02 - Interrupts.a(LCD_Timer.o)
 .text.LCD_Timer_SetPeriodSwap
                0x00000000       0x28 .\CortexM0\ARM_GCC_541\Debug\Lab02 - Interrupts.a(LCD_Timer.o)
 .text.LCD_Timer_WriteCompare
                0x00000000       0x10 .\CortexM0\ARM_GCC_541\Debug\Lab02 - Interrupts.a(LCD_Timer.o)
 .text.LCD_Timer_ReadCompare
                0x00000000       0x10 .\CortexM0\ARM_GCC_541\Debug\Lab02 - Interrupts.a(LCD_Timer.o)
 .text.LCD_Timer_WriteCompareBuf
                0x00000000       0x10 .\CortexM0\ARM_GCC_541\Debug\Lab02 - Interrupts.a(LCD_Timer.o)
 .text.LCD_Timer_ReadCompareBuf
                0x00000000       0x10 .\CortexM0\ARM_GCC_541\Debug\Lab02 - Interrupts.a(LCD_Timer.o)
 .text.LCD_Timer_ReadCapture
                0x00000000       0x10 .\CortexM0\ARM_GCC_541\Debug\Lab02 - Interrupts.a(LCD_Timer.o)
 .text.LCD_Timer_ReadCaptureBuf
                0x00000000       0x10 .\CortexM0\ARM_GCC_541\Debug\Lab02 - Interrupts.a(LCD_Timer.o)
 .text.LCD_Timer_SetCaptureMode
                0x00000000       0x24 .\CortexM0\ARM_GCC_541\Debug\Lab02 - Interrupts.a(LCD_Timer.o)
 .text.LCD_Timer_SetReloadMode
                0x00000000       0x24 .\CortexM0\ARM_GCC_541\Debug\Lab02 - Interrupts.a(LCD_Timer.o)
 .text.LCD_Timer_SetStartMode
                0x00000000       0x28 .\CortexM0\ARM_GCC_541\Debug\Lab02 - Interrupts.a(LCD_Timer.o)
 .text.LCD_Timer_SetStopMode
                0x00000000       0x24 .\CortexM0\ARM_GCC_541\Debug\Lab02 - Interrupts.a(LCD_Timer.o)
 .text.LCD_Timer_SetCountMode
                0x00000000       0x24 .\CortexM0\ARM_GCC_541\Debug\Lab02 - Interrupts.a(LCD_Timer.o)
 .text.LCD_Timer_ReadStatus
                0x00000000       0x14 .\CortexM0\ARM_GCC_541\Debug\Lab02 - Interrupts.a(LCD_Timer.o)
 .text.LCD_Timer_GetInterruptSourceMasked
                0x00000000        0xc .\CortexM0\ARM_GCC_541\Debug\Lab02 - Interrupts.a(LCD_Timer.o)
 .text.LCD_Timer_GetInterruptSource
                0x00000000        0xc .\CortexM0\ARM_GCC_541\Debug\Lab02 - Interrupts.a(LCD_Timer.o)
 .text.LCD_Timer_SetInterrupt
                0x00000000        0xc .\CortexM0\ARM_GCC_541\Debug\Lab02 - Interrupts.a(LCD_Timer.o)
 .text          0x00000000        0x0 .\CortexM0\ARM_GCC_541\Debug\Lab02 - Interrupts.a(CyLib.o)
 .bss           0x00000000       0x18 .\CortexM0\ARM_GCC_541\Debug\Lab02 - Interrupts.a(CyLib.o)
 .text.CySysClkImoStart
                0x00000000       0x14 .\CortexM0\ARM_GCC_541\Debug\Lab02 - Interrupts.a(CyLib.o)
 .text.CySysClkImoStop
                0x00000000       0x18 .\CortexM0\ARM_GCC_541\Debug\Lab02 - Interrupts.a(CyLib.o)
 .text.CySysClkWriteHfclkDirect
                0x00000000       0x20 .\CortexM0\ARM_GCC_541\Debug\Lab02 - Interrupts.a(CyLib.o)
 .text.CySysEnablePumpClock
                0x00000000       0x38 .\CortexM0\ARM_GCC_541\Debug\Lab02 - Interrupts.a(CyLib.o)
 .text.CySysClkGetSysclkSource
                0x00000000       0x1c .\CortexM0\ARM_GCC_541\Debug\Lab02 - Interrupts.a(CyLib.o)
 .text.CySysClkWriteSysclkDiv
                0x00000000       0x30 .\CortexM0\ARM_GCC_541\Debug\Lab02 - Interrupts.a(CyLib.o)
 .text.CySysLvdDisable
                0x00000000       0x20 .\CortexM0\ARM_GCC_541\Debug\Lab02 - Interrupts.a(CyLib.o)
 .text.CySysLvdGetInterruptSource
                0x00000000       0x10 .\CortexM0\ARM_GCC_541\Debug\Lab02 - Interrupts.a(CyLib.o)
 .text.CySysLvdClearInterrupt
                0x00000000        0xc .\CortexM0\ARM_GCC_541\Debug\Lab02 - Interrupts.a(CyLib.o)
 .text.CySysGetResetReason
                0x00000000       0x14 .\CortexM0\ARM_GCC_541\Debug\Lab02 - Interrupts.a(CyLib.o)
 .text.CyDisableInts
                0x00000000       0x10 .\CortexM0\ARM_GCC_541\Debug\Lab02 - Interrupts.a(CyLib.o)
 .text.CyEnableInts
                0x00000000        0xc .\CortexM0\ARM_GCC_541\Debug\Lab02 - Interrupts.a(CyLib.o)
 .text.CyIntGetState
                0x00000000       0x18 .\CortexM0\ARM_GCC_541\Debug\Lab02 - Interrupts.a(CyLib.o)
 .text.CyIntDisable
                0x00000000       0x14 .\CortexM0\ARM_GCC_541\Debug\Lab02 - Interrupts.a(CyLib.o)
 .text.CyIntSetPending
                0x00000000       0x14 .\CortexM0\ARM_GCC_541\Debug\Lab02 - Interrupts.a(CyLib.o)
 .text.CyIntClearPending
                0x00000000       0x14 .\CortexM0\ARM_GCC_541\Debug\Lab02 - Interrupts.a(CyLib.o)
 .text.CyIntSetSysVector
                0x00000000       0x20 .\CortexM0\ARM_GCC_541\Debug\Lab02 - Interrupts.a(CyLib.o)
 .text.CyIntGetSysVector
                0x00000000       0x1c .\CortexM0\ARM_GCC_541\Debug\Lab02 - Interrupts.a(CyLib.o)
 .text.CyIntGetVector
                0x00000000       0x20 .\CortexM0\ARM_GCC_541\Debug\Lab02 - Interrupts.a(CyLib.o)
 .text.CyIntSetPriority
                0x00000000       0x4c .\CortexM0\ARM_GCC_541\Debug\Lab02 - Interrupts.a(CyLib.o)
 .text.CyIntGetPriority
                0x00000000       0x2c .\CortexM0\ARM_GCC_541\Debug\Lab02 - Interrupts.a(CyLib.o)
 .text.CySoftwareReset
                0x00000000       0x18 .\CortexM0\ARM_GCC_541\Debug\Lab02 - Interrupts.a(CyLib.o)
 .text.CySysLvdEnable
                0x00000000       0x44 .\CortexM0\ARM_GCC_541\Debug\Lab02 - Interrupts.a(CyLib.o)
 .text.CyDelayFreq
                0x00000000       0x4c .\CortexM0\ARM_GCC_541\Debug\Lab02 - Interrupts.a(CyLib.o)
 .text.CySysTickStop
                0x00000000       0x10 .\CortexM0\ARM_GCC_541\Debug\Lab02 - Interrupts.a(CyLib.o)
 .text.CySysTickEnableInterrupt
                0x00000000       0x10 .\CortexM0\ARM_GCC_541\Debug\Lab02 - Interrupts.a(CyLib.o)
 .text.CySysTickEnable
                0x00000000       0x18 .\CortexM0\ARM_GCC_541\Debug\Lab02 - Interrupts.a(CyLib.o)
 .text.CySysTickDisableInterrupt
                0x00000000       0x10 .\CortexM0\ARM_GCC_541\Debug\Lab02 - Interrupts.a(CyLib.o)
 .text.CySysTickSetReload
                0x00000000       0x10 .\CortexM0\ARM_GCC_541\Debug\Lab02 - Interrupts.a(CyLib.o)
 .text.CySysTickGetReload
                0x00000000       0x10 .\CortexM0\ARM_GCC_541\Debug\Lab02 - Interrupts.a(CyLib.o)
 .text.CySysTickGetValue
                0x00000000       0x10 .\CortexM0\ARM_GCC_541\Debug\Lab02 - Interrupts.a(CyLib.o)
 .text.CySysTickSetClockSource
                0x00000000       0x20 .\CortexM0\ARM_GCC_541\Debug\Lab02 - Interrupts.a(CyLib.o)
 .text.CySysTickGetClockSource
                0x00000000       0x10 .\CortexM0\ARM_GCC_541\Debug\Lab02 - Interrupts.a(CyLib.o)
 .text.CySysTickGetCountFlag
                0x00000000       0x10 .\CortexM0\ARM_GCC_541\Debug\Lab02 - Interrupts.a(CyLib.o)
 .text.CySysTickServiceCallbacks
                0x00000000       0x28 .\CortexM0\ARM_GCC_541\Debug\Lab02 - Interrupts.a(CyLib.o)
 .text.CySysTickClear
                0x00000000        0xc .\CortexM0\ARM_GCC_541\Debug\Lab02 - Interrupts.a(CyLib.o)
 .text.CySysTickInit
                0x00000000       0x44 .\CortexM0\ARM_GCC_541\Debug\Lab02 - Interrupts.a(CyLib.o)
 .text.CySysTickStart
                0x00000000       0x20 .\CortexM0\ARM_GCC_541\Debug\Lab02 - Interrupts.a(CyLib.o)
 .text.CySysTickSetCallback
                0x00000000       0x10 .\CortexM0\ARM_GCC_541\Debug\Lab02 - Interrupts.a(CyLib.o)
 .text.CySysTickGetCallback
                0x00000000        0xc .\CortexM0\ARM_GCC_541\Debug\Lab02 - Interrupts.a(CyLib.o)
 .text.CyGetUniqueId
                0x00000000       0x70 .\CortexM0\ARM_GCC_541\Debug\Lab02 - Interrupts.a(CyLib.o)
 .text.CySysSetRamAccessArbPriority
                0x00000000       0x20 .\CortexM0\ARM_GCC_541\Debug\Lab02 - Interrupts.a(CyLib.o)
 .text.CySysSetFlashAccessArbPriority
                0x00000000       0x20 .\CortexM0\ARM_GCC_541\Debug\Lab02 - Interrupts.a(CyLib.o)
 .text.CySysSetDmacAccessArbPriority
                0x00000000       0x20 .\CortexM0\ARM_GCC_541\Debug\Lab02 - Interrupts.a(CyLib.o)
 .text.CySysSetPeripheralAccessArbPriority
                0x00000000       0x68 .\CortexM0\ARM_GCC_541\Debug\Lab02 - Interrupts.a(CyLib.o)
 .text          0x00000000        0x0 .\CortexM0\ARM_GCC_541\Debug\Lab02 - Interrupts.a(CyLFClk.o)
 .text.CySysClkIloEnabled
                0x00000000       0x14 .\CortexM0\ARM_GCC_541\Debug\Lab02 - Interrupts.a(CyLFClk.o)
 .text.CySysClkGetLfclkSource
                0x00000000       0x10 .\CortexM0\ARM_GCC_541\Debug\Lab02 - Interrupts.a(CyLFClk.o)
 .text.CySysClkIloStart
                0x00000000       0x14 .\CortexM0\ARM_GCC_541\Debug\Lab02 - Interrupts.a(CyLFClk.o)
 .text.CySysClkIloStartMeasurement
                0x00000000       0x5c .\CortexM0\ARM_GCC_541\Debug\Lab02 - Interrupts.a(CyLFClk.o)
 .text.CySysClkIloStopMeasurement
                0x00000000       0x14 .\CortexM0\ARM_GCC_541\Debug\Lab02 - Interrupts.a(CyLFClk.o)
 .text.CySysClkIloCompensate
                0x00000000      0x104 .\CortexM0\ARM_GCC_541\Debug\Lab02 - Interrupts.a(CyLFClk.o)
 .text.CySysClkIloUpdateTrimReg
                0x00000000       0xa8 .\CortexM0\ARM_GCC_541\Debug\Lab02 - Interrupts.a(CyLFClk.o)
 .text.CySysClkIloTrim
                0x00000000       0xd8 .\CortexM0\ARM_GCC_541\Debug\Lab02 - Interrupts.a(CyLFClk.o)
 .text.CySysClkIloRestoreFactoryTrim
                0x00000000       0x30 .\CortexM0\ARM_GCC_541\Debug\Lab02 - Interrupts.a(CyLFClk.o)
 .text.CySysClkWcoStart
                0x00000000       0x40 .\CortexM0\ARM_GCC_541\Debug\Lab02 - Interrupts.a(CyLFClk.o)
 .text.CySysClkWcoSetPowerMode
                0x00000000       0x4c .\CortexM0\ARM_GCC_541\Debug\Lab02 - Interrupts.a(CyLFClk.o)
 .text.CySysClkWcoClockOutSelect
                0x00000000       0x2c .\CortexM0\ARM_GCC_541\Debug\Lab02 - Interrupts.a(CyLFClk.o)
 .text.CySysWdtGetEnabledStatus
                0x00000000       0x24 .\CortexM0\ARM_GCC_541\Debug\Lab02 - Interrupts.a(CyLFClk.o)
 .text.CySysWdtSetMode
                0x00000000       0x38 .\CortexM0\ARM_GCC_541\Debug\Lab02 - Interrupts.a(CyLFClk.o)
 .text.CySysClkLfclkPosedgeRestore
                0x00000000       0x2c .\CortexM0\ARM_GCC_541\Debug\Lab02 - Interrupts.a(CyLFClk.o)
 .text.CySysWdtGetMode
                0x00000000       0x14 .\CortexM0\ARM_GCC_541\Debug\Lab02 - Interrupts.a(CyLFClk.o)
 .text.CySysWdtSetClearOnMatch
                0x00000000       0x34 .\CortexM0\ARM_GCC_541\Debug\Lab02 - Interrupts.a(CyLFClk.o)
 .text.CySysWdtGetClearOnMatch
                0x00000000       0x24 .\CortexM0\ARM_GCC_541\Debug\Lab02 - Interrupts.a(CyLFClk.o)
 .text.CySysWdtEnable
                0x00000000       0x3c .\CortexM0\ARM_GCC_541\Debug\Lab02 - Interrupts.a(CyLFClk.o)
 .text.CySysWdtDisable
                0x00000000       0x44 .\CortexM0\ARM_GCC_541\Debug\Lab02 - Interrupts.a(CyLFClk.o)
 .text.CySysWdtSetCascade
                0x00000000       0x34 .\CortexM0\ARM_GCC_541\Debug\Lab02 - Interrupts.a(CyLFClk.o)
 .text.CySysWdtGetCascade
                0x00000000       0x14 .\CortexM0\ARM_GCC_541\Debug\Lab02 - Interrupts.a(CyLFClk.o)
 .text.CySysWdtSetMatch
                0x00000000       0x54 .\CortexM0\ARM_GCC_541\Debug\Lab02 - Interrupts.a(CyLFClk.o)
 .text.CySysWdtSetToggleBit
                0x00000000       0x30 .\CortexM0\ARM_GCC_541\Debug\Lab02 - Interrupts.a(CyLFClk.o)
 .text.CySysWdtGetToggleBit
                0x00000000       0x10 .\CortexM0\ARM_GCC_541\Debug\Lab02 - Interrupts.a(CyLFClk.o)
 .text.CySysWdtGetMatch
                0x00000000       0x20 .\CortexM0\ARM_GCC_541\Debug\Lab02 - Interrupts.a(CyLFClk.o)
 .text.CySysWdtGetCount
                0x00000000       0x3c .\CortexM0\ARM_GCC_541\Debug\Lab02 - Interrupts.a(CyLFClk.o)
 .text.CySysClkLfclkPosedgeCatch
                0x00000000       0x74 .\CortexM0\ARM_GCC_541\Debug\Lab02 - Interrupts.a(CyLFClk.o)
 .text.CySysClkIloStop
                0x00000000       0x4c .\CortexM0\ARM_GCC_541\Debug\Lab02 - Interrupts.a(CyLFClk.o)
 .text.CySysClkSetLfclkSource
                0x00000000       0x38 .\CortexM0\ARM_GCC_541\Debug\Lab02 - Interrupts.a(CyLFClk.o)
 .text.CySysClkWcoStop
                0x00000000       0x48 .\CortexM0\ARM_GCC_541\Debug\Lab02 - Interrupts.a(CyLFClk.o)
 .text.CySysWdtGetInterruptSource
                0x00000000       0x14 .\CortexM0\ARM_GCC_541\Debug\Lab02 - Interrupts.a(CyLFClk.o)
 .text.CySysWdtResetCounters
                0x00000000       0x20 .\CortexM0\ARM_GCC_541\Debug\Lab02 - Interrupts.a(CyLFClk.o)
 .text.CySysWdtSetInterruptCallback
                0x00000000       0x20 .\CortexM0\ARM_GCC_541\Debug\Lab02 - Interrupts.a(CyLFClk.o)
 .text.CySysWdtGetInterruptCallback
                0x00000000       0x20 .\CortexM0\ARM_GCC_541\Debug\Lab02 - Interrupts.a(CyLFClk.o)
 .text.CySysWdtEnableCounterIsr
                0x00000000       0x34 .\CortexM0\ARM_GCC_541\Debug\Lab02 - Interrupts.a(CyLFClk.o)
 .text.CySysWdtDisableCounterIsr
                0x00000000       0x28 .\CortexM0\ARM_GCC_541\Debug\Lab02 - Interrupts.a(CyLFClk.o)
 .text.CySysWatchdogFeed
                0x00000000       0x60 .\CortexM0\ARM_GCC_541\Debug\Lab02 - Interrupts.a(CyLFClk.o)
 .text.CySysTimerDelayUntilMatch
                0x00000000       0x6c .\CortexM0\ARM_GCC_541\Debug\Lab02 - Interrupts.a(CyLFClk.o)
 .text.CySysTimerDelay
                0x00000000       0x3c .\CortexM0\ARM_GCC_541\Debug\Lab02 - Interrupts.a(CyLFClk.o)
 .rodata        0x00000000        0xc .\CortexM0\ARM_GCC_541\Debug\Lab02 - Interrupts.a(CyLFClk.o)
 .data          0x00000000        0x0 .\CortexM0\ARM_GCC_541\Debug\Lab02 - Interrupts.a(CyBootAsmGnu.o)
 .bss           0x00000000        0x0 .\CortexM0\ARM_GCC_541\Debug\Lab02 - Interrupts.a(CyBootAsmGnu.o)
 .text          0x00000000        0x0 .\CortexM0\ARM_GCC_541\Debug\Lab02 - Interrupts.a(ENC.o)
 .data          0x00000000        0x0 .\CortexM0\ARM_GCC_541\Debug\Lab02 - Interrupts.a(ENC.o)
 .bss           0x00000000        0x0 .\CortexM0\ARM_GCC_541\Debug\Lab02 - Interrupts.a(ENC.o)
 .text.ENC_SetDriveMode
                0x00000000       0x20 .\CortexM0\ARM_GCC_541\Debug\Lab02 - Interrupts.a(ENC.o)
 .text.ENC_Write
                0x00000000       0x18 .\CortexM0\ARM_GCC_541\Debug\Lab02 - Interrupts.a(ENC.o)
 .text.ENC_ReadDataReg
                0x00000000       0x10 .\CortexM0\ARM_GCC_541\Debug\Lab02 - Interrupts.a(ENC.o)
 .text.ENC_SetInterruptMode
                0x00000000       0x14 .\CortexM0\ARM_GCC_541\Debug\Lab02 - Interrupts.a(ENC.o)
 .text          0x00000000        0x0 .\CortexM0\ARM_GCC_541\Debug\Lab02 - Interrupts.a(CyFlash.o)
 .data          0x00000000        0x0 .\CortexM0\ARM_GCC_541\Debug\Lab02 - Interrupts.a(CyFlash.o)
 .bss           0x00000000        0x0 .\CortexM0\ARM_GCC_541\Debug\Lab02 - Interrupts.a(CyFlash.o)
 .text.CySysFlashClockBackup
                0x00000000        0x4 .\CortexM0\ARM_GCC_541\Debug\Lab02 - Interrupts.a(CyFlash.o)
 .text.CySysFlashClockRestore
                0x00000000        0x4 .\CortexM0\ARM_GCC_541\Debug\Lab02 - Interrupts.a(CyFlash.o)
 .text.CySysFlashWriteRow
                0x00000000      0x124 .\CortexM0\ARM_GCC_541\Debug\Lab02 - Interrupts.a(CyFlash.o)
 .text.CySysSFlashWriteUserRow
                0x00000000      0x110 .\CortexM0\ARM_GCC_541\Debug\Lab02 - Interrupts.a(CyFlash.o)
 .data          0x00000000        0x0 c:/program files (x86)/cypress/psoc creator/4.2/psoc creator/import/gnu/arm/5.4.1/bin/../lib/gcc/arm-none-eabi/5.4.1/armv6-m\libgcc.a(_udivsi3.o)
 .bss           0x00000000        0x0 c:/program files (x86)/cypress/psoc creator/4.2/psoc creator/import/gnu/arm/5.4.1/bin/../lib/gcc/arm-none-eabi/5.4.1/armv6-m\libgcc.a(_udivsi3.o)
 .text          0x00000000      0x1d4 c:/program files (x86)/cypress/psoc creator/4.2/psoc creator/import/gnu/arm/5.4.1/bin/../lib/gcc/arm-none-eabi/5.4.1/armv6-m\libgcc.a(_divsi3.o)
 .data          0x00000000        0x0 c:/program files (x86)/cypress/psoc creator/4.2/psoc creator/import/gnu/arm/5.4.1/bin/../lib/gcc/arm-none-eabi/5.4.1/armv6-m\libgcc.a(_divsi3.o)
 .bss           0x00000000        0x0 c:/program files (x86)/cypress/psoc creator/4.2/psoc creator/import/gnu/arm/5.4.1/bin/../lib/gcc/arm-none-eabi/5.4.1/armv6-m\libgcc.a(_divsi3.o)
 .data          0x00000000        0x0 c:/program files (x86)/cypress/psoc creator/4.2/psoc creator/import/gnu/arm/5.4.1/bin/../lib/gcc/arm-none-eabi/5.4.1/armv6-m\libgcc.a(_dvmd_tls.o)
 .bss           0x00000000        0x0 c:/program files (x86)/cypress/psoc creator/4.2/psoc creator/import/gnu/arm/5.4.1/bin/../lib/gcc/arm-none-eabi/5.4.1/armv6-m\libgcc.a(_dvmd_tls.o)
 .text          0x00000000        0x0 c:/program files (x86)/cypress/psoc creator/4.2/psoc creator/import/gnu/arm/5.4.1/bin/../lib/gcc/arm-none-eabi/5.4.1/../../../../arm-none-eabi/lib/armv6-m\libg_nano.a(lib_a-errno.o)
 .data          0x00000000        0x0 c:/program files (x86)/cypress/psoc creator/4.2/psoc creator/import/gnu/arm/5.4.1/bin/../lib/gcc/arm-none-eabi/5.4.1/../../../../arm-none-eabi/lib/armv6-m\libg_nano.a(lib_a-errno.o)
 .bss           0x00000000        0x0 c:/program files (x86)/cypress/psoc creator/4.2/psoc creator/import/gnu/arm/5.4.1/bin/../lib/gcc/arm-none-eabi/5.4.1/../../../../arm-none-eabi/lib/armv6-m\libg_nano.a(lib_a-errno.o)
 .text          0x00000000        0x0 c:/program files (x86)/cypress/psoc creator/4.2/psoc creator/import/gnu/arm/5.4.1/bin/../lib/gcc/arm-none-eabi/5.4.1/../../../../arm-none-eabi/lib/armv6-m\libg_nano.a(lib_a-exit.o)
 .data          0x00000000        0x0 c:/program files (x86)/cypress/psoc creator/4.2/psoc creator/import/gnu/arm/5.4.1/bin/../lib/gcc/arm-none-eabi/5.4.1/../../../../arm-none-eabi/lib/armv6-m\libg_nano.a(lib_a-exit.o)
 .bss           0x00000000        0x0 c:/program files (x86)/cypress/psoc creator/4.2/psoc creator/import/gnu/arm/5.4.1/bin/../lib/gcc/arm-none-eabi/5.4.1/../../../../arm-none-eabi/lib/armv6-m\libg_nano.a(lib_a-exit.o)
 .text.exit     0x00000000       0x2c c:/program files (x86)/cypress/psoc creator/4.2/psoc creator/import/gnu/arm/5.4.1/bin/../lib/gcc/arm-none-eabi/5.4.1/../../../../arm-none-eabi/lib/armv6-m\libg_nano.a(lib_a-exit.o)
 .text          0x00000000        0x0 c:/program files (x86)/cypress/psoc creator/4.2/psoc creator/import/gnu/arm/5.4.1/bin/../lib/gcc/arm-none-eabi/5.4.1/../../../../arm-none-eabi/lib/armv6-m\libg_nano.a(lib_a-impure.o)
 .data          0x00000000        0x0 c:/program files (x86)/cypress/psoc creator/4.2/psoc creator/import/gnu/arm/5.4.1/bin/../lib/gcc/arm-none-eabi/5.4.1/../../../../arm-none-eabi/lib/armv6-m\libg_nano.a(lib_a-impure.o)
 .bss           0x00000000        0x0 c:/program files (x86)/cypress/psoc creator/4.2/psoc creator/import/gnu/arm/5.4.1/bin/../lib/gcc/arm-none-eabi/5.4.1/../../../../arm-none-eabi/lib/armv6-m\libg_nano.a(lib_a-impure.o)
 .rodata._global_impure_ptr
                0x00000000        0x4 c:/program files (x86)/cypress/psoc creator/4.2/psoc creator/import/gnu/arm/5.4.1/bin/../lib/gcc/arm-none-eabi/5.4.1/../../../../arm-none-eabi/lib/armv6-m\libg_nano.a(lib_a-impure.o)
 .text          0x00000000        0x0 c:/program files (x86)/cypress/psoc creator/4.2/psoc creator/import/gnu/arm/5.4.1/bin/../lib/gcc/arm-none-eabi/5.4.1/../../../../arm-none-eabi/lib/armv6-m\libg_nano.a(lib_a-init.o)
 .data          0x00000000        0x0 c:/program files (x86)/cypress/psoc creator/4.2/psoc creator/import/gnu/arm/5.4.1/bin/../lib/gcc/arm-none-eabi/5.4.1/../../../../arm-none-eabi/lib/armv6-m\libg_nano.a(lib_a-init.o)
 .bss           0x00000000        0x0 c:/program files (x86)/cypress/psoc creator/4.2/psoc creator/import/gnu/arm/5.4.1/bin/../lib/gcc/arm-none-eabi/5.4.1/../../../../arm-none-eabi/lib/armv6-m\libg_nano.a(lib_a-init.o)
 .text          0x00000000        0x0 c:/program files (x86)/cypress/psoc creator/4.2/psoc creator/import/gnu/arm/5.4.1/bin/../lib/gcc/arm-none-eabi/5.4.1/../../../../arm-none-eabi/lib/armv6-m\libg_nano.a(lib_a-memcpy-stub.o)
 .data          0x00000000        0x0 c:/program files (x86)/cypress/psoc creator/4.2/psoc creator/import/gnu/arm/5.4.1/bin/../lib/gcc/arm-none-eabi/5.4.1/../../../../arm-none-eabi/lib/armv6-m\libg_nano.a(lib_a-memcpy-stub.o)
 .bss           0x00000000        0x0 c:/program files (x86)/cypress/psoc creator/4.2/psoc creator/import/gnu/arm/5.4.1/bin/../lib/gcc/arm-none-eabi/5.4.1/../../../../arm-none-eabi/lib/armv6-m\libg_nano.a(lib_a-memcpy-stub.o)
 .text.memcpy   0x00000000       0x12 c:/program files (x86)/cypress/psoc creator/4.2/psoc creator/import/gnu/arm/5.4.1/bin/../lib/gcc/arm-none-eabi/5.4.1/../../../../arm-none-eabi/lib/armv6-m\libg_nano.a(lib_a-memcpy-stub.o)
 .text          0x00000000        0x0 c:/program files (x86)/cypress/psoc creator/4.2/psoc creator/import/gnu/arm/5.4.1/bin/../lib/gcc/arm-none-eabi/5.4.1/../../../../arm-none-eabi/lib/armv6-m\libg_nano.a(lib_a-memset.o)
 .data          0x00000000        0x0 c:/program files (x86)/cypress/psoc creator/4.2/psoc creator/import/gnu/arm/5.4.1/bin/../lib/gcc/arm-none-eabi/5.4.1/../../../../arm-none-eabi/lib/armv6-m\libg_nano.a(lib_a-memset.o)
 .bss           0x00000000        0x0 c:/program files (x86)/cypress/psoc creator/4.2/psoc creator/import/gnu/arm/5.4.1/bin/../lib/gcc/arm-none-eabi/5.4.1/../../../../arm-none-eabi/lib/armv6-m\libg_nano.a(lib_a-memset.o)
 .text          0x00000000        0x0 c:/program files (x86)/cypress/psoc creator/4.2/psoc creator/import/gnu/arm/5.4.1/bin/../lib/gcc/arm-none-eabi/5.4.1/armv6-m/crtend.o
 .data          0x00000000        0x0 c:/program files (x86)/cypress/psoc creator/4.2/psoc creator/import/gnu/arm/5.4.1/bin/../lib/gcc/arm-none-eabi/5.4.1/armv6-m/crtend.o
 .bss           0x00000000        0x0 c:/program files (x86)/cypress/psoc creator/4.2/psoc creator/import/gnu/arm/5.4.1/bin/../lib/gcc/arm-none-eabi/5.4.1/armv6-m/crtend.o
 .text          0x00000000        0x0 c:/program files (x86)/cypress/psoc creator/4.2/psoc creator/import/gnu/arm/5.4.1/bin/../lib/gcc/arm-none-eabi/5.4.1/armv6-m/crtn.o
 .data          0x00000000        0x0 c:/program files (x86)/cypress/psoc creator/4.2/psoc creator/import/gnu/arm/5.4.1/bin/../lib/gcc/arm-none-eabi/5.4.1/armv6-m/crtn.o
 .bss           0x00000000        0x0 c:/program files (x86)/cypress/psoc creator/4.2/psoc creator/import/gnu/arm/5.4.1/bin/../lib/gcc/arm-none-eabi/5.4.1/armv6-m/crtn.o

Memory Configuration

Name             Origin             Length             Attributes
rom              0x00000000         0x00020000         xr
ram              0x20000000         0x00004000         xrw
*default*        0x00000000         0xffffffff

Linker script and memory map

LOAD c:/program files (x86)/cypress/psoc creator/4.2/psoc creator/import/gnu/arm/5.4.1/bin/../lib/gcc/arm-none-eabi/5.4.1/armv6-m/crti.o
LOAD c:/program files (x86)/cypress/psoc creator/4.2/psoc creator/import/gnu/arm/5.4.1/bin/../lib/gcc/arm-none-eabi/5.4.1/armv6-m/crtbegin.o
LOAD c:/program files (x86)/cypress/psoc creator/4.2/psoc creator/import/gnu/arm/5.4.1/bin/../lib/gcc/arm-none-eabi/5.4.1/../../../../arm-none-eabi/lib/armv6-m/crt0.o
START GROUP
LOAD .\CortexM0\ARM_GCC_541\Debug\main.o
LOAD .\CortexM0\ARM_GCC_541\Debug\cyfitter_cfg.o
LOAD .\CortexM0\ARM_GCC_541\Debug\cymetadata.o
LOAD .\CortexM0\ARM_GCC_541\Debug\Cm0Start.o
LOAD .\CortexM0\ARM_GCC_541\Debug\Lab02 - Interrupts.a
END GROUP
START GROUP
LOAD c:/program files (x86)/cypress/psoc creator/4.2/psoc creator/import/gnu/arm/5.4.1/bin/../lib/gcc/arm-none-eabi/5.4.1/armv6-m\libgcc.a
LOAD c:/program files (x86)/cypress/psoc creator/4.2/psoc creator/import/gnu/arm/5.4.1/bin/../lib/gcc/arm-none-eabi/5.4.1/../../../../arm-none-eabi/lib/armv6-m\libg_nano.a
LOAD c:/program files (x86)/cypress/psoc creator/4.2/psoc creator/import/gnu/arm/5.4.1/bin/../lib/gcc/arm-none-eabi/5.4.1/../../../../arm-none-eabi/lib/armv6-m\libc_nano.a
END GROUP
START GROUP
LOAD c:/program files (x86)/cypress/psoc creator/4.2/psoc creator/import/gnu/arm/5.4.1/bin/../lib/gcc/arm-none-eabi/5.4.1/armv6-m\libgcc.a
LOAD c:/program files (x86)/cypress/psoc creator/4.2/psoc creator/import/gnu/arm/5.4.1/bin/../lib/gcc/arm-none-eabi/5.4.1/../../../../arm-none-eabi/lib/armv6-m\libc_nano.a
END GROUP
LOAD c:/program files (x86)/cypress/psoc creator/4.2/psoc creator/import/gnu/arm/5.4.1/bin/../lib/gcc/arm-none-eabi/5.4.1/armv6-m/crtend.o
LOAD c:/program files (x86)/cypress/psoc creator/4.2/psoc creator/import/gnu/arm/5.4.1/bin/../lib/gcc/arm-none-eabi/5.4.1/armv6-m/crtn.o
START GROUP
LOAD c:/program files (x86)/cypress/psoc creator/4.2/psoc creator/import/gnu/arm/5.4.1/bin/../lib/gcc/arm-none-eabi/5.4.1/armv6-m\libgcc.a
LOAD c:/program files (x86)/cypress/psoc creator/4.2/psoc creator/import/gnu/arm/5.4.1/bin/../lib/gcc/arm-none-eabi/5.4.1/../../../../arm-none-eabi/lib/armv6-m\libc.a
LOAD c:/program files (x86)/cypress/psoc creator/4.2/psoc creator/import/gnu/arm/5.4.1/bin/../lib/gcc/arm-none-eabi/5.4.1/../../../../arm-none-eabi/lib/armv6-m\libnosys.a
END GROUP
                0x00000000                CY_APPL_ORIGIN = 0x0
                0x00000080                CY_FLASH_ROW_SIZE = 0x80
                0x00000001                CY_APPL_NUM = 0x1
                0x00000001                CY_APPL_MAX = 0x1
                0x00000040                CY_METADATA_SIZE = 0x40
                0x00000000                CY_APPL_LOADABLE = 0x0
                0x00000000                CY_CHECKSUM_EXCLUDE_SIZE = ALIGN (0x0, CY_FLASH_ROW_SIZE)
                0x00000000                CY_APP_FOR_STACK_AND_COPIER = 0x0
                [!provide]                PROVIDE (__cy_heap_start, _end)
                0x00000001                PROVIDE (__cy_region_num, ((__cy_regions_end - __cy_regions) / 0x10))
                0x20004000                PROVIDE (__cy_stack, (ORIGIN (ram) + LENGTH (ram)))
                [!provide]                PROVIDE (__cy_heap_end, (__cy_stack - 0x800))

.cybootloader   0x00000000        0x0
 *(.cybootloader)
                0x00000000                appl1_start = CY_APPL_ORIGIN?CY_APPL_ORIGIN:ALIGN (CY_FLASH_ROW_SIZE)
                0x0000ff80                appl2_start = (appl1_start + ALIGN ((((LENGTH (rom) - appl1_start) - (0x2 * CY_FLASH_ROW_SIZE)) / 0x2), CY_FLASH_ROW_SIZE))
                0x00000000                appl_start = (CY_APPL_NUM == 0x1)?appl1_start:appl2_start
                0x00000001                cy_project_type_bootloader = (appl_start == 0x0)?0x1:0x0
                0x00000000                cy_project_type_app_for_stack_and_copier = (CY_APP_FOR_STACK_AND_COPIER == 0x1)?0x1:0x0

.text           0x00000000      0xf24
 CREATE_OBJECT_SYMBOLS
                0x00000000                PROVIDE (__cy_interrupt_vector, RomVectors)
 *(.romvectors)
 .romvectors    0x00000000       0x10 .\CortexM0\ARM_GCC_541\Debug\Cm0Start.o
                0x00000000                RomVectors
                0x00000001                ASSERT ((. != __cy_interrupt_vector), No interrupt vector)
                0x00000001                ASSERT (CY_APPL_ORIGIN?(SIZEOF (.cybootloader) <= CY_APPL_ORIGIN):0x1, Wrong image location)
                0x00000010                PROVIDE (__cy_reset, Reset)
 *(.text.Reset)
 .text.Reset    0x00000010        0x8 .\CortexM0\ARM_GCC_541\Debug\Cm0Start.o
                0x00000010                Reset
                0x00000001                ASSERT ((. != __cy_reset), No reset code)
 *(.psocinit)
 .psocinit      0x00000018      0x134 .\CortexM0\ARM_GCC_541\Debug\cyfitter_cfg.o
                0x00000094                cyfitter_cfg
                0x0000014c                . = MAX (., 0x100)
 *(.text .text.* .gnu.linkonce.t.*)
 .text          0x0000014c       0x60 c:/program files (x86)/cypress/psoc creator/4.2/psoc creator/import/gnu/arm/5.4.1/bin/../lib/gcc/arm-none-eabi/5.4.1/armv6-m/crtbegin.o
 .text.drawMovingBar
                0x000001ac       0x44 .\CortexM0\ARM_GCC_541\Debug\main.o
                0x000001ac                drawMovingBar
 .text.drawMovableBar
                0x000001f0       0x18 .\CortexM0\ARM_GCC_541\Debug\main.o
                0x000001f0                drawMovableBar
 .text.main     0x00000208       0xec .\CortexM0\ARM_GCC_541\Debug\main.o
                0x00000208                main
 .text.AnalogSetDefault
                0x000002f4       0x20 .\CortexM0\ARM_GCC_541\Debug\cyfitter_cfg.o
 .text.CYMEMZERO
                0x00000314        0xc .\CortexM0\ARM_GCC_541\Debug\cyfitter_cfg.o
 .text.IntDefaultHandler
                0x00000320       0x10 .\CortexM0\ARM_GCC_541\Debug\Cm0Start.o
                0x00000320                IntDefaultHandler
 .text.Start_c  0x00000330       0x48 .\CortexM0\ARM_GCC_541\Debug\Cm0Start.o
                0x00000330                Start_c
 .text.initialize_psoc
                0x00000378       0x4c .\CortexM0\ARM_GCC_541\Debug\Cm0Start.o
                0x00000378                initialize_psoc
 .text.ENC_ISR_Interrupt
                0x000003c4       0x8c .\CortexM0\ARM_GCC_541\Debug\Lab02 - Interrupts.a(ENC_ISR.o)
                0x000003c4                ENC_ISR_Interrupt
 .text.ENC_ISR_SetVector
                0x00000450        0xc .\CortexM0\ARM_GCC_541\Debug\Lab02 - Interrupts.a(ENC_ISR.o)
                0x00000450                ENC_ISR_SetVector
 .text.ENC_ISR_SetPriority
                0x0000045c       0x20 .\CortexM0\ARM_GCC_541\Debug\Lab02 - Interrupts.a(ENC_ISR.o)
                0x0000045c                ENC_ISR_SetPriority
 .text.ENC_ISR_Enable
                0x0000047c        0xc .\CortexM0\ARM_GCC_541\Debug\Lab02 - Interrupts.a(ENC_ISR.o)
                0x0000047c                ENC_ISR_Enable
 .text.ENC_ISR_Disable
                0x00000488        0xc .\CortexM0\ARM_GCC_541\Debug\Lab02 - Interrupts.a(ENC_ISR.o)
                0x00000488                ENC_ISR_Disable
 .text.ENC_ISR_Start
                0x00000494       0x1c .\CortexM0\ARM_GCC_541\Debug\Lab02 - Interrupts.a(ENC_ISR.o)
                0x00000494                ENC_ISR_Start
 .text.BTN_Read
                0x000004b0       0x10 .\CortexM0\ARM_GCC_541\Debug\Lab02 - Interrupts.a(BTN.o)
                0x000004b0                BTN_Read
 .text.BTN_ClearInterrupt
                0x000004c0       0x14 .\CortexM0\ARM_GCC_541\Debug\Lab02 - Interrupts.a(BTN.o)
                0x000004c0                BTN_ClearInterrupt
 .text.BTN_ISR_Interrupt
                0x000004d4       0x28 .\CortexM0\ARM_GCC_541\Debug\Lab02 - Interrupts.a(BTN_ISR.o)
                0x000004d4                BTN_ISR_Interrupt
 .text.BTN_ISR_SetVector
                0x000004fc        0xc .\CortexM0\ARM_GCC_541\Debug\Lab02 - Interrupts.a(BTN_ISR.o)
                0x000004fc                BTN_ISR_SetVector
 .text.BTN_ISR_SetPriority
                0x00000508       0x20 .\CortexM0\ARM_GCC_541\Debug\Lab02 - Interrupts.a(BTN_ISR.o)
                0x00000508                BTN_ISR_SetPriority
 .text.BTN_ISR_Enable
                0x00000528        0xc .\CortexM0\ARM_GCC_541\Debug\Lab02 - Interrupts.a(BTN_ISR.o)
                0x00000528                BTN_ISR_Enable
 .text.BTN_ISR_Disable
                0x00000534        0xc .\CortexM0\ARM_GCC_541\Debug\Lab02 - Interrupts.a(BTN_ISR.o)
                0x00000534                BTN_ISR_Disable
 .text.BTN_ISR_Start
                0x00000540       0x1c .\CortexM0\ARM_GCC_541\Debug\Lab02 - Interrupts.a(BTN_ISR.o)
                0x00000540                BTN_ISR_Start
 .text.LCD_LoadCustomFonts
                0x0000055c       0x2c .\CortexM0\ARM_GCC_541\Debug\Lab02 - Interrupts.a(LCD_BarGraph.o)
                0x0000055c                LCD_LoadCustomFonts
 .text.LCD_DrawHorizontalBG
                0x00000588       0x6c .\CortexM0\ARM_GCC_541\Debug\Lab02 - Interrupts.a(LCD_BarGraph.o)
                0x00000588                LCD_DrawHorizontalBG
 .text.LCD_WrCntrlNib
                0x000005f4       0x34 .\CortexM0\ARM_GCC_541\Debug\Lab02 - Interrupts.a(LCD.o)
 .text.LCD_WrDatNib
                0x00000628       0x44 .\CortexM0\ARM_GCC_541\Debug\Lab02 - Interrupts.a(LCD.o)
 .text.LCD_IsReady
                0x0000066c       0xb4 .\CortexM0\ARM_GCC_541\Debug\Lab02 - Interrupts.a(LCD.o)
                0x0000066c                LCD_IsReady
 .text.LCD_WriteData
                0x00000720       0x18 .\CortexM0\ARM_GCC_541\Debug\Lab02 - Interrupts.a(LCD.o)
                0x00000720                LCD_WriteData
 .text.LCD_PrintString
                0x00000738       0x1c .\CortexM0\ARM_GCC_541\Debug\Lab02 - Interrupts.a(LCD.o)
                0x00000738                LCD_PrintString
 .text.LCD_WriteControl
                0x00000754       0x18 .\CortexM0\ARM_GCC_541\Debug\Lab02 - Interrupts.a(LCD.o)
                0x00000754                LCD_WriteControl
 .text.LCD_Init
                0x0000076c       0x74 .\CortexM0\ARM_GCC_541\Debug\Lab02 - Interrupts.a(LCD.o)
                0x0000076c                LCD_Init
 .text.LCD_Enable
                0x000007e0       0x14 .\CortexM0\ARM_GCC_541\Debug\Lab02 - Interrupts.a(LCD.o)
                0x000007e0                LCD_Enable
 .text.LCD_Start
                0x000007f4       0x20 .\CortexM0\ARM_GCC_541\Debug\Lab02 - Interrupts.a(LCD.o)
                0x000007f4                LCD_Start
 .text.LCD_Position
                0x00000814       0x3c .\CortexM0\ARM_GCC_541\Debug\Lab02 - Interrupts.a(LCD.o)
                0x00000814                LCD_Position
 .text.LCD_Timer_ISR_Interrupt
                0x00000850       0x14 .\CortexM0\ARM_GCC_541\Debug\Lab02 - Interrupts.a(LCD_Timer_ISR.o)
                0x00000850                LCD_Timer_ISR_Interrupt
 .text.LCD_Timer_ISR_SetVector
                0x00000864        0xc .\CortexM0\ARM_GCC_541\Debug\Lab02 - Interrupts.a(LCD_Timer_ISR.o)
                0x00000864                LCD_Timer_ISR_SetVector
 .text.LCD_Timer_ISR_SetPriority
                0x00000870       0x20 .\CortexM0\ARM_GCC_541\Debug\Lab02 - Interrupts.a(LCD_Timer_ISR.o)
                0x00000870                LCD_Timer_ISR_SetPriority
 .text.LCD_Timer_ISR_Enable
                0x00000890       0x10 .\CortexM0\ARM_GCC_541\Debug\Lab02 - Interrupts.a(LCD_Timer_ISR.o)
                0x00000890                LCD_Timer_ISR_Enable
 .text.LCD_Timer_ISR_Disable
                0x000008a0       0x10 .\CortexM0\ARM_GCC_541\Debug\Lab02 - Interrupts.a(LCD_Timer_ISR.o)
                0x000008a0                LCD_Timer_ISR_Disable
 .text.LCD_Timer_ISR_Start
                0x000008b0       0x1c .\CortexM0\ARM_GCC_541\Debug\Lab02 - Interrupts.a(LCD_Timer_ISR.o)
                0x000008b0                LCD_Timer_ISR_Start
 .text.LCD_Timer_WriteCounter
                0x000008cc       0x10 .\CortexM0\ARM_GCC_541\Debug\Lab02 - Interrupts.a(LCD_Timer.o)
                0x000008cc                LCD_Timer_WriteCounter
 .text.LCD_Timer_WritePeriod
                0x000008dc       0x10 .\CortexM0\ARM_GCC_541\Debug\Lab02 - Interrupts.a(LCD_Timer.o)
                0x000008dc                LCD_Timer_WritePeriod
 .text.LCD_Timer_TriggerCommand
                0x000008ec       0x1c .\CortexM0\ARM_GCC_541\Debug\Lab02 - Interrupts.a(LCD_Timer.o)
                0x000008ec                LCD_Timer_TriggerCommand
 .text.LCD_Timer_Enable
                0x00000908       0x24 .\CortexM0\ARM_GCC_541\Debug\Lab02 - Interrupts.a(LCD_Timer.o)
                0x00000908                LCD_Timer_Enable
 .text.LCD_Timer_SetInterruptMode
                0x0000092c        0xc .\CortexM0\ARM_GCC_541\Debug\Lab02 - Interrupts.a(LCD_Timer.o)
                0x0000092c                LCD_Timer_SetInterruptMode
 .text.LCD_Timer_Init
                0x00000938       0x30 .\CortexM0\ARM_GCC_541\Debug\Lab02 - Interrupts.a(LCD_Timer.o)
                0x00000938                LCD_Timer_Init
 .text.LCD_Timer_Start
                0x00000968       0x20 .\CortexM0\ARM_GCC_541\Debug\Lab02 - Interrupts.a(LCD_Timer.o)
                0x00000968                LCD_Timer_Start
 .text.LCD_Timer_ClearInterrupt
                0x00000988        0xc .\CortexM0\ARM_GCC_541\Debug\Lab02 - Interrupts.a(LCD_Timer.o)
                0x00000988                LCD_Timer_ClearInterrupt
 .text.CySysClkImoDisableWcoLock
                0x00000994       0x14 .\CortexM0\ARM_GCC_541\Debug\Lab02 - Interrupts.a(CyLib.o)
                0x00000994                CySysClkImoDisableWcoLock
 .text.CySysClkImoGetWcoLock
                0x000009a8       0x14 .\CortexM0\ARM_GCC_541\Debug\Lab02 - Interrupts.a(CyLib.o)
                0x000009a8                CySysClkImoGetWcoLock
 .text.CyIntEnable
                0x000009bc       0x14 .\CortexM0\ARM_GCC_541\Debug\Lab02 - Interrupts.a(CyLib.o)
                0x000009bc                CyIntEnable
 .text.CyHalt   0x000009d0        0x4 .\CortexM0\ARM_GCC_541\Debug\Lab02 - Interrupts.a(CyLib.o)
                0x000009d0                CyHalt
 .text.CyIntSetVector
                0x000009d4       0x24 .\CortexM0\ARM_GCC_541\Debug\Lab02 - Interrupts.a(CyLib.o)
                0x000009d4                CyIntSetVector
 .text.CyDelay  0x000009f8       0x30 .\CortexM0\ARM_GCC_541\Debug\Lab02 - Interrupts.a(CyLib.o)
                0x000009f8                CyDelay
 .text.CySysClkImoEnableWcoLock
                0x00000a28       0xf0 .\CortexM0\ARM_GCC_541\Debug\Lab02 - Interrupts.a(CyLib.o)
                0x00000a28                CySysClkImoEnableWcoLock
 .text.CySysClkWriteImoFreq
                0x00000b18       0x80 .\CortexM0\ARM_GCC_541\Debug\Lab02 - Interrupts.a(CyLib.o)
                0x00000b18                CySysClkWriteImoFreq
 .text.CyDelayUs
                0x00000b98       0x14 .\CortexM0\ARM_GCC_541\Debug\Lab02 - Interrupts.a(CyLib.o)
                0x00000b98                CyDelayUs
 .text.CySysWdtLocked
                0x00000bac       0x14 .\CortexM0\ARM_GCC_541\Debug\Lab02 - Interrupts.a(CyLFClk.o)
 .text.CySysClkWcoEnabled
                0x00000bc0       0x14 .\CortexM0\ARM_GCC_541\Debug\Lab02 - Interrupts.a(CyLFClk.o)
                0x00000bc0                CySysClkWcoEnabled
 .text.CySysWdtLock
                0x00000bd4       0x1c .\CortexM0\ARM_GCC_541\Debug\Lab02 - Interrupts.a(CyLFClk.o)
                0x00000bd4                CySysWdtLock
 .text.CySysWdtUnlock
                0x00000bf0       0x30 .\CortexM0\ARM_GCC_541\Debug\Lab02 - Interrupts.a(CyLFClk.o)
                0x00000bf0                CySysWdtUnlock
 .text.CySysWdtClearInterrupt
                0x00000c20       0x4c .\CortexM0\ARM_GCC_541\Debug\Lab02 - Interrupts.a(CyLFClk.o)
                0x00000c20                CySysWdtClearInterrupt
 .text.CySysWdtIsr
                0x00000c6c       0xa4 .\CortexM0\ARM_GCC_541\Debug\Lab02 - Interrupts.a(CyLFClk.o)
                0x00000c6c                CySysWdtIsr
 .text          0x00000d10       0x20 .\CortexM0\ARM_GCC_541\Debug\Lab02 - Interrupts.a(CyBootAsmGnu.o)
                0x00000d10                CyDelayCycles
                0x00000d22                CyEnterCriticalSection
                0x00000d2a                CyExitCriticalSection
 .text.ENC_Read
                0x00000d30       0x10 .\CortexM0\ARM_GCC_541\Debug\Lab02 - Interrupts.a(ENC.o)
                0x00000d30                ENC_Read
 .text.ENC_ClearInterrupt
                0x00000d40       0x10 .\CortexM0\ARM_GCC_541\Debug\Lab02 - Interrupts.a(ENC.o)
                0x00000d40                ENC_ClearInterrupt
 .text.CySysFlashSetWaitCycles
                0x00000d50       0x54 .\CortexM0\ARM_GCC_541\Debug\Lab02 - Interrupts.a(CyFlash.o)
                0x00000d50                CySysFlashSetWaitCycles
 .text          0x00000da4      0x114 c:/program files (x86)/cypress/psoc creator/4.2/psoc creator/import/gnu/arm/5.4.1/bin/../lib/gcc/arm-none-eabi/5.4.1/armv6-m\libgcc.a(_udivsi3.o)
                0x00000da4                __aeabi_uidiv
                0x00000da4                __udivsi3
                0x00000eb0                __aeabi_uidivmod
 .text          0x00000eb8        0x4 c:/program files (x86)/cypress/psoc creator/4.2/psoc creator/import/gnu/arm/5.4.1/bin/../lib/gcc/arm-none-eabi/5.4.1/armv6-m\libgcc.a(_dvmd_tls.o)
                0x00000eb8                __aeabi_idiv0
                0x00000eb8                __aeabi_ldiv0
 .text.__errno  0x00000ebc        0xc c:/program files (x86)/cypress/psoc creator/4.2/psoc creator/import/gnu/arm/5.4.1/bin/../lib/gcc/arm-none-eabi/5.4.1/../../../../arm-none-eabi/lib/armv6-m\libg_nano.a(lib_a-errno.o)
                0x00000ebc                __errno
 .text.__libc_init_array
                0x00000ec8       0x4c c:/program files (x86)/cypress/psoc creator/4.2/psoc creator/import/gnu/arm/5.4.1/bin/../lib/gcc/arm-none-eabi/5.4.1/../../../../arm-none-eabi/lib/armv6-m\libg_nano.a(lib_a-init.o)
                0x00000ec8                __libc_init_array
 .text.memset   0x00000f14       0x10 c:/program files (x86)/cypress/psoc creator/4.2/psoc creator/import/gnu/arm/5.4.1/bin/../lib/gcc/arm-none-eabi/5.4.1/../../../../arm-none-eabi/lib/armv6-m\libg_nano.a(lib_a-memset.o)
                0x00000f14                memset
 *(.plt)
 *(.gnu.warning)
 *(.glue_7t)
 .glue_7t       0x00000f24        0x0 linker stubs
 *(.glue_7)
 .glue_7        0x00000f24        0x0 linker stubs
 *(.vfp11_veneer)
 .vfp11_veneer  0x00000f24        0x0 linker stubs
 *(.bootloader)
 *(.ARM.extab* .gnu.linkonce.armextab.*)
 *(.gcc_except_table)

.v4_bx          0x00000f24        0x0
 .v4_bx         0x00000f24        0x0 linker stubs

.iplt           0x00000f24        0x0
 .iplt          0x00000f24        0x0 c:/program files (x86)/cypress/psoc creator/4.2/psoc creator/import/gnu/arm/5.4.1/bin/../lib/gcc/arm-none-eabi/5.4.1/armv6-m/crtbegin.o

.eh_frame_hdr
 *(.eh_frame_hdr)

.eh_frame       0x00000f24        0x4
 *(.eh_frame)
 .eh_frame      0x00000f24        0x0 c:/program files (x86)/cypress/psoc creator/4.2/psoc creator/import/gnu/arm/5.4.1/bin/../lib/gcc/arm-none-eabi/5.4.1/armv6-m/crtbegin.o
 .eh_frame      0x00000f24        0x4 c:/program files (x86)/cypress/psoc creator/4.2/psoc creator/import/gnu/arm/5.4.1/bin/../lib/gcc/arm-none-eabi/5.4.1/armv6-m/crtend.o
                [!provide]                PROVIDE (__exidx_start, .)

.ARM.exidx
 *(.ARM.exidx* .gnu.linkonce.armexidx.*)
                0x00000f28                __exidx_end = .

.rodata         0x00000f28      0x160
 *(.rodata .rodata.* .gnu.linkonce.r.*)
 .rodata.str1.4
                0x00000f28       0x90 .\CortexM0\ARM_GCC_541\Debug\main.o
                                 0x8d (size before relaxing)
 .rodata        0x00000fb8        0xc .\CortexM0\ARM_GCC_541\Debug\cyfitter_cfg.o
 .rodata        0x00000fc4       0x40 .\CortexM0\ARM_GCC_541\Debug\Lab02 - Interrupts.a(LCD_BarGraph.o)
                0x00000fc4                LCD_customFonts
 .rodata        0x00001004       0x47 .\CortexM0\ARM_GCC_541\Debug\Lab02 - Interrupts.a(CyLib.o)
                0x00001004                cyImoFreqMhz2Reg
                0x00001034                cyImoFreqMhz2DpllOffset
 .rodata.str1.1
                0x0000104b        0x2 c:/program files (x86)/cypress/psoc creator/4.2/psoc creator/import/gnu/arm/5.4.1/bin/../lib/gcc/arm-none-eabi/5.4.1/../../../../arm-none-eabi/lib/armv6-m\libg_nano.a(lib_a-impure.o)
                0x00001050                . = ALIGN (0x4)
 *fill*         0x0000104d        0x3 
 *(.init)
 .init          0x00001050        0x4 c:/program files (x86)/cypress/psoc creator/4.2/psoc creator/import/gnu/arm/5.4.1/bin/../lib/gcc/arm-none-eabi/5.4.1/armv6-m/crti.o
                0x00001050                _init
 .init          0x00001054        0x8 c:/program files (x86)/cypress/psoc creator/4.2/psoc creator/import/gnu/arm/5.4.1/bin/../lib/gcc/arm-none-eabi/5.4.1/armv6-m/crtn.o
                0x0000105c                . = ALIGN (0x4)
                0x0000105c                __preinit_array_start = .
 *(.preinit_array)
                0x0000105c                __preinit_array_end = .
                0x0000105c                . = ALIGN (0x4)
                0x0000105c                __init_array_start = .
 *(SORT(.init_array.*))
 *(.init_array)
 .init_array    0x0000105c        0x4 c:/program files (x86)/cypress/psoc creator/4.2/psoc creator/import/gnu/arm/5.4.1/bin/../lib/gcc/arm-none-eabi/5.4.1/armv6-m/crtbegin.o
 .init_array    0x00001060        0x4 .\CortexM0\ARM_GCC_541\Debug\Cm0Start.o
                0x00001064                __init_array_end = .
                0x00001064                . = ALIGN (0x4)
 *(.fini)
 .fini          0x00001064        0x4 c:/program files (x86)/cypress/psoc creator/4.2/psoc creator/import/gnu/arm/5.4.1/bin/../lib/gcc/arm-none-eabi/5.4.1/armv6-m/crti.o
                0x00001064                _fini
 .fini          0x00001068        0x8 c:/program files (x86)/cypress/psoc creator/4.2/psoc creator/import/gnu/arm/5.4.1/bin/../lib/gcc/arm-none-eabi/5.4.1/armv6-m/crtn.o
                0x00001070                . = ALIGN (0x4)
                0x00001070                __fini_array_start = .
 *(.fini_array)
 .fini_array    0x00001070        0x4 c:/program files (x86)/cypress/psoc creator/4.2/psoc creator/import/gnu/arm/5.4.1/bin/../lib/gcc/arm-none-eabi/5.4.1/armv6-m/crtbegin.o
 *(SORT(.fini_array.*))
                0x00001074                __fini_array_end = .
                0x00001074                . = ALIGN (0x4)
 *crtbegin.o(.ctors)
 *(EXCLUDE_FILE(*crtend.o) .ctors)
 *(SORT(.ctors.*))
 *crtend.o(.ctors)
                0x00001074                . = ALIGN (0x4)
 *crtbegin.o(.dtors)
 *(EXCLUDE_FILE(*crtend.o) .dtors)
 *(SORT(.dtors.*))
 *crtend.o(.dtors)
                0x00001074                . = ALIGN (0x4)
                0x00001074                __cy_regions = .
                0x00001074        0x4 LONG 0x1088 __cy_region_init_ram
                0x00001078        0x4 LONG 0x200000c0 __cy_region_start_data
                0x0000107c        0x4 LONG 0x88 __cy_region_init_size_ram
                0x00001080        0x4 LONG 0x60 __cy_region_zero_size_ram
                0x00001084                __cy_regions_end = .
                0x00001088                . = ALIGN (0x8)
 *fill*         0x00001084        0x4 
                0x00001088                _etext = .

.cy_checksum_exclude
                0x00001088        0x0
 *(.cy_checksum_exclude)

.ramvectors     0x20000000       0xc0
                0x20000000                __cy_region_start_ram = .
 *(.ramvectors)
 .ramvectors    0x20000000       0xc0 .\CortexM0\ARM_GCC_541\Debug\Cm0Start.o
                0x20000000                CyRamVectors

.noinit
 *(.noinit)

.data           0x200000c0       0x88 load address 0x00001088
                0x200000c0                __cy_region_start_data = .
 *(.jcr)
 .jcr           0x200000c0        0x0 c:/program files (x86)/cypress/psoc creator/4.2/psoc creator/import/gnu/arm/5.4.1/bin/../lib/gcc/arm-none-eabi/5.4.1/armv6-m/crtbegin.o
 .jcr           0x200000c0        0x4 c:/program files (x86)/cypress/psoc creator/4.2/psoc creator/import/gnu/arm/5.4.1/bin/../lib/gcc/arm-none-eabi/5.4.1/armv6-m/crtend.o
 *(.got.plt)
 *(.got)
 *(.shdata)
 *(.data .data.* .gnu.linkonce.d.*)
 .data          0x200000c4       0x14 .\CortexM0\ARM_GCC_541\Debug\Lab02 - Interrupts.a(CyLib.o)
                0x200000c4                CySysClkPumpConfig
                0x200000c8                cydelay32kMs
                0x200000cc                cydelayFreqKhz
                0x200000d0                cydelayFreqMhz
                0x200000d4                cydelayFreqHz
 .data          0x200000d8        0x8 .\CortexM0\ARM_GCC_541\Debug\Lab02 - Interrupts.a(CyLFClk.o)
 .data.impure_data
                0x200000e0       0x60 c:/program files (x86)/cypress/psoc creator/4.2/psoc creator/import/gnu/arm/5.4.1/bin/../lib/gcc/arm-none-eabi/5.4.1/../../../../arm-none-eabi/lib/armv6-m\libg_nano.a(lib_a-impure.o)
 .data._impure_ptr
                0x20000140        0x4 c:/program files (x86)/cypress/psoc creator/4.2/psoc creator/import/gnu/arm/5.4.1/bin/../lib/gcc/arm-none-eabi/5.4.1/../../../../arm-none-eabi/lib/armv6-m\libg_nano.a(lib_a-impure.o)
                0x20000140                _impure_ptr
                0x20000148                . = ALIGN (0x8)
 *fill*         0x20000144        0x4 
 *(.ram)
                0x20000148                _edata = .

.igot.plt       0x20000148        0x0 load address 0x00001110
 .igot.plt      0x20000148        0x0 c:/program files (x86)/cypress/psoc creator/4.2/psoc creator/import/gnu/arm/5.4.1/bin/../lib/gcc/arm-none-eabi/5.4.1/armv6-m/crtbegin.o

.bss            0x20000148       0x60 load address 0x00001110
                0x20000148                PROVIDE (__bss_start__, .)
 *(.shbss)
 *(.bss .bss.* .gnu.linkonce.b.*)
 .bss           0x20000148       0x1c c:/program files (x86)/cypress/psoc creator/4.2/psoc creator/import/gnu/arm/5.4.1/bin/../lib/gcc/arm-none-eabi/5.4.1/armv6-m/crtbegin.o
 .bss           0x20000164        0x2 .\CortexM0\ARM_GCC_541\Debug\Lab02 - Interrupts.a(LCD.o)
                0x20000164                LCD_enableState
                0x20000165                LCD_initVar
 .bss           0x20000166        0x1 .\CortexM0\ARM_GCC_541\Debug\Lab02 - Interrupts.a(LCD_Timer.o)
                0x20000166                LCD_Timer_initVar
 *fill*         0x20000167        0x1 
 .bss           0x20000168       0x28 .\CortexM0\ARM_GCC_541\Debug\Lab02 - Interrupts.a(CyLFClk.o)
 *(COMMON)
 COMMON         0x20000190       0x14 .\CortexM0\ARM_GCC_541\Debug\main.o
                0x20000190                movingDirection
                0x20000194                barSync
                0x20000198                encoderAsync
                0x2000019c                buttonAsync
                0x200001a0                encoderPos
                0x200001a8                . = ALIGN (0x8)
 *fill*         0x200001a4        0x4 
 *(.ram.b)
                0x200001a8                _end = .
                0x200001a8                __end = .
                0x200001a8                PROVIDE (end, .)
                0x200001a8                PROVIDE (__bss_end__, .)
                0x00001088                __cy_region_init_ram = LOADADDR (.data)
                0x00000088                __cy_region_init_size_ram = (_edata - ADDR (.data))
                0x00000060                __cy_region_zero_size_ram = (_end - _edata)

.heap           0x200001a8       0x80 load address 0x00001110
                0x200001a8                . = _end
                0x20000228                . = (. + 0x80)
 *fill*         0x200001a8       0x80 
                0x20000228                __cy_heap_limit = .

.stack          0x20003800      0x800
                0x20003800                __cy_stack_limit = .
                0x20004000                . = (. + 0x800)
 *fill*         0x20003800      0x800 
                0x00000001                ASSERT ((__cy_stack_limit >= __cy_heap_limit), region RAM overflowed with stack)
                0x00000000                cy_checksum_exclude_size = (CY_APPL_LOADABLE == 0x1)?SIZEOF (.cy_checksum_exclude):0x0
                0x00000001                ASSERT ((cy_checksum_exclude_size <= CY_CHECKSUM_EXCLUDE_SIZE), CY_BOOT: Section .cy_checksum_exclude size exceedes specified limit.)
                0x0001ffc0                cyloadermeta_start = (cy_project_type_bootloader || cy_project_type_app_for_stack_and_copier)?(LENGTH (rom) - CY_METADATA_SIZE):0xf0000000

.cyloadermeta
 *(.cyloadermeta)
                0x0001ffc0                cyloadablemeta_start = cy_project_type_app_for_stack_and_copier?((LENGTH (rom) - CY_FLASH_ROW_SIZE) - CY_METADATA_SIZE):((LENGTH (rom) - (CY_FLASH_ROW_SIZE * (CY_APPL_NUM - 0x1))) - CY_METADATA_SIZE)

.cyloadablemeta
 *(.cyloadablemeta)

.cyflashprotect
                0x90400000       0x80
 *(.cyflashprotect)
 .cyflashprotect
                0x90400000       0x80 .\CortexM0\ARM_GCC_541\Debug\cymetadata.o
                0x90400000                cy_meta_flashprotect

.cymeta         0x90500000        0xc
 *(.cymeta)
 .cymeta        0x90500000        0xc .\CortexM0\ARM_GCC_541\Debug\cymetadata.o
                0x90500000                cy_metadata

.cychipprotect  0x90600000        0x1
 *(.cychipprotect)
 .cychipprotect
                0x90600000        0x1 .\CortexM0\ARM_GCC_541\Debug\cymetadata.o
                0x90600000                cy_meta_chipprotect

.rel.dyn        0x00001110        0x0 load address 0x90600004
 .rel.iplt      0x00001110        0x0 c:/program files (x86)/cypress/psoc creator/4.2/psoc creator/import/gnu/arm/5.4.1/bin/../lib/gcc/arm-none-eabi/5.4.1/armv6-m/crtbegin.o

.stab
 *(.stab)

.stabstr
 *(.stabstr)

.debug
 *(.debug)

.line
 *(.line)

.debug_srcinfo
 *(.debug_srcinfo)

.debug_sfnames
 *(.debug_sfnames)

.debug_aranges  0x00000000      0x8a0
 *(.debug_aranges)
 .debug_aranges
                0x00000000       0x30 .\CortexM0\ARM_GCC_541\Debug\main.o
 .debug_aranges
                0x00000030       0x38 .\CortexM0\ARM_GCC_541\Debug\cyfitter_cfg.o
 .debug_aranges
                0x00000068       0x18 .\CortexM0\ARM_GCC_541\Debug\cymetadata.o
 .debug_aranges
                0x00000080       0x48 .\CortexM0\ARM_GCC_541\Debug\Cm0Start.o
 .debug_aranges
                0x000000c8       0x80 .\CortexM0\ARM_GCC_541\Debug\Lab02 - Interrupts.a(ENC_ISR.o)
 .debug_aranges
                0x00000148       0x48 .\CortexM0\ARM_GCC_541\Debug\Lab02 - Interrupts.a(BTN.o)
 .debug_aranges
                0x00000190       0x80 .\CortexM0\ARM_GCC_541\Debug\Lab02 - Interrupts.a(BTN_ISR.o)
 .debug_aranges
                0x00000210       0x28 .\CortexM0\ARM_GCC_541\Debug\Lab02 - Interrupts.a(LCD_BarGraph.o)
 .debug_aranges
                0x00000238       0x98 .\CortexM0\ARM_GCC_541\Debug\Lab02 - Interrupts.a(LCD.o)
 .debug_aranges
                0x000002d0       0x80 .\CortexM0\ARM_GCC_541\Debug\Lab02 - Interrupts.a(LCD_Timer_ISR.o)
 .debug_aranges
                0x00000350      0x158 .\CortexM0\ARM_GCC_541\Debug\Lab02 - Interrupts.a(LCD_Timer.o)
 .debug_aranges
                0x000004a8      0x1c8 .\CortexM0\ARM_GCC_541\Debug\Lab02 - Interrupts.a(CyLib.o)
 .debug_aranges
                0x00000670      0x188 .\CortexM0\ARM_GCC_541\Debug\Lab02 - Interrupts.a(CyLFClk.o)
 .debug_aranges
                0x000007f8       0x20 .\CortexM0\ARM_GCC_541\Debug\Lab02 - Interrupts.a(CyBootAsmGnu.o)
 .debug_aranges
                0x00000818       0x48 .\CortexM0\ARM_GCC_541\Debug\Lab02 - Interrupts.a(ENC.o)
 .debug_aranges
                0x00000860       0x40 .\CortexM0\ARM_GCC_541\Debug\Lab02 - Interrupts.a(CyFlash.o)

.debug_pubnames
 *(.debug_pubnames)

.debug_info     0x00000000     0x4be0
 *(.debug_info .gnu.linkonce.wi.*)
 .debug_info    0x00000000      0x31f .\CortexM0\ARM_GCC_541\Debug\main.o
 .debug_info    0x0000031f      0x295 .\CortexM0\ARM_GCC_541\Debug\cyfitter_cfg.o
 .debug_info    0x000005b4       0xf8 .\CortexM0\ARM_GCC_541\Debug\cymetadata.o
 .debug_info    0x000006ac      0x3a2 .\CortexM0\ARM_GCC_541\Debug\Cm0Start.o
 .debug_info    0x00000a4e      0x3a3 .\CortexM0\ARM_GCC_541\Debug\Lab02 - Interrupts.a(ENC_ISR.o)
 .debug_info    0x00000df1      0x19d .\CortexM0\ARM_GCC_541\Debug\Lab02 - Interrupts.a(BTN.o)
 .debug_info    0x00000f8e      0x364 .\CortexM0\ARM_GCC_541\Debug\Lab02 - Interrupts.a(BTN_ISR.o)
 .debug_info    0x000012f2      0x237 .\CortexM0\ARM_GCC_541\Debug\Lab02 - Interrupts.a(LCD_BarGraph.o)
 .debug_info    0x00001529      0x75e .\CortexM0\ARM_GCC_541\Debug\Lab02 - Interrupts.a(LCD.o)
 .debug_info    0x00001c87      0x335 .\CortexM0\ARM_GCC_541\Debug\Lab02 - Interrupts.a(LCD_Timer_ISR.o)
 .debug_info    0x00001fbc      0x8f6 .\CortexM0\ARM_GCC_541\Debug\Lab02 - Interrupts.a(LCD_Timer.o)
 .debug_info    0x000028b2      0xd2f .\CortexM0\ARM_GCC_541\Debug\Lab02 - Interrupts.a(CyLib.o)
 .debug_info    0x000035e1     0x1058 .\CortexM0\ARM_GCC_541\Debug\Lab02 - Interrupts.a(CyLFClk.o)
 .debug_info    0x00004639       0xbc .\CortexM0\ARM_GCC_541\Debug\Lab02 - Interrupts.a(CyBootAsmGnu.o)
 .debug_info    0x000046f5      0x19b .\CortexM0\ARM_GCC_541\Debug\Lab02 - Interrupts.a(ENC.o)
 .debug_info    0x00004890      0x350 .\CortexM0\ARM_GCC_541\Debug\Lab02 - Interrupts.a(CyFlash.o)

.debug_abbrev   0x00000000     0x1477
 *(.debug_abbrev)
 .debug_abbrev  0x00000000      0x104 .\CortexM0\ARM_GCC_541\Debug\main.o
 .debug_abbrev  0x00000104      0x166 .\CortexM0\ARM_GCC_541\Debug\cyfitter_cfg.o
 .debug_abbrev  0x0000026a       0x5d .\CortexM0\ARM_GCC_541\Debug\cymetadata.o
 .debug_abbrev  0x000002c7      0x1d7 .\CortexM0\ARM_GCC_541\Debug\Cm0Start.o
 .debug_abbrev  0x0000049e      0x182 .\CortexM0\ARM_GCC_541\Debug\Lab02 - Interrupts.a(ENC_ISR.o)
 .debug_abbrev  0x00000620       0xc8 .\CortexM0\ARM_GCC_541\Debug\Lab02 - Interrupts.a(BTN.o)
 .debug_abbrev  0x000006e8      0x18d .\CortexM0\ARM_GCC_541\Debug\Lab02 - Interrupts.a(BTN_ISR.o)
 .debug_abbrev  0x00000875      0x10b .\CortexM0\ARM_GCC_541\Debug\Lab02 - Interrupts.a(LCD_BarGraph.o)
 .debug_abbrev  0x00000980      0x182 .\CortexM0\ARM_GCC_541\Debug\Lab02 - Interrupts.a(LCD.o)
 .debug_abbrev  0x00000b02      0x19e .\CortexM0\ARM_GCC_541\Debug\Lab02 - Interrupts.a(LCD_Timer_ISR.o)
 .debug_abbrev  0x00000ca0      0x119 .\CortexM0\ARM_GCC_541\Debug\Lab02 - Interrupts.a(LCD_Timer.o)
 .debug_abbrev  0x00000db9      0x218 .\CortexM0\ARM_GCC_541\Debug\Lab02 - Interrupts.a(CyLib.o)
 .debug_abbrev  0x00000fd1      0x248 .\CortexM0\ARM_GCC_541\Debug\Lab02 - Interrupts.a(CyLFClk.o)
 .debug_abbrev  0x00001219       0x14 .\CortexM0\ARM_GCC_541\Debug\Lab02 - Interrupts.a(CyBootAsmGnu.o)
 .debug_abbrev  0x0000122d       0xc8 .\CortexM0\ARM_GCC_541\Debug\Lab02 - Interrupts.a(ENC.o)
 .debug_abbrev  0x000012f5      0x182 .\CortexM0\ARM_GCC_541\Debug\Lab02 - Interrupts.a(CyFlash.o)

.debug_line     0x00000000     0x1ea4
 *(.debug_line)
 .debug_line    0x00000000      0x10a .\CortexM0\ARM_GCC_541\Debug\main.o
 .debug_line    0x0000010a      0x149 .\CortexM0\ARM_GCC_541\Debug\cyfitter_cfg.o
 .debug_line    0x00000253      0x141 .\CortexM0\ARM_GCC_541\Debug\cymetadata.o
 .debug_line    0x00000394      0x236 .\CortexM0\ARM_GCC_541\Debug\Cm0Start.o
 .debug_line    0x000005ca      0x180 .\CortexM0\ARM_GCC_541\Debug\Lab02 - Interrupts.a(ENC_ISR.o)
 .debug_line    0x0000074a       0xbb .\CortexM0\ARM_GCC_541\Debug\Lab02 - Interrupts.a(BTN.o)
 .debug_line    0x00000805      0x15f .\CortexM0\ARM_GCC_541\Debug\Lab02 - Interrupts.a(BTN_ISR.o)
 .debug_line    0x00000964       0xbf .\CortexM0\ARM_GCC_541\Debug\Lab02 - Interrupts.a(LCD_BarGraph.o)
 .debug_line    0x00000a23      0x1f0 .\CortexM0\ARM_GCC_541\Debug\Lab02 - Interrupts.a(LCD.o)
 .debug_line    0x00000c13      0x168 .\CortexM0\ARM_GCC_541\Debug\Lab02 - Interrupts.a(LCD_Timer_ISR.o)
 .debug_line    0x00000d7b      0x37d .\CortexM0\ARM_GCC_541\Debug\Lab02 - Interrupts.a(LCD_Timer.o)
 .debug_line    0x000010f8      0x545 .\CortexM0\ARM_GCC_541\Debug\Lab02 - Interrupts.a(CyLib.o)
 .debug_line    0x0000163d      0x5d1 .\CortexM0\ARM_GCC_541\Debug\Lab02 - Interrupts.a(CyLFClk.o)
 .debug_line    0x00001c0e       0x68 .\CortexM0\ARM_GCC_541\Debug\Lab02 - Interrupts.a(CyBootAsmGnu.o)
 .debug_line    0x00001c76       0xbb .\CortexM0\ARM_GCC_541\Debug\Lab02 - Interrupts.a(ENC.o)
 .debug_line    0x00001d31      0x173 .\CortexM0\ARM_GCC_541\Debug\Lab02 - Interrupts.a(CyFlash.o)

.debug_frame    0x00000000     0x166c
 *(.debug_frame)
 .debug_frame   0x00000000       0x68 .\CortexM0\ARM_GCC_541\Debug\main.o
 .debug_frame   0x00000068       0x74 .\CortexM0\ARM_GCC_541\Debug\cyfitter_cfg.o
 .debug_frame   0x000000dc       0xbc .\CortexM0\ARM_GCC_541\Debug\Cm0Start.o
 .debug_frame   0x00000198      0x11c .\CortexM0\ARM_GCC_541\Debug\Lab02 - Interrupts.a(ENC_ISR.o)
 .debug_frame   0x000002b4       0x70 .\CortexM0\ARM_GCC_541\Debug\Lab02 - Interrupts.a(BTN.o)
 .debug_frame   0x00000324      0x11c .\CortexM0\ARM_GCC_541\Debug\Lab02 - Interrupts.a(BTN_ISR.o)
 .debug_frame   0x00000440       0x58 .\CortexM0\ARM_GCC_541\Debug\Lab02 - Interrupts.a(LCD_BarGraph.o)
 .debug_frame   0x00000498      0x1f0 .\CortexM0\ARM_GCC_541\Debug\Lab02 - Interrupts.a(LCD.o)
 .debug_frame   0x00000688      0x11c .\CortexM0\ARM_GCC_541\Debug\Lab02 - Interrupts.a(LCD_Timer_ISR.o)
 .debug_frame   0x000007a4      0x3a0 .\CortexM0\ARM_GCC_541\Debug\Lab02 - Interrupts.a(LCD_Timer.o)
 .debug_frame   0x00000b44      0x488 .\CortexM0\ARM_GCC_541\Debug\Lab02 - Interrupts.a(CyLib.o)
 .debug_frame   0x00000fcc      0x4a4 .\CortexM0\ARM_GCC_541\Debug\Lab02 - Interrupts.a(CyLFClk.o)
 .debug_frame   0x00001470       0x70 .\CortexM0\ARM_GCC_541\Debug\Lab02 - Interrupts.a(ENC.o)
 .debug_frame   0x000014e0       0x90 .\CortexM0\ARM_GCC_541\Debug\Lab02 - Interrupts.a(CyFlash.o)
 .debug_frame   0x00001570       0x20 c:/program files (x86)/cypress/psoc creator/4.2/psoc creator/import/gnu/arm/5.4.1/bin/../lib/gcc/arm-none-eabi/5.4.1/armv6-m\libgcc.a(_udivsi3.o)
 .debug_frame   0x00001590       0x20 c:/program files (x86)/cypress/psoc creator/4.2/psoc creator/import/gnu/arm/5.4.1/bin/../lib/gcc/arm-none-eabi/5.4.1/armv6-m\libgcc.a(_divsi3.o)
 .debug_frame   0x000015b0       0x20 c:/program files (x86)/cypress/psoc creator/4.2/psoc creator/import/gnu/arm/5.4.1/bin/../lib/gcc/arm-none-eabi/5.4.1/../../../../arm-none-eabi/lib/armv6-m\libg_nano.a(lib_a-errno.o)
 .debug_frame   0x000015d0       0x28 c:/program files (x86)/cypress/psoc creator/4.2/psoc creator/import/gnu/arm/5.4.1/bin/../lib/gcc/arm-none-eabi/5.4.1/../../../../arm-none-eabi/lib/armv6-m\libg_nano.a(lib_a-exit.o)
 .debug_frame   0x000015f8       0x2c c:/program files (x86)/cypress/psoc creator/4.2/psoc creator/import/gnu/arm/5.4.1/bin/../lib/gcc/arm-none-eabi/5.4.1/../../../../arm-none-eabi/lib/armv6-m\libg_nano.a(lib_a-init.o)
 .debug_frame   0x00001624       0x28 c:/program files (x86)/cypress/psoc creator/4.2/psoc creator/import/gnu/arm/5.4.1/bin/../lib/gcc/arm-none-eabi/5.4.1/../../../../arm-none-eabi/lib/armv6-m\libg_nano.a(lib_a-memcpy-stub.o)
 .debug_frame   0x0000164c       0x20 c:/program files (x86)/cypress/psoc creator/4.2/psoc creator/import/gnu/arm/5.4.1/bin/../lib/gcc/arm-none-eabi/5.4.1/../../../../arm-none-eabi/lib/armv6-m\libg_nano.a(lib_a-memset.o)

.debug_str      0x00000000     0x1d2f
 *(.debug_str)
 .debug_str     0x00000000      0x28b .\CortexM0\ARM_GCC_541\Debug\main.o
                                0x2cb (size before relaxing)
 .debug_str     0x0000028b       0xd3 .\CortexM0\ARM_GCC_541\Debug\cyfitter_cfg.o
                                0x287 (size before relaxing)
 .debug_str     0x0000035e       0x63 .\CortexM0\ARM_GCC_541\Debug\cymetadata.o
                                0x1f4 (size before relaxing)
 .debug_str     0x000003c1      0x140 .\CortexM0\ARM_GCC_541\Debug\Cm0Start.o
                                0x32d (size before relaxing)
 .debug_str     0x00000501      0x164 .\CortexM0\ARM_GCC_541\Debug\Lab02 - Interrupts.a(ENC_ISR.o)
                                0x366 (size before relaxing)
 .debug_str     0x00000665       0x96 .\CortexM0\ARM_GCC_541\Debug\Lab02 - Interrupts.a(BTN.o)
                                0x254 (size before relaxing)
 .debug_str     0x000006fb       0xf4 .\CortexM0\ARM_GCC_541\Debug\Lab02 - Interrupts.a(BTN_ISR.o)
                                0x362 (size before relaxing)
 .debug_str     0x000007ef       0xba .\CortexM0\ARM_GCC_541\Debug\Lab02 - Interrupts.a(LCD_BarGraph.o)
                                0x287 (size before relaxing)
 .debug_str     0x000008a9      0x128 .\CortexM0\ARM_GCC_541\Debug\Lab02 - Interrupts.a(LCD.o)
                                0x37c (size before relaxing)
 .debug_str     0x000009d1      0x15b .\CortexM0\ARM_GCC_541\Debug\Lab02 - Interrupts.a(LCD_Timer_ISR.o)
                                0x3a7 (size before relaxing)
 .debug_str     0x00000b2c      0x454 .\CortexM0\ARM_GCC_541\Debug\Lab02 - Interrupts.a(LCD_Timer.o)
                                0x685 (size before relaxing)
 .debug_str     0x00000f80      0x5c0 .\CortexM0\ARM_GCC_541\Debug\Lab02 - Interrupts.a(CyLib.o)
                                0x841 (size before relaxing)
 .debug_str     0x00001540      0x6eb .\CortexM0\ARM_GCC_541\Debug\Lab02 - Interrupts.a(CyLFClk.o)
                                0x949 (size before relaxing)
 .debug_str     0x00001c2b       0x5d .\CortexM0\ARM_GCC_541\Debug\Lab02 - Interrupts.a(ENC.o)
                                0x254 (size before relaxing)
 .debug_str     0x00001c88       0xa7 .\CortexM0\ARM_GCC_541\Debug\Lab02 - Interrupts.a(CyFlash.o)
                                0x2dc (size before relaxing)

.debug_loc      0x00000000     0x2697
 *(.debug_loc)
 .debug_loc     0x00000000       0xc0 .\CortexM0\ARM_GCC_541\Debug\main.o
 .debug_loc     0x000000c0       0xa9 .\CortexM0\ARM_GCC_541\Debug\cyfitter_cfg.o
 .debug_loc     0x00000169      0x14f .\CortexM0\ARM_GCC_541\Debug\Cm0Start.o
 .debug_loc     0x000002b8       0x82 .\CortexM0\ARM_GCC_541\Debug\Lab02 - Interrupts.a(ENC_ISR.o)
 .debug_loc     0x0000033a       0xa2 .\CortexM0\ARM_GCC_541\Debug\Lab02 - Interrupts.a(BTN.o)
 .debug_loc     0x000003dc       0x82 .\CortexM0\ARM_GCC_541\Debug\Lab02 - Interrupts.a(BTN_ISR.o)
 .debug_loc     0x0000045e      0x135 .\CortexM0\ARM_GCC_541\Debug\Lab02 - Interrupts.a(LCD_BarGraph.o)
 .debug_loc     0x00000593      0x3e3 .\CortexM0\ARM_GCC_541\Debug\Lab02 - Interrupts.a(LCD.o)
 .debug_loc     0x00000976       0x82 .\CortexM0\ARM_GCC_541\Debug\Lab02 - Interrupts.a(LCD_Timer_ISR.o)
 .debug_loc     0x000009f8      0x547 .\CortexM0\ARM_GCC_541\Debug\Lab02 - Interrupts.a(LCD_Timer.o)
 .debug_loc     0x00000f3f      0x7c0 .\CortexM0\ARM_GCC_541\Debug\Lab02 - Interrupts.a(CyLib.o)
 .debug_loc     0x000016ff      0xdb7 .\CortexM0\ARM_GCC_541\Debug\Lab02 - Interrupts.a(CyLFClk.o)
 .debug_loc     0x000024b6       0x81 .\CortexM0\ARM_GCC_541\Debug\Lab02 - Interrupts.a(ENC.o)
 .debug_loc     0x00002537      0x160 .\CortexM0\ARM_GCC_541\Debug\Lab02 - Interrupts.a(CyFlash.o)

.debug_macinfo
 *(.debug_macinfo)

.debug_ranges   0x00000000      0x788
 *(.debug_ranges)
 .debug_ranges  0x00000000       0x20 .\CortexM0\ARM_GCC_541\Debug\main.o
 .debug_ranges  0x00000020       0x28 .\CortexM0\ARM_GCC_541\Debug\cyfitter_cfg.o
 .debug_ranges  0x00000048       0x38 .\CortexM0\ARM_GCC_541\Debug\Cm0Start.o
 .debug_ranges  0x00000080       0x70 .\CortexM0\ARM_GCC_541\Debug\Lab02 - Interrupts.a(ENC_ISR.o)
 .debug_ranges  0x000000f0       0x38 .\CortexM0\ARM_GCC_541\Debug\Lab02 - Interrupts.a(BTN.o)
 .debug_ranges  0x00000128       0x70 .\CortexM0\ARM_GCC_541\Debug\Lab02 - Interrupts.a(BTN_ISR.o)
 .debug_ranges  0x00000198       0x18 .\CortexM0\ARM_GCC_541\Debug\Lab02 - Interrupts.a(LCD_BarGraph.o)
 .debug_ranges  0x000001b0       0x88 .\CortexM0\ARM_GCC_541\Debug\Lab02 - Interrupts.a(LCD.o)
 .debug_ranges  0x00000238       0x70 .\CortexM0\ARM_GCC_541\Debug\Lab02 - Interrupts.a(LCD_Timer_ISR.o)
 .debug_ranges  0x000002a8      0x148 .\CortexM0\ARM_GCC_541\Debug\Lab02 - Interrupts.a(LCD_Timer.o)
 .debug_ranges  0x000003f0      0x1b8 .\CortexM0\ARM_GCC_541\Debug\Lab02 - Interrupts.a(CyLib.o)
 .debug_ranges  0x000005a8      0x178 .\CortexM0\ARM_GCC_541\Debug\Lab02 - Interrupts.a(CyLFClk.o)
 .debug_ranges  0x00000720       0x38 .\CortexM0\ARM_GCC_541\Debug\Lab02 - Interrupts.a(ENC.o)
 .debug_ranges  0x00000758       0x30 .\CortexM0\ARM_GCC_541\Debug\Lab02 - Interrupts.a(CyFlash.o)

.comment        0x00000000       0x6e
 .comment       0x00000000       0x6e .\CortexM0\ARM_GCC_541\Debug\main.o
                                 0x6f (size before relaxing)
 .comment       0x0000006e       0x6f .\CortexM0\ARM_GCC_541\Debug\cyfitter_cfg.o
 .comment       0x0000006e       0x6f .\CortexM0\ARM_GCC_541\Debug\cymetadata.o
 .comment       0x0000006e       0x6f .\CortexM0\ARM_GCC_541\Debug\Cm0Start.o
 .comment       0x0000006e       0x6f .\CortexM0\ARM_GCC_541\Debug\Lab02 - Interrupts.a(ENC_ISR.o)
 .comment       0x0000006e       0x6f .\CortexM0\ARM_GCC_541\Debug\Lab02 - Interrupts.a(BTN.o)
 .comment       0x0000006e       0x6f .\CortexM0\ARM_GCC_541\Debug\Lab02 - Interrupts.a(BTN_ISR.o)
 .comment       0x0000006e       0x6f .\CortexM0\ARM_GCC_541\Debug\Lab02 - Interrupts.a(LCD_BarGraph.o)
 .comment       0x0000006e       0x6f .\CortexM0\ARM_GCC_541\Debug\Lab02 - Interrupts.a(LCD.o)
 .comment       0x0000006e       0x6f .\CortexM0\ARM_GCC_541\Debug\Lab02 - Interrupts.a(LCD_Timer_ISR.o)
 .comment       0x0000006e       0x6f .\CortexM0\ARM_GCC_541\Debug\Lab02 - Interrupts.a(LCD_Timer.o)
 .comment       0x0000006e       0x6f .\CortexM0\ARM_GCC_541\Debug\Lab02 - Interrupts.a(CyLib.o)
 .comment       0x0000006e       0x6f .\CortexM0\ARM_GCC_541\Debug\Lab02 - Interrupts.a(CyLFClk.o)
 .comment       0x0000006e       0x6f .\CortexM0\ARM_GCC_541\Debug\Lab02 - Interrupts.a(ENC.o)
 .comment       0x0000006e       0x6f .\CortexM0\ARM_GCC_541\Debug\Lab02 - Interrupts.a(CyFlash.o)

.debug_weaknames
 *(.debug_weaknames)

.debug_funcnames
 *(.debug_funcnames)

.debug_typenames
 *(.debug_typenames)

.debug_varnames
 *(.debug_varnames)

.note.gnu.arm.ident
 *(.note.gnu.arm.ident)

.ARM.attributes
                0x00000000       0x28
 *(.ARM.attributes)
 .ARM.attributes
                0x00000000       0x1e c:/program files (x86)/cypress/psoc creator/4.2/psoc creator/import/gnu/arm/5.4.1/bin/../lib/gcc/arm-none-eabi/5.4.1/armv6-m/crti.o
 .ARM.attributes
                0x0000001e       0x2c c:/program files (x86)/cypress/psoc creator/4.2/psoc creator/import/gnu/arm/5.4.1/bin/../lib/gcc/arm-none-eabi/5.4.1/armv6-m/crtbegin.o
 .ARM.attributes
                0x0000004a       0x1b c:/program files (x86)/cypress/psoc creator/4.2/psoc creator/import/gnu/arm/5.4.1/bin/../lib/gcc/arm-none-eabi/5.4.1/../../../../arm-none-eabi/lib/armv6-m/crt0.o
 .ARM.attributes
                0x00000065       0x31 .\CortexM0\ARM_GCC_541\Debug\main.o
 .ARM.attributes
                0x00000096       0x31 .\CortexM0\ARM_GCC_541\Debug\cyfitter_cfg.o
 .ARM.attributes
                0x000000c7       0x31 .\CortexM0\ARM_GCC_541\Debug\cymetadata.o
 .ARM.attributes
                0x000000f8       0x31 .\CortexM0\ARM_GCC_541\Debug\Cm0Start.o
 .ARM.attributes
                0x00000129       0x31 .\CortexM0\ARM_GCC_541\Debug\Lab02 - Interrupts.a(ENC_ISR.o)
 .ARM.attributes
                0x0000015a       0x31 .\CortexM0\ARM_GCC_541\Debug\Lab02 - Interrupts.a(BTN.o)
 .ARM.attributes
                0x0000018b       0x31 .\CortexM0\ARM_GCC_541\Debug\Lab02 - Interrupts.a(BTN_ISR.o)
 .ARM.attributes
                0x000001bc       0x31 .\CortexM0\ARM_GCC_541\Debug\Lab02 - Interrupts.a(LCD_BarGraph.o)
 .ARM.attributes
                0x000001ed       0x31 .\CortexM0\ARM_GCC_541\Debug\Lab02 - Interrupts.a(LCD.o)
 .ARM.attributes
                0x0000021e       0x31 .\CortexM0\ARM_GCC_541\Debug\Lab02 - Interrupts.a(LCD_Timer_ISR.o)
 .ARM.attributes
                0x0000024f       0x31 .\CortexM0\ARM_GCC_541\Debug\Lab02 - Interrupts.a(LCD_Timer.o)
 .ARM.attributes
                0x00000280       0x31 .\CortexM0\ARM_GCC_541\Debug\Lab02 - Interrupts.a(CyLib.o)
 .ARM.attributes
                0x000002b1       0x31 .\CortexM0\ARM_GCC_541\Debug\Lab02 - Interrupts.a(CyLFClk.o)
 .ARM.attributes
                0x000002e2       0x21 .\CortexM0\ARM_GCC_541\Debug\Lab02 - Interrupts.a(CyBootAsmGnu.o)
 .ARM.attributes
                0x00000303       0x31 .\CortexM0\ARM_GCC_541\Debug\Lab02 - Interrupts.a(ENC.o)
 .ARM.attributes
                0x00000334       0x31 .\CortexM0\ARM_GCC_541\Debug\Lab02 - Interrupts.a(CyFlash.o)
 .ARM.attributes
                0x00000365       0x1e c:/program files (x86)/cypress/psoc creator/4.2/psoc creator/import/gnu/arm/5.4.1/bin/../lib/gcc/arm-none-eabi/5.4.1/armv6-m\libgcc.a(_udivsi3.o)
 .ARM.attributes
                0x00000383       0x1e c:/program files (x86)/cypress/psoc creator/4.2/psoc creator/import/gnu/arm/5.4.1/bin/../lib/gcc/arm-none-eabi/5.4.1/armv6-m\libgcc.a(_divsi3.o)
 .ARM.attributes
                0x000003a1       0x1e c:/program files (x86)/cypress/psoc creator/4.2/psoc creator/import/gnu/arm/5.4.1/bin/../lib/gcc/arm-none-eabi/5.4.1/armv6-m\libgcc.a(_dvmd_tls.o)
 .ARM.attributes
                0x000003bf       0x2c c:/program files (x86)/cypress/psoc creator/4.2/psoc creator/import/gnu/arm/5.4.1/bin/../lib/gcc/arm-none-eabi/5.4.1/../../../../arm-none-eabi/lib/armv6-m\libg_nano.a(lib_a-errno.o)
 .ARM.attributes
                0x000003eb       0x2c c:/program files (x86)/cypress/psoc creator/4.2/psoc creator/import/gnu/arm/5.4.1/bin/../lib/gcc/arm-none-eabi/5.4.1/../../../../arm-none-eabi/lib/armv6-m\libg_nano.a(lib_a-exit.o)
 .ARM.attributes
                0x00000417       0x2c c:/program files (x86)/cypress/psoc creator/4.2/psoc creator/import/gnu/arm/5.4.1/bin/../lib/gcc/arm-none-eabi/5.4.1/../../../../arm-none-eabi/lib/armv6-m\libg_nano.a(lib_a-impure.o)
 .ARM.attributes
                0x00000443       0x2c c:/program files (x86)/cypress/psoc creator/4.2/psoc creator/import/gnu/arm/5.4.1/bin/../lib/gcc/arm-none-eabi/5.4.1/../../../../arm-none-eabi/lib/armv6-m\libg_nano.a(lib_a-init.o)
 .ARM.attributes
                0x0000046f       0x2c c:/program files (x86)/cypress/psoc creator/4.2/psoc creator/import/gnu/arm/5.4.1/bin/../lib/gcc/arm-none-eabi/5.4.1/../../../../arm-none-eabi/lib/armv6-m\libg_nano.a(lib_a-memcpy-stub.o)
 .ARM.attributes
                0x0000049b       0x2c c:/program files (x86)/cypress/psoc creator/4.2/psoc creator/import/gnu/arm/5.4.1/bin/../lib/gcc/arm-none-eabi/5.4.1/../../../../arm-none-eabi/lib/armv6-m\libg_nano.a(lib_a-memset.o)
 .ARM.attributes
                0x000004c7       0x2c c:/program files (x86)/cypress/psoc creator/4.2/psoc creator/import/gnu/arm/5.4.1/bin/../lib/gcc/arm-none-eabi/5.4.1/armv6-m/crtend.o
 .ARM.attributes
                0x000004f3       0x1e c:/program files (x86)/cypress/psoc creator/4.2/psoc creator/import/gnu/arm/5.4.1/bin/../lib/gcc/arm-none-eabi/5.4.1/armv6-m/crtn.o

/DISCARD/
 *(.note.GNU-stack)
OUTPUT(C:\Users\Hello Kitty\Desktop\MicrocontrollersLab\Lab 2 - Interrupts\Project\Zip File\Lab02 - Interrupts.cydsn\CortexM0\ARM_GCC_541\Debug\Lab02 - Interrupts.elf elf32-littlearm)
