ARM GAS  C:\Users\LEOTEJ~1\AppData\Local\Temp\ccjaJImE.s 			page 1


   1              		.syntax unified
   2              		.cpu cortex-m0
   3              		.fpu softvfp
   4              		.eabi_attribute 20, 1
   5              		.eabi_attribute 21, 1
   6              		.eabi_attribute 23, 3
   7              		.eabi_attribute 24, 1
   8              		.eabi_attribute 25, 1
   9              		.eabi_attribute 26, 1
  10              		.eabi_attribute 30, 1
  11              		.eabi_attribute 34, 0
  12              		.eabi_attribute 18, 4
  13              		.thumb
  14              		.syntax unified
  15              		.file	"BTN_ISR.c"
  16              		.text
  17              	.Ltext0:
  18              		.cfi_sections	.debug_frame
  19              		.section	.text.BTN_ISR_Interrupt,"ax",%progbits
  20              		.align	2
  21              		.global	BTN_ISR_Interrupt
  22              		.code	16
  23              		.thumb_func
  24              		.type	BTN_ISR_Interrupt, %function
  25              	BTN_ISR_Interrupt:
  26              	.LFB4:
  27              		.file 1 "Generated_Source\\PSoC4\\BTN_ISR.c"
   1:Generated_Source\PSoC4/BTN_ISR.c **** /*******************************************************************************
   2:Generated_Source\PSoC4/BTN_ISR.c **** * File Name: BTN_ISR.c  
   3:Generated_Source\PSoC4/BTN_ISR.c **** * Version 1.71
   4:Generated_Source\PSoC4/BTN_ISR.c **** *
   5:Generated_Source\PSoC4/BTN_ISR.c **** *  Description:
   6:Generated_Source\PSoC4/BTN_ISR.c **** *   API for controlling the state of an interrupt.
   7:Generated_Source\PSoC4/BTN_ISR.c **** *
   8:Generated_Source\PSoC4/BTN_ISR.c **** *
   9:Generated_Source\PSoC4/BTN_ISR.c **** *  Note:
  10:Generated_Source\PSoC4/BTN_ISR.c **** *
  11:Generated_Source\PSoC4/BTN_ISR.c **** ********************************************************************************
  12:Generated_Source\PSoC4/BTN_ISR.c **** * Copyright 2008-2015, Cypress Semiconductor Corporation.  All rights reserved.
  13:Generated_Source\PSoC4/BTN_ISR.c **** * You may use this file only in accordance with the license, terms, conditions, 
  14:Generated_Source\PSoC4/BTN_ISR.c **** * disclaimers, and limitations in the end user license agreement accompanying 
  15:Generated_Source\PSoC4/BTN_ISR.c **** * the software package with which this file was provided.
  16:Generated_Source\PSoC4/BTN_ISR.c **** *******************************************************************************/
  17:Generated_Source\PSoC4/BTN_ISR.c **** 
  18:Generated_Source\PSoC4/BTN_ISR.c **** 
  19:Generated_Source\PSoC4/BTN_ISR.c **** #include <cydevice_trm.h>
  20:Generated_Source\PSoC4/BTN_ISR.c **** #include <CyLib.h>
  21:Generated_Source\PSoC4/BTN_ISR.c **** #include <BTN_ISR.h>
  22:Generated_Source\PSoC4/BTN_ISR.c **** #include "cyapicallbacks.h"
  23:Generated_Source\PSoC4/BTN_ISR.c **** 
  24:Generated_Source\PSoC4/BTN_ISR.c **** #if !defined(BTN_ISR__REMOVED) /* Check for removal by optimization */
  25:Generated_Source\PSoC4/BTN_ISR.c **** 
  26:Generated_Source\PSoC4/BTN_ISR.c **** /*******************************************************************************
  27:Generated_Source\PSoC4/BTN_ISR.c **** *  Place your includes, defines and code here 
  28:Generated_Source\PSoC4/BTN_ISR.c **** ********************************************************************************/
  29:Generated_Source\PSoC4/BTN_ISR.c **** /* `#START BTN_ISR_intc` */
  30:Generated_Source\PSoC4/BTN_ISR.c **** #include "BTN.h"
ARM GAS  C:\Users\LEOTEJ~1\AppData\Local\Temp\ccjaJImE.s 			page 2


  31:Generated_Source\PSoC4/BTN_ISR.c **** extern volatile int buttonFlag;
  32:Generated_Source\PSoC4/BTN_ISR.c **** /* `#END` */
  33:Generated_Source\PSoC4/BTN_ISR.c **** 
  34:Generated_Source\PSoC4/BTN_ISR.c **** extern cyisraddress CyRamVectors[CYINT_IRQ_BASE + CY_NUM_INTERRUPTS];
  35:Generated_Source\PSoC4/BTN_ISR.c **** 
  36:Generated_Source\PSoC4/BTN_ISR.c **** /* Declared in startup, used to set unused interrupts to. */
  37:Generated_Source\PSoC4/BTN_ISR.c **** CY_ISR_PROTO(IntDefaultHandler);
  38:Generated_Source\PSoC4/BTN_ISR.c **** 
  39:Generated_Source\PSoC4/BTN_ISR.c **** 
  40:Generated_Source\PSoC4/BTN_ISR.c **** /*******************************************************************************
  41:Generated_Source\PSoC4/BTN_ISR.c **** * Function Name: BTN_ISR_Start
  42:Generated_Source\PSoC4/BTN_ISR.c **** ********************************************************************************
  43:Generated_Source\PSoC4/BTN_ISR.c **** *
  44:Generated_Source\PSoC4/BTN_ISR.c **** * Summary:
  45:Generated_Source\PSoC4/BTN_ISR.c **** *  Set up the interrupt and enable it. This function disables the interrupt, 
  46:Generated_Source\PSoC4/BTN_ISR.c **** *  sets the default interrupt vector, sets the priority from the value in the
  47:Generated_Source\PSoC4/BTN_ISR.c **** *  Design Wide Resources Interrupt Editor, then enables the interrupt to the 
  48:Generated_Source\PSoC4/BTN_ISR.c **** *  interrupt controller.
  49:Generated_Source\PSoC4/BTN_ISR.c **** *
  50:Generated_Source\PSoC4/BTN_ISR.c **** * Parameters:  
  51:Generated_Source\PSoC4/BTN_ISR.c **** *   None
  52:Generated_Source\PSoC4/BTN_ISR.c **** *
  53:Generated_Source\PSoC4/BTN_ISR.c **** * Return:
  54:Generated_Source\PSoC4/BTN_ISR.c **** *   None
  55:Generated_Source\PSoC4/BTN_ISR.c **** *
  56:Generated_Source\PSoC4/BTN_ISR.c **** *******************************************************************************/
  57:Generated_Source\PSoC4/BTN_ISR.c **** void BTN_ISR_Start(void)
  58:Generated_Source\PSoC4/BTN_ISR.c **** {
  59:Generated_Source\PSoC4/BTN_ISR.c ****     /* For all we know the interrupt is active. */
  60:Generated_Source\PSoC4/BTN_ISR.c ****     BTN_ISR_Disable();
  61:Generated_Source\PSoC4/BTN_ISR.c **** 
  62:Generated_Source\PSoC4/BTN_ISR.c ****     /* Set the ISR to point to the BTN_ISR Interrupt. */
  63:Generated_Source\PSoC4/BTN_ISR.c ****     BTN_ISR_SetVector(&BTN_ISR_Interrupt);
  64:Generated_Source\PSoC4/BTN_ISR.c **** 
  65:Generated_Source\PSoC4/BTN_ISR.c ****     /* Set the priority. */
  66:Generated_Source\PSoC4/BTN_ISR.c ****     BTN_ISR_SetPriority((uint8)BTN_ISR_INTC_PRIOR_NUMBER);
  67:Generated_Source\PSoC4/BTN_ISR.c **** 
  68:Generated_Source\PSoC4/BTN_ISR.c ****     /* Enable it. */
  69:Generated_Source\PSoC4/BTN_ISR.c ****     BTN_ISR_Enable();
  70:Generated_Source\PSoC4/BTN_ISR.c **** }
  71:Generated_Source\PSoC4/BTN_ISR.c **** 
  72:Generated_Source\PSoC4/BTN_ISR.c **** 
  73:Generated_Source\PSoC4/BTN_ISR.c **** /*******************************************************************************
  74:Generated_Source\PSoC4/BTN_ISR.c **** * Function Name: BTN_ISR_StartEx
  75:Generated_Source\PSoC4/BTN_ISR.c **** ********************************************************************************
  76:Generated_Source\PSoC4/BTN_ISR.c **** *
  77:Generated_Source\PSoC4/BTN_ISR.c **** * Summary:
  78:Generated_Source\PSoC4/BTN_ISR.c **** *  Sets up the interrupt and enables it. This function disables the interrupt,
  79:Generated_Source\PSoC4/BTN_ISR.c **** *  sets the interrupt vector based on the address passed in, sets the priority 
  80:Generated_Source\PSoC4/BTN_ISR.c **** *  from the value in the Design Wide Resources Interrupt Editor, then enables 
  81:Generated_Source\PSoC4/BTN_ISR.c **** *  the interrupt to the interrupt controller.
  82:Generated_Source\PSoC4/BTN_ISR.c **** *  
  83:Generated_Source\PSoC4/BTN_ISR.c **** *  When defining ISR functions, the CY_ISR and CY_ISR_PROTO macros should be 
  84:Generated_Source\PSoC4/BTN_ISR.c **** *  used to provide consistent definition across compilers:
  85:Generated_Source\PSoC4/BTN_ISR.c **** *  
  86:Generated_Source\PSoC4/BTN_ISR.c **** *  Function definition example:
  87:Generated_Source\PSoC4/BTN_ISR.c **** *   CY_ISR(MyISR)
ARM GAS  C:\Users\LEOTEJ~1\AppData\Local\Temp\ccjaJImE.s 			page 3


  88:Generated_Source\PSoC4/BTN_ISR.c **** *   {
  89:Generated_Source\PSoC4/BTN_ISR.c **** *   }
  90:Generated_Source\PSoC4/BTN_ISR.c **** *   Function prototype example:
  91:Generated_Source\PSoC4/BTN_ISR.c **** *   CY_ISR_PROTO(MyISR);
  92:Generated_Source\PSoC4/BTN_ISR.c **** *
  93:Generated_Source\PSoC4/BTN_ISR.c **** * Parameters:  
  94:Generated_Source\PSoC4/BTN_ISR.c **** *   address: Address of the ISR to set in the interrupt vector table.
  95:Generated_Source\PSoC4/BTN_ISR.c **** *
  96:Generated_Source\PSoC4/BTN_ISR.c **** * Return:
  97:Generated_Source\PSoC4/BTN_ISR.c **** *   None
  98:Generated_Source\PSoC4/BTN_ISR.c **** *
  99:Generated_Source\PSoC4/BTN_ISR.c **** *******************************************************************************/
 100:Generated_Source\PSoC4/BTN_ISR.c **** void BTN_ISR_StartEx(cyisraddress address)
 101:Generated_Source\PSoC4/BTN_ISR.c **** {
 102:Generated_Source\PSoC4/BTN_ISR.c ****     /* For all we know the interrupt is active. */
 103:Generated_Source\PSoC4/BTN_ISR.c ****     BTN_ISR_Disable();
 104:Generated_Source\PSoC4/BTN_ISR.c **** 
 105:Generated_Source\PSoC4/BTN_ISR.c ****     /* Set the ISR to point to the BTN_ISR Interrupt. */
 106:Generated_Source\PSoC4/BTN_ISR.c ****     BTN_ISR_SetVector(address);
 107:Generated_Source\PSoC4/BTN_ISR.c **** 
 108:Generated_Source\PSoC4/BTN_ISR.c ****     /* Set the priority. */
 109:Generated_Source\PSoC4/BTN_ISR.c ****     BTN_ISR_SetPriority((uint8)BTN_ISR_INTC_PRIOR_NUMBER);
 110:Generated_Source\PSoC4/BTN_ISR.c **** 
 111:Generated_Source\PSoC4/BTN_ISR.c ****     /* Enable it. */
 112:Generated_Source\PSoC4/BTN_ISR.c ****     BTN_ISR_Enable();
 113:Generated_Source\PSoC4/BTN_ISR.c **** }
 114:Generated_Source\PSoC4/BTN_ISR.c **** 
 115:Generated_Source\PSoC4/BTN_ISR.c **** 
 116:Generated_Source\PSoC4/BTN_ISR.c **** /*******************************************************************************
 117:Generated_Source\PSoC4/BTN_ISR.c **** * Function Name: BTN_ISR_Stop
 118:Generated_Source\PSoC4/BTN_ISR.c **** ********************************************************************************
 119:Generated_Source\PSoC4/BTN_ISR.c **** *
 120:Generated_Source\PSoC4/BTN_ISR.c **** * Summary:
 121:Generated_Source\PSoC4/BTN_ISR.c **** *   Disables and removes the interrupt.
 122:Generated_Source\PSoC4/BTN_ISR.c **** *
 123:Generated_Source\PSoC4/BTN_ISR.c **** * Parameters:  
 124:Generated_Source\PSoC4/BTN_ISR.c **** *   None
 125:Generated_Source\PSoC4/BTN_ISR.c **** *
 126:Generated_Source\PSoC4/BTN_ISR.c **** * Return:
 127:Generated_Source\PSoC4/BTN_ISR.c **** *   None
 128:Generated_Source\PSoC4/BTN_ISR.c **** *
 129:Generated_Source\PSoC4/BTN_ISR.c **** *******************************************************************************/
 130:Generated_Source\PSoC4/BTN_ISR.c **** void BTN_ISR_Stop(void)
 131:Generated_Source\PSoC4/BTN_ISR.c **** {
 132:Generated_Source\PSoC4/BTN_ISR.c ****     /* Disable this interrupt. */
 133:Generated_Source\PSoC4/BTN_ISR.c ****     BTN_ISR_Disable();
 134:Generated_Source\PSoC4/BTN_ISR.c **** 
 135:Generated_Source\PSoC4/BTN_ISR.c ****     /* Set the ISR to point to the passive one. */
 136:Generated_Source\PSoC4/BTN_ISR.c ****     BTN_ISR_SetVector(&IntDefaultHandler);
 137:Generated_Source\PSoC4/BTN_ISR.c **** }
 138:Generated_Source\PSoC4/BTN_ISR.c **** 
 139:Generated_Source\PSoC4/BTN_ISR.c **** 
 140:Generated_Source\PSoC4/BTN_ISR.c **** /*******************************************************************************
 141:Generated_Source\PSoC4/BTN_ISR.c **** * Function Name: BTN_ISR_Interrupt
 142:Generated_Source\PSoC4/BTN_ISR.c **** ********************************************************************************
 143:Generated_Source\PSoC4/BTN_ISR.c **** *
 144:Generated_Source\PSoC4/BTN_ISR.c **** * Summary:
ARM GAS  C:\Users\LEOTEJ~1\AppData\Local\Temp\ccjaJImE.s 			page 4


 145:Generated_Source\PSoC4/BTN_ISR.c **** *   The default Interrupt Service Routine for BTN_ISR.
 146:Generated_Source\PSoC4/BTN_ISR.c **** *
 147:Generated_Source\PSoC4/BTN_ISR.c **** *   Add custom code between the START and END comments to keep the next version
 148:Generated_Source\PSoC4/BTN_ISR.c **** *   of this file from over-writing your code.
 149:Generated_Source\PSoC4/BTN_ISR.c **** *
 150:Generated_Source\PSoC4/BTN_ISR.c **** *   Note You may use either the default ISR by using this API, or you may define
 151:Generated_Source\PSoC4/BTN_ISR.c **** *   your own separate ISR through ISR_StartEx().
 152:Generated_Source\PSoC4/BTN_ISR.c **** *
 153:Generated_Source\PSoC4/BTN_ISR.c **** * Parameters:  
 154:Generated_Source\PSoC4/BTN_ISR.c **** *   None
 155:Generated_Source\PSoC4/BTN_ISR.c **** *
 156:Generated_Source\PSoC4/BTN_ISR.c **** * Return:
 157:Generated_Source\PSoC4/BTN_ISR.c **** *   None
 158:Generated_Source\PSoC4/BTN_ISR.c **** *
 159:Generated_Source\PSoC4/BTN_ISR.c **** *******************************************************************************/
 160:Generated_Source\PSoC4/BTN_ISR.c **** CY_ISR(BTN_ISR_Interrupt)
 161:Generated_Source\PSoC4/BTN_ISR.c **** {
  28              		.loc 1 161 0
  29              		.cfi_startproc
  30              		@ args = 0, pretend = 0, frame = 0
  31              		@ frame_needed = 0, uses_anonymous_args = 0
  32 0000 10B5     		push	{r4, lr}
  33              		.cfi_def_cfa_offset 8
  34              		.cfi_offset 4, -8
  35              		.cfi_offset 14, -4
 162:Generated_Source\PSoC4/BTN_ISR.c ****     #ifdef BTN_ISR_INTERRUPT_INTERRUPT_CALLBACK
 163:Generated_Source\PSoC4/BTN_ISR.c ****         BTN_ISR_Interrupt_InterruptCallback();
 164:Generated_Source\PSoC4/BTN_ISR.c ****     #endif /* BTN_ISR_INTERRUPT_INTERRUPT_CALLBACK */ 
 165:Generated_Source\PSoC4/BTN_ISR.c **** 
 166:Generated_Source\PSoC4/BTN_ISR.c ****     /*  Place your Interrupt code here. */
 167:Generated_Source\PSoC4/BTN_ISR.c ****     /* `#START BTN_ISR_Interrupt` */
 168:Generated_Source\PSoC4/BTN_ISR.c ****     // Small delay for debouncing
 169:Generated_Source\PSoC4/BTN_ISR.c ****      CyDelay(20);
  36              		.loc 1 169 0
  37 0002 1420     		movs	r0, #20
  38 0004 FFF7FEFF 		bl	CyDelay
  39              	.LVL0:
 170:Generated_Source\PSoC4/BTN_ISR.c ****      // Clear interrupt
 171:Generated_Source\PSoC4/BTN_ISR.c ****      BTN_ClearInterrupt();
  40              		.loc 1 171 0
  41 0008 FFF7FEFF 		bl	BTN_ClearInterrupt
  42              	.LVL1:
 172:Generated_Source\PSoC4/BTN_ISR.c ****      
 173:Generated_Source\PSoC4/BTN_ISR.c ****      // If button is still 1 after delay, set flag, if not, don't
 174:Generated_Source\PSoC4/BTN_ISR.c ****      if(BTN_Read() == 0){
  43              		.loc 1 174 0
  44 000c FFF7FEFF 		bl	BTN_Read
  45              	.LVL2:
  46 0010 0028     		cmp	r0, #0
  47 0012 03D1     		bne	.L2
 175:Generated_Source\PSoC4/BTN_ISR.c ****      buttonFlag = 1;
  48              		.loc 1 175 0
  49 0014 0122     		movs	r2, #1
  50 0016 034B     		ldr	r3, .L4
  51 0018 1A60     		str	r2, [r3]
  52 001a 02E0     		b	.L1
  53              	.L2:
ARM GAS  C:\Users\LEOTEJ~1\AppData\Local\Temp\ccjaJImE.s 			page 5


 176:Generated_Source\PSoC4/BTN_ISR.c ****      } else {
 177:Generated_Source\PSoC4/BTN_ISR.c ****      buttonFlag = 0;
  54              		.loc 1 177 0
  55 001c 0022     		movs	r2, #0
  56 001e 014B     		ldr	r3, .L4
  57 0020 1A60     		str	r2, [r3]
  58              	.L1:
 178:Generated_Source\PSoC4/BTN_ISR.c ****      }
 179:Generated_Source\PSoC4/BTN_ISR.c ****     /* `#END` */
 180:Generated_Source\PSoC4/BTN_ISR.c **** }
  59              		.loc 1 180 0
  60              		@ sp needed
  61 0022 10BD     		pop	{r4, pc}
  62              	.L5:
  63              		.align	2
  64              	.L4:
  65 0024 00000000 		.word	buttonFlag
  66              		.cfi_endproc
  67              	.LFE4:
  68              		.size	BTN_ISR_Interrupt, .-BTN_ISR_Interrupt
  69              		.section	.text.BTN_ISR_SetVector,"ax",%progbits
  70              		.align	2
  71              		.global	BTN_ISR_SetVector
  72              		.code	16
  73              		.thumb_func
  74              		.type	BTN_ISR_SetVector, %function
  75              	BTN_ISR_SetVector:
  76              	.LFB5:
 181:Generated_Source\PSoC4/BTN_ISR.c **** 
 182:Generated_Source\PSoC4/BTN_ISR.c **** 
 183:Generated_Source\PSoC4/BTN_ISR.c **** /*******************************************************************************
 184:Generated_Source\PSoC4/BTN_ISR.c **** * Function Name: BTN_ISR_SetVector
 185:Generated_Source\PSoC4/BTN_ISR.c **** ********************************************************************************
 186:Generated_Source\PSoC4/BTN_ISR.c **** *
 187:Generated_Source\PSoC4/BTN_ISR.c **** * Summary:
 188:Generated_Source\PSoC4/BTN_ISR.c **** *   Change the ISR vector for the Interrupt. Note calling BTN_ISR_Start
 189:Generated_Source\PSoC4/BTN_ISR.c **** *   will override any effect this method would have had. To set the vector 
 190:Generated_Source\PSoC4/BTN_ISR.c **** *   before the component has been started use BTN_ISR_StartEx instead.
 191:Generated_Source\PSoC4/BTN_ISR.c **** * 
 192:Generated_Source\PSoC4/BTN_ISR.c **** *   When defining ISR functions, the CY_ISR and CY_ISR_PROTO macros should be 
 193:Generated_Source\PSoC4/BTN_ISR.c **** *   used to provide consistent definition across compilers:
 194:Generated_Source\PSoC4/BTN_ISR.c **** *
 195:Generated_Source\PSoC4/BTN_ISR.c **** *   Function definition example:
 196:Generated_Source\PSoC4/BTN_ISR.c **** *   CY_ISR(MyISR)
 197:Generated_Source\PSoC4/BTN_ISR.c **** *   {
 198:Generated_Source\PSoC4/BTN_ISR.c **** *   }
 199:Generated_Source\PSoC4/BTN_ISR.c **** *
 200:Generated_Source\PSoC4/BTN_ISR.c **** *   Function prototype example:
 201:Generated_Source\PSoC4/BTN_ISR.c **** *     CY_ISR_PROTO(MyISR);
 202:Generated_Source\PSoC4/BTN_ISR.c **** *
 203:Generated_Source\PSoC4/BTN_ISR.c **** * Parameters:
 204:Generated_Source\PSoC4/BTN_ISR.c **** *   address: Address of the ISR to set in the interrupt vector table.
 205:Generated_Source\PSoC4/BTN_ISR.c **** *
 206:Generated_Source\PSoC4/BTN_ISR.c **** * Return:
 207:Generated_Source\PSoC4/BTN_ISR.c **** *   None
 208:Generated_Source\PSoC4/BTN_ISR.c **** *
 209:Generated_Source\PSoC4/BTN_ISR.c **** *******************************************************************************/
ARM GAS  C:\Users\LEOTEJ~1\AppData\Local\Temp\ccjaJImE.s 			page 6


 210:Generated_Source\PSoC4/BTN_ISR.c **** void BTN_ISR_SetVector(cyisraddress address)
 211:Generated_Source\PSoC4/BTN_ISR.c **** {
  77              		.loc 1 211 0
  78              		.cfi_startproc
  79              		@ args = 0, pretend = 0, frame = 0
  80              		@ frame_needed = 0, uses_anonymous_args = 0
  81              		@ link register save eliminated.
  82              	.LVL3:
 212:Generated_Source\PSoC4/BTN_ISR.c ****     CyRamVectors[CYINT_IRQ_BASE + BTN_ISR__INTC_NUMBER] = address;
  83              		.loc 1 212 0
  84 0000 014B     		ldr	r3, .L7
  85 0002 1864     		str	r0, [r3, #64]
 213:Generated_Source\PSoC4/BTN_ISR.c **** }
  86              		.loc 1 213 0
  87              		@ sp needed
  88 0004 7047     		bx	lr
  89              	.L8:
  90 0006 C046     		.align	2
  91              	.L7:
  92 0008 00000000 		.word	CyRamVectors
  93              		.cfi_endproc
  94              	.LFE5:
  95              		.size	BTN_ISR_SetVector, .-BTN_ISR_SetVector
  96              		.section	.text.BTN_ISR_GetVector,"ax",%progbits
  97              		.align	2
  98              		.global	BTN_ISR_GetVector
  99              		.code	16
 100              		.thumb_func
 101              		.type	BTN_ISR_GetVector, %function
 102              	BTN_ISR_GetVector:
 103              	.LFB6:
 214:Generated_Source\PSoC4/BTN_ISR.c **** 
 215:Generated_Source\PSoC4/BTN_ISR.c **** 
 216:Generated_Source\PSoC4/BTN_ISR.c **** /*******************************************************************************
 217:Generated_Source\PSoC4/BTN_ISR.c **** * Function Name: BTN_ISR_GetVector
 218:Generated_Source\PSoC4/BTN_ISR.c **** ********************************************************************************
 219:Generated_Source\PSoC4/BTN_ISR.c **** *
 220:Generated_Source\PSoC4/BTN_ISR.c **** * Summary:
 221:Generated_Source\PSoC4/BTN_ISR.c **** *   Gets the "address" of the current ISR vector for the Interrupt.
 222:Generated_Source\PSoC4/BTN_ISR.c **** *
 223:Generated_Source\PSoC4/BTN_ISR.c **** * Parameters:
 224:Generated_Source\PSoC4/BTN_ISR.c **** *   None
 225:Generated_Source\PSoC4/BTN_ISR.c **** *
 226:Generated_Source\PSoC4/BTN_ISR.c **** * Return:
 227:Generated_Source\PSoC4/BTN_ISR.c **** *   Address of the ISR in the interrupt vector table.
 228:Generated_Source\PSoC4/BTN_ISR.c **** *
 229:Generated_Source\PSoC4/BTN_ISR.c **** *******************************************************************************/
 230:Generated_Source\PSoC4/BTN_ISR.c **** cyisraddress BTN_ISR_GetVector(void)
 231:Generated_Source\PSoC4/BTN_ISR.c **** {
 104              		.loc 1 231 0
 105              		.cfi_startproc
 106              		@ args = 0, pretend = 0, frame = 0
 107              		@ frame_needed = 0, uses_anonymous_args = 0
 108              		@ link register save eliminated.
 232:Generated_Source\PSoC4/BTN_ISR.c ****     return CyRamVectors[CYINT_IRQ_BASE + BTN_ISR__INTC_NUMBER];
 109              		.loc 1 232 0
 110 0000 014B     		ldr	r3, .L10
ARM GAS  C:\Users\LEOTEJ~1\AppData\Local\Temp\ccjaJImE.s 			page 7


 111 0002 186C     		ldr	r0, [r3, #64]
 233:Generated_Source\PSoC4/BTN_ISR.c **** }
 112              		.loc 1 233 0
 113              		@ sp needed
 114 0004 7047     		bx	lr
 115              	.L11:
 116 0006 C046     		.align	2
 117              	.L10:
 118 0008 00000000 		.word	CyRamVectors
 119              		.cfi_endproc
 120              	.LFE6:
 121              		.size	BTN_ISR_GetVector, .-BTN_ISR_GetVector
 122              		.section	.text.BTN_ISR_SetPriority,"ax",%progbits
 123              		.align	2
 124              		.global	BTN_ISR_SetPriority
 125              		.code	16
 126              		.thumb_func
 127              		.type	BTN_ISR_SetPriority, %function
 128              	BTN_ISR_SetPriority:
 129              	.LFB7:
 234:Generated_Source\PSoC4/BTN_ISR.c **** 
 235:Generated_Source\PSoC4/BTN_ISR.c **** 
 236:Generated_Source\PSoC4/BTN_ISR.c **** /*******************************************************************************
 237:Generated_Source\PSoC4/BTN_ISR.c **** * Function Name: BTN_ISR_SetPriority
 238:Generated_Source\PSoC4/BTN_ISR.c **** ********************************************************************************
 239:Generated_Source\PSoC4/BTN_ISR.c **** *
 240:Generated_Source\PSoC4/BTN_ISR.c **** * Summary:
 241:Generated_Source\PSoC4/BTN_ISR.c **** *   Sets the Priority of the Interrupt. 
 242:Generated_Source\PSoC4/BTN_ISR.c **** *
 243:Generated_Source\PSoC4/BTN_ISR.c **** *   Note calling BTN_ISR_Start or BTN_ISR_StartEx will 
 244:Generated_Source\PSoC4/BTN_ISR.c **** *   override any effect this API would have had. This API should only be called
 245:Generated_Source\PSoC4/BTN_ISR.c **** *   after BTN_ISR_Start or BTN_ISR_StartEx has been called. 
 246:Generated_Source\PSoC4/BTN_ISR.c **** *   To set the initial priority for the component, use the Design-Wide Resources
 247:Generated_Source\PSoC4/BTN_ISR.c **** *   Interrupt Editor.
 248:Generated_Source\PSoC4/BTN_ISR.c **** *
 249:Generated_Source\PSoC4/BTN_ISR.c **** *   Note This API has no effect on Non-maskable interrupt NMI).
 250:Generated_Source\PSoC4/BTN_ISR.c **** *
 251:Generated_Source\PSoC4/BTN_ISR.c **** * Parameters:
 252:Generated_Source\PSoC4/BTN_ISR.c **** *   priority: Priority of the interrupt, 0 being the highest priority
 253:Generated_Source\PSoC4/BTN_ISR.c **** *             PSoC 3 and PSoC 5LP: Priority is from 0 to 7.
 254:Generated_Source\PSoC4/BTN_ISR.c **** *             PSoC 4: Priority is from 0 to 3.
 255:Generated_Source\PSoC4/BTN_ISR.c **** *
 256:Generated_Source\PSoC4/BTN_ISR.c **** * Return:
 257:Generated_Source\PSoC4/BTN_ISR.c **** *   None
 258:Generated_Source\PSoC4/BTN_ISR.c **** *
 259:Generated_Source\PSoC4/BTN_ISR.c **** *******************************************************************************/
 260:Generated_Source\PSoC4/BTN_ISR.c **** void BTN_ISR_SetPriority(uint8 priority)
 261:Generated_Source\PSoC4/BTN_ISR.c **** {
 130              		.loc 1 261 0
 131              		.cfi_startproc
 132              		@ args = 0, pretend = 0, frame = 0
 133              		@ frame_needed = 0, uses_anonymous_args = 0
 134              	.LVL4:
 135 0000 10B5     		push	{r4, lr}
 136              		.cfi_def_cfa_offset 8
 137              		.cfi_offset 4, -8
 138              		.cfi_offset 14, -4
ARM GAS  C:\Users\LEOTEJ~1\AppData\Local\Temp\ccjaJImE.s 			page 8


 139 0002 0400     		movs	r4, r0
 140              	.LVL5:
 262:Generated_Source\PSoC4/BTN_ISR.c **** 	uint8 interruptState;
 263:Generated_Source\PSoC4/BTN_ISR.c ****     uint32 priorityOffset = ((BTN_ISR__INTC_NUMBER % 4u) * 8u) + 6u;
 264:Generated_Source\PSoC4/BTN_ISR.c ****     
 265:Generated_Source\PSoC4/BTN_ISR.c **** 	interruptState = CyEnterCriticalSection();
 141              		.loc 1 265 0
 142 0004 FFF7FEFF 		bl	CyEnterCriticalSection
 143              	.LVL6:
 266:Generated_Source\PSoC4/BTN_ISR.c ****     *BTN_ISR_INTC_PRIOR = (*BTN_ISR_INTC_PRIOR & (uint32)(~(uint32)BTN_ISR__INTC_PRIOR_MASK)) |
 144              		.loc 1 266 0
 145 0008 044A     		ldr	r2, .L13
 146 000a 1368     		ldr	r3, [r2]
 147 000c C021     		movs	r1, #192
 148 000e 8B43     		bics	r3, r1
 267:Generated_Source\PSoC4/BTN_ISR.c ****                                     ((uint32)priority << priorityOffset);
 149              		.loc 1 267 0
 150 0010 A401     		lsls	r4, r4, #6
 266:Generated_Source\PSoC4/BTN_ISR.c ****     *BTN_ISR_INTC_PRIOR = (*BTN_ISR_INTC_PRIOR & (uint32)(~(uint32)BTN_ISR__INTC_PRIOR_MASK)) |
 151              		.loc 1 266 0
 152 0012 1C43     		orrs	r4, r3
 153 0014 1460     		str	r4, [r2]
 268:Generated_Source\PSoC4/BTN_ISR.c **** 	CyExitCriticalSection(interruptState);
 154              		.loc 1 268 0
 155 0016 FFF7FEFF 		bl	CyExitCriticalSection
 156              	.LVL7:
 269:Generated_Source\PSoC4/BTN_ISR.c **** }
 157              		.loc 1 269 0
 158              		@ sp needed
 159 001a 10BD     		pop	{r4, pc}
 160              	.L14:
 161              		.align	2
 162              	.L13:
 163 001c 00E400E0 		.word	-536812544
 164              		.cfi_endproc
 165              	.LFE7:
 166              		.size	BTN_ISR_SetPriority, .-BTN_ISR_SetPriority
 167              		.section	.text.BTN_ISR_GetPriority,"ax",%progbits
 168              		.align	2
 169              		.global	BTN_ISR_GetPriority
 170              		.code	16
 171              		.thumb_func
 172              		.type	BTN_ISR_GetPriority, %function
 173              	BTN_ISR_GetPriority:
 174              	.LFB8:
 270:Generated_Source\PSoC4/BTN_ISR.c **** 
 271:Generated_Source\PSoC4/BTN_ISR.c **** 
 272:Generated_Source\PSoC4/BTN_ISR.c **** /*******************************************************************************
 273:Generated_Source\PSoC4/BTN_ISR.c **** * Function Name: BTN_ISR_GetPriority
 274:Generated_Source\PSoC4/BTN_ISR.c **** ********************************************************************************
 275:Generated_Source\PSoC4/BTN_ISR.c **** *
 276:Generated_Source\PSoC4/BTN_ISR.c **** * Summary:
 277:Generated_Source\PSoC4/BTN_ISR.c **** *   Gets the Priority of the Interrupt.
 278:Generated_Source\PSoC4/BTN_ISR.c **** *
 279:Generated_Source\PSoC4/BTN_ISR.c **** * Parameters:
 280:Generated_Source\PSoC4/BTN_ISR.c **** *   None
 281:Generated_Source\PSoC4/BTN_ISR.c **** *
ARM GAS  C:\Users\LEOTEJ~1\AppData\Local\Temp\ccjaJImE.s 			page 9


 282:Generated_Source\PSoC4/BTN_ISR.c **** * Return:
 283:Generated_Source\PSoC4/BTN_ISR.c **** *   Priority of the interrupt, 0 being the highest priority
 284:Generated_Source\PSoC4/BTN_ISR.c **** *    PSoC 3 and PSoC 5LP: Priority is from 0 to 7.
 285:Generated_Source\PSoC4/BTN_ISR.c **** *    PSoC 4: Priority is from 0 to 3.
 286:Generated_Source\PSoC4/BTN_ISR.c **** *
 287:Generated_Source\PSoC4/BTN_ISR.c **** *******************************************************************************/
 288:Generated_Source\PSoC4/BTN_ISR.c **** uint8 BTN_ISR_GetPriority(void)
 289:Generated_Source\PSoC4/BTN_ISR.c **** {
 175              		.loc 1 289 0
 176              		.cfi_startproc
 177              		@ args = 0, pretend = 0, frame = 0
 178              		@ frame_needed = 0, uses_anonymous_args = 0
 179              		@ link register save eliminated.
 180              	.LVL8:
 290:Generated_Source\PSoC4/BTN_ISR.c ****     uint32 priority;
 291:Generated_Source\PSoC4/BTN_ISR.c **** 	uint32 priorityOffset = ((BTN_ISR__INTC_NUMBER % 4u) * 8u) + 6u;
 292:Generated_Source\PSoC4/BTN_ISR.c **** 
 293:Generated_Source\PSoC4/BTN_ISR.c ****     priority = (*BTN_ISR_INTC_PRIOR & BTN_ISR__INTC_PRIOR_MASK) >> priorityOffset;
 181              		.loc 1 293 0
 182 0000 024B     		ldr	r3, .L16
 183 0002 1868     		ldr	r0, [r3]
 184 0004 8009     		lsrs	r0, r0, #6
 185              	.LVL9:
 294:Generated_Source\PSoC4/BTN_ISR.c **** 
 295:Generated_Source\PSoC4/BTN_ISR.c ****     return (uint8)priority;
 186              		.loc 1 295 0
 187 0006 0323     		movs	r3, #3
 188 0008 1840     		ands	r0, r3
 189              	.LVL10:
 296:Generated_Source\PSoC4/BTN_ISR.c **** }
 190              		.loc 1 296 0
 191              		@ sp needed
 192 000a 7047     		bx	lr
 193              	.L17:
 194              		.align	2
 195              	.L16:
 196 000c 00E400E0 		.word	-536812544
 197              		.cfi_endproc
 198              	.LFE8:
 199              		.size	BTN_ISR_GetPriority, .-BTN_ISR_GetPriority
 200              		.section	.text.BTN_ISR_Enable,"ax",%progbits
 201              		.align	2
 202              		.global	BTN_ISR_Enable
 203              		.code	16
 204              		.thumb_func
 205              		.type	BTN_ISR_Enable, %function
 206              	BTN_ISR_Enable:
 207              	.LFB9:
 297:Generated_Source\PSoC4/BTN_ISR.c **** 
 298:Generated_Source\PSoC4/BTN_ISR.c **** 
 299:Generated_Source\PSoC4/BTN_ISR.c **** /*******************************************************************************
 300:Generated_Source\PSoC4/BTN_ISR.c **** * Function Name: BTN_ISR_Enable
 301:Generated_Source\PSoC4/BTN_ISR.c **** ********************************************************************************
 302:Generated_Source\PSoC4/BTN_ISR.c **** *
 303:Generated_Source\PSoC4/BTN_ISR.c **** * Summary:
 304:Generated_Source\PSoC4/BTN_ISR.c **** *   Enables the interrupt to the interrupt controller. Do not call this function
 305:Generated_Source\PSoC4/BTN_ISR.c **** *   unless ISR_Start() has been called or the functionality of the ISR_Start() 
ARM GAS  C:\Users\LEOTEJ~1\AppData\Local\Temp\ccjaJImE.s 			page 10


 306:Generated_Source\PSoC4/BTN_ISR.c **** *   function, which sets the vector and the priority, has been called.
 307:Generated_Source\PSoC4/BTN_ISR.c **** *
 308:Generated_Source\PSoC4/BTN_ISR.c **** * Parameters:
 309:Generated_Source\PSoC4/BTN_ISR.c **** *   None
 310:Generated_Source\PSoC4/BTN_ISR.c **** *
 311:Generated_Source\PSoC4/BTN_ISR.c **** * Return:
 312:Generated_Source\PSoC4/BTN_ISR.c **** *   None
 313:Generated_Source\PSoC4/BTN_ISR.c **** *
 314:Generated_Source\PSoC4/BTN_ISR.c **** *******************************************************************************/
 315:Generated_Source\PSoC4/BTN_ISR.c **** void BTN_ISR_Enable(void)
 316:Generated_Source\PSoC4/BTN_ISR.c **** {
 208              		.loc 1 316 0
 209              		.cfi_startproc
 210              		@ args = 0, pretend = 0, frame = 0
 211              		@ frame_needed = 0, uses_anonymous_args = 0
 212              		@ link register save eliminated.
 317:Generated_Source\PSoC4/BTN_ISR.c ****     /* Enable the general interrupt. */
 318:Generated_Source\PSoC4/BTN_ISR.c ****     *BTN_ISR_INTC_SET_EN = BTN_ISR__INTC_MASK;
 213              		.loc 1 318 0
 214 0000 0122     		movs	r2, #1
 215 0002 014B     		ldr	r3, .L19
 216 0004 1A60     		str	r2, [r3]
 319:Generated_Source\PSoC4/BTN_ISR.c **** }
 217              		.loc 1 319 0
 218              		@ sp needed
 219 0006 7047     		bx	lr
 220              	.L20:
 221              		.align	2
 222              	.L19:
 223 0008 00E100E0 		.word	-536813312
 224              		.cfi_endproc
 225              	.LFE9:
 226              		.size	BTN_ISR_Enable, .-BTN_ISR_Enable
 227              		.section	.text.BTN_ISR_GetState,"ax",%progbits
 228              		.align	2
 229              		.global	BTN_ISR_GetState
 230              		.code	16
 231              		.thumb_func
 232              		.type	BTN_ISR_GetState, %function
 233              	BTN_ISR_GetState:
 234              	.LFB10:
 320:Generated_Source\PSoC4/BTN_ISR.c **** 
 321:Generated_Source\PSoC4/BTN_ISR.c **** 
 322:Generated_Source\PSoC4/BTN_ISR.c **** /*******************************************************************************
 323:Generated_Source\PSoC4/BTN_ISR.c **** * Function Name: BTN_ISR_GetState
 324:Generated_Source\PSoC4/BTN_ISR.c **** ********************************************************************************
 325:Generated_Source\PSoC4/BTN_ISR.c **** *
 326:Generated_Source\PSoC4/BTN_ISR.c **** * Summary:
 327:Generated_Source\PSoC4/BTN_ISR.c **** *   Gets the state (enabled, disabled) of the Interrupt.
 328:Generated_Source\PSoC4/BTN_ISR.c **** *
 329:Generated_Source\PSoC4/BTN_ISR.c **** * Parameters:
 330:Generated_Source\PSoC4/BTN_ISR.c **** *   None
 331:Generated_Source\PSoC4/BTN_ISR.c **** *
 332:Generated_Source\PSoC4/BTN_ISR.c **** * Return:
 333:Generated_Source\PSoC4/BTN_ISR.c **** *   1 if enabled, 0 if disabled.
 334:Generated_Source\PSoC4/BTN_ISR.c **** *
 335:Generated_Source\PSoC4/BTN_ISR.c **** *******************************************************************************/
ARM GAS  C:\Users\LEOTEJ~1\AppData\Local\Temp\ccjaJImE.s 			page 11


 336:Generated_Source\PSoC4/BTN_ISR.c **** uint8 BTN_ISR_GetState(void)
 337:Generated_Source\PSoC4/BTN_ISR.c **** {
 235              		.loc 1 337 0
 236              		.cfi_startproc
 237              		@ args = 0, pretend = 0, frame = 0
 238              		@ frame_needed = 0, uses_anonymous_args = 0
 239              		@ link register save eliminated.
 338:Generated_Source\PSoC4/BTN_ISR.c ****     /* Get the state of the general interrupt. */
 339:Generated_Source\PSoC4/BTN_ISR.c ****     return ((*BTN_ISR_INTC_SET_EN & (uint32)BTN_ISR__INTC_MASK) != 0u) ? 1u:0u;
 240              		.loc 1 339 0
 241 0000 024B     		ldr	r3, .L22
 242 0002 1B68     		ldr	r3, [r3]
 243 0004 0120     		movs	r0, #1
 244 0006 1840     		ands	r0, r3
 340:Generated_Source\PSoC4/BTN_ISR.c **** }
 245              		.loc 1 340 0
 246              		@ sp needed
 247 0008 7047     		bx	lr
 248              	.L23:
 249 000a C046     		.align	2
 250              	.L22:
 251 000c 00E100E0 		.word	-536813312
 252              		.cfi_endproc
 253              	.LFE10:
 254              		.size	BTN_ISR_GetState, .-BTN_ISR_GetState
 255              		.section	.text.BTN_ISR_Disable,"ax",%progbits
 256              		.align	2
 257              		.global	BTN_ISR_Disable
 258              		.code	16
 259              		.thumb_func
 260              		.type	BTN_ISR_Disable, %function
 261              	BTN_ISR_Disable:
 262              	.LFB11:
 341:Generated_Source\PSoC4/BTN_ISR.c **** 
 342:Generated_Source\PSoC4/BTN_ISR.c **** 
 343:Generated_Source\PSoC4/BTN_ISR.c **** /*******************************************************************************
 344:Generated_Source\PSoC4/BTN_ISR.c **** * Function Name: BTN_ISR_Disable
 345:Generated_Source\PSoC4/BTN_ISR.c **** ********************************************************************************
 346:Generated_Source\PSoC4/BTN_ISR.c **** *
 347:Generated_Source\PSoC4/BTN_ISR.c **** * Summary:
 348:Generated_Source\PSoC4/BTN_ISR.c **** *   Disables the Interrupt in the interrupt controller.
 349:Generated_Source\PSoC4/BTN_ISR.c **** *
 350:Generated_Source\PSoC4/BTN_ISR.c **** * Parameters:
 351:Generated_Source\PSoC4/BTN_ISR.c **** *   None
 352:Generated_Source\PSoC4/BTN_ISR.c **** *
 353:Generated_Source\PSoC4/BTN_ISR.c **** * Return:
 354:Generated_Source\PSoC4/BTN_ISR.c **** *   None
 355:Generated_Source\PSoC4/BTN_ISR.c **** *
 356:Generated_Source\PSoC4/BTN_ISR.c **** *******************************************************************************/
 357:Generated_Source\PSoC4/BTN_ISR.c **** void BTN_ISR_Disable(void)
 358:Generated_Source\PSoC4/BTN_ISR.c **** {
 263              		.loc 1 358 0
 264              		.cfi_startproc
 265              		@ args = 0, pretend = 0, frame = 0
 266              		@ frame_needed = 0, uses_anonymous_args = 0
 267              		@ link register save eliminated.
 359:Generated_Source\PSoC4/BTN_ISR.c ****     /* Disable the general interrupt. */
ARM GAS  C:\Users\LEOTEJ~1\AppData\Local\Temp\ccjaJImE.s 			page 12


 360:Generated_Source\PSoC4/BTN_ISR.c ****     *BTN_ISR_INTC_CLR_EN = BTN_ISR__INTC_MASK;
 268              		.loc 1 360 0
 269 0000 0122     		movs	r2, #1
 270 0002 014B     		ldr	r3, .L25
 271 0004 1A60     		str	r2, [r3]
 361:Generated_Source\PSoC4/BTN_ISR.c **** }
 272              		.loc 1 361 0
 273              		@ sp needed
 274 0006 7047     		bx	lr
 275              	.L26:
 276              		.align	2
 277              	.L25:
 278 0008 80E100E0 		.word	-536813184
 279              		.cfi_endproc
 280              	.LFE11:
 281              		.size	BTN_ISR_Disable, .-BTN_ISR_Disable
 282              		.section	.text.BTN_ISR_Start,"ax",%progbits
 283              		.align	2
 284              		.global	BTN_ISR_Start
 285              		.code	16
 286              		.thumb_func
 287              		.type	BTN_ISR_Start, %function
 288              	BTN_ISR_Start:
 289              	.LFB1:
  58:Generated_Source\PSoC4/BTN_ISR.c ****     /* For all we know the interrupt is active. */
 290              		.loc 1 58 0
 291              		.cfi_startproc
 292              		@ args = 0, pretend = 0, frame = 0
 293              		@ frame_needed = 0, uses_anonymous_args = 0
 294 0000 10B5     		push	{r4, lr}
 295              		.cfi_def_cfa_offset 8
 296              		.cfi_offset 4, -8
 297              		.cfi_offset 14, -4
  60:Generated_Source\PSoC4/BTN_ISR.c **** 
 298              		.loc 1 60 0
 299 0002 FFF7FEFF 		bl	BTN_ISR_Disable
 300              	.LVL11:
  63:Generated_Source\PSoC4/BTN_ISR.c **** 
 301              		.loc 1 63 0
 302 0006 0448     		ldr	r0, .L28
 303 0008 FFF7FEFF 		bl	BTN_ISR_SetVector
 304              	.LVL12:
  66:Generated_Source\PSoC4/BTN_ISR.c **** 
 305              		.loc 1 66 0
 306 000c 0320     		movs	r0, #3
 307 000e FFF7FEFF 		bl	BTN_ISR_SetPriority
 308              	.LVL13:
  69:Generated_Source\PSoC4/BTN_ISR.c **** }
 309              		.loc 1 69 0
 310 0012 FFF7FEFF 		bl	BTN_ISR_Enable
 311              	.LVL14:
  70:Generated_Source\PSoC4/BTN_ISR.c **** 
 312              		.loc 1 70 0
 313              		@ sp needed
 314 0016 10BD     		pop	{r4, pc}
 315              	.L29:
 316              		.align	2
ARM GAS  C:\Users\LEOTEJ~1\AppData\Local\Temp\ccjaJImE.s 			page 13


 317              	.L28:
 318 0018 00000000 		.word	BTN_ISR_Interrupt
 319              		.cfi_endproc
 320              	.LFE1:
 321              		.size	BTN_ISR_Start, .-BTN_ISR_Start
 322              		.section	.text.BTN_ISR_StartEx,"ax",%progbits
 323              		.align	2
 324              		.global	BTN_ISR_StartEx
 325              		.code	16
 326              		.thumb_func
 327              		.type	BTN_ISR_StartEx, %function
 328              	BTN_ISR_StartEx:
 329              	.LFB2:
 101:Generated_Source\PSoC4/BTN_ISR.c ****     /* For all we know the interrupt is active. */
 330              		.loc 1 101 0
 331              		.cfi_startproc
 332              		@ args = 0, pretend = 0, frame = 0
 333              		@ frame_needed = 0, uses_anonymous_args = 0
 334              	.LVL15:
 335 0000 10B5     		push	{r4, lr}
 336              		.cfi_def_cfa_offset 8
 337              		.cfi_offset 4, -8
 338              		.cfi_offset 14, -4
 339 0002 0400     		movs	r4, r0
 103:Generated_Source\PSoC4/BTN_ISR.c **** 
 340              		.loc 1 103 0
 341 0004 FFF7FEFF 		bl	BTN_ISR_Disable
 342              	.LVL16:
 106:Generated_Source\PSoC4/BTN_ISR.c **** 
 343              		.loc 1 106 0
 344 0008 2000     		movs	r0, r4
 345 000a FFF7FEFF 		bl	BTN_ISR_SetVector
 346              	.LVL17:
 109:Generated_Source\PSoC4/BTN_ISR.c **** 
 347              		.loc 1 109 0
 348 000e 0320     		movs	r0, #3
 349 0010 FFF7FEFF 		bl	BTN_ISR_SetPriority
 350              	.LVL18:
 112:Generated_Source\PSoC4/BTN_ISR.c **** }
 351              		.loc 1 112 0
 352 0014 FFF7FEFF 		bl	BTN_ISR_Enable
 353              	.LVL19:
 113:Generated_Source\PSoC4/BTN_ISR.c **** 
 354              		.loc 1 113 0
 355              		@ sp needed
 356              	.LVL20:
 357 0018 10BD     		pop	{r4, pc}
 358              		.cfi_endproc
 359              	.LFE2:
 360              		.size	BTN_ISR_StartEx, .-BTN_ISR_StartEx
 361 001a C046     		.section	.text.BTN_ISR_Stop,"ax",%progbits
 362              		.align	2
 363              		.global	BTN_ISR_Stop
 364              		.code	16
 365              		.thumb_func
 366              		.type	BTN_ISR_Stop, %function
 367              	BTN_ISR_Stop:
ARM GAS  C:\Users\LEOTEJ~1\AppData\Local\Temp\ccjaJImE.s 			page 14


 368              	.LFB3:
 131:Generated_Source\PSoC4/BTN_ISR.c ****     /* Disable this interrupt. */
 369              		.loc 1 131 0
 370              		.cfi_startproc
 371              		@ args = 0, pretend = 0, frame = 0
 372              		@ frame_needed = 0, uses_anonymous_args = 0
 373 0000 10B5     		push	{r4, lr}
 374              		.cfi_def_cfa_offset 8
 375              		.cfi_offset 4, -8
 376              		.cfi_offset 14, -4
 133:Generated_Source\PSoC4/BTN_ISR.c **** 
 377              		.loc 1 133 0
 378 0002 FFF7FEFF 		bl	BTN_ISR_Disable
 379              	.LVL21:
 136:Generated_Source\PSoC4/BTN_ISR.c **** }
 380              		.loc 1 136 0
 381 0006 0248     		ldr	r0, .L32
 382 0008 FFF7FEFF 		bl	BTN_ISR_SetVector
 383              	.LVL22:
 137:Generated_Source\PSoC4/BTN_ISR.c **** 
 384              		.loc 1 137 0
 385              		@ sp needed
 386 000c 10BD     		pop	{r4, pc}
 387              	.L33:
 388 000e C046     		.align	2
 389              	.L32:
 390 0010 00000000 		.word	IntDefaultHandler
 391              		.cfi_endproc
 392              	.LFE3:
 393              		.size	BTN_ISR_Stop, .-BTN_ISR_Stop
 394              		.section	.text.BTN_ISR_SetPending,"ax",%progbits
 395              		.align	2
 396              		.global	BTN_ISR_SetPending
 397              		.code	16
 398              		.thumb_func
 399              		.type	BTN_ISR_SetPending, %function
 400              	BTN_ISR_SetPending:
 401              	.LFB12:
 362:Generated_Source\PSoC4/BTN_ISR.c **** 
 363:Generated_Source\PSoC4/BTN_ISR.c **** 
 364:Generated_Source\PSoC4/BTN_ISR.c **** /*******************************************************************************
 365:Generated_Source\PSoC4/BTN_ISR.c **** * Function Name: BTN_ISR_SetPending
 366:Generated_Source\PSoC4/BTN_ISR.c **** ********************************************************************************
 367:Generated_Source\PSoC4/BTN_ISR.c **** *
 368:Generated_Source\PSoC4/BTN_ISR.c **** * Summary:
 369:Generated_Source\PSoC4/BTN_ISR.c **** *   Causes the Interrupt to enter the pending state, a software method of
 370:Generated_Source\PSoC4/BTN_ISR.c **** *   generating the interrupt.
 371:Generated_Source\PSoC4/BTN_ISR.c **** *
 372:Generated_Source\PSoC4/BTN_ISR.c **** * Parameters:
 373:Generated_Source\PSoC4/BTN_ISR.c **** *   None
 374:Generated_Source\PSoC4/BTN_ISR.c **** *
 375:Generated_Source\PSoC4/BTN_ISR.c **** * Return:
 376:Generated_Source\PSoC4/BTN_ISR.c **** *   None
 377:Generated_Source\PSoC4/BTN_ISR.c **** *
 378:Generated_Source\PSoC4/BTN_ISR.c **** * Side Effects:
 379:Generated_Source\PSoC4/BTN_ISR.c **** *   If interrupts are enabled and the interrupt is set up properly, the ISR is
 380:Generated_Source\PSoC4/BTN_ISR.c **** *   entered (depending on the priority of this interrupt and other pending 
ARM GAS  C:\Users\LEOTEJ~1\AppData\Local\Temp\ccjaJImE.s 			page 15


 381:Generated_Source\PSoC4/BTN_ISR.c **** *   interrupts).
 382:Generated_Source\PSoC4/BTN_ISR.c **** *
 383:Generated_Source\PSoC4/BTN_ISR.c **** *******************************************************************************/
 384:Generated_Source\PSoC4/BTN_ISR.c **** void BTN_ISR_SetPending(void)
 385:Generated_Source\PSoC4/BTN_ISR.c **** {
 402              		.loc 1 385 0
 403              		.cfi_startproc
 404              		@ args = 0, pretend = 0, frame = 0
 405              		@ frame_needed = 0, uses_anonymous_args = 0
 406              		@ link register save eliminated.
 386:Generated_Source\PSoC4/BTN_ISR.c ****     *BTN_ISR_INTC_SET_PD = BTN_ISR__INTC_MASK;
 407              		.loc 1 386 0
 408 0000 0122     		movs	r2, #1
 409 0002 014B     		ldr	r3, .L35
 410 0004 1A60     		str	r2, [r3]
 387:Generated_Source\PSoC4/BTN_ISR.c **** }
 411              		.loc 1 387 0
 412              		@ sp needed
 413 0006 7047     		bx	lr
 414              	.L36:
 415              		.align	2
 416              	.L35:
 417 0008 00E200E0 		.word	-536813056
 418              		.cfi_endproc
 419              	.LFE12:
 420              		.size	BTN_ISR_SetPending, .-BTN_ISR_SetPending
 421              		.section	.text.BTN_ISR_ClearPending,"ax",%progbits
 422              		.align	2
 423              		.global	BTN_ISR_ClearPending
 424              		.code	16
 425              		.thumb_func
 426              		.type	BTN_ISR_ClearPending, %function
 427              	BTN_ISR_ClearPending:
 428              	.LFB13:
 388:Generated_Source\PSoC4/BTN_ISR.c **** 
 389:Generated_Source\PSoC4/BTN_ISR.c **** 
 390:Generated_Source\PSoC4/BTN_ISR.c **** /*******************************************************************************
 391:Generated_Source\PSoC4/BTN_ISR.c **** * Function Name: BTN_ISR_ClearPending
 392:Generated_Source\PSoC4/BTN_ISR.c **** ********************************************************************************
 393:Generated_Source\PSoC4/BTN_ISR.c **** *
 394:Generated_Source\PSoC4/BTN_ISR.c **** * Summary:
 395:Generated_Source\PSoC4/BTN_ISR.c **** *   Clears a pending interrupt in the interrupt controller.
 396:Generated_Source\PSoC4/BTN_ISR.c **** *
 397:Generated_Source\PSoC4/BTN_ISR.c **** *   Note Some interrupt sources are clear-on-read and require the block 
 398:Generated_Source\PSoC4/BTN_ISR.c **** *   interrupt/status register to be read/cleared with the appropriate block API 
 399:Generated_Source\PSoC4/BTN_ISR.c **** *   (GPIO, UART, and so on). Otherwise the ISR will continue to remain in 
 400:Generated_Source\PSoC4/BTN_ISR.c **** *   pending state even though the interrupt itself is cleared using this API.
 401:Generated_Source\PSoC4/BTN_ISR.c **** *
 402:Generated_Source\PSoC4/BTN_ISR.c **** * Parameters:
 403:Generated_Source\PSoC4/BTN_ISR.c **** *   None
 404:Generated_Source\PSoC4/BTN_ISR.c **** *
 405:Generated_Source\PSoC4/BTN_ISR.c **** * Return:
 406:Generated_Source\PSoC4/BTN_ISR.c **** *   None
 407:Generated_Source\PSoC4/BTN_ISR.c **** *
 408:Generated_Source\PSoC4/BTN_ISR.c **** *******************************************************************************/
 409:Generated_Source\PSoC4/BTN_ISR.c **** void BTN_ISR_ClearPending(void)
 410:Generated_Source\PSoC4/BTN_ISR.c **** {
ARM GAS  C:\Users\LEOTEJ~1\AppData\Local\Temp\ccjaJImE.s 			page 16


 429              		.loc 1 410 0
 430              		.cfi_startproc
 431              		@ args = 0, pretend = 0, frame = 0
 432              		@ frame_needed = 0, uses_anonymous_args = 0
 433              		@ link register save eliminated.
 411:Generated_Source\PSoC4/BTN_ISR.c ****     *BTN_ISR_INTC_CLR_PD = BTN_ISR__INTC_MASK;
 434              		.loc 1 411 0
 435 0000 0122     		movs	r2, #1
 436 0002 014B     		ldr	r3, .L38
 437 0004 1A60     		str	r2, [r3]
 412:Generated_Source\PSoC4/BTN_ISR.c **** }
 438              		.loc 1 412 0
 439              		@ sp needed
 440 0006 7047     		bx	lr
 441              	.L39:
 442              		.align	2
 443              	.L38:
 444 0008 80E200E0 		.word	-536812928
 445              		.cfi_endproc
 446              	.LFE13:
 447              		.size	BTN_ISR_ClearPending, .-BTN_ISR_ClearPending
 448              		.text
 449              	.Letext0:
 450              		.file 2 "Generated_Source\\PSoC4/cytypes.h"
 451              		.file 3 "Generated_Source\\PSoC4/CyLib.h"
 452              		.file 4 "Generated_Source\\PSoC4\\BTN.h"
 453              		.section	.debug_info,"",%progbits
 454              	.Ldebug_info0:
 455 0000 60030000 		.4byte	0x360
 456 0004 0400     		.2byte	0x4
 457 0006 00000000 		.4byte	.Ldebug_abbrev0
 458 000a 04       		.byte	0x4
 459 000b 01       		.uleb128 0x1
 460 000c 34020000 		.4byte	.LASF41
 461 0010 0C       		.byte	0xc
 462 0011 16000000 		.4byte	.LASF42
 463 0015 1D010000 		.4byte	.LASF43
 464 0019 00000000 		.4byte	.Ldebug_ranges0+0
 465 001d 00000000 		.4byte	0
 466 0021 00000000 		.4byte	.Ldebug_line0
 467 0025 02       		.uleb128 0x2
 468 0026 01       		.byte	0x1
 469 0027 06       		.byte	0x6
 470 0028 40030000 		.4byte	.LASF0
 471 002c 02       		.uleb128 0x2
 472 002d 01       		.byte	0x1
 473 002e 08       		.byte	0x8
 474 002f D2000000 		.4byte	.LASF1
 475 0033 02       		.uleb128 0x2
 476 0034 02       		.byte	0x2
 477 0035 05       		.byte	0x5
 478 0036 F5020000 		.4byte	.LASF2
 479 003a 02       		.uleb128 0x2
 480 003b 02       		.byte	0x2
 481 003c 07       		.byte	0x7
 482 003d 4D000000 		.4byte	.LASF3
 483 0041 02       		.uleb128 0x2
ARM GAS  C:\Users\LEOTEJ~1\AppData\Local\Temp\ccjaJImE.s 			page 17


 484 0042 04       		.byte	0x4
 485 0043 05       		.byte	0x5
 486 0044 44000000 		.4byte	.LASF4
 487 0048 02       		.uleb128 0x2
 488 0049 04       		.byte	0x4
 489 004a 07       		.byte	0x7
 490 004b EF000000 		.4byte	.LASF5
 491 004f 02       		.uleb128 0x2
 492 0050 08       		.byte	0x8
 493 0051 05       		.byte	0x5
 494 0052 D4020000 		.4byte	.LASF6
 495 0056 02       		.uleb128 0x2
 496 0057 08       		.byte	0x8
 497 0058 07       		.byte	0x7
 498 0059 BB000000 		.4byte	.LASF7
 499 005d 03       		.uleb128 0x3
 500 005e 04       		.byte	0x4
 501 005f 05       		.byte	0x5
 502 0060 696E7400 		.ascii	"int\000"
 503 0064 02       		.uleb128 0x2
 504 0065 04       		.byte	0x4
 505 0066 07       		.byte	0x7
 506 0067 C4010000 		.4byte	.LASF8
 507 006b 04       		.uleb128 0x4
 508 006c 01010000 		.4byte	.LASF9
 509 0070 02       		.byte	0x2
 510 0071 FC01     		.2byte	0x1fc
 511 0073 2C000000 		.4byte	0x2c
 512 0077 04       		.uleb128 0x4
 513 0078 A6010000 		.4byte	.LASF10
 514 007c 02       		.byte	0x2
 515 007d FE01     		.2byte	0x1fe
 516 007f 48000000 		.4byte	0x48
 517 0083 02       		.uleb128 0x2
 518 0084 04       		.byte	0x4
 519 0085 04       		.byte	0x4
 520 0086 B5000000 		.4byte	.LASF11
 521 008a 02       		.uleb128 0x2
 522 008b 08       		.byte	0x8
 523 008c 04       		.byte	0x4
 524 008d 7E010000 		.4byte	.LASF12
 525 0091 02       		.uleb128 0x2
 526 0092 01       		.byte	0x1
 527 0093 08       		.byte	0x8
 528 0094 F0020000 		.4byte	.LASF13
 529 0098 04       		.uleb128 0x4
 530 0099 10000000 		.4byte	.LASF14
 531 009d 02       		.byte	0x2
 532 009e A802     		.2byte	0x2a8
 533 00a0 A4000000 		.4byte	0xa4
 534 00a4 05       		.uleb128 0x5
 535 00a5 77000000 		.4byte	0x77
 536 00a9 04       		.uleb128 0x4
 537 00aa 27020000 		.4byte	.LASF15
 538 00ae 02       		.byte	0x2
 539 00af B802     		.2byte	0x2b8
 540 00b1 B5000000 		.4byte	0xb5
ARM GAS  C:\Users\LEOTEJ~1\AppData\Local\Temp\ccjaJImE.s 			page 18


 541 00b5 06       		.uleb128 0x6
 542 00b6 04       		.byte	0x4
 543 00b7 BB000000 		.4byte	0xbb
 544 00bb 07       		.uleb128 0x7
 545 00bc 02       		.uleb128 0x2
 546 00bd 08       		.byte	0x8
 547 00be 04       		.byte	0x4
 548 00bf 34030000 		.4byte	.LASF16
 549 00c3 02       		.uleb128 0x2
 550 00c4 04       		.byte	0x4
 551 00c5 07       		.byte	0x7
 552 00c6 C2020000 		.4byte	.LASF17
 553 00ca 08       		.uleb128 0x8
 554 00cb EF010000 		.4byte	.LASF18
 555 00cf 01       		.byte	0x1
 556 00d0 A0       		.byte	0xa0
 557 00d1 00000000 		.4byte	.LFB4
 558 00d5 28000000 		.4byte	.LFE4-.LFB4
 559 00d9 01       		.uleb128 0x1
 560 00da 9C       		.byte	0x9c
 561 00db 05010000 		.4byte	0x105
 562 00df 09       		.uleb128 0x9
 563 00e0 08000000 		.4byte	.LVL0
 564 00e4 2C030000 		.4byte	0x32c
 565 00e8 F2000000 		.4byte	0xf2
 566 00ec 0A       		.uleb128 0xa
 567 00ed 01       		.uleb128 0x1
 568 00ee 50       		.byte	0x50
 569 00ef 01       		.uleb128 0x1
 570 00f0 44       		.byte	0x44
 571 00f1 00       		.byte	0
 572 00f2 0B       		.uleb128 0xb
 573 00f3 0C000000 		.4byte	.LVL1
 574 00f7 37030000 		.4byte	0x337
 575 00fb 0B       		.uleb128 0xb
 576 00fc 10000000 		.4byte	.LVL2
 577 0100 42030000 		.4byte	0x342
 578 0104 00       		.byte	0
 579 0105 08       		.uleb128 0x8
 580 0106 94010000 		.4byte	.LASF19
 581 010a 01       		.byte	0x1
 582 010b D2       		.byte	0xd2
 583 010c 00000000 		.4byte	.LFB5
 584 0110 0C000000 		.4byte	.LFE5-.LFB5
 585 0114 01       		.uleb128 0x1
 586 0115 9C       		.byte	0x9c
 587 0116 28010000 		.4byte	0x128
 588 011a 0C       		.uleb128 0xc
 589 011b D1010000 		.4byte	.LASF21
 590 011f 01       		.byte	0x1
 591 0120 D2       		.byte	0xd2
 592 0121 A9000000 		.4byte	0xa9
 593 0125 01       		.uleb128 0x1
 594 0126 50       		.byte	0x50
 595 0127 00       		.byte	0
 596 0128 0D       		.uleb128 0xd
 597 0129 0E030000 		.4byte	.LASF25
ARM GAS  C:\Users\LEOTEJ~1\AppData\Local\Temp\ccjaJImE.s 			page 19


 598 012d 01       		.byte	0x1
 599 012e E6       		.byte	0xe6
 600 012f A9000000 		.4byte	0xa9
 601 0133 00000000 		.4byte	.LFB6
 602 0137 0C000000 		.4byte	.LFE6-.LFB6
 603 013b 01       		.uleb128 0x1
 604 013c 9C       		.byte	0x9c
 605 013d 0E       		.uleb128 0xe
 606 013e 70000000 		.4byte	.LASF20
 607 0142 01       		.byte	0x1
 608 0143 0401     		.2byte	0x104
 609 0145 00000000 		.4byte	.LFB7
 610 0149 20000000 		.4byte	.LFE7-.LFB7
 611 014d 01       		.uleb128 0x1
 612 014e 9C       		.byte	0x9c
 613 014f 93010000 		.4byte	0x193
 614 0153 0F       		.uleb128 0xf
 615 0154 14010000 		.4byte	.LASF22
 616 0158 01       		.byte	0x1
 617 0159 0401     		.2byte	0x104
 618 015b 6B000000 		.4byte	0x6b
 619 015f 00000000 		.4byte	.LLST0
 620 0163 10       		.uleb128 0x10
 621 0164 E0000000 		.4byte	.LASF23
 622 0168 01       		.byte	0x1
 623 0169 0601     		.2byte	0x106
 624 016b 6B000000 		.4byte	0x6b
 625 016f 21000000 		.4byte	.LLST1
 626 0173 11       		.uleb128 0x11
 627 0174 FF020000 		.4byte	.LASF24
 628 0178 01       		.byte	0x1
 629 0179 0701     		.2byte	0x107
 630 017b 77000000 		.4byte	0x77
 631 017f 06       		.byte	0x6
 632 0180 0B       		.uleb128 0xb
 633 0181 08000000 		.4byte	.LVL6
 634 0185 4D030000 		.4byte	0x34d
 635 0189 0B       		.uleb128 0xb
 636 018a 1A000000 		.4byte	.LVL7
 637 018e 58030000 		.4byte	0x358
 638 0192 00       		.byte	0
 639 0193 12       		.uleb128 0x12
 640 0194 20030000 		.4byte	.LASF44
 641 0198 01       		.byte	0x1
 642 0199 2001     		.2byte	0x120
 643 019b 6B000000 		.4byte	0x6b
 644 019f 00000000 		.4byte	.LFB8
 645 01a3 10000000 		.4byte	.LFE8-.LFB8
 646 01a7 01       		.uleb128 0x1
 647 01a8 9C       		.byte	0x9c
 648 01a9 CB010000 		.4byte	0x1cb
 649 01ad 10       		.uleb128 0x10
 650 01ae 14010000 		.4byte	.LASF22
 651 01b2 01       		.byte	0x1
 652 01b3 2201     		.2byte	0x122
 653 01b5 77000000 		.4byte	0x77
 654 01b9 34000000 		.4byte	.LLST2
ARM GAS  C:\Users\LEOTEJ~1\AppData\Local\Temp\ccjaJImE.s 			page 20


 655 01bd 11       		.uleb128 0x11
 656 01be FF020000 		.4byte	.LASF24
 657 01c2 01       		.byte	0x1
 658 01c3 2301     		.2byte	0x123
 659 01c5 77000000 		.4byte	0x77
 660 01c9 06       		.byte	0x6
 661 01ca 00       		.byte	0
 662 01cb 13       		.uleb128 0x13
 663 01cc 85010000 		.4byte	.LASF27
 664 01d0 01       		.byte	0x1
 665 01d1 3B01     		.2byte	0x13b
 666 01d3 00000000 		.4byte	.LFB9
 667 01d7 0C000000 		.4byte	.LFE9-.LFB9
 668 01db 01       		.uleb128 0x1
 669 01dc 9C       		.byte	0x9c
 670 01dd 14       		.uleb128 0x14
 671 01de A4000000 		.4byte	.LASF26
 672 01e2 01       		.byte	0x1
 673 01e3 5001     		.2byte	0x150
 674 01e5 6B000000 		.4byte	0x6b
 675 01e9 00000000 		.4byte	.LFB10
 676 01ed 10000000 		.4byte	.LFE10-.LFB10
 677 01f1 01       		.uleb128 0x1
 678 01f2 9C       		.byte	0x9c
 679 01f3 13       		.uleb128 0x13
 680 01f4 60000000 		.4byte	.LASF28
 681 01f8 01       		.byte	0x1
 682 01f9 6501     		.2byte	0x165
 683 01fb 00000000 		.4byte	.LFB11
 684 01ff 0C000000 		.4byte	.LFE11-.LFB11
 685 0203 01       		.uleb128 0x1
 686 0204 9C       		.byte	0x9c
 687 0205 08       		.uleb128 0x8
 688 0206 E2020000 		.4byte	.LASF29
 689 020a 01       		.byte	0x1
 690 020b 39       		.byte	0x39
 691 020c 00000000 		.4byte	.LFB1
 692 0210 1C000000 		.4byte	.LFE1-.LFB1
 693 0214 01       		.uleb128 0x1
 694 0215 9C       		.byte	0x9c
 695 0216 57020000 		.4byte	0x257
 696 021a 0B       		.uleb128 0xb
 697 021b 06000000 		.4byte	.LVL11
 698 021f F3010000 		.4byte	0x1f3
 699 0223 09       		.uleb128 0x9
 700 0224 0C000000 		.4byte	.LVL12
 701 0228 05010000 		.4byte	0x105
 702 022c 3A020000 		.4byte	0x23a
 703 0230 0A       		.uleb128 0xa
 704 0231 01       		.uleb128 0x1
 705 0232 50       		.byte	0x50
 706 0233 05       		.uleb128 0x5
 707 0234 03       		.byte	0x3
 708 0235 00000000 		.4byte	BTN_ISR_Interrupt
 709 0239 00       		.byte	0
 710 023a 09       		.uleb128 0x9
 711 023b 12000000 		.4byte	.LVL13
ARM GAS  C:\Users\LEOTEJ~1\AppData\Local\Temp\ccjaJImE.s 			page 21


 712 023f 3D010000 		.4byte	0x13d
 713 0243 4D020000 		.4byte	0x24d
 714 0247 0A       		.uleb128 0xa
 715 0248 01       		.uleb128 0x1
 716 0249 50       		.byte	0x50
 717 024a 01       		.uleb128 0x1
 718 024b 33       		.byte	0x33
 719 024c 00       		.byte	0
 720 024d 0B       		.uleb128 0xb
 721 024e 16000000 		.4byte	.LVL14
 722 0252 CB010000 		.4byte	0x1cb
 723 0256 00       		.byte	0
 724 0257 08       		.uleb128 0x8
 725 0258 00000000 		.4byte	.LASF30
 726 025c 01       		.byte	0x1
 727 025d 64       		.byte	0x64
 728 025e 00000000 		.4byte	.LFB2
 729 0262 1A000000 		.4byte	.LFE2-.LFB2
 730 0266 01       		.uleb128 0x1
 731 0267 9C       		.byte	0x9c
 732 0268 B5020000 		.4byte	0x2b5
 733 026c 15       		.uleb128 0x15
 734 026d D1010000 		.4byte	.LASF21
 735 0271 01       		.byte	0x1
 736 0272 64       		.byte	0x64
 737 0273 A9000000 		.4byte	0xa9
 738 0277 56000000 		.4byte	.LLST3
 739 027b 0B       		.uleb128 0xb
 740 027c 08000000 		.4byte	.LVL16
 741 0280 F3010000 		.4byte	0x1f3
 742 0284 09       		.uleb128 0x9
 743 0285 0E000000 		.4byte	.LVL17
 744 0289 05010000 		.4byte	0x105
 745 028d 98020000 		.4byte	0x298
 746 0291 0A       		.uleb128 0xa
 747 0292 01       		.uleb128 0x1
 748 0293 50       		.byte	0x50
 749 0294 02       		.uleb128 0x2
 750 0295 74       		.byte	0x74
 751 0296 00       		.sleb128 0
 752 0297 00       		.byte	0
 753 0298 09       		.uleb128 0x9
 754 0299 14000000 		.4byte	.LVL18
 755 029d 3D010000 		.4byte	0x13d
 756 02a1 AB020000 		.4byte	0x2ab
 757 02a5 0A       		.uleb128 0xa
 758 02a6 01       		.uleb128 0x1
 759 02a7 50       		.byte	0x50
 760 02a8 01       		.uleb128 0x1
 761 02a9 33       		.byte	0x33
 762 02aa 00       		.byte	0
 763 02ab 0B       		.uleb128 0xb
 764 02ac 18000000 		.4byte	.LVL19
 765 02b0 CB010000 		.4byte	0x1cb
 766 02b4 00       		.byte	0
 767 02b5 08       		.uleb128 0x8
 768 02b6 07010000 		.4byte	.LASF31
ARM GAS  C:\Users\LEOTEJ~1\AppData\Local\Temp\ccjaJImE.s 			page 22


 769 02ba 01       		.byte	0x1
 770 02bb 82       		.byte	0x82
 771 02bc 00000000 		.4byte	.LFB3
 772 02c0 14000000 		.4byte	.LFE3-.LFB3
 773 02c4 01       		.uleb128 0x1
 774 02c5 9C       		.byte	0x9c
 775 02c6 DD020000 		.4byte	0x2dd
 776 02ca 0B       		.uleb128 0xb
 777 02cb 06000000 		.4byte	.LVL21
 778 02cf F3010000 		.4byte	0x1f3
 779 02d3 0B       		.uleb128 0xb
 780 02d4 0C000000 		.4byte	.LVL22
 781 02d8 05010000 		.4byte	0x105
 782 02dc 00       		.byte	0
 783 02dd 13       		.uleb128 0x13
 784 02de 14020000 		.4byte	.LASF32
 785 02e2 01       		.byte	0x1
 786 02e3 8001     		.2byte	0x180
 787 02e5 00000000 		.4byte	.LFB12
 788 02e9 0C000000 		.4byte	.LFE12-.LFB12
 789 02ed 01       		.uleb128 0x1
 790 02ee 9C       		.byte	0x9c
 791 02ef 13       		.uleb128 0x13
 792 02f0 84000000 		.4byte	.LASF33
 793 02f4 01       		.byte	0x1
 794 02f5 9901     		.2byte	0x199
 795 02f7 00000000 		.4byte	.LFB13
 796 02fb 0C000000 		.4byte	.LFE13-.LFB13
 797 02ff 01       		.uleb128 0x1
 798 0300 9C       		.byte	0x9c
 799 0301 16       		.uleb128 0x16
 800 0302 99000000 		.4byte	.LASF34
 801 0306 01       		.byte	0x1
 802 0307 1F       		.byte	0x1f
 803 0308 0C030000 		.4byte	0x30c
 804 030c 05       		.uleb128 0x5
 805 030d 5D000000 		.4byte	0x5d
 806 0311 17       		.uleb128 0x17
 807 0312 A9000000 		.4byte	0xa9
 808 0316 21030000 		.4byte	0x321
 809 031a 18       		.uleb128 0x18
 810 031b C3000000 		.4byte	0xc3
 811 031f 2F       		.byte	0x2f
 812 0320 00       		.byte	0
 813 0321 16       		.uleb128 0x16
 814 0322 37000000 		.4byte	.LASF35
 815 0326 01       		.byte	0x1
 816 0327 22       		.byte	0x22
 817 0328 11030000 		.4byte	0x311
 818 032c 19       		.uleb128 0x19
 819 032d 4C030000 		.4byte	.LASF36
 820 0331 4C030000 		.4byte	.LASF36
 821 0335 03       		.byte	0x3
 822 0336 EC       		.byte	0xec
 823 0337 19       		.uleb128 0x19
 824 0338 01020000 		.4byte	.LASF37
 825 033c 01020000 		.4byte	.LASF37
ARM GAS  C:\Users\LEOTEJ~1\AppData\Local\Temp\ccjaJImE.s 			page 23


 826 0340 04       		.byte	0x4
 827 0341 39       		.byte	0x39
 828 0342 19       		.uleb128 0x19
 829 0343 CB020000 		.4byte	.LASF38
 830 0347 CB020000 		.4byte	.LASF38
 831 034b 04       		.byte	0x4
 832 034c 32       		.byte	0x32
 833 034d 19       		.uleb128 0x19
 834 034e AD010000 		.4byte	.LASF39
 835 0352 AD010000 		.4byte	.LASF39
 836 0356 03       		.byte	0x3
 837 0357 F8       		.byte	0xf8
 838 0358 19       		.uleb128 0x19
 839 0359 D9010000 		.4byte	.LASF40
 840 035d D9010000 		.4byte	.LASF40
 841 0361 03       		.byte	0x3
 842 0362 F9       		.byte	0xf9
 843 0363 00       		.byte	0
 844              		.section	.debug_abbrev,"",%progbits
 845              	.Ldebug_abbrev0:
 846 0000 01       		.uleb128 0x1
 847 0001 11       		.uleb128 0x11
 848 0002 01       		.byte	0x1
 849 0003 25       		.uleb128 0x25
 850 0004 0E       		.uleb128 0xe
 851 0005 13       		.uleb128 0x13
 852 0006 0B       		.uleb128 0xb
 853 0007 03       		.uleb128 0x3
 854 0008 0E       		.uleb128 0xe
 855 0009 1B       		.uleb128 0x1b
 856 000a 0E       		.uleb128 0xe
 857 000b 55       		.uleb128 0x55
 858 000c 17       		.uleb128 0x17
 859 000d 11       		.uleb128 0x11
 860 000e 01       		.uleb128 0x1
 861 000f 10       		.uleb128 0x10
 862 0010 17       		.uleb128 0x17
 863 0011 00       		.byte	0
 864 0012 00       		.byte	0
 865 0013 02       		.uleb128 0x2
 866 0014 24       		.uleb128 0x24
 867 0015 00       		.byte	0
 868 0016 0B       		.uleb128 0xb
 869 0017 0B       		.uleb128 0xb
 870 0018 3E       		.uleb128 0x3e
 871 0019 0B       		.uleb128 0xb
 872 001a 03       		.uleb128 0x3
 873 001b 0E       		.uleb128 0xe
 874 001c 00       		.byte	0
 875 001d 00       		.byte	0
 876 001e 03       		.uleb128 0x3
 877 001f 24       		.uleb128 0x24
 878 0020 00       		.byte	0
 879 0021 0B       		.uleb128 0xb
 880 0022 0B       		.uleb128 0xb
 881 0023 3E       		.uleb128 0x3e
 882 0024 0B       		.uleb128 0xb
ARM GAS  C:\Users\LEOTEJ~1\AppData\Local\Temp\ccjaJImE.s 			page 24


 883 0025 03       		.uleb128 0x3
 884 0026 08       		.uleb128 0x8
 885 0027 00       		.byte	0
 886 0028 00       		.byte	0
 887 0029 04       		.uleb128 0x4
 888 002a 16       		.uleb128 0x16
 889 002b 00       		.byte	0
 890 002c 03       		.uleb128 0x3
 891 002d 0E       		.uleb128 0xe
 892 002e 3A       		.uleb128 0x3a
 893 002f 0B       		.uleb128 0xb
 894 0030 3B       		.uleb128 0x3b
 895 0031 05       		.uleb128 0x5
 896 0032 49       		.uleb128 0x49
 897 0033 13       		.uleb128 0x13
 898 0034 00       		.byte	0
 899 0035 00       		.byte	0
 900 0036 05       		.uleb128 0x5
 901 0037 35       		.uleb128 0x35
 902 0038 00       		.byte	0
 903 0039 49       		.uleb128 0x49
 904 003a 13       		.uleb128 0x13
 905 003b 00       		.byte	0
 906 003c 00       		.byte	0
 907 003d 06       		.uleb128 0x6
 908 003e 0F       		.uleb128 0xf
 909 003f 00       		.byte	0
 910 0040 0B       		.uleb128 0xb
 911 0041 0B       		.uleb128 0xb
 912 0042 49       		.uleb128 0x49
 913 0043 13       		.uleb128 0x13
 914 0044 00       		.byte	0
 915 0045 00       		.byte	0
 916 0046 07       		.uleb128 0x7
 917 0047 15       		.uleb128 0x15
 918 0048 00       		.byte	0
 919 0049 27       		.uleb128 0x27
 920 004a 19       		.uleb128 0x19
 921 004b 00       		.byte	0
 922 004c 00       		.byte	0
 923 004d 08       		.uleb128 0x8
 924 004e 2E       		.uleb128 0x2e
 925 004f 01       		.byte	0x1
 926 0050 3F       		.uleb128 0x3f
 927 0051 19       		.uleb128 0x19
 928 0052 03       		.uleb128 0x3
 929 0053 0E       		.uleb128 0xe
 930 0054 3A       		.uleb128 0x3a
 931 0055 0B       		.uleb128 0xb
 932 0056 3B       		.uleb128 0x3b
 933 0057 0B       		.uleb128 0xb
 934 0058 27       		.uleb128 0x27
 935 0059 19       		.uleb128 0x19
 936 005a 11       		.uleb128 0x11
 937 005b 01       		.uleb128 0x1
 938 005c 12       		.uleb128 0x12
 939 005d 06       		.uleb128 0x6
ARM GAS  C:\Users\LEOTEJ~1\AppData\Local\Temp\ccjaJImE.s 			page 25


 940 005e 40       		.uleb128 0x40
 941 005f 18       		.uleb128 0x18
 942 0060 9742     		.uleb128 0x2117
 943 0062 19       		.uleb128 0x19
 944 0063 01       		.uleb128 0x1
 945 0064 13       		.uleb128 0x13
 946 0065 00       		.byte	0
 947 0066 00       		.byte	0
 948 0067 09       		.uleb128 0x9
 949 0068 898201   		.uleb128 0x4109
 950 006b 01       		.byte	0x1
 951 006c 11       		.uleb128 0x11
 952 006d 01       		.uleb128 0x1
 953 006e 31       		.uleb128 0x31
 954 006f 13       		.uleb128 0x13
 955 0070 01       		.uleb128 0x1
 956 0071 13       		.uleb128 0x13
 957 0072 00       		.byte	0
 958 0073 00       		.byte	0
 959 0074 0A       		.uleb128 0xa
 960 0075 8A8201   		.uleb128 0x410a
 961 0078 00       		.byte	0
 962 0079 02       		.uleb128 0x2
 963 007a 18       		.uleb128 0x18
 964 007b 9142     		.uleb128 0x2111
 965 007d 18       		.uleb128 0x18
 966 007e 00       		.byte	0
 967 007f 00       		.byte	0
 968 0080 0B       		.uleb128 0xb
 969 0081 898201   		.uleb128 0x4109
 970 0084 00       		.byte	0
 971 0085 11       		.uleb128 0x11
 972 0086 01       		.uleb128 0x1
 973 0087 31       		.uleb128 0x31
 974 0088 13       		.uleb128 0x13
 975 0089 00       		.byte	0
 976 008a 00       		.byte	0
 977 008b 0C       		.uleb128 0xc
 978 008c 05       		.uleb128 0x5
 979 008d 00       		.byte	0
 980 008e 03       		.uleb128 0x3
 981 008f 0E       		.uleb128 0xe
 982 0090 3A       		.uleb128 0x3a
 983 0091 0B       		.uleb128 0xb
 984 0092 3B       		.uleb128 0x3b
 985 0093 0B       		.uleb128 0xb
 986 0094 49       		.uleb128 0x49
 987 0095 13       		.uleb128 0x13
 988 0096 02       		.uleb128 0x2
 989 0097 18       		.uleb128 0x18
 990 0098 00       		.byte	0
 991 0099 00       		.byte	0
 992 009a 0D       		.uleb128 0xd
 993 009b 2E       		.uleb128 0x2e
 994 009c 00       		.byte	0
 995 009d 3F       		.uleb128 0x3f
 996 009e 19       		.uleb128 0x19
ARM GAS  C:\Users\LEOTEJ~1\AppData\Local\Temp\ccjaJImE.s 			page 26


 997 009f 03       		.uleb128 0x3
 998 00a0 0E       		.uleb128 0xe
 999 00a1 3A       		.uleb128 0x3a
 1000 00a2 0B       		.uleb128 0xb
 1001 00a3 3B       		.uleb128 0x3b
 1002 00a4 0B       		.uleb128 0xb
 1003 00a5 27       		.uleb128 0x27
 1004 00a6 19       		.uleb128 0x19
 1005 00a7 49       		.uleb128 0x49
 1006 00a8 13       		.uleb128 0x13
 1007 00a9 11       		.uleb128 0x11
 1008 00aa 01       		.uleb128 0x1
 1009 00ab 12       		.uleb128 0x12
 1010 00ac 06       		.uleb128 0x6
 1011 00ad 40       		.uleb128 0x40
 1012 00ae 18       		.uleb128 0x18
 1013 00af 9742     		.uleb128 0x2117
 1014 00b1 19       		.uleb128 0x19
 1015 00b2 00       		.byte	0
 1016 00b3 00       		.byte	0
 1017 00b4 0E       		.uleb128 0xe
 1018 00b5 2E       		.uleb128 0x2e
 1019 00b6 01       		.byte	0x1
 1020 00b7 3F       		.uleb128 0x3f
 1021 00b8 19       		.uleb128 0x19
 1022 00b9 03       		.uleb128 0x3
 1023 00ba 0E       		.uleb128 0xe
 1024 00bb 3A       		.uleb128 0x3a
 1025 00bc 0B       		.uleb128 0xb
 1026 00bd 3B       		.uleb128 0x3b
 1027 00be 05       		.uleb128 0x5
 1028 00bf 27       		.uleb128 0x27
 1029 00c0 19       		.uleb128 0x19
 1030 00c1 11       		.uleb128 0x11
 1031 00c2 01       		.uleb128 0x1
 1032 00c3 12       		.uleb128 0x12
 1033 00c4 06       		.uleb128 0x6
 1034 00c5 40       		.uleb128 0x40
 1035 00c6 18       		.uleb128 0x18
 1036 00c7 9742     		.uleb128 0x2117
 1037 00c9 19       		.uleb128 0x19
 1038 00ca 01       		.uleb128 0x1
 1039 00cb 13       		.uleb128 0x13
 1040 00cc 00       		.byte	0
 1041 00cd 00       		.byte	0
 1042 00ce 0F       		.uleb128 0xf
 1043 00cf 05       		.uleb128 0x5
 1044 00d0 00       		.byte	0
 1045 00d1 03       		.uleb128 0x3
 1046 00d2 0E       		.uleb128 0xe
 1047 00d3 3A       		.uleb128 0x3a
 1048 00d4 0B       		.uleb128 0xb
 1049 00d5 3B       		.uleb128 0x3b
 1050 00d6 05       		.uleb128 0x5
 1051 00d7 49       		.uleb128 0x49
 1052 00d8 13       		.uleb128 0x13
 1053 00d9 02       		.uleb128 0x2
ARM GAS  C:\Users\LEOTEJ~1\AppData\Local\Temp\ccjaJImE.s 			page 27


 1054 00da 17       		.uleb128 0x17
 1055 00db 00       		.byte	0
 1056 00dc 00       		.byte	0
 1057 00dd 10       		.uleb128 0x10
 1058 00de 34       		.uleb128 0x34
 1059 00df 00       		.byte	0
 1060 00e0 03       		.uleb128 0x3
 1061 00e1 0E       		.uleb128 0xe
 1062 00e2 3A       		.uleb128 0x3a
 1063 00e3 0B       		.uleb128 0xb
 1064 00e4 3B       		.uleb128 0x3b
 1065 00e5 05       		.uleb128 0x5
 1066 00e6 49       		.uleb128 0x49
 1067 00e7 13       		.uleb128 0x13
 1068 00e8 02       		.uleb128 0x2
 1069 00e9 17       		.uleb128 0x17
 1070 00ea 00       		.byte	0
 1071 00eb 00       		.byte	0
 1072 00ec 11       		.uleb128 0x11
 1073 00ed 34       		.uleb128 0x34
 1074 00ee 00       		.byte	0
 1075 00ef 03       		.uleb128 0x3
 1076 00f0 0E       		.uleb128 0xe
 1077 00f1 3A       		.uleb128 0x3a
 1078 00f2 0B       		.uleb128 0xb
 1079 00f3 3B       		.uleb128 0x3b
 1080 00f4 05       		.uleb128 0x5
 1081 00f5 49       		.uleb128 0x49
 1082 00f6 13       		.uleb128 0x13
 1083 00f7 1C       		.uleb128 0x1c
 1084 00f8 0B       		.uleb128 0xb
 1085 00f9 00       		.byte	0
 1086 00fa 00       		.byte	0
 1087 00fb 12       		.uleb128 0x12
 1088 00fc 2E       		.uleb128 0x2e
 1089 00fd 01       		.byte	0x1
 1090 00fe 3F       		.uleb128 0x3f
 1091 00ff 19       		.uleb128 0x19
 1092 0100 03       		.uleb128 0x3
 1093 0101 0E       		.uleb128 0xe
 1094 0102 3A       		.uleb128 0x3a
 1095 0103 0B       		.uleb128 0xb
 1096 0104 3B       		.uleb128 0x3b
 1097 0105 05       		.uleb128 0x5
 1098 0106 27       		.uleb128 0x27
 1099 0107 19       		.uleb128 0x19
 1100 0108 49       		.uleb128 0x49
 1101 0109 13       		.uleb128 0x13
 1102 010a 11       		.uleb128 0x11
 1103 010b 01       		.uleb128 0x1
 1104 010c 12       		.uleb128 0x12
 1105 010d 06       		.uleb128 0x6
 1106 010e 40       		.uleb128 0x40
 1107 010f 18       		.uleb128 0x18
 1108 0110 9742     		.uleb128 0x2117
 1109 0112 19       		.uleb128 0x19
 1110 0113 01       		.uleb128 0x1
ARM GAS  C:\Users\LEOTEJ~1\AppData\Local\Temp\ccjaJImE.s 			page 28


 1111 0114 13       		.uleb128 0x13
 1112 0115 00       		.byte	0
 1113 0116 00       		.byte	0
 1114 0117 13       		.uleb128 0x13
 1115 0118 2E       		.uleb128 0x2e
 1116 0119 00       		.byte	0
 1117 011a 3F       		.uleb128 0x3f
 1118 011b 19       		.uleb128 0x19
 1119 011c 03       		.uleb128 0x3
 1120 011d 0E       		.uleb128 0xe
 1121 011e 3A       		.uleb128 0x3a
 1122 011f 0B       		.uleb128 0xb
 1123 0120 3B       		.uleb128 0x3b
 1124 0121 05       		.uleb128 0x5
 1125 0122 27       		.uleb128 0x27
 1126 0123 19       		.uleb128 0x19
 1127 0124 11       		.uleb128 0x11
 1128 0125 01       		.uleb128 0x1
 1129 0126 12       		.uleb128 0x12
 1130 0127 06       		.uleb128 0x6
 1131 0128 40       		.uleb128 0x40
 1132 0129 18       		.uleb128 0x18
 1133 012a 9742     		.uleb128 0x2117
 1134 012c 19       		.uleb128 0x19
 1135 012d 00       		.byte	0
 1136 012e 00       		.byte	0
 1137 012f 14       		.uleb128 0x14
 1138 0130 2E       		.uleb128 0x2e
 1139 0131 00       		.byte	0
 1140 0132 3F       		.uleb128 0x3f
 1141 0133 19       		.uleb128 0x19
 1142 0134 03       		.uleb128 0x3
 1143 0135 0E       		.uleb128 0xe
 1144 0136 3A       		.uleb128 0x3a
 1145 0137 0B       		.uleb128 0xb
 1146 0138 3B       		.uleb128 0x3b
 1147 0139 05       		.uleb128 0x5
 1148 013a 27       		.uleb128 0x27
 1149 013b 19       		.uleb128 0x19
 1150 013c 49       		.uleb128 0x49
 1151 013d 13       		.uleb128 0x13
 1152 013e 11       		.uleb128 0x11
 1153 013f 01       		.uleb128 0x1
 1154 0140 12       		.uleb128 0x12
 1155 0141 06       		.uleb128 0x6
 1156 0142 40       		.uleb128 0x40
 1157 0143 18       		.uleb128 0x18
 1158 0144 9742     		.uleb128 0x2117
 1159 0146 19       		.uleb128 0x19
 1160 0147 00       		.byte	0
 1161 0148 00       		.byte	0
 1162 0149 15       		.uleb128 0x15
 1163 014a 05       		.uleb128 0x5
 1164 014b 00       		.byte	0
 1165 014c 03       		.uleb128 0x3
 1166 014d 0E       		.uleb128 0xe
 1167 014e 3A       		.uleb128 0x3a
ARM GAS  C:\Users\LEOTEJ~1\AppData\Local\Temp\ccjaJImE.s 			page 29


 1168 014f 0B       		.uleb128 0xb
 1169 0150 3B       		.uleb128 0x3b
 1170 0151 0B       		.uleb128 0xb
 1171 0152 49       		.uleb128 0x49
 1172 0153 13       		.uleb128 0x13
 1173 0154 02       		.uleb128 0x2
 1174 0155 17       		.uleb128 0x17
 1175 0156 00       		.byte	0
 1176 0157 00       		.byte	0
 1177 0158 16       		.uleb128 0x16
 1178 0159 34       		.uleb128 0x34
 1179 015a 00       		.byte	0
 1180 015b 03       		.uleb128 0x3
 1181 015c 0E       		.uleb128 0xe
 1182 015d 3A       		.uleb128 0x3a
 1183 015e 0B       		.uleb128 0xb
 1184 015f 3B       		.uleb128 0x3b
 1185 0160 0B       		.uleb128 0xb
 1186 0161 49       		.uleb128 0x49
 1187 0162 13       		.uleb128 0x13
 1188 0163 3F       		.uleb128 0x3f
 1189 0164 19       		.uleb128 0x19
 1190 0165 3C       		.uleb128 0x3c
 1191 0166 19       		.uleb128 0x19
 1192 0167 00       		.byte	0
 1193 0168 00       		.byte	0
 1194 0169 17       		.uleb128 0x17
 1195 016a 01       		.uleb128 0x1
 1196 016b 01       		.byte	0x1
 1197 016c 49       		.uleb128 0x49
 1198 016d 13       		.uleb128 0x13
 1199 016e 01       		.uleb128 0x1
 1200 016f 13       		.uleb128 0x13
 1201 0170 00       		.byte	0
 1202 0171 00       		.byte	0
 1203 0172 18       		.uleb128 0x18
 1204 0173 21       		.uleb128 0x21
 1205 0174 00       		.byte	0
 1206 0175 49       		.uleb128 0x49
 1207 0176 13       		.uleb128 0x13
 1208 0177 2F       		.uleb128 0x2f
 1209 0178 0B       		.uleb128 0xb
 1210 0179 00       		.byte	0
 1211 017a 00       		.byte	0
 1212 017b 19       		.uleb128 0x19
 1213 017c 2E       		.uleb128 0x2e
 1214 017d 00       		.byte	0
 1215 017e 3F       		.uleb128 0x3f
 1216 017f 19       		.uleb128 0x19
 1217 0180 3C       		.uleb128 0x3c
 1218 0181 19       		.uleb128 0x19
 1219 0182 6E       		.uleb128 0x6e
 1220 0183 0E       		.uleb128 0xe
 1221 0184 03       		.uleb128 0x3
 1222 0185 0E       		.uleb128 0xe
 1223 0186 3A       		.uleb128 0x3a
 1224 0187 0B       		.uleb128 0xb
ARM GAS  C:\Users\LEOTEJ~1\AppData\Local\Temp\ccjaJImE.s 			page 30


 1225 0188 3B       		.uleb128 0x3b
 1226 0189 0B       		.uleb128 0xb
 1227 018a 00       		.byte	0
 1228 018b 00       		.byte	0
 1229 018c 00       		.byte	0
 1230              		.section	.debug_loc,"",%progbits
 1231              	.Ldebug_loc0:
 1232              	.LLST0:
 1233 0000 00000000 		.4byte	.LVL4
 1234 0004 07000000 		.4byte	.LVL6-1
 1235 0008 0100     		.2byte	0x1
 1236 000a 50       		.byte	0x50
 1237 000b 07000000 		.4byte	.LVL6-1
 1238 000f 20000000 		.4byte	.LFE7
 1239 0013 0400     		.2byte	0x4
 1240 0015 F3       		.byte	0xf3
 1241 0016 01       		.uleb128 0x1
 1242 0017 50       		.byte	0x50
 1243 0018 9F       		.byte	0x9f
 1244 0019 00000000 		.4byte	0
 1245 001d 00000000 		.4byte	0
 1246              	.LLST1:
 1247 0021 08000000 		.4byte	.LVL6
 1248 0025 19000000 		.4byte	.LVL7-1
 1249 0029 0100     		.2byte	0x1
 1250 002b 50       		.byte	0x50
 1251 002c 00000000 		.4byte	0
 1252 0030 00000000 		.4byte	0
 1253              	.LLST2:
 1254 0034 06000000 		.4byte	.LVL9
 1255 0038 0A000000 		.4byte	.LVL10
 1256 003c 0500     		.2byte	0x5
 1257 003e 70       		.byte	0x70
 1258 003f 00       		.sleb128 0
 1259 0040 33       		.byte	0x33
 1260 0041 1A       		.byte	0x1a
 1261 0042 9F       		.byte	0x9f
 1262 0043 0A000000 		.4byte	.LVL10
 1263 0047 10000000 		.4byte	.LFE8
 1264 004b 0100     		.2byte	0x1
 1265 004d 50       		.byte	0x50
 1266 004e 00000000 		.4byte	0
 1267 0052 00000000 		.4byte	0
 1268              	.LLST3:
 1269 0056 00000000 		.4byte	.LVL15
 1270 005a 07000000 		.4byte	.LVL16-1
 1271 005e 0100     		.2byte	0x1
 1272 0060 50       		.byte	0x50
 1273 0061 07000000 		.4byte	.LVL16-1
 1274 0065 18000000 		.4byte	.LVL20
 1275 0069 0100     		.2byte	0x1
 1276 006b 54       		.byte	0x54
 1277 006c 18000000 		.4byte	.LVL20
 1278 0070 1A000000 		.4byte	.LFE2
 1279 0074 0400     		.2byte	0x4
 1280 0076 F3       		.byte	0xf3
 1281 0077 01       		.uleb128 0x1
ARM GAS  C:\Users\LEOTEJ~1\AppData\Local\Temp\ccjaJImE.s 			page 31


 1282 0078 50       		.byte	0x50
 1283 0079 9F       		.byte	0x9f
 1284 007a 00000000 		.4byte	0
 1285 007e 00000000 		.4byte	0
 1286              		.section	.debug_aranges,"",%progbits
 1287 0000 7C000000 		.4byte	0x7c
 1288 0004 0200     		.2byte	0x2
 1289 0006 00000000 		.4byte	.Ldebug_info0
 1290 000a 04       		.byte	0x4
 1291 000b 00       		.byte	0
 1292 000c 0000     		.2byte	0
 1293 000e 0000     		.2byte	0
 1294 0010 00000000 		.4byte	.LFB4
 1295 0014 28000000 		.4byte	.LFE4-.LFB4
 1296 0018 00000000 		.4byte	.LFB5
 1297 001c 0C000000 		.4byte	.LFE5-.LFB5
 1298 0020 00000000 		.4byte	.LFB6
 1299 0024 0C000000 		.4byte	.LFE6-.LFB6
 1300 0028 00000000 		.4byte	.LFB7
 1301 002c 20000000 		.4byte	.LFE7-.LFB7
 1302 0030 00000000 		.4byte	.LFB8
 1303 0034 10000000 		.4byte	.LFE8-.LFB8
 1304 0038 00000000 		.4byte	.LFB9
 1305 003c 0C000000 		.4byte	.LFE9-.LFB9
 1306 0040 00000000 		.4byte	.LFB10
 1307 0044 10000000 		.4byte	.LFE10-.LFB10
 1308 0048 00000000 		.4byte	.LFB11
 1309 004c 0C000000 		.4byte	.LFE11-.LFB11
 1310 0050 00000000 		.4byte	.LFB1
 1311 0054 1C000000 		.4byte	.LFE1-.LFB1
 1312 0058 00000000 		.4byte	.LFB2
 1313 005c 1A000000 		.4byte	.LFE2-.LFB2
 1314 0060 00000000 		.4byte	.LFB3
 1315 0064 14000000 		.4byte	.LFE3-.LFB3
 1316 0068 00000000 		.4byte	.LFB12
 1317 006c 0C000000 		.4byte	.LFE12-.LFB12
 1318 0070 00000000 		.4byte	.LFB13
 1319 0074 0C000000 		.4byte	.LFE13-.LFB13
 1320 0078 00000000 		.4byte	0
 1321 007c 00000000 		.4byte	0
 1322              		.section	.debug_ranges,"",%progbits
 1323              	.Ldebug_ranges0:
 1324 0000 00000000 		.4byte	.LFB4
 1325 0004 28000000 		.4byte	.LFE4
 1326 0008 00000000 		.4byte	.LFB5
 1327 000c 0C000000 		.4byte	.LFE5
 1328 0010 00000000 		.4byte	.LFB6
 1329 0014 0C000000 		.4byte	.LFE6
 1330 0018 00000000 		.4byte	.LFB7
 1331 001c 20000000 		.4byte	.LFE7
 1332 0020 00000000 		.4byte	.LFB8
 1333 0024 10000000 		.4byte	.LFE8
 1334 0028 00000000 		.4byte	.LFB9
 1335 002c 0C000000 		.4byte	.LFE9
 1336 0030 00000000 		.4byte	.LFB10
 1337 0034 10000000 		.4byte	.LFE10
 1338 0038 00000000 		.4byte	.LFB11
ARM GAS  C:\Users\LEOTEJ~1\AppData\Local\Temp\ccjaJImE.s 			page 32


 1339 003c 0C000000 		.4byte	.LFE11
 1340 0040 00000000 		.4byte	.LFB1
 1341 0044 1C000000 		.4byte	.LFE1
 1342 0048 00000000 		.4byte	.LFB2
 1343 004c 1A000000 		.4byte	.LFE2
 1344 0050 00000000 		.4byte	.LFB3
 1345 0054 14000000 		.4byte	.LFE3
 1346 0058 00000000 		.4byte	.LFB12
 1347 005c 0C000000 		.4byte	.LFE12
 1348 0060 00000000 		.4byte	.LFB13
 1349 0064 0C000000 		.4byte	.LFE13
 1350 0068 00000000 		.4byte	0
 1351 006c 00000000 		.4byte	0
 1352              		.section	.debug_line,"",%progbits
 1353              	.Ldebug_line0:
 1354 0000 57010000 		.section	.debug_str,"MS",%progbits,1
 1354      02005800 
 1354      00000201 
 1354      FB0E0D00 
 1354      01010101 
 1355              	.LASF30:
 1356 0000 42544E5F 		.ascii	"BTN_ISR_StartEx\000"
 1356      4953525F 
 1356      53746172 
 1356      74457800 
 1357              	.LASF14:
 1358 0010 72656733 		.ascii	"reg32\000"
 1358      3200
 1359              	.LASF42:
 1360 0016 47656E65 		.ascii	"Generated_Source\\PSoC4\\BTN_ISR.c\000"
 1360      72617465 
 1360      645F536F 
 1360      75726365 
 1360      5C50536F 
 1361              	.LASF35:
 1362 0037 43795261 		.ascii	"CyRamVectors\000"
 1362      6D566563 
 1362      746F7273 
 1362      00
 1363              	.LASF4:
 1364 0044 6C6F6E67 		.ascii	"long int\000"
 1364      20696E74 
 1364      00
 1365              	.LASF3:
 1366 004d 73686F72 		.ascii	"short unsigned int\000"
 1366      7420756E 
 1366      7369676E 
 1366      65642069 
 1366      6E7400
 1367              	.LASF28:
 1368 0060 42544E5F 		.ascii	"BTN_ISR_Disable\000"
 1368      4953525F 
 1368      44697361 
 1368      626C6500 
 1369              	.LASF20:
 1370 0070 42544E5F 		.ascii	"BTN_ISR_SetPriority\000"
 1370      4953525F 
ARM GAS  C:\Users\LEOTEJ~1\AppData\Local\Temp\ccjaJImE.s 			page 33


 1370      53657450 
 1370      72696F72 
 1370      69747900 
 1371              	.LASF33:
 1372 0084 42544E5F 		.ascii	"BTN_ISR_ClearPending\000"
 1372      4953525F 
 1372      436C6561 
 1372      7250656E 
 1372      64696E67 
 1373              	.LASF34:
 1374 0099 62757474 		.ascii	"buttonFlag\000"
 1374      6F6E466C 
 1374      616700
 1375              	.LASF26:
 1376 00a4 42544E5F 		.ascii	"BTN_ISR_GetState\000"
 1376      4953525F 
 1376      47657453 
 1376      74617465 
 1376      00
 1377              	.LASF11:
 1378 00b5 666C6F61 		.ascii	"float\000"
 1378      7400
 1379              	.LASF7:
 1380 00bb 6C6F6E67 		.ascii	"long long unsigned int\000"
 1380      206C6F6E 
 1380      6720756E 
 1380      7369676E 
 1380      65642069 
 1381              	.LASF1:
 1382 00d2 756E7369 		.ascii	"unsigned char\000"
 1382      676E6564 
 1382      20636861 
 1382      7200
 1383              	.LASF23:
 1384 00e0 696E7465 		.ascii	"interruptState\000"
 1384      72727570 
 1384      74537461 
 1384      746500
 1385              	.LASF5:
 1386 00ef 6C6F6E67 		.ascii	"long unsigned int\000"
 1386      20756E73 
 1386      69676E65 
 1386      6420696E 
 1386      7400
 1387              	.LASF9:
 1388 0101 75696E74 		.ascii	"uint8\000"
 1388      3800
 1389              	.LASF31:
 1390 0107 42544E5F 		.ascii	"BTN_ISR_Stop\000"
 1390      4953525F 
 1390      53746F70 
 1390      00
 1391              	.LASF22:
 1392 0114 7072696F 		.ascii	"priority\000"
 1392      72697479 
 1392      00
 1393              	.LASF43:
ARM GAS  C:\Users\LEOTEJ~1\AppData\Local\Temp\ccjaJImE.s 			page 34


 1394 011d 433A5C55 		.ascii	"C:\\Users\\Leo Tejkowski\\Desktop\\ece381\\Lab 7 - "
 1394      73657273 
 1394      5C4C656F 
 1394      2054656A 
 1394      6B6F7773 
 1395 014b 416E616C 		.ascii	"Analog\\Project\\Lab 7 - Analog\\Lab 7 - Analog.cyd"
 1395      6F675C50 
 1395      726F6A65 
 1395      63745C4C 
 1395      61622037 
 1396 017b 736E00   		.ascii	"sn\000"
 1397              	.LASF12:
 1398 017e 646F7562 		.ascii	"double\000"
 1398      6C6500
 1399              	.LASF27:
 1400 0185 42544E5F 		.ascii	"BTN_ISR_Enable\000"
 1400      4953525F 
 1400      456E6162 
 1400      6C6500
 1401              	.LASF19:
 1402 0194 42544E5F 		.ascii	"BTN_ISR_SetVector\000"
 1402      4953525F 
 1402      53657456 
 1402      6563746F 
 1402      7200
 1403              	.LASF10:
 1404 01a6 75696E74 		.ascii	"uint32\000"
 1404      333200
 1405              	.LASF39:
 1406 01ad 4379456E 		.ascii	"CyEnterCriticalSection\000"
 1406      74657243 
 1406      72697469 
 1406      63616C53 
 1406      65637469 
 1407              	.LASF8:
 1408 01c4 756E7369 		.ascii	"unsigned int\000"
 1408      676E6564 
 1408      20696E74 
 1408      00
 1409              	.LASF21:
 1410 01d1 61646472 		.ascii	"address\000"
 1410      65737300 
 1411              	.LASF40:
 1412 01d9 43794578 		.ascii	"CyExitCriticalSection\000"
 1412      69744372 
 1412      69746963 
 1412      616C5365 
 1412      6374696F 
 1413              	.LASF18:
 1414 01ef 42544E5F 		.ascii	"BTN_ISR_Interrupt\000"
 1414      4953525F 
 1414      496E7465 
 1414      72727570 
 1414      7400
 1415              	.LASF37:
 1416 0201 42544E5F 		.ascii	"BTN_ClearInterrupt\000"
 1416      436C6561 
ARM GAS  C:\Users\LEOTEJ~1\AppData\Local\Temp\ccjaJImE.s 			page 35


 1416      72496E74 
 1416      65727275 
 1416      707400
 1417              	.LASF32:
 1418 0214 42544E5F 		.ascii	"BTN_ISR_SetPending\000"
 1418      4953525F 
 1418      53657450 
 1418      656E6469 
 1418      6E6700
 1419              	.LASF15:
 1420 0227 63796973 		.ascii	"cyisraddress\000"
 1420      72616464 
 1420      72657373 
 1420      00
 1421              	.LASF41:
 1422 0234 474E5520 		.ascii	"GNU C11 5.4.1 20160609 (release) [ARM/embedded-5-br"
 1422      43313120 
 1422      352E342E 
 1422      31203230 
 1422      31363036 
 1423 0267 616E6368 		.ascii	"anch revision 237715] -mcpu=cortex-m0 -mthumb -g -O"
 1423      20726576 
 1423      6973696F 
 1423      6E203233 
 1423      37373135 
 1424 029a 67202D66 		.ascii	"g -ffunction-sections -ffat-lto-objects\000"
 1424      66756E63 
 1424      74696F6E 
 1424      2D736563 
 1424      74696F6E 
 1425              	.LASF17:
 1426 02c2 73697A65 		.ascii	"sizetype\000"
 1426      74797065 
 1426      00
 1427              	.LASF38:
 1428 02cb 42544E5F 		.ascii	"BTN_Read\000"
 1428      52656164 
 1428      00
 1429              	.LASF6:
 1430 02d4 6C6F6E67 		.ascii	"long long int\000"
 1430      206C6F6E 
 1430      6720696E 
 1430      7400
 1431              	.LASF29:
 1432 02e2 42544E5F 		.ascii	"BTN_ISR_Start\000"
 1432      4953525F 
 1432      53746172 
 1432      7400
 1433              	.LASF13:
 1434 02f0 63686172 		.ascii	"char\000"
 1434      00
 1435              	.LASF2:
 1436 02f5 73686F72 		.ascii	"short int\000"
 1436      7420696E 
 1436      7400
 1437              	.LASF24:
 1438 02ff 7072696F 		.ascii	"priorityOffset\000"
ARM GAS  C:\Users\LEOTEJ~1\AppData\Local\Temp\ccjaJImE.s 			page 36


 1438      72697479 
 1438      4F666673 
 1438      657400
 1439              	.LASF25:
 1440 030e 42544E5F 		.ascii	"BTN_ISR_GetVector\000"
 1440      4953525F 
 1440      47657456 
 1440      6563746F 
 1440      7200
 1441              	.LASF44:
 1442 0320 42544E5F 		.ascii	"BTN_ISR_GetPriority\000"
 1442      4953525F 
 1442      47657450 
 1442      72696F72 
 1442      69747900 
 1443              	.LASF16:
 1444 0334 6C6F6E67 		.ascii	"long double\000"
 1444      20646F75 
 1444      626C6500 
 1445              	.LASF0:
 1446 0340 7369676E 		.ascii	"signed char\000"
 1446      65642063 
 1446      68617200 
 1447              	.LASF36:
 1448 034c 43794465 		.ascii	"CyDelay\000"
 1448      6C617900 
 1449              		.ident	"GCC: (GNU Tools for ARM Embedded Processors) 5.4.1 20160609 (release) [ARM/embedded-5-bran
