Archive member included to satisfy reference by file (symbol)

.\CortexM0\ARM_GCC_541\Debug\Design01.a(ADC.o)
                              .\CortexM0\ARM_GCC_541\Debug\main.o (ADC_Start)
.\CortexM0\ARM_GCC_541\Debug\Design01.a(ADC_INT.o)
                              .\CortexM0\ARM_GCC_541\Debug\Design01.a(ADC.o) (ADC_ISR)
.\CortexM0\ARM_GCC_541\Debug\Design01.a(ADC_ISR.o)
                              .\CortexM0\ARM_GCC_541\Debug\main.o (ADC_ISR_Start)
.\CortexM0\ARM_GCC_541\Debug\Design01.a(SW_ISR.o)
                              .\CortexM0\ARM_GCC_541\Debug\main.o (SW_ISR_Start)
.\CortexM0\ARM_GCC_541\Debug\Design01.a(CyLib.o)
                              .\CortexM0\ARM_GCC_541\Debug\cyfitter_cfg.o (CyIntEnable)
.\CortexM0\ARM_GCC_541\Debug\Design01.a(CyLFClk.o)
                              .\CortexM0\ARM_GCC_541\Debug\Design01.a(CyLib.o) (CySysClkWcoEnabled)
.\CortexM0\ARM_GCC_541\Debug\Design01.a(CyBootAsmGnu.o)
                              .\CortexM0\ARM_GCC_541\Debug\Design01.a(CyLib.o) (CyDelayCycles)
.\CortexM0\ARM_GCC_541\Debug\Design01.a(R_LED.o)
                              .\CortexM0\ARM_GCC_541\Debug\Design01.a(SW_ISR.o) (R_LED_Write)
.\CortexM0\ARM_GCC_541\Debug\Design01.a(MOTOR.o)
                              .\CortexM0\ARM_GCC_541\Debug\Design01.a(SW_ISR.o) (MOTOR_Write)
.\CortexM0\ARM_GCC_541\Debug\Design01.a(SW.o)
                              .\CortexM0\ARM_GCC_541\Debug\Design01.a(SW_ISR.o) (SW_ClearInterrupt)
.\CortexM0\ARM_GCC_541\Debug\Design01.a(CyFlash.o)
                              .\CortexM0\ARM_GCC_541\Debug\Design01.a(CyLib.o) (CySysFlashSetWaitCycles)
c:/program files (x86)/cypress/psoc creator/4.4/psoc creator/import/gnu/arm/5.4.1/bin/../lib/gcc/arm-none-eabi/5.4.1/armv6-m\libgcc.a(_udivsi3.o)
                              .\CortexM0\ARM_GCC_541\Debug\queue.o (__aeabi_uidiv)
c:/program files (x86)/cypress/psoc creator/4.4/psoc creator/import/gnu/arm/5.4.1/bin/../lib/gcc/arm-none-eabi/5.4.1/armv6-m\libgcc.a(_divsi3.o)
                              .\CortexM0\ARM_GCC_541\Debug\Design01.a(ADC.o) (__aeabi_idiv)
c:/program files (x86)/cypress/psoc creator/4.4/psoc creator/import/gnu/arm/5.4.1/bin/../lib/gcc/arm-none-eabi/5.4.1/armv6-m\libgcc.a(_dvmd_tls.o)
                              c:/program files (x86)/cypress/psoc creator/4.4/psoc creator/import/gnu/arm/5.4.1/bin/../lib/gcc/arm-none-eabi/5.4.1/armv6-m\libgcc.a(_udivsi3.o) (__aeabi_idiv0)
c:/program files (x86)/cypress/psoc creator/4.4/psoc creator/import/gnu/arm/5.4.1/bin/../lib/gcc/arm-none-eabi/5.4.1/armv6-m\libgcc.a(_aeabi_ldivmod.o)
                              .\CortexM0\ARM_GCC_541\Debug\Design01.a(ADC.o) (__aeabi_ldivmod)
c:/program files (x86)/cypress/psoc creator/4.4/psoc creator/import/gnu/arm/5.4.1/bin/../lib/gcc/arm-none-eabi/5.4.1/armv6-m\libgcc.a(_muldi3.o)
                              .\CortexM0\ARM_GCC_541\Debug\Design01.a(ADC.o) (__aeabi_lmul)
c:/program files (x86)/cypress/psoc creator/4.4/psoc creator/import/gnu/arm/5.4.1/bin/../lib/gcc/arm-none-eabi/5.4.1/armv6-m\libgcc.a(bpabi.o)
                              c:/program files (x86)/cypress/psoc creator/4.4/psoc creator/import/gnu/arm/5.4.1/bin/../lib/gcc/arm-none-eabi/5.4.1/armv6-m\libgcc.a(_aeabi_ldivmod.o) (__gnu_ldivmod_helper)
c:/program files (x86)/cypress/psoc creator/4.4/psoc creator/import/gnu/arm/5.4.1/bin/../lib/gcc/arm-none-eabi/5.4.1/armv6-m\libgcc.a(divsf3.o)
                              .\CortexM0\ARM_GCC_541\Debug\Design01.a(ADC.o) (__aeabi_fdiv)
c:/program files (x86)/cypress/psoc creator/4.4/psoc creator/import/gnu/arm/5.4.1/bin/../lib/gcc/arm-none-eabi/5.4.1/armv6-m\libgcc.a(mulsf3.o)
                              .\CortexM0\ARM_GCC_541\Debug\Design01.a(ADC.o) (__aeabi_fmul)
c:/program files (x86)/cypress/psoc creator/4.4/psoc creator/import/gnu/arm/5.4.1/bin/../lib/gcc/arm-none-eabi/5.4.1/armv6-m\libgcc.a(floatsisf.o)
                              .\CortexM0\ARM_GCC_541\Debug\Design01.a(ADC.o) (__aeabi_i2f)
c:/program files (x86)/cypress/psoc creator/4.4/psoc creator/import/gnu/arm/5.4.1/bin/../lib/gcc/arm-none-eabi/5.4.1/armv6-m\libgcc.a(_clzsi2.o)
                              c:/program files (x86)/cypress/psoc creator/4.4/psoc creator/import/gnu/arm/5.4.1/bin/../lib/gcc/arm-none-eabi/5.4.1/armv6-m\libgcc.a(divsf3.o) (__clzsi2)
c:/program files (x86)/cypress/psoc creator/4.4/psoc creator/import/gnu/arm/5.4.1/bin/../lib/gcc/arm-none-eabi/5.4.1/armv6-m\libgcc.a(_divdi3.o)
                              c:/program files (x86)/cypress/psoc creator/4.4/psoc creator/import/gnu/arm/5.4.1/bin/../lib/gcc/arm-none-eabi/5.4.1/armv6-m\libgcc.a(bpabi.o) (__divdi3)
c:/program files (x86)/cypress/psoc creator/4.4/psoc creator/import/gnu/arm/5.4.1/bin/../lib/gcc/arm-none-eabi/5.4.1/armv6-m\libgcc.a(_clzdi2.o)
[...]
Memory Configuration

Name             Origin             Length             Attributes
rom              0x00000000         0x00020000         xr
ram              0x20000000         0x00004000         xrw
*default*        0x00000000         0xffffffff

Linker script and memory map

LOAD c:/program files (x86)/cypress/psoc creator/4.4/psoc creator/import/gnu/arm/5.4.1/bin/../lib/gcc/arm-none-eabi/5.4.1/armv6-m/crti.o
LOAD c:/program files (x86)/cypress/psoc creator/4.4/psoc creator/import/gnu/arm/5.4.1/bin/../lib/gcc/arm-none-eabi/5.4.1/armv6-m/crtbegin.o
LOAD c:/program files (x86)/cypress/psoc creator/4.4/psoc creator/import/gnu/arm/5.4.1/bin/../lib/gcc/arm-none-eabi/5.4.1/../../../../arm-none-eabi/lib/armv6-m/crt0.o
START GROUP
LOAD .\CortexM0\ARM_GCC_541\Debug\main.o
LOAD .\CortexM0\ARM_GCC_541\Debug\croutine.o
LOAD .\CortexM0\ARM_GCC_541\Debug\heap_1.o
LOAD .\CortexM0\ARM_GCC_541\Debug\list.o
LOAD .\CortexM0\ARM_GCC_541\Debug\port.o
LOAD .\CortexM0\ARM_GCC_541\Debug\queue.o
LOAD .\CortexM0\ARM_GCC_541\Debug\tasks.o
LOAD .\CortexM0\ARM_GCC_541\Debug\timers.o
LOAD .\CortexM0\ARM_GCC_541\Debug\cyfitter_cfg.o
LOAD .\CortexM0\ARM_GCC_541\Debug\cymetadata.o
LOAD .\CortexM0\ARM_GCC_541\Debug\Cm0Start.o
LOAD .\CortexM0\ARM_GCC_541\Debug\Design01.a
END GROUP
START GROUP
LOAD c:/program files (x86)/cypress/psoc creator/4.4/psoc creator/import/gnu/arm/5.4.1/bin/../lib/gcc/arm-none-eabi/5.4.1/armv6-m\libgcc.a
LOAD c:/program files (x86)/cypress/psoc creator/4.4/psoc creator/import/gnu/arm/5.4.1/bin/../lib/gcc/arm-none-eabi/5.4.1/../../../../arm-none-eabi/lib/armv6-m\libg_nano.a
LOAD c:/program files (x86)/cypress/psoc creator/4.4/psoc creator/import/gnu/arm/5.4.1/bin/../lib/gcc/arm-none-eabi/5.4.1/../../../../arm-none-eabi/lib/armv6-m\libc_nano.a
END GROUP
START GROUP
LOAD c:/program files (x86)/cypress/psoc creator/4.4/psoc creator/import/gnu/arm/5.4.1/bin/../lib/gcc/arm-none-eabi/5.4.1/armv6-m\libgcc.a
LOAD c:/program files (x86)/cypress/psoc creator/4.4/psoc creator/import/gnu/arm/5.4.1/bin/../lib/gcc/arm-none-eabi/5.4.1/../../../../arm-none-eabi/lib/armv6-m\libc_nano.a
END GROUP
LOAD c:/program files (x86)/cypress/psoc creator/4.4/psoc creator/import/gnu/arm/5.4.1/bin/../lib/gcc/arm-none-eabi/5.4.1/armv6-m/crtend.o
LOAD c:/program files (x86)/cypress/psoc creator/4.4/psoc creator/import/gnu/arm/5.4.1/bin/../lib/gcc/arm-none-eabi/5.4.1/armv6-m/crtn.o
START GROUP
LOAD c:/program files (x86)/cypress/psoc creator/4.4/psoc creator/import/gnu/arm/5.4.1/bin/../lib/gcc/arm-none-eabi/5.4.1/armv6-m\libgcc.a
LOAD c:/program files (x86)/cypress/psoc creator/4.4/psoc creator/import/gnu/arm/5.4.1/bin/../lib/gcc/arm-none-eabi/5.4.1/../../../../arm-none-eabi/lib/armv6-m\libc.a
LOAD c:/program files (x86)/cypress/psoc creator/4.4/psoc creator/import/gnu/arm/5.4.1/bin/../lib/gcc/arm-none-eabi/5.4.1/../../../../arm-none-eabi/lib/armv6-m\libnosys.a
END GROUP
                0x00000000                CY_APPL_ORIGIN = 0x0
                0x00000080                CY_FLASH_ROW_SIZE = 0x80
                0x00000001                CY_APPL_NUM = 0x1
                0x00000001                CY_APPL_MAX = 0x1
                0x00000040                CY_METADATA_SIZE = 0x40
                0x00000000                CY_APPL_LOADABLE = 0x0
                0x00000000                CY_CHECKSUM_EXCLUDE_SIZE = ALIGN (0x0, CY_FLASH_ROW_SIZE)
                0x00000000                CY_APP_FOR_STACK_AND_COPIER = 0x0
                [!provide]                PROVIDE (__cy_heap_start, _end)
                0x00000001                PROVIDE (__cy_region_num, ((__cy_regions_end - __cy_regions) / 0x10))
                0x20004000                PROVIDE (__cy_stack, (ORIGIN (ram) + LENGTH (ram)))
                [!provide]                PROVIDE (__cy_heap_end, (__cy_stack - 0x800))

.cybootloader   0x00000000        0x0
 *(.cybootloader)
                0x00000000                appl1_start = CY_APPL_ORIGIN?CY_APPL_ORIGIN:ALIGN (CY_FLASH_ROW_SIZE)
                0x0000ff80                appl2_start = (appl1_start + ALIGN ((((LENGTH (rom) - appl1_start) - (0x2 * CY_FLASH_ROW_SIZE)) / 0x2), CY_FLASH_ROW_SIZE))
                0x00000000                appl_start = (CY_APPL_NUM == 0x1)?appl1_start:appl2_start
                0x00000001                cy_project_type_bootloader = (appl_start == 0x0)?0x1:0x0
                0x00000000                cy_project_type_app_for_stack_and_copier = (CY_APP_FOR_STACK_AND_COPIER == 0x1)?0x1:0x0

.text           0x00000000     0x20da
 CREATE_OBJECT_SYMBOLS
                0x00000000                PROVIDE (__cy_interrupt_vector, RomVectors)
 *(.romvectors)
 .romvectors    0x00000000       0x10 .\CortexM0\ARM_GCC_541\Debug\Cm0Start.o
                0x00000000                RomVectors
                0x00000001                ASSERT ((. != __cy_interrupt_vector), No interrupt vector)
                0x00000001                ASSERT (CY_APPL_ORIGIN?(SIZEOF (.cybootloader) <= CY_APPL_ORIGIN):0x1, Wrong image location)
                0x00000010                PROVIDE (__cy_reset, Reset)
 *(.text.Reset)
 .text.Reset    0x00000010        0x8 .\CortexM0\ARM_GCC_541\Debug\Cm0Start.o
                0x00000010                Reset
                0x00000001                ASSERT ((. != __cy_reset), No reset code)
 *(.psocinit)
 .psocinit      0x00000018      0x178 .\CortexM0\ARM_GCC_541\Debug\cyfitter_cfg.o
                0x00000094                cyfitter_cfg
                0x00000190                . = MAX (., 0x100)
 *(.text .text.* .gnu.linkonce.t.*)
 .text          0x00000190       0x60 c:/program files (x86)/cypress/psoc creator/4.4/psoc creator/import/gnu/arm/5.4.1/bin/../lib/gcc/arm-none-eabi/5.4.1/armv6-m/crtbegin.o
 .text.vBlinkTaskRed
                0x000001f0        0x4 .\CortexM0\ARM_GCC_541\Debug\main.o
                0x000001f0                vBlinkTaskRed
 .text.vSpinMotorTask
                0x000001f4        0x4 .\CortexM0\ARM_GCC_541\Debug\main.o
                0x000001f4                vSpinMotorTask
 .text.vUpdateLCDTask
                0x000001f8       0x2c .\CortexM0\ARM_GCC_541\Debug\main.o
                0x000001f8                vUpdateLCDTask
 .text.prvHardwareSetup
                0x00000224       0x20 .\CortexM0\ARM_GCC_541\Debug\main.o
                0x00000224                prvHardwareSetup
 .text.main     0x00000244       0x90 .\CortexM0\ARM_GCC_541\Debug\main.o
                0x00000244                main
 .text.vApplicationStackOverflowHook
                0x000002d4        0x4 .\CortexM0\ARM_GCC_541\Debug\main.o
                0x000002d4                vApplicationStackOverflowHook
 .text.vApplicationMallocFailedHook
                0x000002d8        0x4 .\CortexM0\ARM_GCC_541\Debug\main.o
                0x000002d8                vApplicationMallocFailedHook
 .text.pvPortMalloc
                0x000002dc       0x7c .\CortexM0\ARM_GCC_541\Debug\heap_1.o
                0x000002dc                pvPortMalloc
 .text.vPortFree
                0x00000358        0x4 .\CortexM0\ARM_GCC_541\Debug\heap_1.o
                0x00000358                vPortFree
 .text.vListInitialise
                0x0000035c       0x18 .\CortexM0\ARM_GCC_541\Debug\list.o
                0x0000035c                vListInitialise
 .text.vListInitialiseItem
                0x00000374        0x8 .\CortexM0\ARM_GCC_541\Debug\list.o
                0x00000374                vListInitialiseItem
 .text.vListInsertEnd
                0x0000037c       0x18 .\CortexM0\ARM_GCC_541\Debug\list.o
                0x0000037c                vListInsertEnd
 .text.vListInsert
                0x00000394       0x30 .\CortexM0\ARM_GCC_541\Debug\list.o
                0x00000394                vListInsert
 .text.uxListRemove
                0x000003c4       0x28 .\CortexM0\ARM_GCC_541\Debug\list.o
                0x000003c4                uxListRemove
 .text.prvTaskExitError
                0x000003ec       0x14 .\CortexM0\ARM_GCC_541\Debug\port.o
 .text.vPortStartFirstTask
                0x00000400       0x34 .\CortexM0\ARM_GCC_541\Debug\port.o
 .text.pxPortInitialiseStack
                0x00000434       0x20 .\CortexM0\ARM_GCC_541\Debug\port.o
                0x00000434                pxPortInitialiseStack
 .text.vPortSVCHandler
                0x00000454        0x4 .\CortexM0\ARM_GCC_541\Debug\port.o
                0x00000454                vPortSVCHandler
 .text.vPortYield
                0x00000458       0x18 .\CortexM0\ARM_GCC_541\Debug\port.o
                0x00000458                vPortYield
 .text.vPortEnterCritical
                0x00000470       0x18 .\CortexM0\ARM_GCC_541\Debug\port.o
                0x00000470                vPortEnterCritical
 .text.vPortExitCritical
                0x00000488       0x14 .\CortexM0\ARM_GCC_541\Debug\port.o
                0x00000488                vPortExitCritical
 .text.ulSetInterruptMaskFromISR
                0x0000049c        0x8 .\CortexM0\ARM_GCC_541\Debug\port.o
                0x0000049c                ulSetInterruptMaskFromISR
 .text.vClearInterruptMaskFromISR
                0x000004a4        0x8 .\CortexM0\ARM_GCC_541\Debug\port.o
                0x000004a4                vClearInterruptMaskFromISR
 *fill*         0x000004ac        0x4 
 .text.xPortPendSVHandler
                0x000004b0       0x44 .\CortexM0\ARM_GCC_541\Debug\port.o
                0x000004b0                xPortPendSVHandler
 .text.xPortSysTickHandler
                0x000004f4       0x24 .\CortexM0\ARM_GCC_541\Debug\port.o
                0x000004f4                xPortSysTickHandler
 .text.vPortSetupTimerInterrupt
                0x00000518       0x28 .\CortexM0\ARM_GCC_541\Debug\port.o
                0x00000518                vPortSetupTimerInterrupt
 .text.xPortStartScheduler
                0x00000540       0x3c .\CortexM0\ARM_GCC_541\Debug\port.o
                0x00000540                xPortStartScheduler
 .text.prvGetDisinheritPriorityAfterTimeout
                0x0000057c       0x14 .\CortexM0\ARM_GCC_541\Debug\queue.o
 .text.prvIsQueueFull
                0x00000590       0x20 .\CortexM0\ARM_GCC_541\Debug\queue.o
 .text.prvIsQueueEmpty
                0x000005b0       0x1c .\CortexM0\ARM_GCC_541\Debug\queue.o
 .text.prvCopyDataToQueue
                0x000005cc       0x84 .\CortexM0\ARM_GCC_541\Debug\queue.o
 .text.prvCopyDataFromQueue
                0x00000650       0x24 .\CortexM0\ARM_GCC_541\Debug\queue.o
 .text.prvUnlockQueue
                0x00000674       0x70 .\CortexM0\ARM_GCC_541\Debug\queue.o
 .text.xQueueGenericReset
                0x000006e4       0x88 .\CortexM0\ARM_GCC_541\Debug\queue.o
                0x000006e4                xQueueGenericReset
 .text.prvInitialiseNewQueue
                0x0000076c       0x1c .\CortexM0\ARM_GCC_541\Debug\queue.o
 .text.xQueueGenericCreate
                0x00000788       0x54 .\CortexM0\ARM_GCC_541\Debug\queue.o
                0x00000788                xQueueGenericCreate
 .text.xQueueGenericSend
                0x000007dc       0xec .\CortexM0\ARM_GCC_541\Debug\queue.o
                0x000007dc                xQueueGenericSend
 .text.prvInitialiseMutex
                0x000008c8       0x18 .\CortexM0\ARM_GCC_541\Debug\queue.o
 .text.xQueueCreateMutex
                0x000008e0       0x18 .\CortexM0\ARM_GCC_541\Debug\queue.o
                0x000008e0                xQueueCreateMutex
 .text.xQueueGiveFromISR
                0x000008f8       0x70 .\CortexM0\ARM_GCC_541\Debug\queue.o
                0x000008f8                xQueueGiveFromISR
 .text.xQueueSemaphoreTake
                0x00000968      0x11c .\CortexM0\ARM_GCC_541\Debug\queue.o
                0x00000968                xQueueSemaphoreTake
 .text.xQueueReceiveFromISR
                0x00000a84       0x80 .\CortexM0\ARM_GCC_541\Debug\queue.o
                0x00000a84                xQueueReceiveFromISR
 .text.prvTaskIsTaskSuspended
                0x00000b04       0x28 .\CortexM0\ARM_GCC_541\Debug\tasks.o
 .text.prvResetNextTaskUnblockTime
                0x00000b2c       0x24 .\CortexM0\ARM_GCC_541\Debug\tasks.o
 .text.prvDeleteTCB
                0x00000b50       0x14 .\CortexM0\ARM_GCC_541\Debug\tasks.o
 .text.prvInitialiseNewTask
                0x00000b64       0x90 .\CortexM0\ARM_GCC_541\Debug\tasks.o
 .text.prvInitialiseTaskLists
                0x00000bf4       0x58 .\CortexM0\ARM_GCC_541\Debug\tasks.o
 .text.prvAddNewTaskToReadyList
                0x00000c4c       0xb4 .\CortexM0\ARM_GCC_541\Debug\tasks.o
 .text.prvCheckTasksWaitingTermination
                0x00000d00       0x38 .\CortexM0\ARM_GCC_541\Debug\tasks.o
 .text.prvIdleTask
                0x00000d38        0x8 .\CortexM0\ARM_GCC_541\Debug\tasks.o
 .text.prvAddCurrentTaskToDelayedList
                0x00000d40       0x80 .\CortexM0\ARM_GCC_541\Debug\tasks.o
 .text.xTaskCreate
                0x00000dc0       0x68 .\CortexM0\ARM_GCC_541\Debug\tasks.o
                0x00000dc0                xTaskCreate
 .text.vTaskResume
                0x00000e28       0x8c .\CortexM0\ARM_GCC_541\Debug\tasks.o
                0x00000e28                vTaskResume
 .text.vTaskStartScheduler
                0x00000eb4       0x50 .\CortexM0\ARM_GCC_541\Debug\tasks.o
                0x00000eb4                vTaskStartScheduler
 .text.vTaskSuspendAll
                0x00000f04       0x10 .\CortexM0\ARM_GCC_541\Debug\tasks.o
                0x00000f04                vTaskSuspendAll
 .text.uxTaskGetNumberOfTasks
                0x00000f14        0xc .\CortexM0\ARM_GCC_541\Debug\tasks.o
                0x00000f14                uxTaskGetNumberOfTasks
 .text.xTaskIncrementTick
                0x00000f20      0x15c .\CortexM0\ARM_GCC_541\Debug\tasks.o
                0x00000f20                xTaskIncrementTick
 .text.xTaskResumeAll
                0x0000107c      0x12c .\CortexM0\ARM_GCC_541\Debug\tasks.o
                0x0000107c                xTaskResumeAll
 .text.vTaskSwitchContext
                0x000011a8       0xac .\CortexM0\ARM_GCC_541\Debug\tasks.o
                0x000011a8                vTaskSwitchContext
 .text.vTaskSuspend
                0x00001254       0x9c .\CortexM0\ARM_GCC_541\Debug\tasks.o
                0x00001254                vTaskSuspend
 .text.vTaskPlaceOnEventList
                0x000012f0       0x1c .\CortexM0\ARM_GCC_541\Debug\tasks.o
                0x000012f0                vTaskPlaceOnEventList
 .text.xTaskRemoveFromEventList
                0x0000130c       0xe0 .\CortexM0\ARM_GCC_541\Debug\tasks.o
                0x0000130c                xTaskRemoveFromEventList
 .text.vTaskInternalSetTimeOutState
                0x000013ec       0x10 .\CortexM0\ARM_GCC_541\Debug\tasks.o
                0x000013ec                vTaskInternalSetTimeOutState
 .text.xTaskCheckForTimeOut
                0x000013fc       0x58 .\CortexM0\ARM_GCC_541\Debug\tasks.o
                0x000013fc                xTaskCheckForTimeOut
 .text.vTaskMissedYield
                0x00001454        0xc .\CortexM0\ARM_GCC_541\Debug\tasks.o
                0x00001454                vTaskMissedYield
 .text.xTaskPriorityInherit
                0x00001460       0xbc .\CortexM0\ARM_GCC_541\Debug\tasks.o
                0x00001460                xTaskPriorityInherit
 .text.xTaskPriorityDisinherit
                0x0000151c       0x88 .\CortexM0\ARM_GCC_541\Debug\tasks.o
                0x0000151c                xTaskPriorityDisinherit
 .text.vTaskPriorityDisinheritAfterTimeout
                0x000015a4       0x94 .\CortexM0\ARM_GCC_541\Debug\tasks.o
                0x000015a4                vTaskPriorityDisinheritAfterTimeout
 .text.pvTaskIncrementMutexHeldCount
                0x00001638       0x1c .\CortexM0\ARM_GCC_541\Debug\tasks.o
                0x00001638                pvTaskIncrementMutexHeldCount
 .text.cfg_write_bytes32
                0x00001654       0x34 .\CortexM0\ARM_GCC_541\Debug\cyfitter_cfg.o
 .text.CYMEMZERO
                0x00001688        0xc .\CortexM0\ARM_GCC_541\Debug\cyfitter_cfg.o
 .text.SetAnalogRoutingPumps
                0x00001694       0x20 .\CortexM0\ARM_GCC_541\Debug\cyfitter_cfg.o
                0x00001694                SetAnalogRoutingPumps
 .text.AnalogSetDefault
                0x000016b4       0x3c .\CortexM0\ARM_GCC_541\Debug\cyfitter_cfg.o
 .text.IntDefaultHandler
                0x000016f0       0x10 .\CortexM0\ARM_GCC_541\Debug\Cm0Start.o
                0x000016f0                IntDefaultHandler
 .text.Start_c  0x00001700       0x48 .\CortexM0\ARM_GCC_541\Debug\Cm0Start.o
                0x00001700                Start_c
 .text.initialize_psoc
                0x00001748       0x4c .\CortexM0\ARM_GCC_541\Debug\Cm0Start.o
                0x00001748                initialize_psoc
 .text.ADC_Init
                0x00001794       0xec .\CortexM0\ARM_GCC_541\Debug\Design01.a(ADC.o)
                0x00001794                ADC_Init
 .text.ADC_Enable
                0x00001880       0x30 .\CortexM0\ARM_GCC_541\Debug\Design01.a(ADC.o)
                0x00001880                ADC_Enable
 .text.ADC_Start
                0x000018b0       0x20 .\CortexM0\ARM_GCC_541\Debug\Design01.a(ADC.o)
                0x000018b0                ADC_Start
 .text.ADC_StartConvert
                0x000018d0       0x14 .\CortexM0\ARM_GCC_541\Debug\Design01.a(ADC.o)
                0x000018d0                ADC_StartConvert
 .text.ADC_GetResult16
                0x000018e4       0x2c .\CortexM0\ARM_GCC_541\Debug\Design01.a(ADC.o)
                0x000018e4                ADC_GetResult16
 .text.ADC_ISR  0x00001910        0xc .\CortexM0\ARM_GCC_541\Debug\Design01.a(ADC_INT.o)
                0x00001910                ADC_ISR
 .text.ADC_ISR_Interrupt
                0x0000191c       0x34 .\CortexM0\ARM_GCC_541\Debug\Design01.a(ADC_ISR.o)
                0x0000191c                ADC_ISR_Interrupt
 .text.ADC_ISR_SetVector
                0x00001950        0xc .\CortexM0\ARM_GCC_541\Debug\Design01.a(ADC_ISR.o)
                0x00001950                ADC_ISR_SetVector
 .text.ADC_ISR_SetPriority
                0x0000195c       0x24 .\CortexM0\ARM_GCC_541\Debug\Design01.a(ADC_ISR.o)
                0x0000195c                ADC_ISR_SetPriority
 .text.ADC_ISR_Enable
                0x00001980        0xc .\CortexM0\ARM_GCC_541\Debug\Design01.a(ADC_ISR.o)
                0x00001980                ADC_ISR_Enable
 .text.ADC_ISR_Disable
                0x0000198c        0xc .\CortexM0\ARM_GCC_541\Debug\Design01.a(ADC_ISR.o)
                0x0000198c                ADC_ISR_Disable
 .text.ADC_ISR_Start
                0x00001998       0x1c .\CortexM0\ARM_GCC_541\Debug\Design01.a(ADC_ISR.o)
                0x00001998                ADC_ISR_Start
 .text.SW_ISR_Interrupt
                0x000019b4       0x6c .\CortexM0\ARM_GCC_541\Debug\Design01.a(SW_ISR.o)
                0x000019b4                SW_ISR_Interrupt
 .text.SW_ISR_SetVector
                0x00001a20        0xc .\CortexM0\ARM_GCC_541\Debug\Design01.a(SW_ISR.o)
                0x00001a20                SW_ISR_SetVector
 .text.SW_ISR_SetPriority
                0x00001a2c       0x20 .\CortexM0\ARM_GCC_541\Debug\Design01.a(SW_ISR.o)
                0x00001a2c                SW_ISR_SetPriority
 .text.SW_ISR_Enable
                0x00001a4c        0xc .\CortexM0\ARM_GCC_541\Debug\Design01.a(SW_ISR.o)
                0x00001a4c                SW_ISR_Enable
 .text.SW_ISR_Disable
                0x00001a58        0xc .\CortexM0\ARM_GCC_541\Debug\Design01.a(SW_ISR.o)
                0x00001a58                SW_ISR_Disable
 .text.SW_ISR_Start
                0x00001a64       0x1c .\CortexM0\ARM_GCC_541\Debug\Design01.a(SW_ISR.o)
                0x00001a64                SW_ISR_Start
 .text.CySysClkImoDisableWcoLock
                0x00001a80       0x54 .\CortexM0\ARM_GCC_541\Debug\Design01.a(CyLib.o)
                0x00001a80                CySysClkImoDisableWcoLock
 .text.CySysClkImoGetWcoLock
                0x00001ad4       0x14 .\CortexM0\ARM_GCC_541\Debug\Design01.a(CyLib.o)
                0x00001ad4                CySysClkImoGetWcoLock
 .text.CyIntEnable
                0x00001ae8       0x14 .\CortexM0\ARM_GCC_541\Debug\Design01.a(CyLib.o)
                0x00001ae8                CyIntEnable
 .text.CyHalt   0x00001afc        0x4 .\CortexM0\ARM_GCC_541\Debug\Design01.a(CyLib.o)
                0x00001afc                CyHalt
 .text.CyIntSetVector
                0x00001b00       0x24 .\CortexM0\ARM_GCC_541\Debug\Design01.a(CyLib.o)
                0x00001b00                CyIntSetVector
 .text.CyIntSetPriority
                0x00001b24       0x4c .\CortexM0\ARM_GCC_541\Debug\Design01.a(CyLib.o)
                0x00001b24                CyIntSetPriority
 .text.CyDelay  0x00001b70       0x30 .\CortexM0\ARM_GCC_541\Debug\Design01.a(CyLib.o)
                0x00001b70                CyDelay
 .text.CySysClkImoEnableWcoLock
                0x00001ba0       0xf4 .\CortexM0\ARM_GCC_541\Debug\Design01.a(CyLib.o)
                0x00001ba0                CySysClkImoEnableWcoLock
 .text.CySysClkWriteImoFreq
                0x00001c94       0x80 .\CortexM0\ARM_GCC_541\Debug\Design01.a(CyLib.o)
                0x00001c94                CySysClkWriteImoFreq
 .text.CyDelayUs
                0x00001d14       0x14 .\CortexM0\ARM_GCC_541\Debug\Design01.a(CyLib.o)
                0x00001d14                CyDelayUs
 .text.CySysWdtLocked
                0x00001d28       0x14 .\CortexM0\ARM_GCC_541\Debug\Design01.a(CyLFClk.o)
 .text.CySysClkWcoEnabled
                0x00001d3c       0x14 .\CortexM0\ARM_GCC_541\Debug\Design01.a(CyLFClk.o)
                0x00001d3c                CySysClkWcoEnabled
 .text.CySysWdtLock
                0x00001d50       0x1c .\CortexM0\ARM_GCC_541\Debug\Design01.a(CyLFClk.o)
                0x00001d50                CySysWdtLock
 .text.CySysWdtUnlock
                0x00001d6c       0x30 .\CortexM0\ARM_GCC_541\Debug\Design01.a(CyLFClk.o)
                0x00001d6c                CySysWdtUnlock
 .text.CySysWdtClearInterrupt
                0x00001d9c       0x4c .\CortexM0\ARM_GCC_541\Debug\Design01.a(CyLFClk.o)
                0x00001d9c                CySysWdtClearInterrupt
 .text.CySysWdtIsr
                0x00001de8       0xa4 .\CortexM0\ARM_GCC_541\Debug\Design01.a(CyLFClk.o)
                0x00001de8                CySysWdtIsr
 *fill*         0x00001e8c        0x4 
 .text          0x00001e90       0x20 .\CortexM0\ARM_GCC_541\Debug\Design01.a(CyBootAsmGnu.o)
                0x00001e90                CyDelayCycles
                0x00001ea2                CyEnterCriticalSection
                0x00001eaa                CyExitCriticalSection
 .text.R_LED_Write
                0x00001eb0       0x18 .\CortexM0\ARM_GCC_541\Debug\Design01.a(R_LED.o)
                0x00001eb0                R_LED_Write
 .text.MOTOR_Write
                0x00001ec8       0x18 .\CortexM0\ARM_GCC_541\Debug\Design01.a(MOTOR.o)
                0x00001ec8                MOTOR_Write
 .text.SW_ClearInterrupt
                0x00001ee0       0x14 .\CortexM0\ARM_GCC_541\Debug\Design01.a(SW.o)
                0x00001ee0                SW_ClearInterrupt
 .text.CySysFlashSetWaitCycles
                0x00001ef4       0x54 .\CortexM0\ARM_GCC_541\Debug\Design01.a(CyFlash.o)
                0x00001ef4                CySysFlashSetWaitCycles
 .text          0x00001f48      0x114 c:/program files (x86)/cypress/psoc creator/4.4/psoc creator/import/gnu/arm/5.4.1/bin/../lib/gcc/arm-none-eabi/5.4.1/armv6-m\libgcc.a(_udivsi3.o)
                0x00001f48                __aeabi_uidiv
                0x00001f48                __udivsi3
                0x00002054                __aeabi_uidivmod
 .text          0x0000205c        0x4 c:/program files (x86)/cypress/psoc creator/4.4/psoc creator/import/gnu/arm/5.4.1/bin/../lib/gcc/arm-none-eabi/5.4.1/armv6-m\libgcc.a(_dvmd_tls.o)
                0x0000205c                __aeabi_idiv0
                0x0000205c                __aeabi_ldiv0
 .text.__errno  0x00002060        0xc c:/program files (x86)/cypress/psoc creator/4.4/psoc creator/import/gnu/arm/5.4.1/bin/../lib/gcc/arm-none-eabi/5.4.1/../../../../arm-none-eabi/lib/armv6-m\libg_nano.a(lib_a-errno.o)
                0x00002060                __errno
 .text.__libc_init_array
                0x0000206c       0x4c c:/program files (x86)/cypress/psoc creator/4.4/psoc creator/import/gnu/arm/5.4.1/bin/../lib/gcc/arm-none-eabi/5.4.1/../../../../arm-none-eabi/lib/armv6-m\libg_nano.a(lib_a-init.o)
                0x0000206c                __libc_init_array
 .text.memcpy   0x000020b8       0x12 c:/program files (x86)/cypress/psoc creator/4.4/psoc creator/import/gnu/arm/5.4.1/bin/../lib/gcc/arm-none-eabi/5.4.1/../../../../arm-none-eabi/lib/armv6-m\libg_nano.a(lib_a-memcpy-stub.o)
                0x000020b8                memcpy
 .text.memset   0x000020ca       0x10 c:/program files (x86)/cypress/psoc creator/4.4/psoc creator/import/gnu/arm/5.4.1/bin/../lib/gcc/arm-none-eabi/5.4.1/../../../../arm-none-eabi/lib/armv6-m\libg_nano.a(lib_a-memset.o)
                0x000020ca                memset
 *(.plt)
 *(.gnu.warning)
 *(.glue_7t)
 .glue_7t       0x000020da        0x0 linker stubs
 *(.glue_7)
 .glue_7        0x000020da        0x0 linker stubs
 *(.vfp11_veneer)
 .vfp11_veneer  0x000020da        0x0 linker stubs
 *(.bootloader)
 *(.ARM.extab* .gnu.linkonce.armextab.*)
 *(.gcc_except_table)

.v4_bx          0x000020dc        0x0
 .v4_bx         0x000020dc        0x0 linker stubs

.iplt           0x000020dc        0x0
 .iplt          0x000020dc        0x0 c:/program files (x86)/cypress/psoc creator/4.4/psoc creator/import/gnu/arm/5.4.1/bin/../lib/gcc/arm-none-eabi/5.4.1/armv6-m/crtbegin.o

.eh_frame_hdr
 *(.eh_frame_hdr)

.eh_frame       0x000020dc        0x4
 *(.eh_frame)
 .eh_frame      0x000020dc        0x0 c:/program files (x86)/cypress/psoc creator/4.4/psoc creator/import/gnu/arm/5.4.1/bin/../lib/gcc/arm-none-eabi/5.4.1/armv6-m/crtbegin.o
 .eh_frame      0x000020dc        0x4 c:/program files (x86)/cypress/psoc creator/4.4/psoc creator/import/gnu/arm/5.4.1/bin/../lib/gcc/arm-none-eabi/5.4.1/armv6-m/crtend.o
                [!provide]                PROVIDE (__exidx_start, .)

.ARM.exidx
 *(.ARM.exidx* .gnu.linkonce.armexidx.*)
                0x000020e0                __exidx_end = .

.rodata         0x000020e0       0xa8
 *(.rodata .rodata.* .gnu.linkonce.r.*)
 .rodata.str1.4
                0x000020e0       0x22 .\CortexM0\ARM_GCC_541\Debug\main.o
 *fill*         0x00002102        0x2 
 .rodata.str1.4
                0x00002104        0x8 .\CortexM0\ARM_GCC_541\Debug\tasks.o
                                  0x5 (size before relaxing)
 .rodata        0x0000210c       0x18 .\CortexM0\ARM_GCC_541\Debug\cyfitter_cfg.o
 .rodata        0x00002124       0x2e .\CortexM0\ARM_GCC_541\Debug\Design01.a(CyLib.o)
                0x00002124                cyImoFreqMhz2Reg
 .rodata.str1.1
                0x00002152        0x2 c:/program files (x86)/cypress/psoc creator/4.4/psoc creator/import/gnu/arm/5.4.1/bin/../lib/gcc/arm-none-eabi/5.4.1/../../../../arm-none-eabi/lib/armv6-m\libg_nano.a(lib_a-impure.o)
                0x00002154                . = ALIGN (0x4)
 *(.init)
 .init          0x00002154        0x4 c:/program files (x86)/cypress/psoc creator/4.4/psoc creator/import/gnu/arm/5.4.1/bin/../lib/gcc/arm-none-eabi/5.4.1/armv6-m/crti.o
                0x00002154                _init
 .init          0x00002158        0x8 c:/program files (x86)/cypress/psoc creator/4.4/psoc creator/import/gnu/arm/5.4.1/bin/../lib/gcc/arm-none-eabi/5.4.1/armv6-m/crtn.o
                0x00002160                . = ALIGN (0x4)
                0x00002160                __preinit_array_start = .
 *(.preinit_array)
                0x00002160                __preinit_array_end = .
                0x00002160                . = ALIGN (0x4)
                0x00002160                __init_array_start = .
 *(SORT(.init_array.*))
 *(.init_array)
 .init_array    0x00002160        0x4 c:/program files (x86)/cypress/psoc creator/4.4/psoc creator/import/gnu/arm/5.4.1/bin/../lib/gcc/arm-none-eabi/5.4.1/armv6-m/crtbegin.o
 .init_array    0x00002164        0x4 .\CortexM0\ARM_GCC_541\Debug\Cm0Start.o
                0x00002168                __init_array_end = .
                0x00002168                . = ALIGN (0x4)
 *(.fini)
 .fini          0x00002168        0x4 c:/program files (x86)/cypress/psoc creator/4.4/psoc creator/import/gnu/arm/5.4.1/bin/../lib/gcc/arm-none-eabi/5.4.1/armv6-m/crti.o
                0x00002168                _fini
 .fini          0x0000216c        0x8 c:/program files (x86)/cypress/psoc creator/4.4/psoc creator/import/gnu/arm/5.4.1/bin/../lib/gcc/arm-none-eabi/5.4.1/armv6-m/crtn.o
                0x00002174                . = ALIGN (0x4)
                0x00002174                __fini_array_start = .
 *(.fini_array)
 .fini_array    0x00002174        0x4 c:/program files (x86)/cypress/psoc creator/4.4/psoc creator/import/gnu/arm/5.4.1/bin/../lib/gcc/arm-none-eabi/5.4.1/armv6-m/crtbegin.o
 *(SORT(.fini_array.*))
                0x00002178                __fini_array_end = .
                0x00002178                . = ALIGN (0x4)
 *crtbegin.o(.ctors)
 *(EXCLUDE_FILE(*crtend.o) .ctors)
 *(SORT(.ctors.*))
 *crtend.o(.ctors)
                0x00002178                . = ALIGN (0x4)
 *crtbegin.o(.dtors)
 *(EXCLUDE_FILE(*crtend.o) .dtors)
 *(SORT(.dtors.*))
 *crtend.o(.dtors)
                0x00002178                . = ALIGN (0x4)
                0x00002178                __cy_regions = .
                0x00002178        0x4 LONG 0x2188 __cy_region_init_ram
                0x0000217c        0x4 LONG 0x200000c0 __cy_region_start_data
                0x00002180        0x4 LONG 0x90 __cy_region_init_size_ram
                0x00002184        0x4 LONG 0x970 __cy_region_zero_size_ram
                0x00002188                __cy_regions_end = .
                0x00002188                . = ALIGN (0x8)
                0x00002188                _etext = .

.cy_checksum_exclude
                0x00002188        0x0
 *(.cy_checksum_exclude)

.ramvectors     0x20000000       0xc0
                0x20000000                __cy_region_start_ram = .
 *(.ramvectors)
 .ramvectors    0x20000000       0xc0 .\CortexM0\ARM_GCC_541\Debug\Cm0Start.o
                0x20000000                CyRamVectors

.noinit
 *(.noinit)

.data           0x200000c0       0x90 load address 0x00002188
                0x200000c0                __cy_region_start_data = .
 *(.jcr)
 .jcr           0x200000c0        0x0 c:/program files (x86)/cypress/psoc creator/4.4/psoc creator/import/gnu/arm/5.4.1/bin/../lib/gcc/arm-none-eabi/5.4.1/armv6-m/crtbegin.o
 .jcr           0x200000c0        0x4 c:/program files (x86)/cypress/psoc creator/4.4/psoc creator/import/gnu/arm/5.4.1/bin/../lib/gcc/arm-none-eabi/5.4.1/armv6-m/crtend.o
 *(.got.plt)
 *(.got)
 *(.shdata)
 *(.data .data.* .gnu.linkonce.d.*)
 .data          0x200000c4        0x4 .\CortexM0\ARM_GCC_541\Debug\port.o
 .data          0x200000c8        0x4 .\CortexM0\ARM_GCC_541\Debug\tasks.o
                0x200000c8                uxTopUsedPriority
 .data          0x200000cc        0x4 .\CortexM0\ARM_GCC_541\Debug\Design01.a(SW_ISR.o)
                0x200000cc                onOff
 .data          0x200000d0       0x14 .\CortexM0\ARM_GCC_541\Debug\Design01.a(CyLib.o)
                0x200000d0                CySysClkPumpConfig
                0x200000d4                cydelay32kMs
                0x200000d8                cydelayFreqKhz
                0x200000dc                cydelayFreqMhz
                0x200000e0                cydelayFreqHz
 .data          0x200000e4        0x8 .\CortexM0\ARM_GCC_541\Debug\Design01.a(CyLFClk.o)
 .data.impure_data
                0x200000ec       0x60 c:/program files (x86)/cypress/psoc creator/4.4/psoc creator/import/gnu/arm/5.4.1/bin/../lib/gcc/arm-none-eabi/5.4.1/../../../../arm-none-eabi/lib/armv6-m\libg_nano.a(lib_a-impure.o)
 .data._impure_ptr
                0x2000014c        0x4 c:/program files (x86)/cypress/psoc creator/4.4/psoc creator/import/gnu/arm/5.4.1/bin/../lib/gcc/arm-none-eabi/5.4.1/../../../../arm-none-eabi/lib/armv6-m\libg_nano.a(lib_a-impure.o)
                0x2000014c                _impure_ptr
                0x20000150                . = ALIGN (0x8)
 *(.ram)
                0x20000150                _edata = .

.igot.plt       0x20000150        0x0 load address 0x00002218
 .igot.plt      0x20000150        0x0 c:/program files (x86)/cypress/psoc creator/4.4/psoc creator/import/gnu/arm/5.4.1/bin/../lib/gcc/arm-none-eabi/5.4.1/armv6-m/crtbegin.o

.bss            0x20000150      0x970 load address 0x00002218
                0x20000150                PROVIDE (__bss_start__, .)
 *(.shbss)
 *(.bss .bss.* .gnu.linkonce.b.*)
 .bss           0x20000150       0x1c c:/program files (x86)/cypress/psoc creator/4.4/psoc creator/import/gnu/arm/5.4.1/bin/../lib/gcc/arm-none-eabi/5.4.1/armv6-m/crtbegin.o
 .bss           0x2000016c      0x808 .\CortexM0\ARM_GCC_541\Debug\heap_1.o
 .bss           0x20000974      0x104 .\CortexM0\ARM_GCC_541\Debug\tasks.o
                0x20000a4c                pxCurrentTCB
 .bss           0x20000a78        0x1 .\CortexM0\ARM_GCC_541\Debug\Design01.a(ADC.o)
                0x20000a78                ADC_initVar
 *fill*         0x20000a79        0x3 
 .bss           0x20000a7c       0x28 .\CortexM0\ARM_GCC_541\Debug\Design01.a(CyLFClk.o)
 *(COMMON)
 COMMON         0x20000aa4       0x14 .\CortexM0\ARM_GCC_541\Debug\main.o
                0x20000aa4                blink_task
                0x20000aa8                motor_task
                0x20000aac                adc_mutex
                0x20000ab0                adcDV
                0x20000ab4                lcd_task
 COMMON         0x20000ab8        0x6 .\CortexM0\ARM_GCC_541\Debug\Design01.a(ADC.o)
                0x20000ab8                ADC_countsPer10Volt
                0x20000abc                ADC_offset
                0x20000ac0                . = ALIGN (0x8)
 *fill*         0x20000abe        0x2 
 *(.ram.b)
                0x20000ac0                _end = .
                0x20000ac0                __end = .
                0x20000ac0                PROVIDE (end, .)
                0x20000ac0                PROVIDE (__bss_end__, .)
                0x00002188                __cy_region_init_ram = LOADADDR (.data)
                0x00000090                __cy_region_init_size_ram = (_edata - ADDR (.data))
                0x00000970                __cy_region_zero_size_ram = (_end - _edata)

.heap           0x20000ac0     0x2000 load address 0x00002218
                0x20000ac0                . = _end
                0x20002ac0                . = (. + 0x2000)
 *fill*         0x20000ac0     0x2000 
                0x20002ac0                __cy_heap_limit = .

.stack          0x20003800      0x800
                0x20003800                __cy_stack_limit = .
                0x20004000                . = (. + 0x800)
 *fill*         0x20003800      0x800 
                0x00000001                ASSERT ((__cy_stack_limit >= __cy_heap_limit), region RAM overflowed with stack)
                0x00000000                cy_checksum_exclude_size = (CY_APPL_LOADABLE == 0x1)?SIZEOF (.cy_checksum_exclude):0x0
                0x00000001                ASSERT ((cy_checksum_exclude_size <= CY_CHECKSUM_EXCLUDE_SIZE), CY_BOOT: Section .cy_checksum_exclude size exceedes specified limit.)
                0x0001ffc0                cyloadermeta_start = (cy_project_type_bootloader || cy_project_type_app_for_stack_and_copier)?(LENGTH (rom) - CY_METADATA_SIZE):0xf0000000

.cyloadermeta
 *(.cyloadermeta)
                0x0001ffc0                cyloadablemeta_start = cy_project_type_app_for_stack_and_copier?((LENGTH (rom) - CY_FLASH_ROW_SIZE) - CY_METADATA_SIZE):((LENGTH (rom) - (CY_FLASH_ROW_SIZE * (CY_APPL_NUM - 0x1))) - CY_METADATA_SIZE)

.cyloadablemeta
 *(.cyloadablemeta)

.cyflashprotect
                0x90400000       0x80
 *(.cyflashprotect)
 .cyflashprotect
                0x90400000       0x80 .\CortexM0\ARM_GCC_541\Debug\cymetadata.o
                0x90400000                cy_meta_flashprotect

.cymeta         0x90500000        0xc
 *(.cymeta)
 .cymeta        0x90500000        0xc .\CortexM0\ARM_GCC_541\Debug\cymetadata.o
                0x90500000                cy_metadata

.cychipprotect  0x90600000        0x1
 *(.cychipprotect)
 .cychipprotect
                0x90600000        0x1 .\CortexM0\ARM_GCC_541\Debug\cymetadata.o
                0x90600000                cy_meta_chipprotect

.rel.dyn        0x00002218        0x0 load address 0x90600004
 .rel.iplt      0x00002218        0x0 c:/program files (x86)/cypress/psoc creator/4.4/psoc creator/import/gnu/arm/5.4.1/bin/../lib/gcc/arm-none-eabi/5.4.1/armv6-m/crtbegin.o

.stab
 *(.stab)

.stabstr
 *(.stabstr)

.debug
 *(.debug)

.line
 *(.line)

.debug_srcinfo
 *(.debug_srcinfo)

.debug_sfnames
 *(.debug_sfnames)

.debug_aranges  0x00000000      0xb48
 *(.debug_aranges)
 .debug_aranges
                0x00000000       0x50 .\CortexM0\ARM_GCC_541\Debug\main.o
 .debug_aranges
                0x00000050       0x18 .\CortexM0\ARM_GCC_541\Debug\croutine.o
 .debug_aranges
                0x00000068       0x38 .\CortexM0\ARM_GCC_541\Debug\heap_1.o
 .debug_aranges
                0x000000a0       0x40 .\CortexM0\ARM_GCC_541\Debug\list.o
 .debug_aranges
                0x000000e0       0x88 .\CortexM0\ARM_GCC_541\Debug\port.o
 .debug_aranges
                0x00000168      0x110 .\CortexM0\ARM_GCC_541\Debug\queue.o
 .debug_aranges
                0x00000278      0x1c0 .\CortexM0\ARM_GCC_541\Debug\tasks.o
 .debug_aranges
                0x00000438       0x18 .\CortexM0\ARM_GCC_541\Debug\timers.o
 .debug_aranges
                0x00000450       0x48 .\CortexM0\ARM_GCC_541\Debug\cyfitter_cfg.o
 .debug_aranges
                0x00000498       0x18 .\CortexM0\ARM_GCC_541\Debug\cymetadata.o
 .debug_aranges
                0x000004b0       0x48 .\CortexM0\ARM_GCC_541\Debug\Cm0Start.o
 .debug_aranges
                0x000004f8       0xa8 .\CortexM0\ARM_GCC_541\Debug\Design01.a(ADC.o)
 .debug_aranges
                0x000005a0       0x20 .\CortexM0\ARM_GCC_541\Debug\Design01.a(ADC_INT.o)
 .debug_aranges
                0x000005c0       0x80 .\CortexM0\ARM_GCC_541\Debug\Design01.a(ADC_ISR.o)
 .debug_aranges
                0x00000640       0x80 .\CortexM0\ARM_GCC_541\Debug\Design01.a(SW_ISR.o)
 .debug_aranges
                0x000006c0      0x1c8 .\CortexM0\ARM_GCC_541\Debug\Design01.a(CyLib.o)
 .debug_aranges
                0x00000888      0x188 .\CortexM0\ARM_GCC_541\Debug\Design01.a(CyLFClk.o)
 .debug_aranges
                0x00000a10       0x20 .\CortexM0\ARM_GCC_541\Debug\Design01.a(CyBootAsmGnu.o)
 .debug_aranges
                0x00000a30       0x48 .\CortexM0\ARM_GCC_541\Debug\Design01.a(R_LED.o)
 .debug_aranges
                0x00000a78       0x48 .\CortexM0\ARM_GCC_541\Debug\Design01.a(MOTOR.o)
 .debug_aranges
                0x00000ac0       0x48 .\CortexM0\ARM_GCC_541\Debug\Design01.a(SW.o)
 .debug_aranges
                0x00000b08       0x40 .\CortexM0\ARM_GCC_541\Debug\Design01.a(CyFlash.o)

.debug_pubnames
 *(.debug_pubnames)

.debug_info     0x00000000     0x847a
 *(.debug_info .gnu.linkonce.wi.*)
 .debug_info    0x00000000      0x43f .\CortexM0\ARM_GCC_541\Debug\main.o
 .debug_info    0x0000043f       0x87 .\CortexM0\ARM_GCC_541\Debug\croutine.o
 .debug_info    0x000004c6      0x1d0 .\CortexM0\ARM_GCC_541\Debug\heap_1.o
 .debug_info    0x00000696      0x2ba .\CortexM0\ARM_GCC_541\Debug\list.o
 .debug_info    0x00000950      0x2dc .\CortexM0\ARM_GCC_541\Debug\port.o
 .debug_info    0x00000c2c     0x19b8 .\CortexM0\ARM_GCC_541\Debug\queue.o
 .debug_info    0x000025e4     0x20fd .\CortexM0\ARM_GCC_541\Debug\tasks.o
 .debug_info    0x000046e1       0x87 .\CortexM0\ARM_GCC_541\Debug\timers.o
 .debug_info    0x00004768      0x405 .\CortexM0\ARM_GCC_541\Debug\cyfitter_cfg.o
 .debug_info    0x00004b6d       0xf8 .\CortexM0\ARM_GCC_541\Debug\cymetadata.o
 .debug_info    0x00004c65      0x3a2 .\CortexM0\ARM_GCC_541\Debug\Cm0Start.o
 .debug_info    0x00005007      0x579 .\CortexM0\ARM_GCC_541\Debug\Design01.a(ADC.o)
 .debug_info    0x00005580       0xcb .\CortexM0\ARM_GCC_541\Debug\Design01.a(ADC_INT.o)
 .debug_info    0x0000564b      0x3ce .\CortexM0\ARM_GCC_541\Debug\Design01.a(ADC_ISR.o)
 .debug_info    0x00005a19      0x406 .\CortexM0\ARM_GCC_541\Debug\Design01.a(SW_ISR.o)
 .debug_info    0x00005e1f      0xd40 .\CortexM0\ARM_GCC_541\Debug\Design01.a(CyLib.o)
 .debug_info    0x00006b5f     0x1058 .\CortexM0\ARM_GCC_541\Debug\Design01.a(CyLFClk.o)
 .debug_info    0x00007bb7       0x9e .\CortexM0\ARM_GCC_541\Debug\Design01.a(CyBootAsmGnu.o)
 .debug_info    0x00007c55      0x19d .\CortexM0\ARM_GCC_541\Debug\Design01.a(R_LED.o)
 .debug_info    0x00007df2      0x19b .\CortexM0\ARM_GCC_541\Debug\Design01.a(MOTOR.o)
 .debug_info    0x00007f8d      0x19d .\CortexM0\ARM_GCC_541\Debug\Design01.a(SW.o)
 .debug_info    0x0000812a      0x350 .\CortexM0\ARM_GCC_541\Debug\Design01.a(CyFlash.o)

.debug_abbrev   0x00000000     0x1be1
 *(.debug_abbrev)
 .debug_abbrev  0x00000000      0x199 .\CortexM0\ARM_GCC_541\Debug\main.o
 .debug_abbrev  0x00000199       0x26 .\CortexM0\ARM_GCC_541\Debug\croutine.o
 .debug_abbrev  0x000001bf      0x12a .\CortexM0\ARM_GCC_541\Debug\heap_1.o
 .debug_abbrev  0x000002e9       0xe3 .\CortexM0\ARM_GCC_541\Debug\list.o
 .debug_abbrev  0x000003cc      0x18a .\CortexM0\ARM_GCC_541\Debug\port.o
 .debug_abbrev  0x00000556      0x224 .\CortexM0\ARM_GCC_541\Debug\queue.o
 .debug_abbrev  0x0000077a      0x281 .\CortexM0\ARM_GCC_541\Debug\tasks.o
 .debug_abbrev  0x000009fb       0x26 .\CortexM0\ARM_GCC_541\Debug\timers.o
 .debug_abbrev  0x00000a21      0x1cf .\CortexM0\ARM_GCC_541\Debug\cyfitter_cfg.o
 .debug_abbrev  0x00000bf0       0x5d .\CortexM0\ARM_GCC_541\Debug\cymetadata.o
 .debug_abbrev  0x00000c4d      0x1d7 .\CortexM0\ARM_GCC_541\Debug\Cm0Start.o
 .debug_abbrev  0x00000e24      0x184 .\CortexM0\ARM_GCC_541\Debug\Design01.a(ADC.o)
 .debug_abbrev  0x00000fa8       0x65 .\CortexM0\ARM_GCC_541\Debug\Design01.a(ADC_INT.o)
 .debug_abbrev  0x0000100d      0x1ce .\CortexM0\ARM_GCC_541\Debug\Design01.a(ADC_ISR.o)
 .debug_abbrev  0x000011db      0x1c5 .\CortexM0\ARM_GCC_541\Debug\Design01.a(SW_ISR.o)
 .debug_abbrev  0x000013a0      0x20b .\CortexM0\ARM_GCC_541\Debug\Design01.a(CyLib.o)
 .debug_abbrev  0x000015ab      0x248 .\CortexM0\ARM_GCC_541\Debug\Design01.a(CyLFClk.o)
 .debug_abbrev  0x000017f3       0x14 .\CortexM0\ARM_GCC_541\Debug\Design01.a(CyBootAsmGnu.o)
 .debug_abbrev  0x00001807       0xc8 .\CortexM0\ARM_GCC_541\Debug\Design01.a(R_LED.o)
 .debug_abbrev  0x000018cf       0xc8 .\CortexM0\ARM_GCC_541\Debug\Design01.a(MOTOR.o)
 .debug_abbrev  0x00001997       0xc8 .\CortexM0\ARM_GCC_541\Debug\Design01.a(SW.o)
 .debug_abbrev  0x00001a5f      0x182 .\CortexM0\ARM_GCC_541\Debug\Design01.a(CyFlash.o)

.debug_line     0x00000000     0x3604
 *(.debug_line)
 .debug_line    0x00000000      0x22f .\CortexM0\ARM_GCC_541\Debug\main.o
 .debug_line    0x0000022f       0x1d .\CortexM0\ARM_GCC_541\Debug\croutine.o
 .debug_line    0x0000024c      0x248 .\CortexM0\ARM_GCC_541\Debug\heap_1.o
 .debug_line    0x00000494      0x1e2 .\CortexM0\ARM_GCC_541\Debug\list.o
 .debug_line    0x00000676      0x28e .\CortexM0\ARM_GCC_541\Debug\port.o
 .debug_line    0x00000904      0x6d8 .\CortexM0\ARM_GCC_541\Debug\queue.o
 .debug_line    0x00000fdc      0xbc1 .\CortexM0\ARM_GCC_541\Debug\tasks.o
 .debug_line    0x00001b9d       0x1d .\CortexM0\ARM_GCC_541\Debug\timers.o
 .debug_line    0x00001bba      0x193 .\CortexM0\ARM_GCC_541\Debug\cyfitter_cfg.o
 .debug_line    0x00001d4d      0x141 .\CortexM0\ARM_GCC_541\Debug\cymetadata.o
 .debug_line    0x00001e8e      0x236 .\CortexM0\ARM_GCC_541\Debug\Cm0Start.o
 .debug_line    0x000020c4      0x26d .\CortexM0\ARM_GCC_541\Debug\Design01.a(ADC.o)
 .debug_line    0x00002331       0x62 .\CortexM0\ARM_GCC_541\Debug\Design01.a(ADC_INT.o)
 .debug_line    0x00002393      0x197 .\CortexM0\ARM_GCC_541\Debug\Design01.a(ADC_ISR.o)
 .debug_line    0x0000252a      0x195 .\CortexM0\ARM_GCC_541\Debug\Design01.a(SW_ISR.o)
 .debug_line    0x000026bf      0x563 .\CortexM0\ARM_GCC_541\Debug\Design01.a(CyLib.o)
 .debug_line    0x00002c22      0x5d1 .\CortexM0\ARM_GCC_541\Debug\Design01.a(CyLFClk.o)
 .debug_line    0x000031f3       0x68 .\CortexM0\ARM_GCC_541\Debug\Design01.a(CyBootAsmGnu.o)
 .debug_line    0x0000325b       0xbd .\CortexM0\ARM_GCC_541\Debug\Design01.a(R_LED.o)
 .debug_line    0x00003318       0xbf .\CortexM0\ARM_GCC_541\Debug\Design01.a(MOTOR.o)
 .debug_line    0x000033d7       0xba .\CortexM0\ARM_GCC_541\Debug\Design01.a(SW.o)
 .debug_line    0x00003491      0x173 .\CortexM0\ARM_GCC_541\Debug\Design01.a(CyFlash.o)

.debug_frame    0x00000000     0x1eec
 *(.debug_frame)
 .debug_frame   0x00000000       0x98 .\CortexM0\ARM_GCC_541\Debug\main.o
 .debug_frame   0x00000098       0x60 .\CortexM0\ARM_GCC_541\Debug\heap_1.o
 .debug_frame   0x000000f8       0x6c .\CortexM0\ARM_GCC_541\Debug\list.o
 .debug_frame   0x00000164      0x118 .\CortexM0\ARM_GCC_541\Debug\port.o
 .debug_frame   0x0000027c      0x3a4 .\CortexM0\ARM_GCC_541\Debug\queue.o
 .debug_frame   0x00000620      0x608 .\CortexM0\ARM_GCC_541\Debug\tasks.o
 .debug_frame   0x00000c28       0xb4 .\CortexM0\ARM_GCC_541\Debug\cyfitter_cfg.o
 .debug_frame   0x00000cdc       0xbc .\CortexM0\ARM_GCC_541\Debug\Cm0Start.o
 .debug_frame   0x00000d98      0x1b0 .\CortexM0\ARM_GCC_541\Debug\Design01.a(ADC.o)
 .debug_frame   0x00000f48       0x20 .\CortexM0\ARM_GCC_541\Debug\Design01.a(ADC_INT.o)
 .debug_frame   0x00000f68      0x11c .\CortexM0\ARM_GCC_541\Debug\Design01.a(ADC_ISR.o)
 .debug_frame   0x00001084      0x11c .\CortexM0\ARM_GCC_541\Debug\Design01.a(SW_ISR.o)
 .debug_frame   0x000011a0      0x48c .\CortexM0\ARM_GCC_541\Debug\Design01.a(CyLib.o)
 .debug_frame   0x0000162c      0x4a4 .\CortexM0\ARM_GCC_541\Debug\Design01.a(CyLFClk.o)
 .debug_frame   0x00001ad0       0x70 .\CortexM0\ARM_GCC_541\Debug\Design01.a(R_LED.o)
 .debug_frame   0x00001b40       0x70 .\CortexM0\ARM_GCC_541\Debug\Design01.a(MOTOR.o)
 .debug_frame   0x00001bb0       0x70 .\CortexM0\ARM_GCC_541\Debug\Design01.a(SW.o)
 .debug_frame   0x00001c20       0x90 .\CortexM0\ARM_GCC_541\Debug\Design01.a(CyFlash.o)
 .debug_frame   0x00001cb0       0x20 c:/program files (x86)/cypress/psoc creator/4.4/psoc creator/import/gnu/arm/5.4.1/bin/../lib/gcc/arm-none-eabi/5.4.1/armv6-m\libgcc.a(_udivsi3.o)
 .debug_frame   0x00001cd0       0x20 c:/program files (x86)/cypress/psoc creator/4.4/psoc creator/import/gnu/arm/5.4.1/bin/../lib/gcc/arm-none-eabi/5.4.1/armv6-m\libgcc.a(_divsi3.o)
 .debug_frame   0x00001cf0       0x34 c:/program files (x86)/cypress/psoc creator/4.4/psoc creator/import/gnu/arm/5.4.1/bin/../lib/gcc/arm-none-eabi/5.4.1/armv6-m\libgcc.a(_muldi3.o)
 .debug_frame   0x00001d24       0x30 c:/program files (x86)/cypress/psoc creator/4.4/psoc creator/import/gnu/arm/5.4.1/bin/../lib/gcc/arm-none-eabi/5.4.1/armv6-m\libgcc.a(bpabi.o)
 .debug_frame   0x00001d54       0x3c c:/program files (x86)/cypress/psoc creator/4.4/psoc creator/import/gnu/arm/5.4.1/bin/../lib/gcc/arm-none-eabi/5.4.1/armv6-m\libgcc.a(divsf3.o)
 .debug_frame   0x00001d90       0x38 c:/program files (x86)/cypress/psoc creator/4.4/psoc creator/import/gnu/arm/5.4.1/bin/../lib/gcc/arm-none-eabi/5.4.1/armv6-m\libgcc.a(mulsf3.o)
 .debug_frame   0x00001dc8       0x2c c:/program files (x86)/cypress/psoc creator/4.4/psoc creator/import/gnu/arm/5.4.1/bin/../lib/gcc/arm-none-eabi/5.4.1/armv6-m\libgcc.a(floatsisf.o)
 .debug_frame   0x00001df4       0x3c c:/program files (x86)/cypress/psoc creator/4.4/psoc creator/import/gnu/arm/5.4.1/bin/../lib/gcc/arm-none-eabi/5.4.1/armv6-m\libgcc.a(_divdi3.o)
 .debug_frame   0x00001e30       0x20 c:/program files (x86)/cypress/psoc creator/4.4/psoc creator/import/gnu/arm/5.4.1/bin/../lib/gcc/arm-none-eabi/5.4.1/../../../../arm-none-eabi/lib/armv6-m\libg_nano.a(lib_a-errno.o)
 .debug_frame   0x00001e50       0x28 c:/program files (x86)/cypress/psoc creator/4.4/psoc creator/import/gnu/arm/5.4.1/bin/../lib/gcc/arm-none-eabi/5.4.1/../../../../arm-none-eabi/lib/armv6-m\libg_nano.a(lib_a-exit.o)
 .debug_frame   0x00001e78       0x2c c:/program files (x86)/cypress/psoc creator/4.4/psoc creator/import/gnu/arm/5.4.1/bin/../lib/gcc/arm-none-eabi/5.4.1/../../../../arm-none-eabi/lib/armv6-m\libg_nano.a(lib_a-init.o)
 .debug_frame   0x00001ea4       0x28 c:/program files (x86)/cypress/psoc creator/4.4/psoc creator/import/gnu/arm/5.4.1/bin/../lib/gcc/arm-none-eabi/5.4.1/../../../../arm-none-eabi/lib/armv6-m\libg_nano.a(lib_a-memcpy-stub.o)
 .debug_frame   0x00001ecc       0x20 c:/program files (x86)/cypress/psoc creator/4.4/psoc creator/import/gnu/arm/5.4.1/bin/../lib/gcc/arm-none-eabi/5.4.1/../../../../arm-none-eabi/lib/armv6-m\libg_nano.a(lib_a-memset.o)

.debug_str      0x00000000     0x2d36
 *(.debug_str)
 .debug_str     0x00000000      0x383 .\CortexM0\ARM_GCC_541\Debug\main.o
                                0x3e5 (size before relaxing)
 .debug_str     0x00000383       0x1b .\CortexM0\ARM_GCC_541\Debug\croutine.o
                                0x1a4 (size before relaxing)
 .debug_str     0x0000039e       0xba .\CortexM0\ARM_GCC_541\Debug\heap_1.o
                                0x286 (size before relaxing)
 .debug_str     0x00000458      0x134 .\CortexM0\ARM_GCC_541\Debug\list.o
                                0x2f3 (size before relaxing)
 .debug_str     0x0000058c      0x17b .\CortexM0\ARM_GCC_541\Debug\port.o
                                0x37e (size before relaxing)
 .debug_str     0x00000707      0x6ce .\CortexM0\ARM_GCC_541\Debug\queue.o
                                0xaa6 (size before relaxing)
 .debug_str     0x00000dd5      0x967 .\CortexM0\ARM_GCC_541\Debug\tasks.o
                                0xf8e (size before relaxing)
 .debug_str     0x0000173c       0x19 .\CortexM0\ARM_GCC_541\Debug\timers.o
                                0x1a2 (size before relaxing)
 .debug_str     0x00001755      0x14a .\CortexM0\ARM_GCC_541\Debug\cyfitter_cfg.o
                                0x30b (size before relaxing)
 .debug_str     0x0000189f       0x59 .\CortexM0\ARM_GCC_541\Debug\cymetadata.o
                                0x1d6 (size before relaxing)
 .debug_str     0x000018f8      0x120 .\CortexM0\ARM_GCC_541\Debug\Cm0Start.o
                                0x30f (size before relaxing)
 .debug_str     0x00001a18      0x1d6 .\CortexM0\ARM_GCC_541\Debug\Design01.a(ADC.o)
                                0x3d2 (size before relaxing)
 .debug_str     0x00001bee       0x35 .\CortexM0\ARM_GCC_541\Debug\Design01.a(ADC_INT.o)
                                0x1cb (size before relaxing)
 .debug_str     0x00001c23      0x14f .\CortexM0\ARM_GCC_541\Debug\Design01.a(ADC_ISR.o)
                                0x3ac (size before relaxing)
 .debug_str     0x00001d72      0x117 .\CortexM0\ARM_GCC_541\Debug\Design01.a(SW_ISR.o)
                                0x38f (size before relaxing)
 .debug_str     0x00001e89      0x5ac .\CortexM0\ARM_GCC_541\Debug\Design01.a(CyLib.o)
                                0x80b (size before relaxing)
 .debug_str     0x00002435      0x6e7 .\CortexM0\ARM_GCC_541\Debug\Design01.a(CyLFClk.o)
                                0x92b (size before relaxing)
 .debug_str     0x00002b1c       0x9f .\CortexM0\ARM_GCC_541\Debug\Design01.a(R_LED.o)
                                0x244 (size before relaxing)
 .debug_str     0x00002bbb       0x7b .\CortexM0\ARM_GCC_541\Debug\Design01.a(MOTOR.o)
                                0x244 (size before relaxing)
 .debug_str     0x00002c36       0x60 .\CortexM0\ARM_GCC_541\Debug\Design01.a(SW.o)
                                0x22f (size before relaxing)
 .debug_str     0x00002c96       0xa0 .\CortexM0\ARM_GCC_541\Debug\Design01.a(CyFlash.o)
                                0x2be (size before relaxing)

.debug_loc      0x00000000     0x5620
 *(.debug_loc)
 .debug_loc     0x00000000       0x21 .\CortexM0\ARM_GCC_541\Debug\main.o
 .debug_loc     0x00000021       0x6a .\CortexM0\ARM_GCC_541\Debug\heap_1.o
 .debug_loc     0x0000008b       0x65 .\CortexM0\ARM_GCC_541\Debug\list.o
 .debug_loc     0x000000f0       0xa6 .\CortexM0\ARM_GCC_541\Debug\port.o
 .debug_loc     0x00000196     0x1927 .\CortexM0\ARM_GCC_541\Debug\queue.o
 .debug_loc     0x00001abd     0x1b3b .\CortexM0\ARM_GCC_541\Debug\tasks.o
 .debug_loc     0x000035f8      0x136 .\CortexM0\ARM_GCC_541\Debug\cyfitter_cfg.o
 .debug_loc     0x0000372e      0x14f .\CortexM0\ARM_GCC_541\Debug\Cm0Start.o
 .debug_loc     0x0000387d      0x3a7 .\CortexM0\ARM_GCC_541\Debug\Design01.a(ADC.o)
 .debug_loc     0x00003c24       0x82 .\CortexM0\ARM_GCC_541\Debug\Design01.a(ADC_ISR.o)
 .debug_loc     0x00003ca6       0x82 .\CortexM0\ARM_GCC_541\Debug\Design01.a(SW_ISR.o)
 .debug_loc     0x00003d28      0x81c .\CortexM0\ARM_GCC_541\Debug\Design01.a(CyLib.o)
 .debug_loc     0x00004544      0xdb7 .\CortexM0\ARM_GCC_541\Debug\Design01.a(CyLFClk.o)
 .debug_loc     0x000052fb       0xa2 .\CortexM0\ARM_GCC_541\Debug\Design01.a(R_LED.o)
 .debug_loc     0x0000539d       0x81 .\CortexM0\ARM_GCC_541\Debug\Design01.a(MOTOR.o)
 .debug_loc     0x0000541e       0xa2 .\CortexM0\ARM_GCC_541\Debug\Design01.a(SW.o)
 .debug_loc     0x000054c0      0x160 .\CortexM0\ARM_GCC_541\Debug\Design01.a(CyFlash.o)

.debug_macinfo
 *(.debug_macinfo)

.debug_ranges   0x00000000      0xa48
 *(.debug_ranges)
 .debug_ranges  0x00000000       0x40 .\CortexM0\ARM_GCC_541\Debug\main.o
 .debug_ranges  0x00000040       0x28 .\CortexM0\ARM_GCC_541\Debug\heap_1.o
 .debug_ranges  0x00000068       0x30 .\CortexM0\ARM_GCC_541\Debug\list.o
 .debug_ranges  0x00000098       0x78 .\CortexM0\ARM_GCC_541\Debug\port.o
 .debug_ranges  0x00000110      0x148 .\CortexM0\ARM_GCC_541\Debug\queue.o
 .debug_ranges  0x00000258      0x1f0 .\CortexM0\ARM_GCC_541\Debug\tasks.o
 .debug_ranges  0x00000448       0x38 .\CortexM0\ARM_GCC_541\Debug\cyfitter_cfg.o
 .debug_ranges  0x00000480       0x38 .\CortexM0\ARM_GCC_541\Debug\Cm0Start.o
 .debug_ranges  0x000004b8       0x98 .\CortexM0\ARM_GCC_541\Debug\Design01.a(ADC.o)
 .debug_ranges  0x00000550       0x10 .\CortexM0\ARM_GCC_541\Debug\Design01.a(ADC_INT.o)
 .debug_ranges  0x00000560       0x70 .\CortexM0\ARM_GCC_541\Debug\Design01.a(ADC_ISR.o)
 .debug_ranges  0x000005d0       0x70 .\CortexM0\ARM_GCC_541\Debug\Design01.a(SW_ISR.o)
 .debug_ranges  0x00000640      0x1b8 .\CortexM0\ARM_GCC_541\Debug\Design01.a(CyLib.o)
 .debug_ranges  0x000007f8      0x178 .\CortexM0\ARM_GCC_541\Debug\Design01.a(CyLFClk.o)
 .debug_ranges  0x00000970       0x38 .\CortexM0\ARM_GCC_541\Debug\Design01.a(R_LED.o)
 .debug_ranges  0x000009a8       0x38 .\CortexM0\ARM_GCC_541\Debug\Design01.a(MOTOR.o)
 .debug_ranges  0x000009e0       0x38 .\CortexM0\ARM_GCC_541\Debug\Design01.a(SW.o)
 .debug_ranges  0x00000a18       0x30 .\CortexM0\ARM_GCC_541\Debug\Design01.a(CyFlash.o)

.comment        0x00000000       0x6e
 .comment       0x00000000       0x6e .\CortexM0\ARM_GCC_541\Debug\main.o
                                 0x6f (size before relaxing)
 .comment       0x0000006e       0x6f .\CortexM0\ARM_GCC_541\Debug\croutine.o
 .comment       0x0000006e       0x6f .\CortexM0\ARM_GCC_541\Debug\heap_1.o
 .comment       0x0000006e       0x6f .\CortexM0\ARM_GCC_541\Debug\list.o
 .comment       0x0000006e       0x6f .\CortexM0\ARM_GCC_541\Debug\port.o
 .comment       0x0000006e       0x6f .\CortexM0\ARM_GCC_541\Debug\queue.o
 .comment       0x0000006e       0x6f .\CortexM0\ARM_GCC_541\Debug\tasks.o
 .comment       0x0000006e       0x6f .\CortexM0\ARM_GCC_541\Debug\timers.o
 .comment       0x0000006e       0x6f .\CortexM0\ARM_GCC_541\Debug\cyfitter_cfg.o
 .comment       0x0000006e       0x6f .\CortexM0\ARM_GCC_541\Debug\cymetadata.o
 .comment       0x0000006e       0x6f .\CortexM0\ARM_GCC_541\Debug\Cm0Start.o
 .comment       0x0000006e       0x6f .\CortexM0\ARM_GCC_541\Debug\Design01.a(ADC.o)
 .comment       0x0000006e       0x6f .\CortexM0\ARM_GCC_541\Debug\Design01.a(ADC_INT.o)
 .comment       0x0000006e       0x6f .\CortexM0\ARM_GCC_541\Debug\Design01.a(ADC_ISR.o)
 .comment       0x0000006e       0x6f .\CortexM0\ARM_GCC_541\Debug\Design01.a(SW_ISR.o)
 .comment       0x0000006e       0x6f .\CortexM0\ARM_GCC_541\Debug\Design01.a(CyLib.o)
 .comment       0x0000006e       0x6f .\CortexM0\ARM_GCC_541\Debug\Design01.a(CyLFClk.o)
 .comment       0x0000006e       0x6f .\CortexM0\ARM_GCC_541\Debug\Design01.a(R_LED.o)
 .comment       0x0000006e       0x6f .\CortexM0\ARM_GCC_541\Debug\Design01.a(MOTOR.o)
 .comment       0x0000006e       0x6f .\CortexM0\ARM_GCC_541\Debug\Design01.a(SW.o)
 .comment       0x0000006e       0x6f .\CortexM0\ARM_GCC_541\Debug\Design01.a(CyFlash.o)

.debug_weaknames
 *(.debug_weaknames)

.debug_funcnames
 *(.debug_funcnames)

.debug_typenames
 *(.debug_typenames)

.debug_varnames
 *(.debug_varnames)

.note.gnu.arm.ident
 *(.note.gnu.arm.ident)

.ARM.attributes
                0x00000000       0x28
 *(.ARM.attributes)
 .ARM.attributes
                0x00000000       0x1e c:/program files (x86)/cypress/psoc creator/4.4/psoc creator/import/gnu/arm/5.4.1/bin/../lib/gcc/arm-none-eabi/5.4.1/armv6-m/crti.o
 .ARM.attributes
                0x0000001e       0x2c c:/program files (x86)/cypress/psoc creator/4.4/psoc creator/import/gnu/arm/5.4.1/bin/../lib/gcc/arm-none-eabi/5.4.1/armv6-m/crtbegin.o
 .ARM.attributes
                0x0000004a       0x1b c:/program files (x86)/cypress/psoc creator/4.4/psoc creator/import/gnu/arm/5.4.1/bin/../lib/gcc/arm-none-eabi/5.4.1/../../../../arm-none-eabi/lib/armv6-m/crt0.o
 .ARM.attributes
                0x00000065       0x31 .\CortexM0\ARM_GCC_541\Debug\main.o
 .ARM.attributes
                0x00000096       0x31 .\CortexM0\ARM_GCC_541\Debug\croutine.o
 .ARM.attributes
                0x000000c7       0x31 .\CortexM0\ARM_GCC_541\Debug\heap_1.o
 .ARM.attributes
                0x000000f8       0x31 .\CortexM0\ARM_GCC_541\Debug\list.o
 .ARM.attributes
                0x00000129       0x31 .\CortexM0\ARM_GCC_541\Debug\port.o
 .ARM.attributes
                0x0000015a       0x31 .\CortexM0\ARM_GCC_541\Debug\queue.o
 .ARM.attributes
                0x0000018b       0x31 .\CortexM0\ARM_GCC_541\Debug\tasks.o
 .ARM.attributes
                0x000001bc       0x31 .\CortexM0\ARM_GCC_541\Debug\timers.o
 .ARM.attributes
                0x000001ed       0x31 .\CortexM0\ARM_GCC_541\Debug\cyfitter_cfg.o
 .ARM.attributes
                0x0000021e       0x31 .\CortexM0\ARM_GCC_541\Debug\cymetadata.o
 .ARM.attributes
                0x0000024f       0x31 .\CortexM0\ARM_GCC_541\Debug\Cm0Start.o
 .ARM.attributes
                0x00000280       0x31 .\CortexM0\ARM_GCC_541\Debug\Design01.a(ADC.o)
 .ARM.attributes
                0x000002b1       0x31 .\CortexM0\ARM_GCC_541\Debug\Design01.a(ADC_INT.o)
 .ARM.attributes
                0x000002e2       0x31 .\CortexM0\ARM_GCC_541\Debug\Design01.a(ADC_ISR.o)
 .ARM.attributes
                0x00000313       0x31 .\CortexM0\ARM_GCC_541\Debug\Design01.a(SW_ISR.o)
 .ARM.attributes
                0x00000344       0x31 .\CortexM0\ARM_GCC_541\Debug\Design01.a(CyLib.o)
 .ARM.attributes
                0x00000375       0x31 .\CortexM0\ARM_GCC_541\Debug\Design01.a(CyLFClk.o)
 .ARM.attributes
                0x000003a6       0x21 .\CortexM0\ARM_GCC_541\Debug\Design01.a(CyBootAsmGnu.o)
 .ARM.attributes
                0x000003c7       0x31 .\CortexM0\ARM_GCC_541\Debug\Design01.a(R_LED.o)
 .ARM.attributes
                0x000003f8       0x31 .\CortexM0\ARM_GCC_541\Debug\Design01.a(MOTOR.o)
 .ARM.attributes
                0x00000429       0x31 .\CortexM0\ARM_GCC_541\Debug\Design01.a(SW.o)
 .ARM.attributes
                0x0000045a       0x31 .\CortexM0\ARM_GCC_541\Debug\Design01.a(CyFlash.o)
 .ARM.attributes
                0x0000048b       0x1e c:/program files (x86)/cypress/psoc creator/4.4/psoc creator/import/gnu/arm/5.4.1/bin/../lib/gcc/arm-none-eabi/5.4.1/armv6-m\libgcc.a(_udivsi3.o)
 .ARM.attributes
                0x000004a9       0x1e c:/program files (x86)/cypress/psoc creator/4.4/psoc creator/import/gnu/arm/5.4.1/bin/../lib/gcc/arm-none-eabi/5.4.1/armv6-m\libgcc.a(_divsi3.o)
 .ARM.attributes
                0x000004c7       0x1e c:/program files (x86)/cypress/psoc creator/4.4/psoc creator/import/gnu/arm/5.4.1/bin/../lib/gcc/arm-none-eabi/5.4.1/armv6-m\libgcc.a(_dvmd_tls.o)
 .ARM.attributes
                0x000004e5       0x1e c:/program files (x86)/cypress/psoc creator/4.4/psoc creator/import/gnu/arm/5.4.1/bin/../lib/gcc/arm-none-eabi/5.4.1/armv6-m\libgcc.a(_aeabi_ldivmod.o)
 .ARM.attributes
                0x00000503       0x2c c:/program files (x86)/cypress/psoc creator/4.4/psoc creator/import/gnu/arm/5.4.1/bin/../lib/gcc/arm-none-eabi/5.4.1/armv6-m\libgcc.a(_muldi3.o)
 .ARM.attributes
                0x0000052f       0x2c c:/program files (x86)/cypress/psoc creator/4.4/psoc creator/import/gnu/arm/5.4.1/bin/../lib/gcc/arm-none-eabi/5.4.1/armv6-m\libgcc.a(bpabi.o)
 .ARM.attributes
                0x0000055b       0x2c c:/program files (x86)/cypress/psoc creator/4.4/psoc creator/import/gnu/arm/5.4.1/bin/../lib/gcc/arm-none-eabi/5.4.1/armv6-m\libgcc.a(divsf3.o)
 .ARM.attributes
                0x00000587       0x2c c:/program files (x86)/cypress/psoc creator/4.4/psoc creator/import/gnu/arm/5.4.1/bin/../lib/gcc/arm-none-eabi/5.4.1/armv6-m\libgcc.a(mulsf3.o)
 .ARM.attributes
                0x000005b3       0x2c c:/program files (x86)/cypress/psoc creator/4.4/psoc creator/import/gnu/arm/5.4.1/bin/../lib/gcc/arm-none-eabi/5.4.1/armv6-m\libgcc.a(floatsisf.o)
 .ARM.attributes
                0x000005df       0x1e c:/program files (x86)/cypress/psoc creator/4.4/psoc creator/import/gnu/arm/5.4.1/bin/../lib/gcc/arm-none-eabi/5.4.1/armv6-m\libgcc.a(_clzsi2.o)
 .ARM.attributes
                0x000005fd       0x2c c:/program files (x86)/cypress/psoc creator/4.4/psoc creator/import/gnu/arm/5.4.1/bin/../lib/gcc/arm-none-eabi/5.4.1/armv6-m\libgcc.a(_divdi3.o)
 .ARM.attributes
                0x00000629       0x1e c:/program files (x86)/cypress/psoc creator/4.4/psoc creator/import/gnu/arm/5.4.1/bin/../lib/gcc/arm-none-eabi/5.4.1/armv6-m\libgcc.a(_clzdi2.o)
 .ARM.attributes
                0x00000647       0x2c c:/program files (x86)/cypress/psoc creator/4.4/psoc creator/import/gnu/arm/5.4.1/bin/../lib/gcc/arm-none-eabi/5.4.1/../../../../arm-none-eabi/lib/armv6-m\libg_nano.a(lib_a-errno.o)
 .ARM.attributes
                0x00000673       0x2c c:/program files (x86)/cypress/psoc creator/4.4/psoc creator/import/gnu/arm/5.4.1/bin/../lib/gcc/arm-none-eabi/5.4.1/../../../../arm-none-eabi/lib/armv6-m\libg_nano.a(lib_a-exit.o)
 .ARM.attributes
                0x0000069f       0x2c c:/program files (x86)/cypress/psoc creator/4.4/psoc creator/import/gnu/arm/5.4.1/bin/../lib/gcc/arm-none-eabi/5.4.1/../../../../arm-none-eabi/lib/armv6-m\libg_nano.a(lib_a-impure.o)
 .ARM.attributes
                0x000006cb       0x2c c:/program files (x86)/cypress/psoc creator/4.4/psoc creator/import/gnu/arm/5.4.1/bin/../lib/gcc/arm-none-eabi/5.4.1/../../../../arm-none-eabi/lib/armv6-m\libg_nano.a(lib_a-init.o)
 .ARM.attributes
                0x000006f7       0x2c c:/program files (x86)/cypress/psoc creator/4.4/psoc creator/import/gnu/arm/5.4.1/bin/../lib/gcc/arm-none-eabi/5.4.1/../../../../arm-none-eabi/lib/armv6-m\libg_nano.a(lib_a-memcpy-stub.o)
 .ARM.attributes
                0x00000723       0x2c c:/program files (x86)/cypress/psoc creator/4.4/psoc creator/import/gnu/arm/5.4.1/bin/../lib/gcc/arm-none-eabi/5.4.1/../../../../arm-none-eabi/lib/armv6-m\libg_nano.a(lib_a-memset.o)
 .ARM.attributes
                0x0000074f       0x2c c:/program files (x86)/cypress/psoc creator/4.4/psoc creator/import/gnu/arm/5.4.1/bin/../lib/gcc/arm-none-eabi/5.4.1/armv6-m/crtend.o
 .ARM.attributes
                0x0000077b       0x1e c:/program files (x86)/cypress/psoc creator/4.4/psoc creator/import/gnu/arm/5.4.1/bin/../lib/gcc/arm-none-eabi/5.4.1/armv6-m/crtn.o

/DISCARD/
 *(.note.GNU-stack)
OUTPUT(C:\Users\tyork\Documents\PSoC Creator\ECE381_SP23_Lab08_FreeRTOS\Design01.cydsn\CortexM0\ARM_GCC_541\Debug\Design01.elf elf32-littlearm)
