Archive member included to satisfy reference by file (symbol)

.\CortexM0\ARM_GCC_541\Debug\Design01.a(ADC.o)
                              .\CortexM0\ARM_GCC_541\Debug\main.o (ADC_Start)
.\CortexM0\ARM_GCC_541\Debug\Design01.a(ADC_INT.o)
                              .\CortexM0\ARM_GCC_541\Debug\Design01.a(ADC.o) (ADC_ISR)
.\CortexM0\ARM_GCC_541\Debug\Design01.a(R_LED.o)
                              .\CortexM0\ARM_GCC_541\Debug\main.o (R_LED_Write)
.\CortexM0\ARM_GCC_541\Debug\Design01.a(MOTOR.o)
                              .\CortexM0\ARM_GCC_541\Debug\main.o (MOTOR_Write)
.\CortexM0\ARM_GCC_541\Debug\Design01.a(ADC_ISR.o)
                              .\CortexM0\ARM_GCC_541\Debug\main.o (ADC_ISR_Start)
.\CortexM0\ARM_GCC_541\Debug\Design01.a(SW_ISR.o)
                              .\CortexM0\ARM_GCC_541\Debug\main.o (SW_ISR_Start)
.\CortexM0\ARM_GCC_541\Debug\Design01.a(LCD.o)
                              .\CortexM0\ARM_GCC_541\Debug\main.o (LCD_PutChar)
.\CortexM0\ARM_GCC_541\Debug\Design01.a(CyLib.o)
                              .\CortexM0\ARM_GCC_541\Debug\cyfitter_cfg.o (CyIntEnable)
.\CortexM0\ARM_GCC_541\Debug\Design01.a(CyLFClk.o)
                              .\CortexM0\ARM_GCC_541\Debug\Design01.a(CyLib.o) (CySysClkWcoEnabled)
.\CortexM0\ARM_GCC_541\Debug\Design01.a(CyBootAsmGnu.o)
                              .\CortexM0\ARM_GCC_541\Debug\Design01.a(CyLib.o) (CyDelayCycles)
.\CortexM0\ARM_GCC_541\Debug\Design01.a(SW.o)
                              .\CortexM0\ARM_GCC_541\Debug\Design01.a(SW_ISR.o) (SW_ClearInterrupt)
.\CortexM0\ARM_GCC_541\Debug\Design01.a(CyFlash.o)
                              .\CortexM0\ARM_GCC_541\Debug\Design01.a(CyLib.o) (CySysFlashSetWaitCycles)
c:/program files (x86)/cypress/psoc creator/4.2/psoc creator/import/gnu/arm/5.4.1/bin/../lib/gcc/arm-none-eabi/5.4.1/armv6-m\libgcc.a(_udivsi3.o)
                              .\CortexM0\ARM_GCC_541\Debug\queue.o (__aeabi_uidiv)
c:/program files (x86)/cypress/psoc creator/4.2/psoc creator/import/gnu/arm/5.4.1/bin/../lib/gcc/arm-none-eabi/5.4.1/armv6-m\libgcc.a(_divsi3.o)
                              .\CortexM0\ARM_GCC_541\Debug\Design01.a(ADC.o) (__aeabi_idiv)
c:/program files (x86)/cypress/psoc creator/4.2/psoc creator/import/gnu/arm/5.4.1/bin/../lib/gcc/arm-none-eabi/5.4.1/armv6-m\libgcc.a(_dvmd_tls.o)
                              c:/program files (x86)/cypress/psoc creator/4.2/psoc creator/import/gnu/arm/5.4.1/bin/../lib/gcc/arm-none-eabi/5.4.1/armv6-m\libgcc.a(_udivsi3.o) (__aeabi_idiv0)
c:/program files (x86)/cypress/psoc creator/4.2/psoc creator/import/gnu/arm/5.4.1/bin/../lib/gcc/arm-none-eabi/5.4.1/armv6-m\libgcc.a(_aeabi_ldivmod.o)
                              .\CortexM0\ARM_GCC_541\Debug\Design01.a(ADC.o) (__aeabi_ldivmod)
c:/program files (x86)/cypress/psoc creator/4.2/psoc creator/import/gnu/arm/5.4.1/bin/../lib/gcc/arm-none-eabi/5.4.1/armv6-m\libgcc.a(_muldi3.o)
                              .\CortexM0\ARM_GCC_541\Debug\Design01.a(ADC.o) (__aeabi_lmul)
c:/program files (x86)/cypress/psoc creator/4.2/psoc creator/import/gnu/arm/5.4.1/bin/../lib/gcc/arm-none-eabi/5.4.1/armv6-m\libgcc.a(bpabi.o)
                              c:/program files (x86)/cypress/psoc creator/4.2/psoc creator/import/gnu/arm/5.4.1/bin/../lib/gcc/arm-none-eabi/5.4.1/armv6-m\libgcc.a(_aeabi_ldivmod.o) (__gnu_ldivmod_helper)
c:/program files (x86)/cypress/psoc creator/4.2/psoc creator/import/gnu/arm/5.4.1/bin/../lib/gcc/arm-none-eabi/5.4.1/armv6-m\libgcc.a(addsf3.o)
                              .\CortexM0\ARM_GCC_541\Debug\main.o (__aeabi_fadd)
c:/program files (x86)/cypress/psoc creator/4.2/psoc creator/import/gnu/arm/5.4.1/bin/../lib/gcc/arm-none-eabi/5.4.1/armv6-m\libgcc.a(divsf3.o)
                              .\CortexM0\ARM_GCC_541\Debug\Design01.a(ADC.o) (__aeabi_fdiv)
c:/program files (x86)/cypress/psoc creator/4.2/psoc creator/import/gnu/arm/5.4.1/bin/../lib/gcc/arm-none-eabi/5.4.1/armv6-m\libgcc.a(mulsf3.o)
                              .\CortexM0\ARM_GCC_541\Debug\main.o (__aeabi_fmul)
c:/program files (x86)/cypress/psoc creator/4.2/psoc creator/import/gnu/arm/5.4.1/bin/../lib/gcc/arm-none-eabi/5.4.1/armv6-m\libgcc.a(fixsfsi.o)
                              .\CortexM0\ARM_GCC_541\Debug\main.o (__aeabi_f2iz)
c:/program files (x86)/cypress/psoc creator/4.2/psoc creator/import/gnu/arm/5.4.1/bin/../lib/gcc/arm-none-eabi/5.4.1/armv6-m\libgcc.a(floatsisf.o)
                              .\CortexM0\ARM_GCC_541\Debug\Design01.a(ADC.o) (__aeabi_i2f)
c:/program files (x86)/cypress/psoc creator/4.2/psoc creator/import/gnu/arm/5.4.1/bin/../lib/gcc/arm-none-eabi/5.4.1/armv6-m\libgcc.a(divdf3.o)
                              .\CortexM0\ARM_GCC_541\Debug\main.o (__aeabi_ddiv)
c:/program files (x86)/cypress/psoc creator/4.2/psoc creator/import/gnu/arm/5.4.1/bin/../lib/gcc/arm-none-eabi/5.4.1/armv6-m\libgcc.a(muldf3.o)
[...]
Memory Configuration

Name             Origin             Length             Attributes
rom              0x00000000         0x00020000         xr
ram              0x20000000         0x00004000         xrw
*default*        0x00000000         0xffffffff

Linker script and memory map

LOAD c:/program files (x86)/cypress/psoc creator/4.2/psoc creator/import/gnu/arm/5.4.1/bin/../lib/gcc/arm-none-eabi/5.4.1/armv6-m/crti.o
LOAD c:/program files (x86)/cypress/psoc creator/4.2/psoc creator/import/gnu/arm/5.4.1/bin/../lib/gcc/arm-none-eabi/5.4.1/armv6-m/crtbegin.o
LOAD c:/program files (x86)/cypress/psoc creator/4.2/psoc creator/import/gnu/arm/5.4.1/bin/../lib/gcc/arm-none-eabi/5.4.1/../../../../arm-none-eabi/lib/armv6-m/crt0.o
START GROUP
LOAD .\CortexM0\ARM_GCC_541\Debug\main.o
LOAD .\CortexM0\ARM_GCC_541\Debug\croutine.o
LOAD .\CortexM0\ARM_GCC_541\Debug\heap_1.o
LOAD .\CortexM0\ARM_GCC_541\Debug\list.o
LOAD .\CortexM0\ARM_GCC_541\Debug\port.o
LOAD .\CortexM0\ARM_GCC_541\Debug\queue.o
LOAD .\CortexM0\ARM_GCC_541\Debug\tasks.o
LOAD .\CortexM0\ARM_GCC_541\Debug\timers.o
LOAD .\CortexM0\ARM_GCC_541\Debug\cyfitter_cfg.o
LOAD .\CortexM0\ARM_GCC_541\Debug\cymetadata.o
LOAD .\CortexM0\ARM_GCC_541\Debug\Cm0Start.o
LOAD .\CortexM0\ARM_GCC_541\Debug\Design01.a
END GROUP
START GROUP
LOAD c:/program files (x86)/cypress/psoc creator/4.2/psoc creator/import/gnu/arm/5.4.1/bin/../lib/gcc/arm-none-eabi/5.4.1/armv6-m\libgcc.a
LOAD c:/program files (x86)/cypress/psoc creator/4.2/psoc creator/import/gnu/arm/5.4.1/bin/../lib/gcc/arm-none-eabi/5.4.1/../../../../arm-none-eabi/lib/armv6-m\libg_nano.a
LOAD c:/program files (x86)/cypress/psoc creator/4.2/psoc creator/import/gnu/arm/5.4.1/bin/../lib/gcc/arm-none-eabi/5.4.1/../../../../arm-none-eabi/lib/armv6-m\libc_nano.a
END GROUP
START GROUP
LOAD c:/program files (x86)/cypress/psoc creator/4.2/psoc creator/import/gnu/arm/5.4.1/bin/../lib/gcc/arm-none-eabi/5.4.1/armv6-m\libgcc.a
LOAD c:/program files (x86)/cypress/psoc creator/4.2/psoc creator/import/gnu/arm/5.4.1/bin/../lib/gcc/arm-none-eabi/5.4.1/../../../../arm-none-eabi/lib/armv6-m\libc_nano.a
END GROUP
LOAD c:/program files (x86)/cypress/psoc creator/4.2/psoc creator/import/gnu/arm/5.4.1/bin/../lib/gcc/arm-none-eabi/5.4.1/armv6-m/crtend.o
LOAD c:/program files (x86)/cypress/psoc creator/4.2/psoc creator/import/gnu/arm/5.4.1/bin/../lib/gcc/arm-none-eabi/5.4.1/armv6-m/crtn.o
START GROUP
LOAD c:/program files (x86)/cypress/psoc creator/4.2/psoc creator/import/gnu/arm/5.4.1/bin/../lib/gcc/arm-none-eabi/5.4.1/armv6-m\libgcc.a
LOAD c:/program files (x86)/cypress/psoc creator/4.2/psoc creator/import/gnu/arm/5.4.1/bin/../lib/gcc/arm-none-eabi/5.4.1/../../../../arm-none-eabi/lib/armv6-m\libc.a
LOAD c:/program files (x86)/cypress/psoc creator/4.2/psoc creator/import/gnu/arm/5.4.1/bin/../lib/gcc/arm-none-eabi/5.4.1/../../../../arm-none-eabi/lib/armv6-m\libnosys.a
END GROUP
                0x00000000                CY_APPL_ORIGIN = 0x0
                0x00000080                CY_FLASH_ROW_SIZE = 0x80
                0x00000001                CY_APPL_NUM = 0x1
                0x00000001                CY_APPL_MAX = 0x1
                0x00000040                CY_METADATA_SIZE = 0x40
                0x00000000                CY_APPL_LOADABLE = 0x0
                0x00000000                CY_CHECKSUM_EXCLUDE_SIZE = ALIGN (0x0, CY_FLASH_ROW_SIZE)
                0x00000000                CY_APP_FOR_STACK_AND_COPIER = 0x0
                [!provide]                PROVIDE (__cy_heap_start, _end)
                0x00000001                PROVIDE (__cy_region_num, ((__cy_regions_end - __cy_regions) / 0x10))
                0x20004000                PROVIDE (__cy_stack, (ORIGIN (ram) + LENGTH (ram)))
                [!provide]                PROVIDE (__cy_heap_end, (__cy_stack - 0x800))

.cybootloader   0x00000000        0x0
 *(.cybootloader)
                0x00000000                appl1_start = CY_APPL_ORIGIN?CY_APPL_ORIGIN:ALIGN (CY_FLASH_ROW_SIZE)
                0x0000ff80                appl2_start = (appl1_start + ALIGN ((((LENGTH (rom) - appl1_start) - (0x2 * CY_FLASH_ROW_SIZE)) / 0x2), CY_FLASH_ROW_SIZE))
                0x00000000                appl_start = (CY_APPL_NUM == 0x1)?appl1_start:appl2_start
                0x00000001                cy_project_type_bootloader = (appl_start == 0x0)?0x1:0x0
                0x00000000                cy_project_type_app_for_stack_and_copier = (CY_APP_FOR_STACK_AND_COPIER == 0x1)?0x1:0x0

.text           0x00000000     0x3dc2
 CREATE_OBJECT_SYMBOLS
                0x00000000                PROVIDE (__cy_interrupt_vector, RomVectors)
 *(.romvectors)
 .romvectors    0x00000000       0x10 .\CortexM0\ARM_GCC_541\Debug\Cm0Start.o
                0x00000000                RomVectors
                0x00000001                ASSERT ((. != __cy_interrupt_vector), No interrupt vector)
                0x00000001                ASSERT (CY_APPL_ORIGIN?(SIZEOF (.cybootloader) <= CY_APPL_ORIGIN):0x1, Wrong image location)
                0x00000010                PROVIDE (__cy_reset, Reset)
 *(.text.Reset)
 .text.Reset    0x00000010        0x8 .\CortexM0\ARM_GCC_541\Debug\Cm0Start.o
                0x00000010                Reset
                0x00000001                ASSERT ((. != __cy_reset), No reset code)
 *(.psocinit)
 .psocinit      0x00000018      0x178 .\CortexM0\ARM_GCC_541\Debug\cyfitter_cfg.o
                0x00000094                cyfitter_cfg
                0x00000190                . = MAX (., 0x100)
 *(.text .text.* .gnu.linkonce.t.*)
 .text          0x00000190       0x60 c:/program files (x86)/cypress/psoc creator/4.2/psoc creator/import/gnu/arm/5.4.1/bin/../lib/gcc/arm-none-eabi/5.4.1/armv6-m/crtbegin.o
 .text.vBlinkTaskRed
                0x000001f0       0x18 .\CortexM0\ARM_GCC_541\Debug\main.o
                0x000001f0                vBlinkTaskRed
 .text.vUpdateLCDTask
                0x00000208       0xcc .\CortexM0\ARM_GCC_541\Debug\main.o
                0x00000208                vUpdateLCDTask
 .text.vSpinMotorTask
                0x000002d4       0x60 .\CortexM0\ARM_GCC_541\Debug\main.o
                0x000002d4                vSpinMotorTask
 .text.prvHardwareSetup
                0x00000334       0x20 .\CortexM0\ARM_GCC_541\Debug\main.o
                0x00000334                prvHardwareSetup
 .text.main     0x00000354       0x90 .\CortexM0\ARM_GCC_541\Debug\main.o
                0x00000354                main
 .text.vApplicationStackOverflowHook
                0x000003e4        0x4 .\CortexM0\ARM_GCC_541\Debug\main.o
                0x000003e4                vApplicationStackOverflowHook
 .text.vApplicationMallocFailedHook
                0x000003e8        0x4 .\CortexM0\ARM_GCC_541\Debug\main.o
                0x000003e8                vApplicationMallocFailedHook
 .text.pvPortMalloc
                0x000003ec       0x7c .\CortexM0\ARM_GCC_541\Debug\heap_1.o
                0x000003ec                pvPortMalloc
 .text.vPortFree
                0x00000468        0x4 .\CortexM0\ARM_GCC_541\Debug\heap_1.o
                0x00000468                vPortFree
 .text.vListInitialise
                0x0000046c       0x18 .\CortexM0\ARM_GCC_541\Debug\list.o
                0x0000046c                vListInitialise
 .text.vListInitialiseItem
                0x00000484        0x8 .\CortexM0\ARM_GCC_541\Debug\list.o
                0x00000484                vListInitialiseItem
 .text.vListInsertEnd
                0x0000048c       0x18 .\CortexM0\ARM_GCC_541\Debug\list.o
                0x0000048c                vListInsertEnd
 .text.vListInsert
                0x000004a4       0x30 .\CortexM0\ARM_GCC_541\Debug\list.o
                0x000004a4                vListInsert
 .text.uxListRemove
                0x000004d4       0x28 .\CortexM0\ARM_GCC_541\Debug\list.o
                0x000004d4                uxListRemove
 .text.prvTaskExitError
                0x000004fc       0x14 .\CortexM0\ARM_GCC_541\Debug\port.o
 .text.vPortStartFirstTask
                0x00000510       0x34 .\CortexM0\ARM_GCC_541\Debug\port.o
 .text.pxPortInitialiseStack
                0x00000544       0x20 .\CortexM0\ARM_GCC_541\Debug\port.o
                0x00000544                pxPortInitialiseStack
 .text.vPortSVCHandler
                0x00000564        0x4 .\CortexM0\ARM_GCC_541\Debug\port.o
                0x00000564                vPortSVCHandler
 .text.vPortYield
                0x00000568       0x18 .\CortexM0\ARM_GCC_541\Debug\port.o
                0x00000568                vPortYield
 .text.vPortEnterCritical
                0x00000580       0x18 .\CortexM0\ARM_GCC_541\Debug\port.o
                0x00000580                vPortEnterCritical
 .text.vPortExitCritical
                0x00000598       0x14 .\CortexM0\ARM_GCC_541\Debug\port.o
                0x00000598                vPortExitCritical
 .text.ulSetInterruptMaskFromISR
                0x000005ac        0x8 .\CortexM0\ARM_GCC_541\Debug\port.o
                0x000005ac                ulSetInterruptMaskFromISR
 .text.vClearInterruptMaskFromISR
                0x000005b4        0x8 .\CortexM0\ARM_GCC_541\Debug\port.o
                0x000005b4                vClearInterruptMaskFromISR
 *fill*         0x000005bc        0x4 
 .text.xPortPendSVHandler
                0x000005c0       0x44 .\CortexM0\ARM_GCC_541\Debug\port.o
                0x000005c0                xPortPendSVHandler
 .text.xPortSysTickHandler
                0x00000604       0x24 .\CortexM0\ARM_GCC_541\Debug\port.o
                0x00000604                xPortSysTickHandler
 .text.vPortSetupTimerInterrupt
                0x00000628       0x28 .\CortexM0\ARM_GCC_541\Debug\port.o
                0x00000628                vPortSetupTimerInterrupt
 .text.xPortStartScheduler
                0x00000650       0x3c .\CortexM0\ARM_GCC_541\Debug\port.o
                0x00000650                xPortStartScheduler
 .text.prvGetDisinheritPriorityAfterTimeout
                0x0000068c       0x14 .\CortexM0\ARM_GCC_541\Debug\queue.o
 .text.prvIsQueueFull
                0x000006a0       0x20 .\CortexM0\ARM_GCC_541\Debug\queue.o
 .text.prvIsQueueEmpty
                0x000006c0       0x1c .\CortexM0\ARM_GCC_541\Debug\queue.o
 .text.prvCopyDataToQueue
                0x000006dc       0x84 .\CortexM0\ARM_GCC_541\Debug\queue.o
 .text.prvCopyDataFromQueue
                0x00000760       0x24 .\CortexM0\ARM_GCC_541\Debug\queue.o
 .text.prvUnlockQueue
                0x00000784       0x70 .\CortexM0\ARM_GCC_541\Debug\queue.o
 .text.xQueueGenericReset
                0x000007f4       0x88 .\CortexM0\ARM_GCC_541\Debug\queue.o
                0x000007f4                xQueueGenericReset
 .text.prvInitialiseNewQueue
                0x0000087c       0x1c .\CortexM0\ARM_GCC_541\Debug\queue.o
 .text.xQueueGenericCreate
                0x00000898       0x54 .\CortexM0\ARM_GCC_541\Debug\queue.o
                0x00000898                xQueueGenericCreate
 .text.xQueueGenericSend
                0x000008ec       0xec .\CortexM0\ARM_GCC_541\Debug\queue.o
                0x000008ec                xQueueGenericSend
 .text.prvInitialiseMutex
                0x000009d8       0x18 .\CortexM0\ARM_GCC_541\Debug\queue.o
 .text.xQueueCreateMutex
                0x000009f0       0x18 .\CortexM0\ARM_GCC_541\Debug\queue.o
                0x000009f0                xQueueCreateMutex
 .text.xQueueGiveFromISR
                0x00000a08       0x70 .\CortexM0\ARM_GCC_541\Debug\queue.o
                0x00000a08                xQueueGiveFromISR
 .text.xQueueSemaphoreTake
                0x00000a78      0x11c .\CortexM0\ARM_GCC_541\Debug\queue.o
                0x00000a78                xQueueSemaphoreTake
 .text.xQueueReceiveFromISR
                0x00000b94       0x80 .\CortexM0\ARM_GCC_541\Debug\queue.o
                0x00000b94                xQueueReceiveFromISR
 .text.prvTaskIsTaskSuspended
                0x00000c14       0x28 .\CortexM0\ARM_GCC_541\Debug\tasks.o
 .text.prvResetNextTaskUnblockTime
                0x00000c3c       0x24 .\CortexM0\ARM_GCC_541\Debug\tasks.o
 .text.prvDeleteTCB
                0x00000c60       0x14 .\CortexM0\ARM_GCC_541\Debug\tasks.o
 .text.prvInitialiseNewTask
                0x00000c74       0x90 .\CortexM0\ARM_GCC_541\Debug\tasks.o
 .text.prvInitialiseTaskLists
                0x00000d04       0x58 .\CortexM0\ARM_GCC_541\Debug\tasks.o
 .text.prvAddNewTaskToReadyList
                0x00000d5c       0xb4 .\CortexM0\ARM_GCC_541\Debug\tasks.o
 .text.prvCheckTasksWaitingTermination
                0x00000e10       0x38 .\CortexM0\ARM_GCC_541\Debug\tasks.o
 .text.prvIdleTask
                0x00000e48        0x8 .\CortexM0\ARM_GCC_541\Debug\tasks.o
 .text.prvAddCurrentTaskToDelayedList
                0x00000e50       0x80 .\CortexM0\ARM_GCC_541\Debug\tasks.o
 .text.xTaskCreate
                0x00000ed0       0x68 .\CortexM0\ARM_GCC_541\Debug\tasks.o
                0x00000ed0                xTaskCreate
 .text.vTaskResume
                0x00000f38       0x8c .\CortexM0\ARM_GCC_541\Debug\tasks.o
                0x00000f38                vTaskResume
 .text.vTaskStartScheduler
                0x00000fc4       0x50 .\CortexM0\ARM_GCC_541\Debug\tasks.o
                0x00000fc4                vTaskStartScheduler
 .text.vTaskSuspendAll
                0x00001014       0x10 .\CortexM0\ARM_GCC_541\Debug\tasks.o
                0x00001014                vTaskSuspendAll
 .text.uxTaskGetNumberOfTasks
                0x00001024        0xc .\CortexM0\ARM_GCC_541\Debug\tasks.o
                0x00001024                uxTaskGetNumberOfTasks
 .text.xTaskIncrementTick
                0x00001030      0x15c .\CortexM0\ARM_GCC_541\Debug\tasks.o
                0x00001030                xTaskIncrementTick
 .text.xTaskResumeAll
                0x0000118c      0x12c .\CortexM0\ARM_GCC_541\Debug\tasks.o
                0x0000118c                xTaskResumeAll
 .text.vTaskDelay
                0x000012b8       0x24 .\CortexM0\ARM_GCC_541\Debug\tasks.o
                0x000012b8                vTaskDelay
 .text.vTaskSwitchContext
                0x000012dc       0xac .\CortexM0\ARM_GCC_541\Debug\tasks.o
                0x000012dc                vTaskSwitchContext
 .text.vTaskSuspend
                0x00001388       0x9c .\CortexM0\ARM_GCC_541\Debug\tasks.o
                0x00001388                vTaskSuspend
 .text.vTaskPlaceOnEventList
                0x00001424       0x1c .\CortexM0\ARM_GCC_541\Debug\tasks.o
                0x00001424                vTaskPlaceOnEventList
 .text.xTaskRemoveFromEventList
                0x00001440       0xe0 .\CortexM0\ARM_GCC_541\Debug\tasks.o
                0x00001440                xTaskRemoveFromEventList
 .text.vTaskInternalSetTimeOutState
                0x00001520       0x10 .\CortexM0\ARM_GCC_541\Debug\tasks.o
                0x00001520                vTaskInternalSetTimeOutState
 .text.xTaskCheckForTimeOut
                0x00001530       0x58 .\CortexM0\ARM_GCC_541\Debug\tasks.o
                0x00001530                xTaskCheckForTimeOut
 .text.vTaskMissedYield
                0x00001588        0xc .\CortexM0\ARM_GCC_541\Debug\tasks.o
                0x00001588                vTaskMissedYield
 .text.xTaskPriorityInherit
                0x00001594       0xbc .\CortexM0\ARM_GCC_541\Debug\tasks.o
                0x00001594                xTaskPriorityInherit
 .text.xTaskPriorityDisinherit
                0x00001650       0x88 .\CortexM0\ARM_GCC_541\Debug\tasks.o
                0x00001650                xTaskPriorityDisinherit
 .text.vTaskPriorityDisinheritAfterTimeout
                0x000016d8       0x94 .\CortexM0\ARM_GCC_541\Debug\tasks.o
                0x000016d8                vTaskPriorityDisinheritAfterTimeout
 .text.pvTaskIncrementMutexHeldCount
                0x0000176c       0x1c .\CortexM0\ARM_GCC_541\Debug\tasks.o
                0x0000176c                pvTaskIncrementMutexHeldCount
 .text.cfg_write_bytes32
                0x00001788       0x34 .\CortexM0\ARM_GCC_541\Debug\cyfitter_cfg.o
 .text.CYMEMZERO
                0x000017bc        0xc .\CortexM0\ARM_GCC_541\Debug\cyfitter_cfg.o
 .text.SetAnalogRoutingPumps
                0x000017c8       0x20 .\CortexM0\ARM_GCC_541\Debug\cyfitter_cfg.o
                0x000017c8                SetAnalogRoutingPumps
 .text.AnalogSetDefault
                0x000017e8       0x3c .\CortexM0\ARM_GCC_541\Debug\cyfitter_cfg.o
 .text.IntDefaultHandler
                0x00001824       0x10 .\CortexM0\ARM_GCC_541\Debug\Cm0Start.o
                0x00001824                IntDefaultHandler
 .text.Start_c  0x00001834       0x48 .\CortexM0\ARM_GCC_541\Debug\Cm0Start.o
                0x00001834                Start_c
 .text.initialize_psoc
                0x0000187c       0x4c .\CortexM0\ARM_GCC_541\Debug\Cm0Start.o
                0x0000187c                initialize_psoc
 .text.ADC_Init
                0x000018c8       0xec .\CortexM0\ARM_GCC_541\Debug\Design01.a(ADC.o)
                0x000018c8                ADC_Init
 .text.ADC_Enable
                0x000019b4       0x30 .\CortexM0\ARM_GCC_541\Debug\Design01.a(ADC.o)
                0x000019b4                ADC_Enable
 .text.ADC_Start
                0x000019e4       0x20 .\CortexM0\ARM_GCC_541\Debug\Design01.a(ADC.o)
                0x000019e4                ADC_Start
 .text.ADC_StartConvert
                0x00001a04       0x14 .\CortexM0\ARM_GCC_541\Debug\Design01.a(ADC.o)
                0x00001a04                ADC_StartConvert
 .text.ADC_GetResult16
                0x00001a18       0x2c .\CortexM0\ARM_GCC_541\Debug\Design01.a(ADC.o)
                0x00001a18                ADC_GetResult16
 .text.ADC_ISR  0x00001a44        0xc .\CortexM0\ARM_GCC_541\Debug\Design01.a(ADC_INT.o)
                0x00001a44                ADC_ISR
 .text.R_LED_Write
                0x00001a50       0x18 .\CortexM0\ARM_GCC_541\Debug\Design01.a(R_LED.o)
                0x00001a50                R_LED_Write
 .text.R_LED_Read
                0x00001a68       0x10 .\CortexM0\ARM_GCC_541\Debug\Design01.a(R_LED.o)
                0x00001a68                R_LED_Read
 .text.MOTOR_Write
                0x00001a78       0x18 .\CortexM0\ARM_GCC_541\Debug\Design01.a(MOTOR.o)
                0x00001a78                MOTOR_Write
 .text.ADC_ISR_Interrupt
                0x00001a90       0x34 .\CortexM0\ARM_GCC_541\Debug\Design01.a(ADC_ISR.o)
                0x00001a90                ADC_ISR_Interrupt
 .text.ADC_ISR_SetVector
                0x00001ac4        0xc .\CortexM0\ARM_GCC_541\Debug\Design01.a(ADC_ISR.o)
                0x00001ac4                ADC_ISR_SetVector
 .text.ADC_ISR_SetPriority
                0x00001ad0       0x24 .\CortexM0\ARM_GCC_541\Debug\Design01.a(ADC_ISR.o)
                0x00001ad0                ADC_ISR_SetPriority
 .text.ADC_ISR_Enable
                0x00001af4        0xc .\CortexM0\ARM_GCC_541\Debug\Design01.a(ADC_ISR.o)
                0x00001af4                ADC_ISR_Enable
 .text.ADC_ISR_Disable
                0x00001b00        0xc .\CortexM0\ARM_GCC_541\Debug\Design01.a(ADC_ISR.o)
                0x00001b00                ADC_ISR_Disable
 .text.ADC_ISR_Start
                0x00001b0c       0x1c .\CortexM0\ARM_GCC_541\Debug\Design01.a(ADC_ISR.o)
                0x00001b0c                ADC_ISR_Start
 .text.SW_ISR_Interrupt
                0x00001b28       0x6c .\CortexM0\ARM_GCC_541\Debug\Design01.a(SW_ISR.o)
                0x00001b28                SW_ISR_Interrupt
 .text.SW_ISR_SetVector
                0x00001b94        0xc .\CortexM0\ARM_GCC_541\Debug\Design01.a(SW_ISR.o)
                0x00001b94                SW_ISR_SetVector
 .text.SW_ISR_SetPriority
                0x00001ba0       0x20 .\CortexM0\ARM_GCC_541\Debug\Design01.a(SW_ISR.o)
                0x00001ba0                SW_ISR_SetPriority
 .text.SW_ISR_Enable
                0x00001bc0        0xc .\CortexM0\ARM_GCC_541\Debug\Design01.a(SW_ISR.o)
                0x00001bc0                SW_ISR_Enable
 .text.SW_ISR_Disable
                0x00001bcc        0xc .\CortexM0\ARM_GCC_541\Debug\Design01.a(SW_ISR.o)
                0x00001bcc                SW_ISR_Disable
 .text.SW_ISR_Start
                0x00001bd8       0x1c .\CortexM0\ARM_GCC_541\Debug\Design01.a(SW_ISR.o)
                0x00001bd8                SW_ISR_Start
 .text.LCD_WrCntrlNib
                0x00001bf4       0x34 .\CortexM0\ARM_GCC_541\Debug\Design01.a(LCD.o)
 .text.LCD_WrDatNib
                0x00001c28       0x44 .\CortexM0\ARM_GCC_541\Debug\Design01.a(LCD.o)
 .text.LCD_IsReady
                0x00001c6c       0xb4 .\CortexM0\ARM_GCC_541\Debug\Design01.a(LCD.o)
                0x00001c6c                LCD_IsReady
 .text.LCD_WriteData
                0x00001d20       0x18 .\CortexM0\ARM_GCC_541\Debug\Design01.a(LCD.o)
                0x00001d20                LCD_WriteData
 .text.LCD_PrintString
                0x00001d38       0x1c .\CortexM0\ARM_GCC_541\Debug\Design01.a(LCD.o)
                0x00001d38                LCD_PrintString
 .text.LCD_PutChar
                0x00001d54        0x8 .\CortexM0\ARM_GCC_541\Debug\Design01.a(LCD.o)
                0x00001d54                LCD_PutChar
 .text.LCD_WriteControl
                0x00001d5c       0x18 .\CortexM0\ARM_GCC_541\Debug\Design01.a(LCD.o)
                0x00001d5c                LCD_WriteControl
 .text.LCD_Position
                0x00001d74       0x3c .\CortexM0\ARM_GCC_541\Debug\Design01.a(LCD.o)
                0x00001d74                LCD_Position
 .text.LCD_PrintU32Number
                0x00001db0       0x4c .\CortexM0\ARM_GCC_541\Debug\Design01.a(LCD.o)
                0x00001db0                LCD_PrintU32Number
 .text.CySysClkImoDisableWcoLock
                0x00001dfc       0x54 .\CortexM0\ARM_GCC_541\Debug\Design01.a(CyLib.o)
                0x00001dfc                CySysClkImoDisableWcoLock
 .text.CySysClkImoGetWcoLock
                0x00001e50       0x14 .\CortexM0\ARM_GCC_541\Debug\Design01.a(CyLib.o)
                0x00001e50                CySysClkImoGetWcoLock
 .text.CyIntEnable
                0x00001e64       0x14 .\CortexM0\ARM_GCC_541\Debug\Design01.a(CyLib.o)
                0x00001e64                CyIntEnable
 .text.CyHalt   0x00001e78        0x4 .\CortexM0\ARM_GCC_541\Debug\Design01.a(CyLib.o)
                0x00001e78                CyHalt
 .text.CyIntSetVector
                0x00001e7c       0x24 .\CortexM0\ARM_GCC_541\Debug\Design01.a(CyLib.o)
                0x00001e7c                CyIntSetVector
 .text.CyIntSetPriority
                0x00001ea0       0x4c .\CortexM0\ARM_GCC_541\Debug\Design01.a(CyLib.o)
                0x00001ea0                CyIntSetPriority
 .text.CyDelay  0x00001eec       0x30 .\CortexM0\ARM_GCC_541\Debug\Design01.a(CyLib.o)
                0x00001eec                CyDelay
 .text.CySysClkImoEnableWcoLock
                0x00001f1c       0xf4 .\CortexM0\ARM_GCC_541\Debug\Design01.a(CyLib.o)
                0x00001f1c                CySysClkImoEnableWcoLock
 .text.CySysClkWriteImoFreq
                0x00002010       0x80 .\CortexM0\ARM_GCC_541\Debug\Design01.a(CyLib.o)
                0x00002010                CySysClkWriteImoFreq
 .text.CyDelayUs
                0x00002090       0x14 .\CortexM0\ARM_GCC_541\Debug\Design01.a(CyLib.o)
                0x00002090                CyDelayUs
 .text.CySysWdtLocked
                0x000020a4       0x14 .\CortexM0\ARM_GCC_541\Debug\Design01.a(CyLFClk.o)
 .text.CySysClkWcoEnabled
                0x000020b8       0x14 .\CortexM0\ARM_GCC_541\Debug\Design01.a(CyLFClk.o)
                0x000020b8                CySysClkWcoEnabled
 .text.CySysWdtLock
                0x000020cc       0x1c .\CortexM0\ARM_GCC_541\Debug\Design01.a(CyLFClk.o)
                0x000020cc                CySysWdtLock
 .text.CySysWdtUnlock
                0x000020e8       0x30 .\CortexM0\ARM_GCC_541\Debug\Design01.a(CyLFClk.o)
                0x000020e8                CySysWdtUnlock
 .text.CySysWdtClearInterrupt
                0x00002118       0x4c .\CortexM0\ARM_GCC_541\Debug\Design01.a(CyLFClk.o)
                0x00002118                CySysWdtClearInterrupt
 .text.CySysWdtIsr
                0x00002164       0xa4 .\CortexM0\ARM_GCC_541\Debug\Design01.a(CyLFClk.o)
                0x00002164                CySysWdtIsr
 .text          0x00002208       0x20 .\CortexM0\ARM_GCC_541\Debug\Design01.a(CyBootAsmGnu.o)
                0x00002208                CyDelayCycles
                0x0000221a                CyEnterCriticalSection
                0x00002222                CyExitCriticalSection
 .text.SW_ClearInterrupt
                0x00002228       0x14 .\CortexM0\ARM_GCC_541\Debug\Design01.a(SW.o)
                0x00002228                SW_ClearInterrupt
 .text.CySysFlashSetWaitCycles
                0x0000223c       0x54 .\CortexM0\ARM_GCC_541\Debug\Design01.a(CyFlash.o)
                0x0000223c                CySysFlashSetWaitCycles
 .text          0x00002290      0x114 c:/program files (x86)/cypress/psoc creator/4.2/psoc creator/import/gnu/arm/5.4.1/bin/../lib/gcc/arm-none-eabi/5.4.1/armv6-m\libgcc.a(_udivsi3.o)
                0x00002290                __aeabi_uidiv
                0x00002290                __udivsi3
                0x0000239c                __aeabi_uidivmod
 .text          0x000023a4        0x4 c:/program files (x86)/cypress/psoc creator/4.2/psoc creator/import/gnu/arm/5.4.1/bin/../lib/gcc/arm-none-eabi/5.4.1/armv6-m\libgcc.a(_dvmd_tls.o)
                0x000023a4                __aeabi_idiv0
                0x000023a4                __aeabi_ldiv0
 .text          0x000023a8      0x2ec c:/program files (x86)/cypress/psoc creator/4.2/psoc creator/import/gnu/arm/5.4.1/bin/../lib/gcc/arm-none-eabi/5.4.1/armv6-m\libgcc.a(addsf3.o)
                0x000023a8                __aeabi_fadd
 .text          0x00002694      0x228 c:/program files (x86)/cypress/psoc creator/4.2/psoc creator/import/gnu/arm/5.4.1/bin/../lib/gcc/arm-none-eabi/5.4.1/armv6-m\libgcc.a(mulsf3.o)
                0x00002694                __aeabi_fmul
 .text          0x000028bc       0x44 c:/program files (x86)/cypress/psoc creator/4.2/psoc creator/import/gnu/arm/5.4.1/bin/../lib/gcc/arm-none-eabi/5.4.1/armv6-m\libgcc.a(fixsfsi.o)
                0x000028bc                __aeabi_f2iz
 .text          0x00002900      0x62c c:/program files (x86)/cypress/psoc creator/4.2/psoc creator/import/gnu/arm/5.4.1/bin/../lib/gcc/arm-none-eabi/5.4.1/armv6-m\libgcc.a(divdf3.o)
                0x00002900                __aeabi_ddiv
 .text          0x00002f2c      0x4f4 c:/program files (x86)/cypress/psoc creator/4.2/psoc creator/import/gnu/arm/5.4.1/bin/../lib/gcc/arm-none-eabi/5.4.1/armv6-m\libgcc.a(muldf3.o)
                0x00002f2c                __aeabi_dmul
 .text          0x00003420      0x6a8 c:/program files (x86)/cypress/psoc creator/4.2/psoc creator/import/gnu/arm/5.4.1/bin/../lib/gcc/arm-none-eabi/5.4.1/armv6-m\libgcc.a(subdf3.o)
                0x00003420                __aeabi_dsub
 .text          0x00003ac8       0x84 c:/program files (x86)/cypress/psoc creator/4.2/psoc creator/import/gnu/arm/5.4.1/bin/../lib/gcc/arm-none-eabi/5.4.1/armv6-m\libgcc.a(floatsidf.o)
                0x00003ac8                __aeabi_i2d
 .text          0x00003b4c       0xa8 c:/program files (x86)/cypress/psoc creator/4.2/psoc creator/import/gnu/arm/5.4.1/bin/../lib/gcc/arm-none-eabi/5.4.1/armv6-m\libgcc.a(extendsfdf2.o)
                0x00003b4c                __aeabi_f2d
 .text          0x00003bf4      0x118 c:/program files (x86)/cypress/psoc creator/4.2/psoc creator/import/gnu/arm/5.4.1/bin/../lib/gcc/arm-none-eabi/5.4.1/armv6-m\libgcc.a(truncdfsf2.o)
                0x00003bf4                __aeabi_d2f
 .text          0x00003d0c       0x3c c:/program files (x86)/cypress/psoc creator/4.2/psoc creator/import/gnu/arm/5.4.1/bin/../lib/gcc/arm-none-eabi/5.4.1/armv6-m\libgcc.a(_clzsi2.o)
                0x00003d0c                __clzsi2
 .text.__errno  0x00003d48        0xc c:/program files (x86)/cypress/psoc creator/4.2/psoc creator/import/gnu/arm/5.4.1/bin/../lib/gcc/arm-none-eabi/5.4.1/../../../../arm-none-eabi/lib/armv6-m\libg_nano.a(lib_a-errno.o)
                0x00003d48                __errno
 .text.__libc_init_array
                0x00003d54       0x4c c:/program files (x86)/cypress/psoc creator/4.2/psoc creator/import/gnu/arm/5.4.1/bin/../lib/gcc/arm-none-eabi/5.4.1/../../../../arm-none-eabi/lib/armv6-m\libg_nano.a(lib_a-init.o)
                0x00003d54                __libc_init_array
 .text.memcpy   0x00003da0       0x12 c:/program files (x86)/cypress/psoc creator/4.2/psoc creator/import/gnu/arm/5.4.1/bin/../lib/gcc/arm-none-eabi/5.4.1/../../../../arm-none-eabi/lib/armv6-m\libg_nano.a(lib_a-memcpy-stub.o)
                0x00003da0                memcpy
 .text.memset   0x00003db2       0x10 c:/program files (x86)/cypress/psoc creator/4.2/psoc creator/import/gnu/arm/5.4.1/bin/../lib/gcc/arm-none-eabi/5.4.1/../../../../arm-none-eabi/lib/armv6-m\libg_nano.a(lib_a-memset.o)
                0x00003db2                memset
 *(.plt)
 *(.gnu.warning)
 *(.glue_7t)
 .glue_7t       0x00003dc2        0x0 linker stubs
 *(.glue_7)
 .glue_7        0x00003dc2        0x0 linker stubs
 *(.vfp11_veneer)
 .vfp11_veneer  0x00003dc2        0x0 linker stubs
 *(.bootloader)
 *(.ARM.extab* .gnu.linkonce.armextab.*)
 *(.gcc_except_table)

.v4_bx          0x00003dc4        0x0
 .v4_bx         0x00003dc4        0x0 linker stubs

.iplt           0x00003dc4        0x0
 .iplt          0x00003dc4        0x0 c:/program files (x86)/cypress/psoc creator/4.2/psoc creator/import/gnu/arm/5.4.1/bin/../lib/gcc/arm-none-eabi/5.4.1/armv6-m/crtbegin.o

.eh_frame_hdr
 *(.eh_frame_hdr)

.eh_frame       0x00003dc4        0x4
 *(.eh_frame)
 .eh_frame      0x00003dc4        0x0 c:/program files (x86)/cypress/psoc creator/4.2/psoc creator/import/gnu/arm/5.4.1/bin/../lib/gcc/arm-none-eabi/5.4.1/armv6-m/crtbegin.o
 .eh_frame      0x00003dc4        0x4 c:/program files (x86)/cypress/psoc creator/4.2/psoc creator/import/gnu/arm/5.4.1/bin/../lib/gcc/arm-none-eabi/5.4.1/armv6-m/crtend.o
                [!provide]                PROVIDE (__exidx_start, .)

.ARM.exidx
 *(.ARM.exidx* .gnu.linkonce.armexidx.*)
                0x00003dc8                __exidx_end = .

.rodata         0x00003dc8      0x170
 *(.rodata .rodata.* .gnu.linkonce.r.*)
 .rodata.str1.4
                0x00003dc8       0x22 .\CortexM0\ARM_GCC_541\Debug\main.o
 *fill*         0x00003dea        0x2 
 .rodata.str1.4
                0x00003dec        0x8 .\CortexM0\ARM_GCC_541\Debug\tasks.o
                                  0x5 (size before relaxing)
 .rodata        0x00003df4       0x18 .\CortexM0\ARM_GCC_541\Debug\cyfitter_cfg.o
 .rodata        0x00003e0c       0x2e .\CortexM0\ARM_GCC_541\Debug\Design01.a(CyLib.o)
                0x00003e0c                cyImoFreqMhz2Reg
 *fill*         0x00003e3a        0x2 
 .rodata        0x00003e3c       0x40 c:/program files (x86)/cypress/psoc creator/4.2/psoc creator/import/gnu/arm/5.4.1/bin/../lib/gcc/arm-none-eabi/5.4.1/armv6-m\libgcc.a(mulsf3.o)
 .rodata        0x00003e7c       0x40 c:/program files (x86)/cypress/psoc creator/4.2/psoc creator/import/gnu/arm/5.4.1/bin/../lib/gcc/arm-none-eabi/5.4.1/armv6-m\libgcc.a(divdf3.o)
 .rodata        0x00003ebc       0x40 c:/program files (x86)/cypress/psoc creator/4.2/psoc creator/import/gnu/arm/5.4.1/bin/../lib/gcc/arm-none-eabi/5.4.1/armv6-m\libgcc.a(muldf3.o)
 .rodata.str1.1
                0x00003efc        0x2 c:/program files (x86)/cypress/psoc creator/4.2/psoc creator/import/gnu/arm/5.4.1/bin/../lib/gcc/arm-none-eabi/5.4.1/../../../../arm-none-eabi/lib/armv6-m\libg_nano.a(lib_a-impure.o)
                0x00003f00                . = ALIGN (0x4)
 *fill*         0x00003efe        0x2 
 *(.init)
 .init          0x00003f00        0x4 c:/program files (x86)/cypress/psoc creator/4.2/psoc creator/import/gnu/arm/5.4.1/bin/../lib/gcc/arm-none-eabi/5.4.1/armv6-m/crti.o
                0x00003f00                _init
 .init          0x00003f04        0x8 c:/program files (x86)/cypress/psoc creator/4.2/psoc creator/import/gnu/arm/5.4.1/bin/../lib/gcc/arm-none-eabi/5.4.1/armv6-m/crtn.o
                0x00003f0c                . = ALIGN (0x4)
                0x00003f0c                __preinit_array_start = .
 *(.preinit_array)
                0x00003f0c                __preinit_array_end = .
                0x00003f0c                . = ALIGN (0x4)
                0x00003f0c                __init_array_start = .
 *(SORT(.init_array.*))
 *(.init_array)
 .init_array    0x00003f0c        0x4 c:/program files (x86)/cypress/psoc creator/4.2/psoc creator/import/gnu/arm/5.4.1/bin/../lib/gcc/arm-none-eabi/5.4.1/armv6-m/crtbegin.o
 .init_array    0x00003f10        0x4 .\CortexM0\ARM_GCC_541\Debug\Cm0Start.o
                0x00003f14                __init_array_end = .
                0x00003f14                . = ALIGN (0x4)
 *(.fini)
 .fini          0x00003f14        0x4 c:/program files (x86)/cypress/psoc creator/4.2/psoc creator/import/gnu/arm/5.4.1/bin/../lib/gcc/arm-none-eabi/5.4.1/armv6-m/crti.o
                0x00003f14                _fini
 .fini          0x00003f18        0x8 c:/program files (x86)/cypress/psoc creator/4.2/psoc creator/import/gnu/arm/5.4.1/bin/../lib/gcc/arm-none-eabi/5.4.1/armv6-m/crtn.o
                0x00003f20                . = ALIGN (0x4)
                0x00003f20                __fini_array_start = .
 *(.fini_array)
 .fini_array    0x00003f20        0x4 c:/program files (x86)/cypress/psoc creator/4.2/psoc creator/import/gnu/arm/5.4.1/bin/../lib/gcc/arm-none-eabi/5.4.1/armv6-m/crtbegin.o
 *(SORT(.fini_array.*))
                0x00003f24                __fini_array_end = .
                0x00003f24                . = ALIGN (0x4)
 *crtbegin.o(.ctors)
 *(EXCLUDE_FILE(*crtend.o) .ctors)
 *(SORT(.ctors.*))
 *crtend.o(.ctors)
                0x00003f24                . = ALIGN (0x4)
 *crtbegin.o(.dtors)
 *(EXCLUDE_FILE(*crtend.o) .dtors)
 *(SORT(.dtors.*))
 *crtend.o(.dtors)
                0x00003f24                . = ALIGN (0x4)
                0x00003f24                __cy_regions = .
                0x00003f24        0x4 LONG 0x3f38 __cy_region_init_ram
                0x00003f28        0x4 LONG 0x200000c0 __cy_region_start_data
                0x00003f2c        0x4 LONG 0x90 __cy_region_init_size_ram
                0x00003f30        0x4 LONG 0x970 __cy_region_zero_size_ram
                0x00003f34                __cy_regions_end = .
                0x00003f38                . = ALIGN (0x8)
 *fill*         0x00003f34        0x4 
                0x00003f38                _etext = .

.cy_checksum_exclude
                0x00003f38        0x0
 *(.cy_checksum_exclude)

.ramvectors     0x20000000       0xc0
                0x20000000                __cy_region_start_ram = .
 *(.ramvectors)
 .ramvectors    0x20000000       0xc0 .\CortexM0\ARM_GCC_541\Debug\Cm0Start.o
                0x20000000                CyRamVectors

.noinit
 *(.noinit)

.data           0x200000c0       0x90 load address 0x00003f38
                0x200000c0                __cy_region_start_data = .
 *(.jcr)
 .jcr           0x200000c0        0x0 c:/program files (x86)/cypress/psoc creator/4.2/psoc creator/import/gnu/arm/5.4.1/bin/../lib/gcc/arm-none-eabi/5.4.1/armv6-m/crtbegin.o
 .jcr           0x200000c0        0x4 c:/program files (x86)/cypress/psoc creator/4.2/psoc creator/import/gnu/arm/5.4.1/bin/../lib/gcc/arm-none-eabi/5.4.1/armv6-m/crtend.o
 *(.got.plt)
 *(.got)
 *(.shdata)
 *(.data .data.* .gnu.linkonce.d.*)
 .data          0x200000c4        0x4 .\CortexM0\ARM_GCC_541\Debug\port.o
 .data          0x200000c8        0x4 .\CortexM0\ARM_GCC_541\Debug\tasks.o
                0x200000c8                uxTopUsedPriority
 .data          0x200000cc        0x4 .\CortexM0\ARM_GCC_541\Debug\Design01.a(SW_ISR.o)
                0x200000cc                onOff
 .data          0x200000d0       0x14 .\CortexM0\ARM_GCC_541\Debug\Design01.a(CyLib.o)
                0x200000d0                CySysClkPumpConfig
                0x200000d4                cydelay32kMs
                0x200000d8                cydelayFreqKhz
                0x200000dc                cydelayFreqMhz
                0x200000e0                cydelayFreqHz
 .data          0x200000e4        0x8 .\CortexM0\ARM_GCC_541\Debug\Design01.a(CyLFClk.o)
 .data.impure_data
                0x200000ec       0x60 c:/program files (x86)/cypress/psoc creator/4.2/psoc creator/import/gnu/arm/5.4.1/bin/../lib/gcc/arm-none-eabi/5.4.1/../../../../arm-none-eabi/lib/armv6-m\libg_nano.a(lib_a-impure.o)
 .data._impure_ptr
                0x2000014c        0x4 c:/program files (x86)/cypress/psoc creator/4.2/psoc creator/import/gnu/arm/5.4.1/bin/../lib/gcc/arm-none-eabi/5.4.1/../../../../arm-none-eabi/lib/armv6-m\libg_nano.a(lib_a-impure.o)
                0x2000014c                _impure_ptr
                0x20000150                . = ALIGN (0x8)
 *(.ram)
                0x20000150                _edata = .

.igot.plt       0x20000150        0x0 load address 0x00003fc8
 .igot.plt      0x20000150        0x0 c:/program files (x86)/cypress/psoc creator/4.2/psoc creator/import/gnu/arm/5.4.1/bin/../lib/gcc/arm-none-eabi/5.4.1/armv6-m/crtbegin.o

.bss            0x20000150      0x970 load address 0x00003fc8
                0x20000150                PROVIDE (__bss_start__, .)
 *(.shbss)
 *(.bss .bss.* .gnu.linkonce.b.*)
 .bss           0x20000150       0x1c c:/program files (x86)/cypress/psoc creator/4.2/psoc creator/import/gnu/arm/5.4.1/bin/../lib/gcc/arm-none-eabi/5.4.1/armv6-m/crtbegin.o
 .bss           0x2000016c      0x808 .\CortexM0\ARM_GCC_541\Debug\heap_1.o
 .bss           0x20000974      0x104 .\CortexM0\ARM_GCC_541\Debug\tasks.o
                0x20000a4c                pxCurrentTCB
 .bss           0x20000a78        0x1 .\CortexM0\ARM_GCC_541\Debug\Design01.a(ADC.o)
                0x20000a78                ADC_initVar
 *fill*         0x20000a79        0x3 
 .bss           0x20000a7c       0x28 .\CortexM0\ARM_GCC_541\Debug\Design01.a(CyLFClk.o)
 *(COMMON)
 COMMON         0x20000aa4       0x14 .\CortexM0\ARM_GCC_541\Debug\main.o
                0x20000aa4                blink_task
                0x20000aa8                motor_task
                0x20000aac                adc_mutex
                0x20000ab0                adcDV
                0x20000ab4                lcd_task
 COMMON         0x20000ab8        0x6 .\CortexM0\ARM_GCC_541\Debug\Design01.a(ADC.o)
                0x20000ab8                ADC_countsPer10Volt
                0x20000abc                ADC_offset
                0x20000ac0                . = ALIGN (0x8)
 *fill*         0x20000abe        0x2 
 *(.ram.b)
                0x20000ac0                _end = .
                0x20000ac0                __end = .
                0x20000ac0                PROVIDE (end, .)
                0x20000ac0                PROVIDE (__bss_end__, .)
                0x00003f38                __cy_region_init_ram = LOADADDR (.data)
                0x00000090                __cy_region_init_size_ram = (_edata - ADDR (.data))
                0x00000970                __cy_region_zero_size_ram = (_end - _edata)

.heap           0x20000ac0     0x2000 load address 0x00003fc8
                0x20000ac0                . = _end
                0x20002ac0                . = (. + 0x2000)
 *fill*         0x20000ac0     0x2000 
                0x20002ac0                __cy_heap_limit = .

.stack          0x20003800      0x800
                0x20003800                __cy_stack_limit = .
                0x20004000                . = (. + 0x800)
 *fill*         0x20003800      0x800 
                0x00000001                ASSERT ((__cy_stack_limit >= __cy_heap_limit), region RAM overflowed with stack)
                0x00000000                cy_checksum_exclude_size = (CY_APPL_LOADABLE == 0x1)?SIZEOF (.cy_checksum_exclude):0x0
                0x00000001                ASSERT ((cy_checksum_exclude_size <= CY_CHECKSUM_EXCLUDE_SIZE), CY_BOOT: Section .cy_checksum_exclude size exceedes specified limit.)
                0x0001ffc0                cyloadermeta_start = (cy_project_type_bootloader || cy_project_type_app_for_stack_and_copier)?(LENGTH (rom) - CY_METADATA_SIZE):0xf0000000

.cyloadermeta
 *(.cyloadermeta)
                0x0001ffc0                cyloadablemeta_start = cy_project_type_app_for_stack_and_copier?((LENGTH (rom) - CY_FLASH_ROW_SIZE) - CY_METADATA_SIZE):((LENGTH (rom) - (CY_FLASH_ROW_SIZE * (CY_APPL_NUM - 0x1))) - CY_METADATA_SIZE)

.cyloadablemeta
 *(.cyloadablemeta)

.cyflashprotect
                0x90400000       0x80
 *(.cyflashprotect)
 .cyflashprotect
                0x90400000       0x80 .\CortexM0\ARM_GCC_541\Debug\cymetadata.o
                0x90400000                cy_meta_flashprotect

.cymeta         0x90500000        0xc
 *(.cymeta)
 .cymeta        0x90500000        0xc .\CortexM0\ARM_GCC_541\Debug\cymetadata.o
                0x90500000                cy_metadata

.cychipprotect  0x90600000        0x1
 *(.cychipprotect)
 .cychipprotect
                0x90600000        0x1 .\CortexM0\ARM_GCC_541\Debug\cymetadata.o
                0x90600000                cy_meta_chipprotect

.rel.dyn        0x00003fc8        0x0 load address 0x90600004
 .rel.iplt      0x00003fc8        0x0 c:/program files (x86)/cypress/psoc creator/4.2/psoc creator/import/gnu/arm/5.4.1/bin/../lib/gcc/arm-none-eabi/5.4.1/armv6-m/crtbegin.o

.stab
 *(.stab)

.stabstr
 *(.stabstr)

.debug
 *(.debug)

.line
 *(.line)

.debug_srcinfo
 *(.debug_srcinfo)

.debug_sfnames
 *(.debug_sfnames)

.debug_aranges  0x00000000      0xbe0
 *(.debug_aranges)
 .debug_aranges
                0x00000000       0x50 .\CortexM0\ARM_GCC_541\Debug\main.o
 .debug_aranges
                0x00000050       0x18 .\CortexM0\ARM_GCC_541\Debug\croutine.o
 .debug_aranges
                0x00000068       0x38 .\CortexM0\ARM_GCC_541\Debug\heap_1.o
 .debug_aranges
                0x000000a0       0x40 .\CortexM0\ARM_GCC_541\Debug\list.o
 .debug_aranges
                0x000000e0       0x88 .\CortexM0\ARM_GCC_541\Debug\port.o
 .debug_aranges
                0x00000168      0x110 .\CortexM0\ARM_GCC_541\Debug\queue.o
 .debug_aranges
                0x00000278      0x1c0 .\CortexM0\ARM_GCC_541\Debug\tasks.o
 .debug_aranges
                0x00000438       0x18 .\CortexM0\ARM_GCC_541\Debug\timers.o
 .debug_aranges
                0x00000450       0x48 .\CortexM0\ARM_GCC_541\Debug\cyfitter_cfg.o
 .debug_aranges
                0x00000498       0x18 .\CortexM0\ARM_GCC_541\Debug\cymetadata.o
 .debug_aranges
                0x000004b0       0x48 .\CortexM0\ARM_GCC_541\Debug\Cm0Start.o
 .debug_aranges
                0x000004f8       0xa8 .\CortexM0\ARM_GCC_541\Debug\Design01.a(ADC.o)
 .debug_aranges
                0x000005a0       0x20 .\CortexM0\ARM_GCC_541\Debug\Design01.a(ADC_INT.o)
 .debug_aranges
                0x000005c0       0x48 .\CortexM0\ARM_GCC_541\Debug\Design01.a(R_LED.o)
 .debug_aranges
                0x00000608       0x48 .\CortexM0\ARM_GCC_541\Debug\Design01.a(MOTOR.o)
 .debug_aranges
                0x00000650       0x80 .\CortexM0\ARM_GCC_541\Debug\Design01.a(ADC_ISR.o)
 .debug_aranges
                0x000006d0       0x80 .\CortexM0\ARM_GCC_541\Debug\Design01.a(SW_ISR.o)
 .debug_aranges
                0x00000750       0x98 .\CortexM0\ARM_GCC_541\Debug\Design01.a(LCD.o)
 .debug_aranges
                0x000007e8      0x1c8 .\CortexM0\ARM_GCC_541\Debug\Design01.a(CyLib.o)
 .debug_aranges
                0x000009b0      0x188 .\CortexM0\ARM_GCC_541\Debug\Design01.a(CyLFClk.o)
 .debug_aranges
                0x00000b38       0x20 .\CortexM0\ARM_GCC_541\Debug\Design01.a(CyBootAsmGnu.o)
 .debug_aranges
                0x00000b58       0x48 .\CortexM0\ARM_GCC_541\Debug\Design01.a(SW.o)
 .debug_aranges
                0x00000ba0       0x40 .\CortexM0\ARM_GCC_541\Debug\Design01.a(CyFlash.o)

.debug_pubnames
 *(.debug_pubnames)

.debug_info     0x00000000     0x8d93
 *(.debug_info .gnu.linkonce.wi.*)
 .debug_info    0x00000000      0x641 .\CortexM0\ARM_GCC_541\Debug\main.o
 .debug_info    0x00000641       0x87 .\CortexM0\ARM_GCC_541\Debug\croutine.o
 .debug_info    0x000006c8      0x1d0 .\CortexM0\ARM_GCC_541\Debug\heap_1.o
 .debug_info    0x00000898      0x2ba .\CortexM0\ARM_GCC_541\Debug\list.o
 .debug_info    0x00000b52      0x2dc .\CortexM0\ARM_GCC_541\Debug\port.o
 .debug_info    0x00000e2e     0x19b8 .\CortexM0\ARM_GCC_541\Debug\queue.o
 .debug_info    0x000027e6     0x20fd .\CortexM0\ARM_GCC_541\Debug\tasks.o
 .debug_info    0x000048e3       0x87 .\CortexM0\ARM_GCC_541\Debug\timers.o
 .debug_info    0x0000496a      0x405 .\CortexM0\ARM_GCC_541\Debug\cyfitter_cfg.o
 .debug_info    0x00004d6f       0xf8 .\CortexM0\ARM_GCC_541\Debug\cymetadata.o
 .debug_info    0x00004e67      0x3a2 .\CortexM0\ARM_GCC_541\Debug\Cm0Start.o
 .debug_info    0x00005209      0x579 .\CortexM0\ARM_GCC_541\Debug\Design01.a(ADC.o)
 .debug_info    0x00005782       0xcb .\CortexM0\ARM_GCC_541\Debug\Design01.a(ADC_INT.o)
 .debug_info    0x0000584d      0x19d .\CortexM0\ARM_GCC_541\Debug\Design01.a(R_LED.o)
 .debug_info    0x000059ea      0x19b .\CortexM0\ARM_GCC_541\Debug\Design01.a(MOTOR.o)
 .debug_info    0x00005b85      0x3ce .\CortexM0\ARM_GCC_541\Debug\Design01.a(ADC_ISR.o)
 .debug_info    0x00005f53      0x3f4 .\CortexM0\ARM_GCC_541\Debug\Design01.a(SW_ISR.o)
 .debug_info    0x00006347      0x721 .\CortexM0\ARM_GCC_541\Debug\Design01.a(LCD.o)
 .debug_info    0x00006a68      0xd3f .\CortexM0\ARM_GCC_541\Debug\Design01.a(CyLib.o)
 .debug_info    0x000077a7     0x1058 .\CortexM0\ARM_GCC_541\Debug\Design01.a(CyLFClk.o)
 .debug_info    0x000087ff       0xa7 .\CortexM0\ARM_GCC_541\Debug\Design01.a(CyBootAsmGnu.o)
 .debug_info    0x000088a6      0x19d .\CortexM0\ARM_GCC_541\Debug\Design01.a(SW.o)
 .debug_info    0x00008a43      0x350 .\CortexM0\ARM_GCC_541\Debug\Design01.a(CyFlash.o)

.debug_abbrev   0x00000000     0x1dd8
 *(.debug_abbrev)
 .debug_abbrev  0x00000000      0x212 .\CortexM0\ARM_GCC_541\Debug\main.o
 .debug_abbrev  0x00000212       0x26 .\CortexM0\ARM_GCC_541\Debug\croutine.o
 .debug_abbrev  0x00000238      0x12a .\CortexM0\ARM_GCC_541\Debug\heap_1.o
 .debug_abbrev  0x00000362       0xe3 .\CortexM0\ARM_GCC_541\Debug\list.o
 .debug_abbrev  0x00000445      0x18a .\CortexM0\ARM_GCC_541\Debug\port.o
 .debug_abbrev  0x000005cf      0x224 .\CortexM0\ARM_GCC_541\Debug\queue.o
 .debug_abbrev  0x000007f3      0x281 .\CortexM0\ARM_GCC_541\Debug\tasks.o
 .debug_abbrev  0x00000a74       0x26 .\CortexM0\ARM_GCC_541\Debug\timers.o
 .debug_abbrev  0x00000a9a      0x1cf .\CortexM0\ARM_GCC_541\Debug\cyfitter_cfg.o
 .debug_abbrev  0x00000c69       0x5d .\CortexM0\ARM_GCC_541\Debug\cymetadata.o
 .debug_abbrev  0x00000cc6      0x1d7 .\CortexM0\ARM_GCC_541\Debug\Cm0Start.o
 .debug_abbrev  0x00000e9d      0x184 .\CortexM0\ARM_GCC_541\Debug\Design01.a(ADC.o)
 .debug_abbrev  0x00001021       0x65 .\CortexM0\ARM_GCC_541\Debug\Design01.a(ADC_INT.o)
 .debug_abbrev  0x00001086       0xc8 .\CortexM0\ARM_GCC_541\Debug\Design01.a(R_LED.o)
 .debug_abbrev  0x0000114e       0xc8 .\CortexM0\ARM_GCC_541\Debug\Design01.a(MOTOR.o)
 .debug_abbrev  0x00001216      0x1ce .\CortexM0\ARM_GCC_541\Debug\Design01.a(ADC_ISR.o)
 .debug_abbrev  0x000013e4      0x1c5 .\CortexM0\ARM_GCC_541\Debug\Design01.a(SW_ISR.o)
 .debug_abbrev  0x000015a9      0x171 .\CortexM0\ARM_GCC_541\Debug\Design01.a(LCD.o)
 .debug_abbrev  0x0000171a      0x218 .\CortexM0\ARM_GCC_541\Debug\Design01.a(CyLib.o)
 .debug_abbrev  0x00001932      0x248 .\CortexM0\ARM_GCC_541\Debug\Design01.a(CyLFClk.o)
 .debug_abbrev  0x00001b7a       0x14 .\CortexM0\ARM_GCC_541\Debug\Design01.a(CyBootAsmGnu.o)
 .debug_abbrev  0x00001b8e       0xc8 .\CortexM0\ARM_GCC_541\Debug\Design01.a(SW.o)
 .debug_abbrev  0x00001c56      0x182 .\CortexM0\ARM_GCC_541\Debug\Design01.a(CyFlash.o)

.debug_line     0x00000000     0x382c
 *(.debug_line)
 .debug_line    0x00000000      0x271 .\CortexM0\ARM_GCC_541\Debug\main.o
 .debug_line    0x00000271       0x1d .\CortexM0\ARM_GCC_541\Debug\croutine.o
 .debug_line    0x0000028e      0x248 .\CortexM0\ARM_GCC_541\Debug\heap_1.o
 .debug_line    0x000004d6      0x1e2 .\CortexM0\ARM_GCC_541\Debug\list.o
 .debug_line    0x000006b8      0x28e .\CortexM0\ARM_GCC_541\Debug\port.o
 .debug_line    0x00000946      0x6d8 .\CortexM0\ARM_GCC_541\Debug\queue.o
 .debug_line    0x0000101e      0xbc1 .\CortexM0\ARM_GCC_541\Debug\tasks.o
 .debug_line    0x00001bdf       0x1d .\CortexM0\ARM_GCC_541\Debug\timers.o
 .debug_line    0x00001bfc      0x193 .\CortexM0\ARM_GCC_541\Debug\cyfitter_cfg.o
 .debug_line    0x00001d8f      0x141 .\CortexM0\ARM_GCC_541\Debug\cymetadata.o
 .debug_line    0x00001ed0      0x236 .\CortexM0\ARM_GCC_541\Debug\Cm0Start.o
 .debug_line    0x00002106      0x26d .\CortexM0\ARM_GCC_541\Debug\Design01.a(ADC.o)
 .debug_line    0x00002373       0x62 .\CortexM0\ARM_GCC_541\Debug\Design01.a(ADC_INT.o)
 .debug_line    0x000023d5       0xbd .\CortexM0\ARM_GCC_541\Debug\Design01.a(R_LED.o)
 .debug_line    0x00002492       0xbf .\CortexM0\ARM_GCC_541\Debug\Design01.a(MOTOR.o)
 .debug_line    0x00002551      0x197 .\CortexM0\ARM_GCC_541\Debug\Design01.a(ADC_ISR.o)
 .debug_line    0x000026e8      0x195 .\CortexM0\ARM_GCC_541\Debug\Design01.a(SW_ISR.o)
 .debug_line    0x0000287d      0x1e6 .\CortexM0\ARM_GCC_541\Debug\Design01.a(LCD.o)
 .debug_line    0x00002a63      0x563 .\CortexM0\ARM_GCC_541\Debug\Design01.a(CyLib.o)
 .debug_line    0x00002fc6      0x5d1 .\CortexM0\ARM_GCC_541\Debug\Design01.a(CyLFClk.o)
 .debug_line    0x00003597       0x68 .\CortexM0\ARM_GCC_541\Debug\Design01.a(CyBootAsmGnu.o)
 .debug_line    0x000035ff       0xba .\CortexM0\ARM_GCC_541\Debug\Design01.a(SW.o)
 .debug_line    0x000036b9      0x173 .\CortexM0\ARM_GCC_541\Debug\Design01.a(CyFlash.o)

.debug_frame    0x00000000     0x227c
 *(.debug_frame)
 .debug_frame   0x00000000       0xb4 .\CortexM0\ARM_GCC_541\Debug\main.o
 .debug_frame   0x000000b4       0x60 .\CortexM0\ARM_GCC_541\Debug\heap_1.o
 .debug_frame   0x00000114       0x6c .\CortexM0\ARM_GCC_541\Debug\list.o
 .debug_frame   0x00000180      0x118 .\CortexM0\ARM_GCC_541\Debug\port.o
 .debug_frame   0x00000298      0x3a4 .\CortexM0\ARM_GCC_541\Debug\queue.o
 .debug_frame   0x0000063c      0x608 .\CortexM0\ARM_GCC_541\Debug\tasks.o
 .debug_frame   0x00000c44       0xb4 .\CortexM0\ARM_GCC_541\Debug\cyfitter_cfg.o
 .debug_frame   0x00000cf8       0xbc .\CortexM0\ARM_GCC_541\Debug\Cm0Start.o
 .debug_frame   0x00000db4      0x1b0 .\CortexM0\ARM_GCC_541\Debug\Design01.a(ADC.o)
 .debug_frame   0x00000f64       0x20 .\CortexM0\ARM_GCC_541\Debug\Design01.a(ADC_INT.o)
 .debug_frame   0x00000f84       0x70 .\CortexM0\ARM_GCC_541\Debug\Design01.a(R_LED.o)
 .debug_frame   0x00000ff4       0x70 .\CortexM0\ARM_GCC_541\Debug\Design01.a(MOTOR.o)
 .debug_frame   0x00001064      0x11c .\CortexM0\ARM_GCC_541\Debug\Design01.a(ADC_ISR.o)
 .debug_frame   0x00001180      0x11c .\CortexM0\ARM_GCC_541\Debug\Design01.a(SW_ISR.o)
 .debug_frame   0x0000129c      0x1f0 .\CortexM0\ARM_GCC_541\Debug\Design01.a(LCD.o)
 .debug_frame   0x0000148c      0x48c .\CortexM0\ARM_GCC_541\Debug\Design01.a(CyLib.o)
 .debug_frame   0x00001918      0x4a4 .\CortexM0\ARM_GCC_541\Debug\Design01.a(CyLFClk.o)
 .debug_frame   0x00001dbc       0x70 .\CortexM0\ARM_GCC_541\Debug\Design01.a(SW.o)
 .debug_frame   0x00001e2c       0x90 .\CortexM0\ARM_GCC_541\Debug\Design01.a(CyFlash.o)
 .debug_frame   0x00001ebc       0x20 c:/program files (x86)/cypress/psoc creator/4.2/psoc creator/import/gnu/arm/5.4.1/bin/../lib/gcc/arm-none-eabi/5.4.1/armv6-m\libgcc.a(_udivsi3.o)
 .debug_frame   0x00001edc       0x20 c:/program files (x86)/cypress/psoc creator/4.2/psoc creator/import/gnu/arm/5.4.1/bin/../lib/gcc/arm-none-eabi/5.4.1/armv6-m\libgcc.a(_divsi3.o)
 .debug_frame   0x00001efc       0x34 c:/program files (x86)/cypress/psoc creator/4.2/psoc creator/import/gnu/arm/5.4.1/bin/../lib/gcc/arm-none-eabi/5.4.1/armv6-m\libgcc.a(_muldi3.o)
 .debug_frame   0x00001f30       0x30 c:/program files (x86)/cypress/psoc creator/4.2/psoc creator/import/gnu/arm/5.4.1/bin/../lib/gcc/arm-none-eabi/5.4.1/armv6-m\libgcc.a(bpabi.o)
 .debug_frame   0x00001f60       0x30 c:/program files (x86)/cypress/psoc creator/4.2/psoc creator/import/gnu/arm/5.4.1/bin/../lib/gcc/arm-none-eabi/5.4.1/armv6-m\libgcc.a(addsf3.o)
 .debug_frame   0x00001f90       0x3c c:/program files (x86)/cypress/psoc creator/4.2/psoc creator/import/gnu/arm/5.4.1/bin/../lib/gcc/arm-none-eabi/5.4.1/armv6-m\libgcc.a(divsf3.o)
 .debug_frame   0x00001fcc       0x38 c:/program files (x86)/cypress/psoc creator/4.2/psoc creator/import/gnu/arm/5.4.1/bin/../lib/gcc/arm-none-eabi/5.4.1/armv6-m\libgcc.a(mulsf3.o)
 .debug_frame   0x00002004       0x20 c:/program files (x86)/cypress/psoc creator/4.2/psoc creator/import/gnu/arm/5.4.1/bin/../lib/gcc/arm-none-eabi/5.4.1/armv6-m\libgcc.a(fixsfsi.o)
 .debug_frame   0x00002024       0x2c c:/program files (x86)/cypress/psoc creator/4.2/psoc creator/import/gnu/arm/5.4.1/bin/../lib/gcc/arm-none-eabi/5.4.1/armv6-m\libgcc.a(floatsisf.o)
 .debug_frame   0x00002050       0x3c c:/program files (x86)/cypress/psoc creator/4.2/psoc creator/import/gnu/arm/5.4.1/bin/../lib/gcc/arm-none-eabi/5.4.1/armv6-m\libgcc.a(divdf3.o)
 .debug_frame   0x0000208c       0x3c c:/program files (x86)/cypress/psoc creator/4.2/psoc creator/import/gnu/arm/5.4.1/bin/../lib/gcc/arm-none-eabi/5.4.1/armv6-m\libgcc.a(muldf3.o)
 .debug_frame   0x000020c8       0x38 c:/program files (x86)/cypress/psoc creator/4.2/psoc creator/import/gnu/arm/5.4.1/bin/../lib/gcc/arm-none-eabi/5.4.1/armv6-m\libgcc.a(subdf3.o)
 .debug_frame   0x00002100       0x2c c:/program files (x86)/cypress/psoc creator/4.2/psoc creator/import/gnu/arm/5.4.1/bin/../lib/gcc/arm-none-eabi/5.4.1/armv6-m\libgcc.a(floatsidf.o)
 .debug_frame   0x0000212c       0x2c c:/program files (x86)/cypress/psoc creator/4.2/psoc creator/import/gnu/arm/5.4.1/bin/../lib/gcc/arm-none-eabi/5.4.1/armv6-m\libgcc.a(extendsfdf2.o)
 .debug_frame   0x00002158       0x2c c:/program files (x86)/cypress/psoc creator/4.2/psoc creator/import/gnu/arm/5.4.1/bin/../lib/gcc/arm-none-eabi/5.4.1/armv6-m\libgcc.a(truncdfsf2.o)
 .debug_frame   0x00002184       0x3c c:/program files (x86)/cypress/psoc creator/4.2/psoc creator/import/gnu/arm/5.4.1/bin/../lib/gcc/arm-none-eabi/5.4.1/armv6-m\libgcc.a(_divdi3.o)
 .debug_frame   0x000021c0       0x20 c:/program files (x86)/cypress/psoc creator/4.2/psoc creator/import/gnu/arm/5.4.1/bin/../lib/gcc/arm-none-eabi/5.4.1/../../../../arm-none-eabi/lib/armv6-m\libg_nano.a(lib_a-errno.o)
 .debug_frame   0x000021e0       0x28 c:/program files (x86)/cypress/psoc creator/4.2/psoc creator/import/gnu/arm/5.4.1/bin/../lib/gcc/arm-none-eabi/5.4.1/../../../../arm-none-eabi/lib/armv6-m\libg_nano.a(lib_a-exit.o)
 .debug_frame   0x00002208       0x2c c:/program files (x86)/cypress/psoc creator/4.2/psoc creator/import/gnu/arm/5.4.1/bin/../lib/gcc/arm-none-eabi/5.4.1/../../../../arm-none-eabi/lib/armv6-m\libg_nano.a(lib_a-init.o)
 .debug_frame   0x00002234       0x28 c:/program files (x86)/cypress/psoc creator/4.2/psoc creator/import/gnu/arm/5.4.1/bin/../lib/gcc/arm-none-eabi/5.4.1/../../../../arm-none-eabi/lib/armv6-m\libg_nano.a(lib_a-memcpy-stub.o)
 .debug_frame   0x0000225c       0x20 c:/program files (x86)/cypress/psoc creator/4.2/psoc creator/import/gnu/arm/5.4.1/bin/../lib/gcc/arm-none-eabi/5.4.1/../../../../arm-none-eabi/lib/armv6-m\libg_nano.a(lib_a-memset.o)

.debug_str      0x00000000     0x2ec5
 *(.debug_str)
 .debug_str     0x00000000      0x421 .\CortexM0\ARM_GCC_541\Debug\main.o
                                0x483 (size before relaxing)
 .debug_str     0x00000421       0x1b .\CortexM0\ARM_GCC_541\Debug\croutine.o
                                0x1ad (size before relaxing)
 .debug_str     0x0000043c       0xba .\CortexM0\ARM_GCC_541\Debug\heap_1.o
                                0x28f (size before relaxing)
 .debug_str     0x000004f6      0x134 .\CortexM0\ARM_GCC_541\Debug\list.o
                                0x2fc (size before relaxing)
 .debug_str     0x0000062a      0x17b .\CortexM0\ARM_GCC_541\Debug\port.o
                                0x387 (size before relaxing)
 .debug_str     0x000007a5      0x6ce .\CortexM0\ARM_GCC_541\Debug\queue.o
                                0xaaf (size before relaxing)
 .debug_str     0x00000e73      0x95c .\CortexM0\ARM_GCC_541\Debug\tasks.o
                                0xf97 (size before relaxing)
 .debug_str     0x000017cf       0x19 .\CortexM0\ARM_GCC_541\Debug\timers.o
                                0x1ab (size before relaxing)
 .debug_str     0x000017e8      0x143 .\CortexM0\ARM_GCC_541\Debug\cyfitter_cfg.o
                                0x314 (size before relaxing)
 .debug_str     0x0000192b       0x59 .\CortexM0\ARM_GCC_541\Debug\cymetadata.o
                                0x1df (size before relaxing)
 .debug_str     0x00001984      0x120 .\CortexM0\ARM_GCC_541\Debug\Cm0Start.o
                                0x318 (size before relaxing)
 .debug_str     0x00001aa4      0x1d6 .\CortexM0\ARM_GCC_541\Debug\Design01.a(ADC.o)
                                0x3db (size before relaxing)
 .debug_str     0x00001c7a       0x35 .\CortexM0\ARM_GCC_541\Debug\Design01.a(ADC_INT.o)
                                0x1d4 (size before relaxing)
 .debug_str     0x00001caf       0x90 .\CortexM0\ARM_GCC_541\Debug\Design01.a(R_LED.o)
                                0x24d (size before relaxing)
 .debug_str     0x00001d3f       0x7b .\CortexM0\ARM_GCC_541\Debug\Design01.a(MOTOR.o)
                                0x24d (size before relaxing)
 .debug_str     0x00001dba      0x14f .\CortexM0\ARM_GCC_541\Debug\Design01.a(ADC_ISR.o)
                                0x3b5 (size before relaxing)
 .debug_str     0x00001f09       0xff .\CortexM0\ARM_GCC_541\Debug\Design01.a(SW_ISR.o)
                                0x398 (size before relaxing)
 .debug_str     0x00002008      0x14a .\CortexM0\ARM_GCC_541\Debug\Design01.a(LCD.o)
                                0x343 (size before relaxing)
 .debug_str     0x00002152      0x597 .\CortexM0\ARM_GCC_541\Debug\Design01.a(CyLib.o)
                                0x814 (size before relaxing)
 .debug_str     0x000026e9      0x6dc .\CortexM0\ARM_GCC_541\Debug\Design01.a(CyLFClk.o)
                                0x934 (size before relaxing)
 .debug_str     0x00002dc5       0x60 .\CortexM0\ARM_GCC_541\Debug\Design01.a(SW.o)
                                0x238 (size before relaxing)
 .debug_str     0x00002e25       0xa0 .\CortexM0\ARM_GCC_541\Debug\Design01.a(CyFlash.o)
                                0x2c7 (size before relaxing)

.debug_loc      0x00000000     0x5ad0
 *(.debug_loc)
 .debug_loc     0x00000000       0xee .\CortexM0\ARM_GCC_541\Debug\main.o
 .debug_loc     0x000000ee       0x6a .\CortexM0\ARM_GCC_541\Debug\heap_1.o
 .debug_loc     0x00000158       0x65 .\CortexM0\ARM_GCC_541\Debug\list.o
 .debug_loc     0x000001bd       0xa6 .\CortexM0\ARM_GCC_541\Debug\port.o
 .debug_loc     0x00000263     0x1927 .\CortexM0\ARM_GCC_541\Debug\queue.o
 .debug_loc     0x00001b8a     0x1b3b .\CortexM0\ARM_GCC_541\Debug\tasks.o
 .debug_loc     0x000036c5      0x136 .\CortexM0\ARM_GCC_541\Debug\cyfitter_cfg.o
 .debug_loc     0x000037fb      0x14f .\CortexM0\ARM_GCC_541\Debug\Cm0Start.o
 .debug_loc     0x0000394a      0x3a7 .\CortexM0\ARM_GCC_541\Debug\Design01.a(ADC.o)
 .debug_loc     0x00003cf1       0xa2 .\CortexM0\ARM_GCC_541\Debug\Design01.a(R_LED.o)
 .debug_loc     0x00003d93       0x81 .\CortexM0\ARM_GCC_541\Debug\Design01.a(MOTOR.o)
 .debug_loc     0x00003e14       0x82 .\CortexM0\ARM_GCC_541\Debug\Design01.a(ADC_ISR.o)
 .debug_loc     0x00003e96       0x82 .\CortexM0\ARM_GCC_541\Debug\Design01.a(SW_ISR.o)
 .debug_loc     0x00003f18      0x3e3 .\CortexM0\ARM_GCC_541\Debug\Design01.a(LCD.o)
 .debug_loc     0x000042fb      0x81c .\CortexM0\ARM_GCC_541\Debug\Design01.a(CyLib.o)
 .debug_loc     0x00004b17      0xdb7 .\CortexM0\ARM_GCC_541\Debug\Design01.a(CyLFClk.o)
 .debug_loc     0x000058ce       0xa2 .\CortexM0\ARM_GCC_541\Debug\Design01.a(SW.o)
 .debug_loc     0x00005970      0x160 .\CortexM0\ARM_GCC_541\Debug\Design01.a(CyFlash.o)

.debug_macinfo
 *(.debug_macinfo)

.debug_ranges   0x00000000      0xad0
 *(.debug_ranges)
 .debug_ranges  0x00000000       0x40 .\CortexM0\ARM_GCC_541\Debug\main.o
 .debug_ranges  0x00000040       0x28 .\CortexM0\ARM_GCC_541\Debug\heap_1.o
 .debug_ranges  0x00000068       0x30 .\CortexM0\ARM_GCC_541\Debug\list.o
 .debug_ranges  0x00000098       0x78 .\CortexM0\ARM_GCC_541\Debug\port.o
 .debug_ranges  0x00000110      0x148 .\CortexM0\ARM_GCC_541\Debug\queue.o
 .debug_ranges  0x00000258      0x1f0 .\CortexM0\ARM_GCC_541\Debug\tasks.o
 .debug_ranges  0x00000448       0x38 .\CortexM0\ARM_GCC_541\Debug\cyfitter_cfg.o
 .debug_ranges  0x00000480       0x38 .\CortexM0\ARM_GCC_541\Debug\Cm0Start.o
 .debug_ranges  0x000004b8       0x98 .\CortexM0\ARM_GCC_541\Debug\Design01.a(ADC.o)
 .debug_ranges  0x00000550       0x10 .\CortexM0\ARM_GCC_541\Debug\Design01.a(ADC_INT.o)
 .debug_ranges  0x00000560       0x38 .\CortexM0\ARM_GCC_541\Debug\Design01.a(R_LED.o)
 .debug_ranges  0x00000598       0x38 .\CortexM0\ARM_GCC_541\Debug\Design01.a(MOTOR.o)
 .debug_ranges  0x000005d0       0x70 .\CortexM0\ARM_GCC_541\Debug\Design01.a(ADC_ISR.o)
 .debug_ranges  0x00000640       0x70 .\CortexM0\ARM_GCC_541\Debug\Design01.a(SW_ISR.o)
 .debug_ranges  0x000006b0       0x88 .\CortexM0\ARM_GCC_541\Debug\Design01.a(LCD.o)
 .debug_ranges  0x00000738      0x1b8 .\CortexM0\ARM_GCC_541\Debug\Design01.a(CyLib.o)
 .debug_ranges  0x000008f0      0x178 .\CortexM0\ARM_GCC_541\Debug\Design01.a(CyLFClk.o)
 .debug_ranges  0x00000a68       0x38 .\CortexM0\ARM_GCC_541\Debug\Design01.a(SW.o)
 .debug_ranges  0x00000aa0       0x30 .\CortexM0\ARM_GCC_541\Debug\Design01.a(CyFlash.o)

.comment        0x00000000       0x6e
 .comment       0x00000000       0x6e .\CortexM0\ARM_GCC_541\Debug\main.o
                                 0x6f (size before relaxing)
 .comment       0x0000006e       0x6f .\CortexM0\ARM_GCC_541\Debug\croutine.o
 .comment       0x0000006e       0x6f .\CortexM0\ARM_GCC_541\Debug\heap_1.o
 .comment       0x0000006e       0x6f .\CortexM0\ARM_GCC_541\Debug\list.o
 .comment       0x0000006e       0x6f .\CortexM0\ARM_GCC_541\Debug\port.o
 .comment       0x0000006e       0x6f .\CortexM0\ARM_GCC_541\Debug\queue.o
 .comment       0x0000006e       0x6f .\CortexM0\ARM_GCC_541\Debug\tasks.o
 .comment       0x0000006e       0x6f .\CortexM0\ARM_GCC_541\Debug\timers.o
 .comment       0x0000006e       0x6f .\CortexM0\ARM_GCC_541\Debug\cyfitter_cfg.o
 .comment       0x0000006e       0x6f .\CortexM0\ARM_GCC_541\Debug\cymetadata.o
 .comment       0x0000006e       0x6f .\CortexM0\ARM_GCC_541\Debug\Cm0Start.o
 .comment       0x0000006e       0x6f .\CortexM0\ARM_GCC_541\Debug\Design01.a(ADC.o)
 .comment       0x0000006e       0x6f .\CortexM0\ARM_GCC_541\Debug\Design01.a(ADC_INT.o)
 .comment       0x0000006e       0x6f .\CortexM0\ARM_GCC_541\Debug\Design01.a(R_LED.o)
 .comment       0x0000006e       0x6f .\CortexM0\ARM_GCC_541\Debug\Design01.a(MOTOR.o)
 .comment       0x0000006e       0x6f .\CortexM0\ARM_GCC_541\Debug\Design01.a(ADC_ISR.o)
 .comment       0x0000006e       0x6f .\CortexM0\ARM_GCC_541\Debug\Design01.a(SW_ISR.o)
 .comment       0x0000006e       0x6f .\CortexM0\ARM_GCC_541\Debug\Design01.a(LCD.o)
 .comment       0x0000006e       0x6f .\CortexM0\ARM_GCC_541\Debug\Design01.a(CyLib.o)
 .comment       0x0000006e       0x6f .\CortexM0\ARM_GCC_541\Debug\Design01.a(CyLFClk.o)
 .comment       0x0000006e       0x6f .\CortexM0\ARM_GCC_541\Debug\Design01.a(SW.o)
 .comment       0x0000006e       0x6f .\CortexM0\ARM_GCC_541\Debug\Design01.a(CyFlash.o)

.debug_weaknames
 *(.debug_weaknames)

.debug_funcnames
 *(.debug_funcnames)

.debug_typenames
 *(.debug_typenames)

.debug_varnames
 *(.debug_varnames)

.note.gnu.arm.ident
 *(.note.gnu.arm.ident)

.ARM.attributes
                0x00000000       0x28
 *(.ARM.attributes)
 .ARM.attributes
                0x00000000       0x1e c:/program files (x86)/cypress/psoc creator/4.2/psoc creator/import/gnu/arm/5.4.1/bin/../lib/gcc/arm-none-eabi/5.4.1/armv6-m/crti.o
 .ARM.attributes
                0x0000001e       0x2c c:/program files (x86)/cypress/psoc creator/4.2/psoc creator/import/gnu/arm/5.4.1/bin/../lib/gcc/arm-none-eabi/5.4.1/armv6-m/crtbegin.o
 .ARM.attributes
                0x0000004a       0x1b c:/program files (x86)/cypress/psoc creator/4.2/psoc creator/import/gnu/arm/5.4.1/bin/../lib/gcc/arm-none-eabi/5.4.1/../../../../arm-none-eabi/lib/armv6-m/crt0.o
 .ARM.attributes
                0x00000065       0x31 .\CortexM0\ARM_GCC_541\Debug\main.o
 .ARM.attributes
                0x00000096       0x31 .\CortexM0\ARM_GCC_541\Debug\croutine.o
 .ARM.attributes
                0x000000c7       0x31 .\CortexM0\ARM_GCC_541\Debug\heap_1.o
 .ARM.attributes
                0x000000f8       0x31 .\CortexM0\ARM_GCC_541\Debug\list.o
 .ARM.attributes
                0x00000129       0x31 .\CortexM0\ARM_GCC_541\Debug\port.o
 .ARM.attributes
                0x0000015a       0x31 .\CortexM0\ARM_GCC_541\Debug\queue.o
 .ARM.attributes
                0x0000018b       0x31 .\CortexM0\ARM_GCC_541\Debug\tasks.o
 .ARM.attributes
                0x000001bc       0x31 .\CortexM0\ARM_GCC_541\Debug\timers.o
 .ARM.attributes
                0x000001ed       0x31 .\CortexM0\ARM_GCC_541\Debug\cyfitter_cfg.o
 .ARM.attributes
                0x0000021e       0x31 .\CortexM0\ARM_GCC_541\Debug\cymetadata.o
 .ARM.attributes
                0x0000024f       0x31 .\CortexM0\ARM_GCC_541\Debug\Cm0Start.o
 .ARM.attributes
                0x00000280       0x31 .\CortexM0\ARM_GCC_541\Debug\Design01.a(ADC.o)
 .ARM.attributes
                0x000002b1       0x31 .\CortexM0\ARM_GCC_541\Debug\Design01.a(ADC_INT.o)
 .ARM.attributes
                0x000002e2       0x31 .\CortexM0\ARM_GCC_541\Debug\Design01.a(R_LED.o)
 .ARM.attributes
                0x00000313       0x31 .\CortexM0\ARM_GCC_541\Debug\Design01.a(MOTOR.o)
 .ARM.attributes
                0x00000344       0x31 .\CortexM0\ARM_GCC_541\Debug\Design01.a(ADC_ISR.o)
 .ARM.attributes
                0x00000375       0x31 .\CortexM0\ARM_GCC_541\Debug\Design01.a(SW_ISR.o)
 .ARM.attributes
                0x000003a6       0x31 .\CortexM0\ARM_GCC_541\Debug\Design01.a(LCD.o)
 .ARM.attributes
                0x000003d7       0x31 .\CortexM0\ARM_GCC_541\Debug\Design01.a(CyLib.o)
 .ARM.attributes
                0x00000408       0x31 .\CortexM0\ARM_GCC_541\Debug\Design01.a(CyLFClk.o)
 .ARM.attributes
                0x00000439       0x21 .\CortexM0\ARM_GCC_541\Debug\Design01.a(CyBootAsmGnu.o)
 .ARM.attributes
                0x0000045a       0x31 .\CortexM0\ARM_GCC_541\Debug\Design01.a(SW.o)
 .ARM.attributes
                0x0000048b       0x31 .\CortexM0\ARM_GCC_541\Debug\Design01.a(CyFlash.o)
 .ARM.attributes
                0x000004bc       0x1e c:/program files (x86)/cypress/psoc creator/4.2/psoc creator/import/gnu/arm/5.4.1/bin/../lib/gcc/arm-none-eabi/5.4.1/armv6-m\libgcc.a(_udivsi3.o)
 .ARM.attributes
                0x000004da       0x1e c:/program files (x86)/cypress/psoc creator/4.2/psoc creator/import/gnu/arm/5.4.1/bin/../lib/gcc/arm-none-eabi/5.4.1/armv6-m\libgcc.a(_divsi3.o)
 .ARM.attributes
                0x000004f8       0x1e c:/program files (x86)/cypress/psoc creator/4.2/psoc creator/import/gnu/arm/5.4.1/bin/../lib/gcc/arm-none-eabi/5.4.1/armv6-m\libgcc.a(_dvmd_tls.o)
 .ARM.attributes
                0x00000516       0x1e c:/program files (x86)/cypress/psoc creator/4.2/psoc creator/import/gnu/arm/5.4.1/bin/../lib/gcc/arm-none-eabi/5.4.1/armv6-m\libgcc.a(_aeabi_ldivmod.o)
 .ARM.attributes
                0x00000534       0x2c c:/program files (x86)/cypress/psoc creator/4.2/psoc creator/import/gnu/arm/5.4.1/bin/../lib/gcc/arm-none-eabi/5.4.1/armv6-m\libgcc.a(_muldi3.o)
 .ARM.attributes
                0x00000560       0x2c c:/program files (x86)/cypress/psoc creator/4.2/psoc creator/import/gnu/arm/5.4.1/bin/../lib/gcc/arm-none-eabi/5.4.1/armv6-m\libgcc.a(bpabi.o)
 .ARM.attributes
                0x0000058c       0x2c c:/program files (x86)/cypress/psoc creator/4.2/psoc creator/import/gnu/arm/5.4.1/bin/../lib/gcc/arm-none-eabi/5.4.1/armv6-m\libgcc.a(addsf3.o)
 .ARM.attributes
                0x000005b8       0x2c c:/program files (x86)/cypress/psoc creator/4.2/psoc creator/import/gnu/arm/5.4.1/bin/../lib/gcc/arm-none-eabi/5.4.1/armv6-m\libgcc.a(divsf3.o)
 .ARM.attributes
                0x000005e4       0x2c c:/program files (x86)/cypress/psoc creator/4.2/psoc creator/import/gnu/arm/5.4.1/bin/../lib/gcc/arm-none-eabi/5.4.1/armv6-m\libgcc.a(mulsf3.o)
 .ARM.attributes
                0x00000610       0x2c c:/program files (x86)/cypress/psoc creator/4.2/psoc creator/import/gnu/arm/5.4.1/bin/../lib/gcc/arm-none-eabi/5.4.1/armv6-m\libgcc.a(fixsfsi.o)
 .ARM.attributes
                0x0000063c       0x2c c:/program files (x86)/cypress/psoc creator/4.2/psoc creator/import/gnu/arm/5.4.1/bin/../lib/gcc/arm-none-eabi/5.4.1/armv6-m\libgcc.a(floatsisf.o)
 .ARM.attributes
                0x00000668       0x2c c:/program files (x86)/cypress/psoc creator/4.2/psoc creator/import/gnu/arm/5.4.1/bin/../lib/gcc/arm-none-eabi/5.4.1/armv6-m\libgcc.a(divdf3.o)
 .ARM.attributes
                0x00000694       0x2c c:/program files (x86)/cypress/psoc creator/4.2/psoc creator/import/gnu/arm/5.4.1/bin/../lib/gcc/arm-none-eabi/5.4.1/armv6-m\libgcc.a(muldf3.o)
 .ARM.attributes
                0x000006c0       0x2c c:/program files (x86)/cypress/psoc creator/4.2/psoc creator/import/gnu/arm/5.4.1/bin/../lib/gcc/arm-none-eabi/5.4.1/armv6-m\libgcc.a(subdf3.o)
 .ARM.attributes
                0x000006ec       0x2c c:/program files (x86)/cypress/psoc creator/4.2/psoc creator/import/gnu/arm/5.4.1/bin/../lib/gcc/arm-none-eabi/5.4.1/armv6-m\libgcc.a(floatsidf.o)
 .ARM.attributes
                0x00000718       0x2c c:/program files (x86)/cypress/psoc creator/4.2/psoc creator/import/gnu/arm/5.4.1/bin/../lib/gcc/arm-none-eabi/5.4.1/armv6-m\libgcc.a(extendsfdf2.o)
 .ARM.attributes
                0x00000744       0x2c c:/program files (x86)/cypress/psoc creator/4.2/psoc creator/import/gnu/arm/5.4.1/bin/../lib/gcc/arm-none-eabi/5.4.1/armv6-m\libgcc.a(truncdfsf2.o)
 .ARM.attributes
                0x00000770       0x1e c:/program files (x86)/cypress/psoc creator/4.2/psoc creator/import/gnu/arm/5.4.1/bin/../lib/gcc/arm-none-eabi/5.4.1/armv6-m\libgcc.a(_clzsi2.o)
 .ARM.attributes
                0x0000078e       0x2c c:/program files (x86)/cypress/psoc creator/4.2/psoc creator/import/gnu/arm/5.4.1/bin/../lib/gcc/arm-none-eabi/5.4.1/armv6-m\libgcc.a(_divdi3.o)
 .ARM.attributes
                0x000007ba       0x1e c:/program files (x86)/cypress/psoc creator/4.2/psoc creator/import/gnu/arm/5.4.1/bin/../lib/gcc/arm-none-eabi/5.4.1/armv6-m\libgcc.a(_clzdi2.o)
 .ARM.attributes
                0x000007d8       0x2c c:/program files (x86)/cypress/psoc creator/4.2/psoc creator/import/gnu/arm/5.4.1/bin/../lib/gcc/arm-none-eabi/5.4.1/../../../../arm-none-eabi/lib/armv6-m\libg_nano.a(lib_a-errno.o)
 .ARM.attributes
                0x00000804       0x2c c:/program files (x86)/cypress/psoc creator/4.2/psoc creator/import/gnu/arm/5.4.1/bin/../lib/gcc/arm-none-eabi/5.4.1/../../../../arm-none-eabi/lib/armv6-m\libg_nano.a(lib_a-exit.o)
 .ARM.attributes
                0x00000830       0x2c c:/program files (x86)/cypress/psoc creator/4.2/psoc creator/import/gnu/arm/5.4.1/bin/../lib/gcc/arm-none-eabi/5.4.1/../../../../arm-none-eabi/lib/armv6-m\libg_nano.a(lib_a-impure.o)
 .ARM.attributes
                0x0000085c       0x2c c:/program files (x86)/cypress/psoc creator/4.2/psoc creator/import/gnu/arm/5.4.1/bin/../lib/gcc/arm-none-eabi/5.4.1/../../../../arm-none-eabi/lib/armv6-m\libg_nano.a(lib_a-init.o)
 .ARM.attributes
                0x00000888       0x2c c:/program files (x86)/cypress/psoc creator/4.2/psoc creator/import/gnu/arm/5.4.1/bin/../lib/gcc/arm-none-eabi/5.4.1/../../../../arm-none-eabi/lib/armv6-m\libg_nano.a(lib_a-memcpy-stub.o)
 .ARM.attributes
                0x000008b4       0x2c c:/program files (x86)/cypress/psoc creator/4.2/psoc creator/import/gnu/arm/5.4.1/bin/../lib/gcc/arm-none-eabi/5.4.1/../../../../arm-none-eabi/lib/armv6-m\libg_nano.a(lib_a-memset.o)
 .ARM.attributes
                0x000008e0       0x2c c:/program files (x86)/cypress/psoc creator/4.2/psoc creator/import/gnu/arm/5.4.1/bin/../lib/gcc/arm-none-eabi/5.4.1/armv6-m/crtend.o
 .ARM.attributes
                0x0000090c       0x1e c:/program files (x86)/cypress/psoc creator/4.2/psoc creator/import/gnu/arm/5.4.1/bin/../lib/gcc/arm-none-eabi/5.4.1/armv6-m/crtn.o

/DISCARD/
 *(.note.GNU-stack)
OUTPUT(C:\Users\Hello Kitty\Desktop\MicrocontrollersLab\Lab 8 - FreeRTOS\Project\Design01.cydsn\CortexM0\ARM_GCC_541\Debug\Design01.elf elf32-littlearm)
