Archive member included to satisfy reference by file (symbol)

.\CortexM0\ARM_GCC_541\Debug\Design01.a(UART.o)
                              .\CortexM0\ARM_GCC_541\Debug\main.o (UART_Start)
.\CortexM0\ARM_GCC_541\Debug\Design01.a(UART_SPI_UART.o)
                              .\CortexM0\ARM_GCC_541\Debug\main.o (UART_SpiUartWriteTxData)
.\CortexM0\ARM_GCC_541\Debug\Design01.a(UART_UART.o)
                              .\CortexM0\ARM_GCC_541\Debug\Design01.a(UART.o) (UART_UartInit)
.\CortexM0\ARM_GCC_541\Debug\Design01.a(Motor.o)
                              .\CortexM0\ARM_GCC_541\Debug\main.o (Motor_Write)
.\CortexM0\ARM_GCC_541\Debug\Design01.a(CyLib.o)
                              .\CortexM0\ARM_GCC_541\Debug\cyfitter_cfg.o (CyIntEnable)
.\CortexM0\ARM_GCC_541\Debug\Design01.a(CyLFClk.o)
                              .\CortexM0\ARM_GCC_541\Debug\Design01.a(CyLib.o) (CySysClkWcoEnabled)
.\CortexM0\ARM_GCC_541\Debug\Design01.a(CyBootAsmGnu.o)
                              .\CortexM0\ARM_GCC_541\Debug\Design01.a(CyLib.o) (CyDelayCycles)
.\CortexM0\ARM_GCC_541\Debug\Design01.a(CyFlash.o)
                              .\CortexM0\ARM_GCC_541\Debug\Design01.a(CyLib.o) (CySysFlashSetWaitCycles)
c:/program files (x86)/cypress/psoc creator/4.4/psoc creator/import/gnu/arm/5.4.1/bin/../lib/gcc/arm-none-eabi/5.4.1/armv6-m\libgcc.a(_udivsi3.o)
                              .\CortexM0\ARM_GCC_541\Debug\Design01.a(CyLib.o) (__aeabi_uidiv)
c:/program files (x86)/cypress/psoc creator/4.4/psoc creator/import/gnu/arm/5.4.1/bin/../lib/gcc/arm-none-eabi/5.4.1/armv6-m\libgcc.a(_divsi3.o)
                              .\CortexM0\ARM_GCC_541\Debug\main.o (__aeabi_idiv)
c:/program files (x86)/cypress/psoc creator/4.4/psoc creator/import/gnu/arm/5.4.1/bin/../lib/gcc/arm-none-eabi/5.4.1/armv6-m\libgcc.a(_dvmd_tls.o)
                              c:/program files (x86)/cypress/psoc creator/4.4/psoc creator/import/gnu/arm/5.4.1/bin/../lib/gcc/arm-none-eabi/5.4.1/armv6-m\libgcc.a(_udivsi3.o) (__aeabi_idiv0)
c:/program files (x86)/cypress/psoc creator/4.4/psoc creator/import/gnu/arm/5.4.1/bin/../lib/gcc/arm-none-eabi/5.4.1/armv6-m\libgcc.a(divsf3.o)
                              .\CortexM0\ARM_GCC_541\Debug\main.o (__aeabi_fdiv)
c:/program files (x86)/cypress/psoc creator/4.4/psoc creator/import/gnu/arm/5.4.1/bin/../lib/gcc/arm-none-eabi/5.4.1/armv6-m\libgcc.a(mulsf3.o)
                              .\CortexM0\ARM_GCC_541\Debug\main.o (__aeabi_fmul)
c:/program files (x86)/cypress/psoc creator/4.4/psoc creator/import/gnu/arm/5.4.1/bin/../lib/gcc/arm-none-eabi/5.4.1/armv6-m\libgcc.a(fixsfsi.o)
                              .\CortexM0\ARM_GCC_541\Debug\main.o (__aeabi_f2iz)
c:/program files (x86)/cypress/psoc creator/4.4/psoc creator/import/gnu/arm/5.4.1/bin/../lib/gcc/arm-none-eabi/5.4.1/armv6-m\libgcc.a(floatsisf.o)
                              .\CortexM0\ARM_GCC_541\Debug\main.o (__aeabi_i2f)
c:/program files (x86)/cypress/psoc creator/4.4/psoc creator/import/gnu/arm/5.4.1/bin/../lib/gcc/arm-none-eabi/5.4.1/armv6-m\libgcc.a(_clzsi2.o)
                              c:/program files (x86)/cypress/psoc creator/4.4/psoc creator/import/gnu/arm/5.4.1/bin/../lib/gcc/arm-none-eabi/5.4.1/armv6-m\libgcc.a(divsf3.o) (__clzsi2)
c:/program files (x86)/cypress/psoc creator/4.4/psoc creator/import/gnu/arm/5.4.1/bin/../lib/gcc/arm-none-eabi/5.4.1/../../../../arm-none-eabi/lib/armv6-m\libg_nano.a(lib_a-errno.o)
                              .\CortexM0\ARM_GCC_541\Debug\Cm0Start.o (__errno)
c:/program files (x86)/cypress/psoc creator/4.4/psoc creator/import/gnu/arm/5.4.1/bin/../lib/gcc/arm-none-eabi/5.4.1/../../../../arm-none-eabi/lib/armv6-m\libg_nano.a(lib_a-exit.o)
                              c:/program files (x86)/cypress/psoc creator/4.4/psoc creator/import/gnu/arm/5.4.1/bin/../lib/gcc/arm-none-eabi/5.4.1/../../../../arm-none-eabi/lib/armv6-m/crt0.o (exit)
c:/program files (x86)/cypress/psoc creator/4.4/psoc creator/import/gnu/arm/5.4.1/bin/../lib/gcc/arm-none-eabi/5.4.1/../../../../arm-none-eabi/lib/armv6-m\libg_nano.a(lib_a-impure.o)
                              c:/program files (x86)/cypress/psoc creator/4.4/psoc creator/import/gnu/arm/5.4.1/bin/../lib/gcc/arm-none-eabi/5.4.1/../../../../arm-none-eabi/lib/armv6-m\libg_nano.a(lib_a-exit.o) (_global_impure_ptr)
c:/program files (x86)/cypress/psoc creator/4.4/psoc creator/import/gnu/arm/5.4.1/bin/../lib/gcc/arm-none-eabi/5.4.1/../../../../arm-none-eabi/lib/armv6-m\libg_nano.a(lib_a-init.o)
                              c:/program files (x86)/cypress/psoc creator/4.4/psoc creator/import/gnu/arm/5.4.1/bin/../lib/gcc/arm-none-eabi/5.4.1/../../../../arm-none-eabi/lib/armv6-m/crt0.o (__libc_init_array)
c:/program files (x86)/cypress/psoc creator/4.4/psoc creator/import/gnu/arm/5.4.1/bin/../lib/gcc/arm-none-eabi/5.4.1/../../../../arm-none-eabi/lib/armv6-m\libg_nano.a(lib_a-memcpy-stub.o)
                              .\CortexM0\ARM_GCC_541\Debug\Design01.a(CyFlash.o) (memcpy)
c:/program files (x86)/cypress/psoc creator/4.4/psoc creator/import/gnu/arm/5.4.1/bin/../lib/gcc/arm-none-eabi/5.4.1/../../../../arm-none-eabi/lib/armv6-m\libg_nano.a(lib_a-memset.o)
                              c:/program files (x86)/cypress/psoc creator/4.4/psoc creator/import/gnu/arm/5.4.1/bin/../lib/gcc/arm-none-eabi/5.4.1/../../../../arm-none-eabi/lib/armv6-m/crt0.o (memset)

Discarded input sections

 .text          0x00000000        0x0 c:/program files (x86)/cypress/psoc creator/4.4/psoc creator/import/gnu/arm/5.4.1/bin/../lib/gcc/arm-none-eabi/5.4.1/armv6-m/crti.o
 .data          0x00000000        0x0 c:/program files (x86)/cypress/psoc creator/4.4/psoc creator/import/gnu/arm/5.4.1/bin/../lib/gcc/arm-none-eabi/5.4.1/armv6-m/crti.o
 .bss           0x00000000        0x0 c:/program files (x86)/cypress/psoc creator/4.4/psoc creator/import/gnu/arm/5.4.1/bin/../lib/gcc/arm-none-eabi/5.4.1/armv6-m/crti.o
 .data          0x00000000        0x4 c:/program files (x86)/cypress/psoc creator/4.4/psoc creator/import/gnu/arm/5.4.1/bin/../lib/gcc/arm-none-eabi/5.4.1/armv6-m/crtbegin.o
 .text          0x00000000       0x78 c:/program files (x86)/cypress/psoc creator/4.4/psoc creator/import/gnu/arm/5.4.1/bin/../lib/gcc/arm-none-eabi/5.4.1/../../../../arm-none-eabi/lib/armv6-m/crt0.o
 .data          0x00000000        0x0 c:/program files (x86)/cypress/psoc creator/4.4/psoc creator/import/gnu/arm/5.4.1/bin/../lib/gcc/arm-none-eabi/5.4.1/../../../../arm-none-eabi/lib/armv6-m/crt0.o
 .bss           0x00000000        0x0 c:/program files (x86)/cypress/psoc creator/4.4/psoc creator/import/gnu/arm/5.4.1/bin/../lib/gcc/arm-none-eabi/5.4.1/../../../../arm-none-eabi/lib/armv6-m/crt0.o
 .ARM.extab     0x00000000        0x0 c:/program files (x86)/cypress/psoc creator/4.4/psoc creator/import/gnu/arm/5.4.1/bin/../lib/gcc/arm-none-eabi/5.4.1/../../../../arm-none-eabi/lib/armv6-m/crt0.o
 .ARM.exidx     0x00000000        0x8 c:/program files (x86)/cypress/psoc creator/4.4/psoc creator/import/gnu/arm/5.4.1/bin/../lib/gcc/arm-none-eabi/5.4.1/../../../../arm-none-eabi/lib/armv6-m/crt0.o
 .text          0x00000000        0x0 .\CortexM0\ARM_GCC_541\Debug\main.o
 .bss           0x00000000        0x0 .\CortexM0\ARM_GCC_541\Debug\main.o
 .text          0x00000000        0x0 .\CortexM0\ARM_GCC_541\Debug\cyfitter_cfg.o
 .data          0x00000000        0x0 .\CortexM0\ARM_GCC_541\Debug\cyfitter_cfg.o
 .bss           0x00000000        0x0 .\CortexM0\ARM_GCC_541\Debug\cyfitter_cfg.o
 .text          0x00000000        0x0 .\CortexM0\ARM_GCC_541\Debug\cymetadata.o
 .data          0x00000000        0x0 .\CortexM0\ARM_GCC_541\Debug\cymetadata.o
 .bss           0x00000000        0x0 .\CortexM0\ARM_GCC_541\Debug\cymetadata.o
 .text          0x00000000        0x0 .\CortexM0\ARM_GCC_541\Debug\Cm0Start.o
 .data          0x00000000        0x4 .\CortexM0\ARM_GCC_541\Debug\Cm0Start.o
 .bss           0x00000000        0x0 .\CortexM0\ARM_GCC_541\Debug\Cm0Start.o
 .text._exit    0x00000000        0xc .\CortexM0\ARM_GCC_541\Debug\Cm0Start.o
 .text._sbrk    0x00000000       0x30 .\CortexM0\ARM_GCC_541\Debug\Cm0Start.o
 .text          0x00000000        0x0 .\CortexM0\ARM_GCC_541\Debug\Design01.a(UART.o)
 .data          0x00000000        0x0 .\CortexM0\ARM_GCC_541\Debug\Design01.a(UART.o)
 .text.UART_ScbModeStop
                0x00000000        0x8 .\CortexM0\ARM_GCC_541\Debug\Design01.a(UART.o)
 .text.UART_Stop
                0x00000000       0x20 .\CortexM0\ARM_GCC_541\Debug\Design01.a(UART.o)
 .text.UART_SetRxFifoLevel
                0x00000000       0x14 .\CortexM0\ARM_GCC_541\Debug\Design01.a(UART.o)
 .text.UART_SetTxFifoLevel
                0x00000000       0x14 .\CortexM0\ARM_GCC_541\Debug\Design01.a(UART.o)
 .text          0x00000000        0x0 .\CortexM0\ARM_GCC_541\Debug\Design01.a(UART_SPI_UART.o)
 .data          0x00000000        0x0 .\CortexM0\ARM_GCC_541\Debug\Design01.a(UART_SPI_UART.o)
 .bss           0x00000000        0x0 .\CortexM0\ARM_GCC_541\Debug\Design01.a(UART_SPI_UART.o)
 .text.UART_SpiUartClearRxBuffer
                0x00000000       0x20 .\CortexM0\ARM_GCC_541\Debug\Design01.a(UART_SPI_UART.o)
 .text.UART_SpiUartPutArray
                0x00000000       0x18 .\CortexM0\ARM_GCC_541\Debug\Design01.a(UART_SPI_UART.o)
 .text.UART_SpiUartGetTxBufferSize
                0x00000000       0x10 .\CortexM0\ARM_GCC_541\Debug\Design01.a(UART_SPI_UART.o)
 .text.UART_SpiUartClearTxBuffer
                0x00000000       0x20 .\CortexM0\ARM_GCC_541\Debug\Design01.a(UART_SPI_UART.o)
 .text.UART_SpiUartDisableIntRx
                0x00000000       0x10 .\CortexM0\ARM_GCC_541\Debug\Design01.a(UART_SPI_UART.o)
 .text.UART_SpiUartDisableIntTx
                0x00000000       0x10 .\CortexM0\ARM_GCC_541\Debug\Design01.a(UART_SPI_UART.o)
 .text          0x00000000        0x0 .\CortexM0\ARM_GCC_541\Debug\Design01.a(UART_UART.o)
 .data          0x00000000        0x0 .\CortexM0\ARM_GCC_541\Debug\Design01.a(UART_UART.o)
 .bss           0x00000000        0x0 .\CortexM0\ARM_GCC_541\Debug\Design01.a(UART_UART.o)
 .text.UART_UartStop
                0x00000000       0x28 .\CortexM0\ARM_GCC_541\Debug\Design01.a(UART_UART.o)
 .text.UART_UartSetRxAddress
                0x00000000       0x14 .\CortexM0\ARM_GCC_541\Debug\Design01.a(UART_UART.o)
 .text.UART_UartSetRxAddressMask
                0x00000000       0x18 .\CortexM0\ARM_GCC_541\Debug\Design01.a(UART_UART.o)
 .text.UART_UartGetByte
                0x00000000       0x34 .\CortexM0\ARM_GCC_541\Debug\Design01.a(UART_UART.o)
 .text.UART_UartSetRtsPolarity
                0x00000000       0x28 .\CortexM0\ARM_GCC_541\Debug\Design01.a(UART_UART.o)
 .text.UART_UartSetRtsFifoLevel
                0x00000000       0x14 .\CortexM0\ARM_GCC_541\Debug\Design01.a(UART_UART.o)
 .text.UART_UartPutCRLF
                0x00000000       0x14 .\CortexM0\ARM_GCC_541\Debug\Design01.a(UART_UART.o)
 .text.UART_UartEnableCts
                0x00000000       0x14 .\CortexM0\ARM_GCC_541\Debug\Design01.a(UART_UART.o)
 .text.UART_UartDisableCts
                0x00000000       0x14 .\CortexM0\ARM_GCC_541\Debug\Design01.a(UART_UART.o)
 .text.UART_UartSetCtsPolarity
                0x00000000       0x28 .\CortexM0\ARM_GCC_541\Debug\Design01.a(UART_UART.o)
 .text.UART_UartSendBreakBlocking
                0x00000000       0x58 .\CortexM0\ARM_GCC_541\Debug\Design01.a(UART_UART.o)
 .text          0x00000000        0x0 .\CortexM0\ARM_GCC_541\Debug\Design01.a(Motor.o)
 .data          0x00000000        0x0 .\CortexM0\ARM_GCC_541\Debug\Design01.a(Motor.o)
 .bss           0x00000000        0x0 .\CortexM0\ARM_GCC_541\Debug\Design01.a(Motor.o)
 .text.Motor_Read
                0x00000000        0xc .\CortexM0\ARM_GCC_541\Debug\Design01.a(Motor.o)
 .text          0x00000000        0x0 .\CortexM0\ARM_GCC_541\Debug\Design01.a(CyLib.o)
 .bss           0x00000000       0x18 .\CortexM0\ARM_GCC_541\Debug\Design01.a(CyLib.o)
 .text.CySysClkImoStart
                0x00000000       0x14 .\CortexM0\ARM_GCC_541\Debug\Design01.a(CyLib.o)
 .text.CySysClkImoStop
                0x00000000       0x18 .\CortexM0\ARM_GCC_541\Debug\Design01.a(CyLib.o)
 .text.CySysClkWriteHfclkDirect
                0x00000000       0x20 .\CortexM0\ARM_GCC_541\Debug\Design01.a(CyLib.o)
 .text.CySysEnablePumpClock
                0x00000000       0x38 .\CortexM0\ARM_GCC_541\Debug\Design01.a(CyLib.o)
 .text.CySysClkGetSysclkSource
                0x00000000       0x1c .\CortexM0\ARM_GCC_541\Debug\Design01.a(CyLib.o)
 .text.CySysClkWriteSysclkDiv
                0x00000000       0x30 .\CortexM0\ARM_GCC_541\Debug\Design01.a(CyLib.o)
 .text.CySysLvdDisable
                0x00000000       0x20 .\CortexM0\ARM_GCC_541\Debug\Design01.a(CyLib.o)
 .text.CySysLvdGetInterruptSource
                0x00000000       0x10 .\CortexM0\ARM_GCC_541\Debug\Design01.a(CyLib.o)
 .text.CySysLvdClearInterrupt
                0x00000000        0xc .\CortexM0\ARM_GCC_541\Debug\Design01.a(CyLib.o)
 .text.CySysGetResetReason
                0x00000000       0x14 .\CortexM0\ARM_GCC_541\Debug\Design01.a(CyLib.o)
 .text.CyDisableInts
                0x00000000       0x10 .\CortexM0\ARM_GCC_541\Debug\Design01.a(CyLib.o)
 .text.CyEnableInts
                0x00000000        0xc .\CortexM0\ARM_GCC_541\Debug\Design01.a(CyLib.o)
 .text.CyIntGetState
                0x00000000       0x18 .\CortexM0\ARM_GCC_541\Debug\Design01.a(CyLib.o)
 .text.CyIntDisable
                0x00000000       0x14 .\CortexM0\ARM_GCC_541\Debug\Design01.a(CyLib.o)
 .text.CyIntSetPending
                0x00000000       0x14 .\CortexM0\ARM_GCC_541\Debug\Design01.a(CyLib.o)
 .text.CyIntClearPending
                0x00000000       0x14 .\CortexM0\ARM_GCC_541\Debug\Design01.a(CyLib.o)
 .text.CyIntSetSysVector
                0x00000000       0x20 .\CortexM0\ARM_GCC_541\Debug\Design01.a(CyLib.o)
 .text.CyIntGetSysVector
                0x00000000       0x1c .\CortexM0\ARM_GCC_541\Debug\Design01.a(CyLib.o)
 .text.CyIntGetVector
                0x00000000       0x20 .\CortexM0\ARM_GCC_541\Debug\Design01.a(CyLib.o)
 .text.CyIntSetPriority
                0x00000000       0x4c .\CortexM0\ARM_GCC_541\Debug\Design01.a(CyLib.o)
 .text.CyIntGetPriority
                0x00000000       0x2c .\CortexM0\ARM_GCC_541\Debug\Design01.a(CyLib.o)
 .text.CySoftwareReset
                0x00000000       0x18 .\CortexM0\ARM_GCC_541\Debug\Design01.a(CyLib.o)
 .text.CySysLvdEnable
                0x00000000       0x44 .\CortexM0\ARM_GCC_541\Debug\Design01.a(CyLib.o)
 .text.CyDelayFreq
                0x00000000       0x4c .\CortexM0\ARM_GCC_541\Debug\Design01.a(CyLib.o)
 .text.CySysTickStop
                0x00000000       0x10 .\CortexM0\ARM_GCC_541\Debug\Design01.a(CyLib.o)
 .text.CySysTickEnableInterrupt
                0x00000000       0x10 .\CortexM0\ARM_GCC_541\Debug\Design01.a(CyLib.o)
 .text.CySysTickEnable
                0x00000000       0x18 .\CortexM0\ARM_GCC_541\Debug\Design01.a(CyLib.o)
 .text.CySysTickDisableInterrupt
                0x00000000       0x10 .\CortexM0\ARM_GCC_541\Debug\Design01.a(CyLib.o)
 .text.CySysTickSetReload
                0x00000000       0x10 .\CortexM0\ARM_GCC_541\Debug\Design01.a(CyLib.o)
 .text.CySysTickGetReload
                0x00000000       0x10 .\CortexM0\ARM_GCC_541\Debug\Design01.a(CyLib.o)
 .text.CySysTickGetValue
                0x00000000       0x10 .\CortexM0\ARM_GCC_541\Debug\Design01.a(CyLib.o)
 .text.CySysTickSetClockSource
                0x00000000       0x20 .\CortexM0\ARM_GCC_541\Debug\Design01.a(CyLib.o)
 .text.CySysTickGetClockSource
                0x00000000       0x10 .\CortexM0\ARM_GCC_541\Debug\Design01.a(CyLib.o)
 .text.CySysTickGetCountFlag
                0x00000000       0x10 .\CortexM0\ARM_GCC_541\Debug\Design01.a(CyLib.o)
 .text.CySysTickServiceCallbacks
                0x00000000       0x28 .\CortexM0\ARM_GCC_541\Debug\Design01.a(CyLib.o)
 .text.CySysTickClear
                0x00000000        0xc .\CortexM0\ARM_GCC_541\Debug\Design01.a(CyLib.o)
 .text.CySysTickInit
                0x00000000       0x44 .\CortexM0\ARM_GCC_541\Debug\Design01.a(CyLib.o)
 .text.CySysTickStart
                0x00000000       0x20 .\CortexM0\ARM_GCC_541\Debug\Design01.a(CyLib.o)
 .text.CySysTickSetCallback
                0x00000000       0x10 .\CortexM0\ARM_GCC_541\Debug\Design01.a(CyLib.o)
 .text.CySysTickGetCallback
                0x00000000        0xc .\CortexM0\ARM_GCC_541\Debug\Design01.a(CyLib.o)
 .text.CyGetUniqueId
                0x00000000       0x70 .\CortexM0\ARM_GCC_541\Debug\Design01.a(CyLib.o)
 .text.CySysSetRamAccessArbPriority
                0x00000000       0x20 .\CortexM0\ARM_GCC_541\Debug\Design01.a(CyLib.o)
 .text.CySysSetFlashAccessArbPriority
                0x00000000       0x20 .\CortexM0\ARM_GCC_541\Debug\Design01.a(CyLib.o)
 .text.CySysSetDmacAccessArbPriority
                0x00000000       0x20 .\CortexM0\ARM_GCC_541\Debug\Design01.a(CyLib.o)
 .text.CySysSetPeripheralAccessArbPriority
                0x00000000       0x68 .\CortexM0\ARM_GCC_541\Debug\Design01.a(CyLib.o)
 .text          0x00000000        0x0 .\CortexM0\ARM_GCC_541\Debug\Design01.a(CyLFClk.o)
 .text.CySysClkIloEnabled
                0x00000000       0x14 .\CortexM0\ARM_GCC_541\Debug\Design01.a(CyLFClk.o)
 .text.CySysClkGetLfclkSource
                0x00000000       0x10 .\CortexM0\ARM_GCC_541\Debug\Design01.a(CyLFClk.o)
 .text.CySysClkIloStart
                0x00000000       0x14 .\CortexM0\ARM_GCC_541\Debug\Design01.a(CyLFClk.o)
 .text.CySysClkIloStartMeasurement
                0x00000000       0x5c .\CortexM0\ARM_GCC_541\Debug\Design01.a(CyLFClk.o)
 .text.CySysClkIloStopMeasurement
                0x00000000       0x14 .\CortexM0\ARM_GCC_541\Debug\Design01.a(CyLFClk.o)
 .text.CySysClkIloCompensate
                0x00000000      0x104 .\CortexM0\ARM_GCC_541\Debug\Design01.a(CyLFClk.o)
 .text.CySysClkIloUpdateTrimReg
                0x00000000       0xa8 .\CortexM0\ARM_GCC_541\Debug\Design01.a(CyLFClk.o)
 .text.CySysClkIloTrim
                0x00000000       0xd8 .\CortexM0\ARM_GCC_541\Debug\Design01.a(CyLFClk.o)
 .text.CySysClkIloRestoreFactoryTrim
                0x00000000       0x30 .\CortexM0\ARM_GCC_541\Debug\Design01.a(CyLFClk.o)
 .text.CySysClkWcoStart
                0x00000000       0x40 .\CortexM0\ARM_GCC_541\Debug\Design01.a(CyLFClk.o)
 .text.CySysClkWcoSetPowerMode
                0x00000000       0x4c .\CortexM0\ARM_GCC_541\Debug\Design01.a(CyLFClk.o)
 .text.CySysClkWcoClockOutSelect
                0x00000000       0x2c .\CortexM0\ARM_GCC_541\Debug\Design01.a(CyLFClk.o)
 .text.CySysWdtGetEnabledStatus
                0x00000000       0x24 .\CortexM0\ARM_GCC_541\Debug\Design01.a(CyLFClk.o)
 .text.CySysWdtSetMode
                0x00000000       0x38 .\CortexM0\ARM_GCC_541\Debug\Design01.a(CyLFClk.o)
 .text.CySysClkLfclkPosedgeRestore
                0x00000000       0x2c .\CortexM0\ARM_GCC_541\Debug\Design01.a(CyLFClk.o)
 .text.CySysWdtGetMode
                0x00000000       0x14 .\CortexM0\ARM_GCC_541\Debug\Design01.a(CyLFClk.o)
 .text.CySysWdtSetClearOnMatch
                0x00000000       0x34 .\CortexM0\ARM_GCC_541\Debug\Design01.a(CyLFClk.o)
 .text.CySysWdtGetClearOnMatch
                0x00000000       0x24 .\CortexM0\ARM_GCC_541\Debug\Design01.a(CyLFClk.o)
 .text.CySysWdtEnable
                0x00000000       0x3c .\CortexM0\ARM_GCC_541\Debug\Design01.a(CyLFClk.o)
 .text.CySysWdtDisable
                0x00000000       0x44 .\CortexM0\ARM_GCC_541\Debug\Design01.a(CyLFClk.o)
 .text.CySysWdtSetCascade
                0x00000000       0x34 .\CortexM0\ARM_GCC_541\Debug\Design01.a(CyLFClk.o)
 .text.CySysWdtGetCascade
                0x00000000       0x14 .\CortexM0\ARM_GCC_541\Debug\Design01.a(CyLFClk.o)
 .text.CySysWdtSetMatch
                0x00000000       0x54 .\CortexM0\ARM_GCC_541\Debug\Design01.a(CyLFClk.o)
 .text.CySysWdtSetToggleBit
                0x00000000       0x30 .\CortexM0\ARM_GCC_541\Debug\Design01.a(CyLFClk.o)
 .text.CySysWdtGetToggleBit
                0x00000000       0x10 .\CortexM0\ARM_GCC_541\Debug\Design01.a(CyLFClk.o)
 .text.CySysWdtGetMatch
                0x00000000       0x20 .\CortexM0\ARM_GCC_541\Debug\Design01.a(CyLFClk.o)
 .text.CySysWdtGetCount
                0x00000000       0x3c .\CortexM0\ARM_GCC_541\Debug\Design01.a(CyLFClk.o)
 .text.CySysClkLfclkPosedgeCatch
                0x00000000       0x74 .\CortexM0\ARM_GCC_541\Debug\Design01.a(CyLFClk.o)
 .text.CySysClkIloStop
                0x00000000       0x4c .\CortexM0\ARM_GCC_541\Debug\Design01.a(CyLFClk.o)
 .text.CySysClkSetLfclkSource
                0x00000000       0x38 .\CortexM0\ARM_GCC_541\Debug\Design01.a(CyLFClk.o)
 .text.CySysClkWcoStop
                0x00000000       0x48 .\CortexM0\ARM_GCC_541\Debug\Design01.a(CyLFClk.o)
 .text.CySysWdtGetInterruptSource
                0x00000000       0x14 .\CortexM0\ARM_GCC_541\Debug\Design01.a(CyLFClk.o)
 .text.CySysWdtResetCounters
                0x00000000       0x20 .\CortexM0\ARM_GCC_541\Debug\Design01.a(CyLFClk.o)
 .text.CySysWdtSetInterruptCallback
                0x00000000       0x20 .\CortexM0\ARM_GCC_541\Debug\Design01.a(CyLFClk.o)
 .text.CySysWdtGetInterruptCallback
                0x00000000       0x20 .\CortexM0\ARM_GCC_541\Debug\Design01.a(CyLFClk.o)
 .text.CySysWdtEnableCounterIsr
                0x00000000       0x34 .\CortexM0\ARM_GCC_541\Debug\Design01.a(CyLFClk.o)
 .text.CySysWdtDisableCounterIsr
                0x00000000       0x28 .\CortexM0\ARM_GCC_541\Debug\Design01.a(CyLFClk.o)
 .text.CySysWatchdogFeed
                0x00000000       0x60 .\CortexM0\ARM_GCC_541\Debug\Design01.a(CyLFClk.o)
 .text.CySysTimerDelayUntilMatch
                0x00000000       0x6c .\CortexM0\ARM_GCC_541\Debug\Design01.a(CyLFClk.o)
 .text.CySysTimerDelay
                0x00000000       0x3c .\CortexM0\ARM_GCC_541\Debug\Design01.a(CyLFClk.o)
 .rodata        0x00000000        0xc .\CortexM0\ARM_GCC_541\Debug\Design01.a(CyLFClk.o)
 .data          0x00000000        0x0 .\CortexM0\ARM_GCC_541\Debug\Design01.a(CyBootAsmGnu.o)
 .bss           0x00000000        0x0 .\CortexM0\ARM_GCC_541\Debug\Design01.a(CyBootAsmGnu.o)
 .text          0x00000000        0x0 .\CortexM0\ARM_GCC_541\Debug\Design01.a(CyFlash.o)
 .data          0x00000000        0x0 .\CortexM0\ARM_GCC_541\Debug\Design01.a(CyFlash.o)
 .bss           0x00000000        0x0 .\CortexM0\ARM_GCC_541\Debug\Design01.a(CyFlash.o)
 .text.CySysFlashClockBackup
                0x00000000        0x4 .\CortexM0\ARM_GCC_541\Debug\Design01.a(CyFlash.o)
 .text.CySysFlashClockRestore
                0x00000000        0x4 .\CortexM0\ARM_GCC_541\Debug\Design01.a(CyFlash.o)
 .text.CySysFlashWriteRow
                0x00000000      0x124 .\CortexM0\ARM_GCC_541\Debug\Design01.a(CyFlash.o)
 .text.CySysSFlashWriteUserRow
                0x00000000      0x110 .\CortexM0\ARM_GCC_541\Debug\Design01.a(CyFlash.o)
 .text          0x00000000      0x114 c:/program files (x86)/cypress/psoc creator/4.4/psoc creator/import/gnu/arm/5.4.1/bin/../lib/gcc/arm-none-eabi/5.4.1/armv6-m\libgcc.a(_udivsi3.o)
 .data          0x00000000        0x0 c:/program files (x86)/cypress/psoc creator/4.4/psoc creator/import/gnu/arm/5.4.1/bin/../lib/gcc/arm-none-eabi/5.4.1/armv6-m\libgcc.a(_udivsi3.o)
 .bss           0x00000000        0x0 c:/program files (x86)/cypress/psoc creator/4.4/psoc creator/import/gnu/arm/5.4.1/bin/../lib/gcc/arm-none-eabi/5.4.1/armv6-m\libgcc.a(_udivsi3.o)
 .data          0x00000000        0x0 c:/program files (x86)/cypress/psoc creator/4.4/psoc creator/import/gnu/arm/5.4.1/bin/../lib/gcc/arm-none-eabi/5.4.1/armv6-m\libgcc.a(_divsi3.o)
 .bss           0x00000000        0x0 c:/program files (x86)/cypress/psoc creator/4.4/psoc creator/import/gnu/arm/5.4.1/bin/../lib/gcc/arm-none-eabi/5.4.1/armv6-m\libgcc.a(_divsi3.o)
 .data          0x00000000        0x0 c:/program files (x86)/cypress/psoc creator/4.4/psoc creator/import/gnu/arm/5.4.1/bin/../lib/gcc/arm-none-eabi/5.4.1/armv6-m\libgcc.a(_dvmd_tls.o)
 .bss           0x00000000        0x0 c:/program files (x86)/cypress/psoc creator/4.4/psoc creator/import/gnu/arm/5.4.1/bin/../lib/gcc/arm-none-eabi/5.4.1/armv6-m\libgcc.a(_dvmd_tls.o)
 .data          0x00000000        0x0 c:/program files (x86)/cypress/psoc creator/4.4/psoc creator/import/gnu/arm/5.4.1/bin/../lib/gcc/arm-none-eabi/5.4.1/armv6-m\libgcc.a(divsf3.o)
 .bss           0x00000000        0x0 c:/program files (x86)/cypress/psoc creator/4.4/psoc creator/import/gnu/arm/5.4.1/bin/../lib/gcc/arm-none-eabi/5.4.1/armv6-m\libgcc.a(divsf3.o)
 .data          0x00000000        0x0 c:/program files (x86)/cypress/psoc creator/4.4/psoc creator/import/gnu/arm/5.4.1/bin/../lib/gcc/arm-none-eabi/5.4.1/armv6-m\libgcc.a(mulsf3.o)
 .bss           0x00000000        0x0 c:/program files (x86)/cypress/psoc creator/4.4/psoc creator/import/gnu/arm/5.4.1/bin/../lib/gcc/arm-none-eabi/5.4.1/armv6-m\libgcc.a(mulsf3.o)
 .data          0x00000000        0x0 c:/program files (x86)/cypress/psoc creator/4.4/psoc creator/import/gnu/arm/5.4.1/bin/../lib/gcc/arm-none-eabi/5.4.1/armv6-m\libgcc.a(fixsfsi.o)
 .bss           0x00000000        0x0 c:/program files (x86)/cypress/psoc creator/4.4/psoc creator/import/gnu/arm/5.4.1/bin/../lib/gcc/arm-none-eabi/5.4.1/armv6-m\libgcc.a(fixsfsi.o)
 .data          0x00000000        0x0 c:/program files (x86)/cypress/psoc creator/4.4/psoc creator/import/gnu/arm/5.4.1/bin/../lib/gcc/arm-none-eabi/5.4.1/armv6-m\libgcc.a(floatsisf.o)
 .bss           0x00000000        0x0 c:/program files (x86)/cypress/psoc creator/4.4/psoc creator/import/gnu/arm/5.4.1/bin/../lib/gcc/arm-none-eabi/5.4.1/armv6-m\libgcc.a(floatsisf.o)
 .data          0x00000000        0x0 c:/program files (x86)/cypress/psoc creator/4.4/psoc creator/import/gnu/arm/5.4.1/bin/../lib/gcc/arm-none-eabi/5.4.1/armv6-m\libgcc.a(_clzsi2.o)
 .bss           0x00000000        0x0 c:/program files (x86)/cypress/psoc creator/4.4/psoc creator/import/gnu/arm/5.4.1/bin/../lib/gcc/arm-none-eabi/5.4.1/armv6-m\libgcc.a(_clzsi2.o)
 .text          0x00000000        0x0 c:/program files (x86)/cypress/psoc creator/4.4/psoc creator/import/gnu/arm/5.4.1/bin/../lib/gcc/arm-none-eabi/5.4.1/../../../../arm-none-eabi/lib/armv6-m\libg_nano.a(lib_a-errno.o)
 .data          0x00000000        0x0 c:/program files (x86)/cypress/psoc creator/4.4/psoc creator/import/gnu/arm/5.4.1/bin/../lib/gcc/arm-none-eabi/5.4.1/../../../../arm-none-eabi/lib/armv6-m\libg_nano.a(lib_a-errno.o)
 .bss           0x00000000        0x0 c:/program files (x86)/cypress/psoc creator/4.4/psoc creator/import/gnu/arm/5.4.1/bin/../lib/gcc/arm-none-eabi/5.4.1/../../../../arm-none-eabi/lib/armv6-m\libg_nano.a(lib_a-errno.o)
 .text          0x00000000        0x0 c:/program files (x86)/cypress/psoc creator/4.4/psoc creator/import/gnu/arm/5.4.1/bin/../lib/gcc/arm-none-eabi/5.4.1/../../../../arm-none-eabi/lib/armv6-m\libg_nano.a(lib_a-exit.o)
 .data          0x00000000        0x0 c:/program files (x86)/cypress/psoc creator/4.4/psoc creator/import/gnu/arm/5.4.1/bin/../lib/gcc/arm-none-eabi/5.4.1/../../../../arm-none-eabi/lib/armv6-m\libg_nano.a(lib_a-exit.o)
 .bss           0x00000000        0x0 c:/program files (x86)/cypress/psoc creator/4.4/psoc creator/import/gnu/arm/5.4.1/bin/../lib/gcc/arm-none-eabi/5.4.1/../../../../arm-none-eabi/lib/armv6-m\libg_nano.a(lib_a-exit.o)
 .text.exit     0x00000000       0x2c c:/program files (x86)/cypress/psoc creator/4.4/psoc creator/import/gnu/arm/5.4.1/bin/../lib/gcc/arm-none-eabi/5.4.1/../../../../arm-none-eabi/lib/armv6-m\libg_nano.a(lib_a-exit.o)
 .text          0x00000000        0x0 c:/program files (x86)/cypress/psoc creator/4.4/psoc creator/import/gnu/arm/5.4.1/bin/../lib/gcc/arm-none-eabi/5.4.1/../../../../arm-none-eabi/lib/armv6-m\libg_nano.a(lib_a-impure.o)
 .data          0x00000000        0x0 c:/program files (x86)/cypress/psoc creator/4.4/psoc creator/import/gnu/arm/5.4.1/bin/../lib/gcc/arm-none-eabi/5.4.1/../../../../arm-none-eabi/lib/armv6-m\libg_nano.a(lib_a-impure.o)
 .bss           0x00000000        0x0 c:/program files (x86)/cypress/psoc creator/4.4/psoc creator/import/gnu/arm/5.4.1/bin/../lib/gcc/arm-none-eabi/5.4.1/../../../../arm-none-eabi/lib/armv6-m\libg_nano.a(lib_a-impure.o)
 .rodata._global_impure_ptr
                0x00000000        0x4 c:/program files (x86)/cypress/psoc creator/4.4/psoc creator/import/gnu/arm/5.4.1/bin/../lib/gcc/arm-none-eabi/5.4.1/../../../../arm-none-eabi/lib/armv6-m\libg_nano.a(lib_a-impure.o)
 .text          0x00000000        0x0 c:/program files (x86)/cypress/psoc creator/4.4/psoc creator/import/gnu/arm/5.4.1/bin/../lib/gcc/arm-none-eabi/5.4.1/../../../../arm-none-eabi/lib/armv6-m\libg_nano.a(lib_a-init.o)
 .data          0x00000000        0x0 c:/program files (x86)/cypress/psoc creator/4.4/psoc creator/import/gnu/arm/5.4.1/bin/../lib/gcc/arm-none-eabi/5.4.1/../../../../arm-none-eabi/lib/armv6-m\libg_nano.a(lib_a-init.o)
 .bss           0x00000000        0x0 c:/program files (x86)/cypress/psoc creator/4.4/psoc creator/import/gnu/arm/5.4.1/bin/../lib/gcc/arm-none-eabi/5.4.1/../../../../arm-none-eabi/lib/armv6-m\libg_nano.a(lib_a-init.o)
 .text          0x00000000        0x0 c:/program files (x86)/cypress/psoc creator/4.4/psoc creator/import/gnu/arm/5.4.1/bin/../lib/gcc/arm-none-eabi/5.4.1/../../../../arm-none-eabi/lib/armv6-m\libg_nano.a(lib_a-memcpy-stub.o)
 .data          0x00000000        0x0 c:/program files (x86)/cypress/psoc creator/4.4/psoc creator/import/gnu/arm/5.4.1/bin/../lib/gcc/arm-none-eabi/5.4.1/../../../../arm-none-eabi/lib/armv6-m\libg_nano.a(lib_a-memcpy-stub.o)
 .bss           0x00000000        0x0 c:/program files (x86)/cypress/psoc creator/4.4/psoc creator/import/gnu/arm/5.4.1/bin/../lib/gcc/arm-none-eabi/5.4.1/../../../../arm-none-eabi/lib/armv6-m\libg_nano.a(lib_a-memcpy-stub.o)
 .text.memcpy   0x00000000       0x12 c:/program files (x86)/cypress/psoc creator/4.4/psoc creator/import/gnu/arm/5.4.1/bin/../lib/gcc/arm-none-eabi/5.4.1/../../../../arm-none-eabi/lib/armv6-m\libg_nano.a(lib_a-memcpy-stub.o)
 .text          0x00000000        0x0 c:/program files (x86)/cypress/psoc creator/4.4/psoc creator/import/gnu/arm/5.4.1/bin/../lib/gcc/arm-none-eabi/5.4.1/../../../../arm-none-eabi/lib/armv6-m\libg_nano.a(lib_a-memset.o)
 .data          0x00000000        0x0 c:/program files (x86)/cypress/psoc creator/4.4/psoc creator/import/gnu/arm/5.4.1/bin/../lib/gcc/arm-none-eabi/5.4.1/../../../../arm-none-eabi/lib/armv6-m\libg_nano.a(lib_a-memset.o)
 .bss           0x00000000        0x0 c:/program files (x86)/cypress/psoc creator/4.4/psoc creator/import/gnu/arm/5.4.1/bin/../lib/gcc/arm-none-eabi/5.4.1/../../../../arm-none-eabi/lib/armv6-m\libg_nano.a(lib_a-memset.o)
 .text          0x00000000        0x0 c:/program files (x86)/cypress/psoc creator/4.4/psoc creator/import/gnu/arm/5.4.1/bin/../lib/gcc/arm-none-eabi/5.4.1/armv6-m/crtend.o
 .data          0x00000000        0x0 c:/program files (x86)/cypress/psoc creator/4.4/psoc creator/import/gnu/arm/5.4.1/bin/../lib/gcc/arm-none-eabi/5.4.1/armv6-m/crtend.o
 .bss           0x00000000        0x0 c:/program files (x86)/cypress/psoc creator/4.4/psoc creator/import/gnu/arm/5.4.1/bin/../lib/gcc/arm-none-eabi/5.4.1/armv6-m/crtend.o
 .text          0x00000000        0x0 c:/program files (x86)/cypress/psoc creator/4.4/psoc creator/import/gnu/arm/5.4.1/bin/../lib/gcc/arm-none-eabi/5.4.1/armv6-m/crtn.o
 .data          0x00000000        0x0 c:/program files (x86)/cypress/psoc creator/4.4/psoc creator/import/gnu/arm/5.4.1/bin/../lib/gcc/arm-none-eabi/5.4.1/armv6-m/crtn.o
 .bss           0x00000000        0x0 c:/program files (x86)/cypress/psoc creator/4.4/psoc creator/import/gnu/arm/5.4.1/bin/../lib/gcc/arm-none-eabi/5.4.1/armv6-m/crtn.o

Memory Configuration

Name             Origin             Length             Attributes
rom              0x00000000         0x00020000         xr
ram              0x20000000         0x00004000         xrw
*default*        0x00000000         0xffffffff

Linker script and memory map

LOAD c:/program files (x86)/cypress/psoc creator/4.4/psoc creator/import/gnu/arm/5.4.1/bin/../lib/gcc/arm-none-eabi/5.4.1/armv6-m/crti.o
LOAD c:/program files (x86)/cypress/psoc creator/4.4/psoc creator/import/gnu/arm/5.4.1/bin/../lib/gcc/arm-none-eabi/5.4.1/armv6-m/crtbegin.o
LOAD c:/program files (x86)/cypress/psoc creator/4.4/psoc creator/import/gnu/arm/5.4.1/bin/../lib/gcc/arm-none-eabi/5.4.1/../../../../arm-none-eabi/lib/armv6-m/crt0.o
START GROUP
LOAD .\CortexM0\ARM_GCC_541\Debug\main.o
LOAD .\CortexM0\ARM_GCC_541\Debug\cyfitter_cfg.o
LOAD .\CortexM0\ARM_GCC_541\Debug\cymetadata.o
LOAD .\CortexM0\ARM_GCC_541\Debug\Cm0Start.o
LOAD .\CortexM0\ARM_GCC_541\Debug\Design01.a
END GROUP
START GROUP
LOAD c:/program files (x86)/cypress/psoc creator/4.4/psoc creator/import/gnu/arm/5.4.1/bin/../lib/gcc/arm-none-eabi/5.4.1/armv6-m\libgcc.a
LOAD c:/program files (x86)/cypress/psoc creator/4.4/psoc creator/import/gnu/arm/5.4.1/bin/../lib/gcc/arm-none-eabi/5.4.1/../../../../arm-none-eabi/lib/armv6-m\libg_nano.a
LOAD c:/program files (x86)/cypress/psoc creator/4.4/psoc creator/import/gnu/arm/5.4.1/bin/../lib/gcc/arm-none-eabi/5.4.1/../../../../arm-none-eabi/lib/armv6-m\libc_nano.a
END GROUP
START GROUP
LOAD c:/program files (x86)/cypress/psoc creator/4.4/psoc creator/import/gnu/arm/5.4.1/bin/../lib/gcc/arm-none-eabi/5.4.1/armv6-m\libgcc.a
LOAD c:/program files (x86)/cypress/psoc creator/4.4/psoc creator/import/gnu/arm/5.4.1/bin/../lib/gcc/arm-none-eabi/5.4.1/../../../../arm-none-eabi/lib/armv6-m\libc_nano.a
END GROUP
LOAD c:/program files (x86)/cypress/psoc creator/4.4/psoc creator/import/gnu/arm/5.4.1/bin/../lib/gcc/arm-none-eabi/5.4.1/armv6-m/crtend.o
LOAD c:/program files (x86)/cypress/psoc creator/4.4/psoc creator/import/gnu/arm/5.4.1/bin/../lib/gcc/arm-none-eabi/5.4.1/armv6-m/crtn.o
START GROUP
LOAD c:/program files (x86)/cypress/psoc creator/4.4/psoc creator/import/gnu/arm/5.4.1/bin/../lib/gcc/arm-none-eabi/5.4.1/armv6-m\libgcc.a
LOAD c:/program files (x86)/cypress/psoc creator/4.4/psoc creator/import/gnu/arm/5.4.1/bin/../lib/gcc/arm-none-eabi/5.4.1/../../../../arm-none-eabi/lib/armv6-m\libc.a
LOAD c:/program files (x86)/cypress/psoc creator/4.4/psoc creator/import/gnu/arm/5.4.1/bin/../lib/gcc/arm-none-eabi/5.4.1/../../../../arm-none-eabi/lib/armv6-m\libnosys.a
END GROUP
                0x00000000                CY_APPL_ORIGIN = 0x0
                0x00000080                CY_FLASH_ROW_SIZE = 0x80
                0x00000001                CY_APPL_NUM = 0x1
                0x00000001                CY_APPL_MAX = 0x1
                0x00000040                CY_METADATA_SIZE = 0x40
                0x00000000                CY_APPL_LOADABLE = 0x0
                0x00000000                CY_CHECKSUM_EXCLUDE_SIZE = ALIGN (0x0, CY_FLASH_ROW_SIZE)
                0x00000000                CY_APP_FOR_STACK_AND_COPIER = 0x0
                [!provide]                PROVIDE (__cy_heap_start, _end)
                0x00000001                PROVIDE (__cy_region_num, ((__cy_regions_end - __cy_regions) / 0x10))
                0x20004000                PROVIDE (__cy_stack, (ORIGIN (ram) + LENGTH (ram)))
                [!provide]                PROVIDE (__cy_heap_end, (__cy_stack - 0x800))

.cybootloader   0x00000000        0x0
 *(.cybootloader)
                0x00000000                appl1_start = CY_APPL_ORIGIN?CY_APPL_ORIGIN:ALIGN (CY_FLASH_ROW_SIZE)
                0x0000ff80                appl2_start = (appl1_start + ALIGN ((((LENGTH (rom) - appl1_start) - (0x2 * CY_FLASH_ROW_SIZE)) / 0x2), CY_FLASH_ROW_SIZE))
                0x00000000                appl_start = (CY_APPL_NUM == 0x1)?appl1_start:appl2_start
                0x00000001                cy_project_type_bootloader = (appl_start == 0x0)?0x1:0x0
                0x00000000                cy_project_type_app_for_stack_and_copier = (CY_APP_FOR_STACK_AND_COPIER == 0x1)?0x1:0x0

.text           0x00000000     0x14b8
 CREATE_OBJECT_SYMBOLS
                0x00000000                PROVIDE (__cy_interrupt_vector, RomVectors)
 *(.romvectors)
 .romvectors    0x00000000       0x10 .\CortexM0\ARM_GCC_541\Debug\Cm0Start.o
                0x00000000                RomVectors
                0x00000001                ASSERT ((. != __cy_interrupt_vector), No interrupt vector)
                0x00000001                ASSERT (CY_APPL_ORIGIN?(SIZEOF (.cybootloader) <= CY_APPL_ORIGIN):0x1, Wrong image location)
                0x00000010                PROVIDE (__cy_reset, Reset)
 *(.text.Reset)
 .text.Reset    0x00000010        0x8 .\CortexM0\ARM_GCC_541\Debug\Cm0Start.o
                0x00000010                Reset
                0x00000001                ASSERT ((. != __cy_reset), No reset code)
 *(.psocinit)
 .psocinit      0x00000018      0x180 .\CortexM0\ARM_GCC_541\Debug\cyfitter_cfg.o
                0x00000094                cyfitter_cfg
                0x00000198                . = MAX (., 0x100)
 *(.text .text.* .gnu.linkonce.t.*)
 .text          0x00000198       0x60 c:/program files (x86)/cypress/psoc creator/4.4/psoc creator/import/gnu/arm/5.4.1/bin/../lib/gcc/arm-none-eabi/5.4.1/armv6-m/crtbegin.o
 .text.MVCCW    0x000001f8       0x6c .\CortexM0\ARM_GCC_541\Debug\main.o
                0x000001f8                MVCCW
 .text.MVCW     0x00000264       0x6c .\CortexM0\ARM_GCC_541\Debug\main.o
                0x00000264                MVCW
 .text.runCommand
                0x000002d0      0x2c4 .\CortexM0\ARM_GCC_541\Debug\main.o
                0x000002d0                runCommand
 .text.main     0x00000594       0xa4 .\CortexM0\ARM_GCC_541\Debug\main.o
                0x00000594                main
 .text.cfg_write_bytes32
                0x00000638       0x34 .\CortexM0\ARM_GCC_541\Debug\cyfitter_cfg.o
 .text.AnalogSetDefault
                0x0000066c       0x20 .\CortexM0\ARM_GCC_541\Debug\cyfitter_cfg.o
 .text.CYMEMZERO
                0x0000068c        0xc .\CortexM0\ARM_GCC_541\Debug\cyfitter_cfg.o
 .text.IntDefaultHandler
                0x00000698       0x10 .\CortexM0\ARM_GCC_541\Debug\Cm0Start.o
                0x00000698                IntDefaultHandler
 .text.Start_c  0x000006a8       0x48 .\CortexM0\ARM_GCC_541\Debug\Cm0Start.o
                0x000006a8                Start_c
 .text.initialize_psoc
                0x000006f0       0x4c .\CortexM0\ARM_GCC_541\Debug\Cm0Start.o
                0x000006f0                initialize_psoc
 .text.UART_ScbModePostEnable
                0x0000073c        0x8 .\CortexM0\ARM_GCC_541\Debug\Design01.a(UART.o)
 .text.UART_Init
                0x00000744        0x8 .\CortexM0\ARM_GCC_541\Debug\Design01.a(UART.o)
                0x00000744                UART_Init
 .text.UART_Enable
                0x0000074c       0x18 .\CortexM0\ARM_GCC_541\Debug\Design01.a(UART.o)
                0x0000074c                UART_Enable
 .text.UART_Start
                0x00000764       0x20 .\CortexM0\ARM_GCC_541\Debug\Design01.a(UART.o)
                0x00000764                UART_Start
 .text.UART_SpiUartReadRxData
                0x00000784        0xc .\CortexM0\ARM_GCC_541\Debug\Design01.a(UART_SPI_UART.o)
                0x00000784                UART_SpiUartReadRxData
 .text.UART_SpiUartGetRxBufferSize
                0x00000790       0x10 .\CortexM0\ARM_GCC_541\Debug\Design01.a(UART_SPI_UART.o)
                0x00000790                UART_SpiUartGetRxBufferSize
 .text.UART_SpiUartWriteTxData
                0x000007a0       0x1c .\CortexM0\ARM_GCC_541\Debug\Design01.a(UART_SPI_UART.o)
                0x000007a0                UART_SpiUartWriteTxData
 .text.UART_UartInit
                0x000007bc       0xa8 .\CortexM0\ARM_GCC_541\Debug\Design01.a(UART_UART.o)
                0x000007bc                UART_UartInit
 .text.UART_UartPostEnable
                0x00000864       0x24 .\CortexM0\ARM_GCC_541\Debug\Design01.a(UART_UART.o)
                0x00000864                UART_UartPostEnable
 .text.UART_UartGetChar
                0x00000888       0x2c .\CortexM0\ARM_GCC_541\Debug\Design01.a(UART_UART.o)
                0x00000888                UART_UartGetChar
 .text.UART_UartPutString
                0x000008b4       0x18 .\CortexM0\ARM_GCC_541\Debug\Design01.a(UART_UART.o)
                0x000008b4                UART_UartPutString
 .text.Motor_Write
                0x000008cc        0xc .\CortexM0\ARM_GCC_541\Debug\Design01.a(Motor.o)
                0x000008cc                Motor_Write
 .text.CySysClkImoDisableWcoLock
                0x000008d8       0x54 .\CortexM0\ARM_GCC_541\Debug\Design01.a(CyLib.o)
                0x000008d8                CySysClkImoDisableWcoLock
 .text.CySysClkImoGetWcoLock
                0x0000092c       0x14 .\CortexM0\ARM_GCC_541\Debug\Design01.a(CyLib.o)
                0x0000092c                CySysClkImoGetWcoLock
 .text.CyIntEnable
                0x00000940       0x14 .\CortexM0\ARM_GCC_541\Debug\Design01.a(CyLib.o)
                0x00000940                CyIntEnable
 .text.CyHalt   0x00000954        0x4 .\CortexM0\ARM_GCC_541\Debug\Design01.a(CyLib.o)
                0x00000954                CyHalt
 .text.CyIntSetVector
                0x00000958       0x24 .\CortexM0\ARM_GCC_541\Debug\Design01.a(CyLib.o)
                0x00000958                CyIntSetVector
 .text.CyDelay  0x0000097c       0x30 .\CortexM0\ARM_GCC_541\Debug\Design01.a(CyLib.o)
                0x0000097c                CyDelay
 .text.CySysClkImoEnableWcoLock
                0x000009ac       0xf4 .\CortexM0\ARM_GCC_541\Debug\Design01.a(CyLib.o)
                0x000009ac                CySysClkImoEnableWcoLock
 .text.CySysClkWriteImoFreq
                0x00000aa0       0x80 .\CortexM0\ARM_GCC_541\Debug\Design01.a(CyLib.o)
                0x00000aa0                CySysClkWriteImoFreq
 .text.CyDelayUs
                0x00000b20       0x14 .\CortexM0\ARM_GCC_541\Debug\Design01.a(CyLib.o)
                0x00000b20                CyDelayUs
 .text.CySysWdtLocked
                0x00000b34       0x14 .\CortexM0\ARM_GCC_541\Debug\Design01.a(CyLFClk.o)
 .text.CySysClkWcoEnabled
                0x00000b48       0x14 .\CortexM0\ARM_GCC_541\Debug\Design01.a(CyLFClk.o)
                0x00000b48                CySysClkWcoEnabled
 .text.CySysWdtLock
                0x00000b5c       0x1c .\CortexM0\ARM_GCC_541\Debug\Design01.a(CyLFClk.o)
                0x00000b5c                CySysWdtLock
 .text.CySysWdtUnlock
                0x00000b78       0x30 .\CortexM0\ARM_GCC_541\Debug\Design01.a(CyLFClk.o)
                0x00000b78                CySysWdtUnlock
 .text.CySysWdtClearInterrupt
                0x00000ba8       0x4c .\CortexM0\ARM_GCC_541\Debug\Design01.a(CyLFClk.o)
                0x00000ba8                CySysWdtClearInterrupt
 .text.CySysWdtIsr
                0x00000bf4       0xa4 .\CortexM0\ARM_GCC_541\Debug\Design01.a(CyLFClk.o)
                0x00000bf4                CySysWdtIsr
 .text          0x00000c98       0x20 .\CortexM0\ARM_GCC_541\Debug\Design01.a(CyBootAsmGnu.o)
                0x00000c98                CyDelayCycles
                0x00000caa                CyEnterCriticalSection
                0x00000cb2                CyExitCriticalSection
 .text.CySysFlashSetWaitCycles
                0x00000cb8       0x54 .\CortexM0\ARM_GCC_541\Debug\Design01.a(CyFlash.o)
                0x00000cb8                CySysFlashSetWaitCycles
 .text          0x00000d0c      0x1d4 c:/program files (x86)/cypress/psoc creator/4.4/psoc creator/import/gnu/arm/5.4.1/bin/../lib/gcc/arm-none-eabi/5.4.1/armv6-m\libgcc.a(_divsi3.o)
                0x00000d0c                __divsi3
                0x00000d0c                __aeabi_idiv
                0x00000ed8                __aeabi_idivmod
 .text          0x00000ee0        0x4 c:/program files (x86)/cypress/psoc creator/4.4/psoc creator/import/gnu/arm/5.4.1/bin/../lib/gcc/arm-none-eabi/5.4.1/armv6-m\libgcc.a(_dvmd_tls.o)
                0x00000ee0                __aeabi_idiv0
                0x00000ee0                __aeabi_ldiv0
 .text          0x00000ee4      0x234 c:/program files (x86)/cypress/psoc creator/4.4/psoc creator/import/gnu/arm/5.4.1/bin/../lib/gcc/arm-none-eabi/5.4.1/armv6-m\libgcc.a(divsf3.o)
                0x00000ee4                __aeabi_fdiv
 .text          0x00001118      0x228 c:/program files (x86)/cypress/psoc creator/4.4/psoc creator/import/gnu/arm/5.4.1/bin/../lib/gcc/arm-none-eabi/5.4.1/armv6-m\libgcc.a(mulsf3.o)
                0x00001118                __aeabi_fmul
 .text          0x00001340       0x44 c:/program files (x86)/cypress/psoc creator/4.4/psoc creator/import/gnu/arm/5.4.1/bin/../lib/gcc/arm-none-eabi/5.4.1/armv6-m\libgcc.a(fixsfsi.o)
                0x00001340                __aeabi_f2iz
 .text          0x00001384       0x90 c:/program files (x86)/cypress/psoc creator/4.4/psoc creator/import/gnu/arm/5.4.1/bin/../lib/gcc/arm-none-eabi/5.4.1/armv6-m\libgcc.a(floatsisf.o)
                0x00001384                __aeabi_i2f
 .text          0x00001414       0x3c c:/program files (x86)/cypress/psoc creator/4.4/psoc creator/import/gnu/arm/5.4.1/bin/../lib/gcc/arm-none-eabi/5.4.1/armv6-m\libgcc.a(_clzsi2.o)
                0x00001414                __clzsi2
 .text.__errno  0x00001450        0xc c:/program files (x86)/cypress/psoc creator/4.4/psoc creator/import/gnu/arm/5.4.1/bin/../lib/gcc/arm-none-eabi/5.4.1/../../../../arm-none-eabi/lib/armv6-m\libg_nano.a(lib_a-errno.o)
                0x00001450                __errno
 .text.__libc_init_array
                0x0000145c       0x4c c:/program files (x86)/cypress/psoc creator/4.4/psoc creator/import/gnu/arm/5.4.1/bin/../lib/gcc/arm-none-eabi/5.4.1/../../../../arm-none-eabi/lib/armv6-m\libg_nano.a(lib_a-init.o)
                0x0000145c                __libc_init_array
 .text.memset   0x000014a8       0x10 c:/program files (x86)/cypress/psoc creator/4.4/psoc creator/import/gnu/arm/5.4.1/bin/../lib/gcc/arm-none-eabi/5.4.1/../../../../arm-none-eabi/lib/armv6-m\libg_nano.a(lib_a-memset.o)
                0x000014a8                memset
 *(.plt)
 *(.gnu.warning)
 *(.glue_7t)
 .glue_7t       0x000014b8        0x0 linker stubs
 *(.glue_7)
 .glue_7        0x000014b8        0x0 linker stubs
 *(.vfp11_veneer)
 .vfp11_veneer  0x000014b8        0x0 linker stubs
 *(.bootloader)
 *(.ARM.extab* .gnu.linkonce.armextab.*)
 *(.gcc_except_table)

.v4_bx          0x000014b8        0x0
 .v4_bx         0x000014b8        0x0 linker stubs

.iplt           0x000014b8        0x0
 .iplt          0x000014b8        0x0 c:/program files (x86)/cypress/psoc creator/4.4/psoc creator/import/gnu/arm/5.4.1/bin/../lib/gcc/arm-none-eabi/5.4.1/armv6-m/crtbegin.o

.eh_frame_hdr
 *(.eh_frame_hdr)

.eh_frame       0x000014b8        0x4
 *(.eh_frame)
 .eh_frame      0x000014b8        0x0 c:/program files (x86)/cypress/psoc creator/4.4/psoc creator/import/gnu/arm/5.4.1/bin/../lib/gcc/arm-none-eabi/5.4.1/armv6-m/crtbegin.o
 .eh_frame      0x000014b8        0x4 c:/program files (x86)/cypress/psoc creator/4.4/psoc creator/import/gnu/arm/5.4.1/bin/../lib/gcc/arm-none-eabi/5.4.1/armv6-m/crtend.o
                [!provide]                PROVIDE (__exidx_start, .)

.ARM.exidx
 *(.ARM.exidx* .gnu.linkonce.armexidx.*)
                0x000014bc                __exidx_end = .

.rodata         0x000014bc      0x19c
 *(.rodata .rodata.* .gnu.linkonce.r.*)
 .rodata.str1.4
                0x000014bc       0x20 .\CortexM0\ARM_GCC_541\Debug\main.o
                                 0x1f (size before relaxing)
 .rodata        0x000014dc       0x50 .\CortexM0\ARM_GCC_541\Debug\cyfitter_cfg.o
 .rodata        0x0000152c       0x2e .\CortexM0\ARM_GCC_541\Debug\Design01.a(CyLib.o)
                0x0000152c                cyImoFreqMhz2Reg
 *fill*         0x0000155a        0x2 
 .rodata        0x0000155c       0x80 c:/program files (x86)/cypress/psoc creator/4.4/psoc creator/import/gnu/arm/5.4.1/bin/../lib/gcc/arm-none-eabi/5.4.1/armv6-m\libgcc.a(divsf3.o)
 .rodata        0x000015dc       0x40 c:/program files (x86)/cypress/psoc creator/4.4/psoc creator/import/gnu/arm/5.4.1/bin/../lib/gcc/arm-none-eabi/5.4.1/armv6-m\libgcc.a(mulsf3.o)
 .rodata.str1.1
                0x0000161c        0x2 c:/program files (x86)/cypress/psoc creator/4.4/psoc creator/import/gnu/arm/5.4.1/bin/../lib/gcc/arm-none-eabi/5.4.1/../../../../arm-none-eabi/lib/armv6-m\libg_nano.a(lib_a-impure.o)
                0x00001620                . = ALIGN (0x4)
 *fill*         0x0000161e        0x2 
 *(.init)
 .init          0x00001620        0x4 c:/program files (x86)/cypress/psoc creator/4.4/psoc creator/import/gnu/arm/5.4.1/bin/../lib/gcc/arm-none-eabi/5.4.1/armv6-m/crti.o
                0x00001620                _init
 .init          0x00001624        0x8 c:/program files (x86)/cypress/psoc creator/4.4/psoc creator/import/gnu/arm/5.4.1/bin/../lib/gcc/arm-none-eabi/5.4.1/armv6-m/crtn.o
                0x0000162c                . = ALIGN (0x4)
                0x0000162c                __preinit_array_start = .
 *(.preinit_array)
                0x0000162c                __preinit_array_end = .
                0x0000162c                . = ALIGN (0x4)
                0x0000162c                __init_array_start = .
 *(SORT(.init_array.*))
 *(.init_array)
 .init_array    0x0000162c        0x4 c:/program files (x86)/cypress/psoc creator/4.4/psoc creator/import/gnu/arm/5.4.1/bin/../lib/gcc/arm-none-eabi/5.4.1/armv6-m/crtbegin.o
 .init_array    0x00001630        0x4 .\CortexM0\ARM_GCC_541\Debug\Cm0Start.o
                0x00001634                __init_array_end = .
                0x00001634                . = ALIGN (0x4)
 *(.fini)
 .fini          0x00001634        0x4 c:/program files (x86)/cypress/psoc creator/4.4/psoc creator/import/gnu/arm/5.4.1/bin/../lib/gcc/arm-none-eabi/5.4.1/armv6-m/crti.o
                0x00001634                _fini
 .fini          0x00001638        0x8 c:/program files (x86)/cypress/psoc creator/4.4/psoc creator/import/gnu/arm/5.4.1/bin/../lib/gcc/arm-none-eabi/5.4.1/armv6-m/crtn.o
                0x00001640                . = ALIGN (0x4)
                0x00001640                __fini_array_start = .
 *(.fini_array)
 .fini_array    0x00001640        0x4 c:/program files (x86)/cypress/psoc creator/4.4/psoc creator/import/gnu/arm/5.4.1/bin/../lib/gcc/arm-none-eabi/5.4.1/armv6-m/crtbegin.o
 *(SORT(.fini_array.*))
                0x00001644                __fini_array_end = .
                0x00001644                . = ALIGN (0x4)
 *crtbegin.o(.ctors)
 *(EXCLUDE_FILE(*crtend.o) .ctors)
 *(SORT(.ctors.*))
 *crtend.o(.ctors)
                0x00001644                . = ALIGN (0x4)
 *crtbegin.o(.dtors)
 *(EXCLUDE_FILE(*crtend.o) .dtors)
 *(SORT(.dtors.*))
 *crtend.o(.dtors)
                0x00001644                . = ALIGN (0x4)
                0x00001644                __cy_regions = .
                0x00001644        0x4 LONG 0x1658 __cy_region_init_ram
                0x00001648        0x4 LONG 0x200000c0 __cy_region_start_data
                0x0000164c        0x4 LONG 0x90 __cy_region_init_size_ram
                0x00001650        0x4 LONG 0x48 __cy_region_zero_size_ram
                0x00001654                __cy_regions_end = .
                0x00001658                . = ALIGN (0x8)
 *fill*         0x00001654        0x4 
                0x00001658                _etext = .

.cy_checksum_exclude
                0x00001658        0x0
 *(.cy_checksum_exclude)

.ramvectors     0x20000000       0xc0
                0x20000000                __cy_region_start_ram = .
 *(.ramvectors)
 .ramvectors    0x20000000       0xc0 .\CortexM0\ARM_GCC_541\Debug\Cm0Start.o
                0x20000000                CyRamVectors

.noinit
 *(.noinit)

.data           0x200000c0       0x90 load address 0x00001658
                0x200000c0                __cy_region_start_data = .
 *(.jcr)
 .jcr           0x200000c0        0x0 c:/program files (x86)/cypress/psoc creator/4.4/psoc creator/import/gnu/arm/5.4.1/bin/../lib/gcc/arm-none-eabi/5.4.1/armv6-m/crtbegin.o
 .jcr           0x200000c0        0x4 c:/program files (x86)/cypress/psoc creator/4.4/psoc creator/import/gnu/arm/5.4.1/bin/../lib/gcc/arm-none-eabi/5.4.1/armv6-m/crtend.o
 *(.got.plt)
 *(.got)
 *(.shdata)
 *(.data .data.* .gnu.linkonce.d.*)
 .data          0x200000c4        0x8 .\CortexM0\ARM_GCC_541\Debug\main.o
                0x200000c4                motorDelay
                0x200000c8                motor
 .data          0x200000cc       0x14 .\CortexM0\ARM_GCC_541\Debug\Design01.a(CyLib.o)
                0x200000cc                CySysClkPumpConfig
                0x200000d0                cydelay32kMs
                0x200000d4                cydelayFreqKhz
                0x200000d8                cydelayFreqMhz
                0x200000dc                cydelayFreqHz
 .data          0x200000e0        0x8 .\CortexM0\ARM_GCC_541\Debug\Design01.a(CyLFClk.o)
 .data.impure_data
                0x200000e8       0x60 c:/program files (x86)/cypress/psoc creator/4.4/psoc creator/import/gnu/arm/5.4.1/bin/../lib/gcc/arm-none-eabi/5.4.1/../../../../arm-none-eabi/lib/armv6-m\libg_nano.a(lib_a-impure.o)
 .data._impure_ptr
                0x20000148        0x4 c:/program files (x86)/cypress/psoc creator/4.4/psoc creator/import/gnu/arm/5.4.1/bin/../lib/gcc/arm-none-eabi/5.4.1/../../../../arm-none-eabi/lib/armv6-m\libg_nano.a(lib_a-impure.o)
                0x20000148                _impure_ptr
                0x20000150                . = ALIGN (0x8)
 *fill*         0x2000014c        0x4 
 *(.ram)
                0x20000150                _edata = .

.igot.plt       0x20000150        0x0 load address 0x000016e8
 .igot.plt      0x20000150        0x0 c:/program files (x86)/cypress/psoc creator/4.4/psoc creator/import/gnu/arm/5.4.1/bin/../lib/gcc/arm-none-eabi/5.4.1/armv6-m/crtbegin.o

.bss            0x20000150       0x48 load address 0x000016e8
                0x20000150                PROVIDE (__bss_start__, .)
 *(.shbss)
 *(.bss .bss.* .gnu.linkonce.b.*)
 .bss           0x20000150       0x1c c:/program files (x86)/cypress/psoc creator/4.4/psoc creator/import/gnu/arm/5.4.1/bin/../lib/gcc/arm-none-eabi/5.4.1/armv6-m/crtbegin.o
 .bss           0x2000016c        0x4 .\CortexM0\ARM_GCC_541\Debug\Design01.a(UART.o)
                0x2000016c                UART_initVar
                0x2000016e                UART_IntrTxMask
 .bss           0x20000170       0x28 .\CortexM0\ARM_GCC_541\Debug\Design01.a(CyLFClk.o)
 *(COMMON)
                0x20000198                . = ALIGN (0x8)
 *(.ram.b)
                0x20000198                _end = .
                0x20000198                __end = .
                0x20000198                PROVIDE (end, .)
                0x20000198                PROVIDE (__bss_end__, .)
                0x00001658                __cy_region_init_ram = LOADADDR (.data)
                0x00000090                __cy_region_init_size_ram = (_edata - ADDR (.data))
                0x00000048                __cy_region_zero_size_ram = (_end - _edata)

.heap           0x20000198       0x80 load address 0x000016e8
                0x20000198                . = _end
                0x20000218                . = (. + 0x80)
 *fill*         0x20000198       0x80 
                0x20000218                __cy_heap_limit = .

.stack          0x20003800      0x800
                0x20003800                __cy_stack_limit = .
                0x20004000                . = (. + 0x800)
 *fill*         0x20003800      0x800 
                0x00000001                ASSERT ((__cy_stack_limit >= __cy_heap_limit), region RAM overflowed with stack)
                0x00000000                cy_checksum_exclude_size = (CY_APPL_LOADABLE == 0x1)?SIZEOF (.cy_checksum_exclude):0x0
                0x00000001                ASSERT ((cy_checksum_exclude_size <= CY_CHECKSUM_EXCLUDE_SIZE), CY_BOOT: Section .cy_checksum_exclude size exceedes specified limit.)
                0x0001ffc0                cyloadermeta_start = (cy_project_type_bootloader || cy_project_type_app_for_stack_and_copier)?(LENGTH (rom) - CY_METADATA_SIZE):0xf0000000

.cyloadermeta
 *(.cyloadermeta)
                0x0001ffc0                cyloadablemeta_start = cy_project_type_app_for_stack_and_copier?((LENGTH (rom) - CY_FLASH_ROW_SIZE) - CY_METADATA_SIZE):((LENGTH (rom) - (CY_FLASH_ROW_SIZE * (CY_APPL_NUM - 0x1))) - CY_METADATA_SIZE)

.cyloadablemeta
 *(.cyloadablemeta)

.cyflashprotect
                0x90400000       0x80
 *(.cyflashprotect)
 .cyflashprotect
                0x90400000       0x80 .\CortexM0\ARM_GCC_541\Debug\cymetadata.o
                0x90400000                cy_meta_flashprotect

.cymeta         0x90500000        0xc
 *(.cymeta)
 .cymeta        0x90500000        0xc .\CortexM0\ARM_GCC_541\Debug\cymetadata.o
                0x90500000                cy_metadata

.cychipprotect  0x90600000        0x1
 *(.cychipprotect)
 .cychipprotect
                0x90600000        0x1 .\CortexM0\ARM_GCC_541\Debug\cymetadata.o
                0x90600000                cy_meta_chipprotect

.rel.dyn        0x000016e8        0x0 load address 0x90600004
 .rel.iplt      0x000016e8        0x0 c:/program files (x86)/cypress/psoc creator/4.4/psoc creator/import/gnu/arm/5.4.1/bin/../lib/gcc/arm-none-eabi/5.4.1/armv6-m/crtbegin.o

.stab
 *(.stab)

.stabstr
 *(.stabstr)

.debug
 *(.debug)

.line
 *(.line)

.debug_srcinfo
 *(.debug_srcinfo)

.debug_sfnames
 *(.debug_sfnames)

.debug_aranges  0x00000000      0x5f8
 *(.debug_aranges)
 .debug_aranges
                0x00000000       0x38 .\CortexM0\ARM_GCC_541\Debug\main.o
 .debug_aranges
                0x00000038       0x40 .\CortexM0\ARM_GCC_541\Debug\cyfitter_cfg.o
 .debug_aranges
                0x00000078       0x18 .\CortexM0\ARM_GCC_541\Debug\cymetadata.o
 .debug_aranges
                0x00000090       0x48 .\CortexM0\ARM_GCC_541\Debug\Cm0Start.o
 .debug_aranges
                0x000000d8       0x58 .\CortexM0\ARM_GCC_541\Debug\Design01.a(UART.o)
 .debug_aranges
                0x00000130       0x60 .\CortexM0\ARM_GCC_541\Debug\Design01.a(UART_SPI_UART.o)
 .debug_aranges
                0x00000190       0x90 .\CortexM0\ARM_GCC_541\Debug\Design01.a(UART_UART.o)
 .debug_aranges
                0x00000220       0x28 .\CortexM0\ARM_GCC_541\Debug\Design01.a(Motor.o)
 .debug_aranges
                0x00000248      0x1c8 .\CortexM0\ARM_GCC_541\Debug\Design01.a(CyLib.o)
 .debug_aranges
                0x00000410      0x188 .\CortexM0\ARM_GCC_541\Debug\Design01.a(CyLFClk.o)
 .debug_aranges
                0x00000598       0x20 .\CortexM0\ARM_GCC_541\Debug\Design01.a(CyBootAsmGnu.o)
 .debug_aranges
                0x000005b8       0x40 .\CortexM0\ARM_GCC_541\Debug\Design01.a(CyFlash.o)

.debug_pubnames
 *(.debug_pubnames)

.debug_info     0x00000000     0x38d9
 *(.debug_info .gnu.linkonce.wi.*)
 .debug_info    0x00000000      0x615 .\CortexM0\ARM_GCC_541\Debug\main.o
 .debug_info    0x00000615      0x3bc .\CortexM0\ARM_GCC_541\Debug\cyfitter_cfg.o
 .debug_info    0x000009d1       0xf8 .\CortexM0\ARM_GCC_541\Debug\cymetadata.o
 .debug_info    0x00000ac9      0x3a2 .\CortexM0\ARM_GCC_541\Debug\Cm0Start.o
 .debug_info    0x00000e6b      0x23a .\CortexM0\ARM_GCC_541\Debug\Design01.a(UART.o)
 .debug_info    0x000010a5      0x220 .\CortexM0\ARM_GCC_541\Debug\Design01.a(UART_SPI_UART.o)
 .debug_info    0x000012c5      0x3b5 .\CortexM0\ARM_GCC_541\Debug\Design01.a(UART_UART.o)
 .debug_info    0x0000167a       0xd6 .\CortexM0\ARM_GCC_541\Debug\Design01.a(Motor.o)
 .debug_info    0x00001750      0xd40 .\CortexM0\ARM_GCC_541\Debug\Design01.a(CyLib.o)
 .debug_info    0x00002490     0x1058 .\CortexM0\ARM_GCC_541\Debug\Design01.a(CyLFClk.o)
 .debug_info    0x000034e8       0xa1 .\CortexM0\ARM_GCC_541\Debug\Design01.a(CyBootAsmGnu.o)
 .debug_info    0x00003589      0x350 .\CortexM0\ARM_GCC_541\Debug\Design01.a(CyFlash.o)

.debug_abbrev   0x00000000      0xf3d
 *(.debug_abbrev)
 .debug_abbrev  0x00000000      0x19a .\CortexM0\ARM_GCC_541\Debug\main.o
 .debug_abbrev  0x0000019a      0x1af .\CortexM0\ARM_GCC_541\Debug\cyfitter_cfg.o
 .debug_abbrev  0x00000349       0x5d .\CortexM0\ARM_GCC_541\Debug\cymetadata.o
 .debug_abbrev  0x000003a6      0x1d7 .\CortexM0\ARM_GCC_541\Debug\Cm0Start.o
 .debug_abbrev  0x0000057d       0xd5 .\CortexM0\ARM_GCC_541\Debug\Design01.a(UART.o)
 .debug_abbrev  0x00000652      0x14f .\CortexM0\ARM_GCC_541\Debug\Design01.a(UART_SPI_UART.o)
 .debug_abbrev  0x000007a1      0x132 .\CortexM0\ARM_GCC_541\Debug\Design01.a(UART_UART.o)
 .debug_abbrev  0x000008d3       0x81 .\CortexM0\ARM_GCC_541\Debug\Design01.a(Motor.o)
 .debug_abbrev  0x00000954      0x20b .\CortexM0\ARM_GCC_541\Debug\Design01.a(CyLib.o)
 .debug_abbrev  0x00000b5f      0x248 .\CortexM0\ARM_GCC_541\Debug\Design01.a(CyLFClk.o)
 .debug_abbrev  0x00000da7       0x14 .\CortexM0\ARM_GCC_541\Debug\Design01.a(CyBootAsmGnu.o)
 .debug_abbrev  0x00000dbb      0x182 .\CortexM0\ARM_GCC_541\Debug\Design01.a(CyFlash.o)

.debug_line     0x00000000     0x1842
 *(.debug_line)
 .debug_line    0x00000000      0x1e5 .\CortexM0\ARM_GCC_541\Debug\main.o
 .debug_line    0x000001e5      0x178 .\CortexM0\ARM_GCC_541\Debug\cyfitter_cfg.o
 .debug_line    0x0000035d      0x141 .\CortexM0\ARM_GCC_541\Debug\cymetadata.o
 .debug_line    0x0000049e      0x236 .\CortexM0\ARM_GCC_541\Debug\Cm0Start.o
 .debug_line    0x000006d4      0x108 .\CortexM0\ARM_GCC_541\Debug\Design01.a(UART.o)
 .debug_line    0x000007dc      0x11a .\CortexM0\ARM_GCC_541\Debug\Design01.a(UART_SPI_UART.o)
 .debug_line    0x000008f6      0x1cf .\CortexM0\ARM_GCC_541\Debug\Design01.a(UART_UART.o)
 .debug_line    0x00000ac5       0x6e .\CortexM0\ARM_GCC_541\Debug\Design01.a(Motor.o)
 .debug_line    0x00000b33      0x563 .\CortexM0\ARM_GCC_541\Debug\Design01.a(CyLib.o)
 .debug_line    0x00001096      0x5d1 .\CortexM0\ARM_GCC_541\Debug\Design01.a(CyLFClk.o)
 .debug_line    0x00001667       0x68 .\CortexM0\ARM_GCC_541\Debug\Design01.a(CyBootAsmGnu.o)
 .debug_line    0x000016cf      0x173 .\CortexM0\ARM_GCC_541\Debug\Design01.a(CyFlash.o)

.debug_frame    0x00000000     0x1064
 *(.debug_frame)
 .debug_frame   0x00000000       0x98 .\CortexM0\ARM_GCC_541\Debug\main.o
 .debug_frame   0x00000098       0x98 .\CortexM0\ARM_GCC_541\Debug\cyfitter_cfg.o
 .debug_frame   0x00000130       0xbc .\CortexM0\ARM_GCC_541\Debug\Cm0Start.o
 .debug_frame   0x000001ec       0xd8 .\CortexM0\ARM_GCC_541\Debug\Design01.a(UART.o)
 .debug_frame   0x000002c4       0xb0 .\CortexM0\ARM_GCC_541\Debug\Design01.a(UART_SPI_UART.o)
 .debug_frame   0x00000374      0x144 .\CortexM0\ARM_GCC_541\Debug\Design01.a(UART_UART.o)
 .debug_frame   0x000004b8       0x30 .\CortexM0\ARM_GCC_541\Debug\Design01.a(Motor.o)
 .debug_frame   0x000004e8      0x48c .\CortexM0\ARM_GCC_541\Debug\Design01.a(CyLib.o)
 .debug_frame   0x00000974      0x4a4 .\CortexM0\ARM_GCC_541\Debug\Design01.a(CyLFClk.o)
 .debug_frame   0x00000e18       0x90 .\CortexM0\ARM_GCC_541\Debug\Design01.a(CyFlash.o)
 .debug_frame   0x00000ea8       0x20 c:/program files (x86)/cypress/psoc creator/4.4/psoc creator/import/gnu/arm/5.4.1/bin/../lib/gcc/arm-none-eabi/5.4.1/armv6-m\libgcc.a(_udivsi3.o)
 .debug_frame   0x00000ec8       0x20 c:/program files (x86)/cypress/psoc creator/4.4/psoc creator/import/gnu/arm/5.4.1/bin/../lib/gcc/arm-none-eabi/5.4.1/armv6-m\libgcc.a(_divsi3.o)
 .debug_frame   0x00000ee8       0x3c c:/program files (x86)/cypress/psoc creator/4.4/psoc creator/import/gnu/arm/5.4.1/bin/../lib/gcc/arm-none-eabi/5.4.1/armv6-m\libgcc.a(divsf3.o)
 .debug_frame   0x00000f24       0x38 c:/program files (x86)/cypress/psoc creator/4.4/psoc creator/import/gnu/arm/5.4.1/bin/../lib/gcc/arm-none-eabi/5.4.1/armv6-m\libgcc.a(mulsf3.o)
 .debug_frame   0x00000f5c       0x20 c:/program files (x86)/cypress/psoc creator/4.4/psoc creator/import/gnu/arm/5.4.1/bin/../lib/gcc/arm-none-eabi/5.4.1/armv6-m\libgcc.a(fixsfsi.o)
 .debug_frame   0x00000f7c       0x2c c:/program files (x86)/cypress/psoc creator/4.4/psoc creator/import/gnu/arm/5.4.1/bin/../lib/gcc/arm-none-eabi/5.4.1/armv6-m\libgcc.a(floatsisf.o)
 .debug_frame   0x00000fa8       0x20 c:/program files (x86)/cypress/psoc creator/4.4/psoc creator/import/gnu/arm/5.4.1/bin/../lib/gcc/arm-none-eabi/5.4.1/../../../../arm-none-eabi/lib/armv6-m\libg_nano.a(lib_a-errno.o)
 .debug_frame   0x00000fc8       0x28 c:/program files (x86)/cypress/psoc creator/4.4/psoc creator/import/gnu/arm/5.4.1/bin/../lib/gcc/arm-none-eabi/5.4.1/../../../../arm-none-eabi/lib/armv6-m\libg_nano.a(lib_a-exit.o)
 .debug_frame   0x00000ff0       0x2c c:/program files (x86)/cypress/psoc creator/4.4/psoc creator/import/gnu/arm/5.4.1/bin/../lib/gcc/arm-none-eabi/5.4.1/../../../../arm-none-eabi/lib/armv6-m\libg_nano.a(lib_a-init.o)
 .debug_frame   0x0000101c       0x28 c:/program files (x86)/cypress/psoc creator/4.4/psoc creator/import/gnu/arm/5.4.1/bin/../lib/gcc/arm-none-eabi/5.4.1/../../../../arm-none-eabi/lib/armv6-m\libg_nano.a(lib_a-memcpy-stub.o)
 .debug_frame   0x00001044       0x20 c:/program files (x86)/cypress/psoc creator/4.4/psoc creator/import/gnu/arm/5.4.1/bin/../lib/gcc/arm-none-eabi/5.4.1/../../../../arm-none-eabi/lib/armv6-m\libg_nano.a(lib_a-memset.o)

.debug_str      0x00000000     0x1666
 *(.debug_str)
 .debug_str     0x00000000      0x252 .\CortexM0\ARM_GCC_541\Debug\main.o
                                0x292 (size before relaxing)
 .debug_str     0x00000252      0x124 .\CortexM0\ARM_GCC_541\Debug\cyfitter_cfg.o
                                0x2e7 (size before relaxing)
 .debug_str     0x00000376       0x63 .\CortexM0\ARM_GCC_541\Debug\cymetadata.o
                                0x1d9 (size before relaxing)
 .debug_str     0x000003d9      0x13a .\CortexM0\ARM_GCC_541\Debug\Cm0Start.o
                                0x312 (size before relaxing)
 .debug_str     0x00000513       0xf7 .\CortexM0\ARM_GCC_541\Debug\Design01.a(UART.o)
                                0x2a8 (size before relaxing)
 .debug_str     0x0000060a      0x11d .\CortexM0\ARM_GCC_541\Debug\Design01.a(UART_SPI_UART.o)
                                0x2df (size before relaxing)
 .debug_str     0x00000727      0x175 .\CortexM0\ARM_GCC_541\Debug\Design01.a(UART_UART.o)
                                0x3d9 (size before relaxing)
 .debug_str     0x0000089c       0x32 .\CortexM0\ARM_GCC_541\Debug\Design01.a(Motor.o)
                                0x1c0 (size before relaxing)
 .debug_str     0x000008ce      0x607 .\CortexM0\ARM_GCC_541\Debug\Design01.a(CyLib.o)
                                0x80e (size before relaxing)
 .debug_str     0x00000ed5      0x6ea .\CortexM0\ARM_GCC_541\Debug\Design01.a(CyLFClk.o)
                                0x92e (size before relaxing)
 .debug_str     0x000015bf       0xa7 .\CortexM0\ARM_GCC_541\Debug\Design01.a(CyFlash.o)
                                0x2c1 (size before relaxing)

.debug_loc      0x00000000     0x2213
 *(.debug_loc)
 .debug_loc     0x00000000      0x542 .\CortexM0\ARM_GCC_541\Debug\main.o
 .debug_loc     0x00000542      0x118 .\CortexM0\ARM_GCC_541\Debug\cyfitter_cfg.o
 .debug_loc     0x0000065a      0x14f .\CortexM0\ARM_GCC_541\Debug\Cm0Start.o
 .debug_loc     0x000007a9       0x7e .\CortexM0\ARM_GCC_541\Debug\Design01.a(UART.o)
 .debug_loc     0x00000827       0x96 .\CortexM0\ARM_GCC_541\Debug\Design01.a(UART_SPI_UART.o)
 .debug_loc     0x000008bd      0x223 .\CortexM0\ARM_GCC_541\Debug\Design01.a(UART_UART.o)
 .debug_loc     0x00000ae0      0x81c .\CortexM0\ARM_GCC_541\Debug\Design01.a(CyLib.o)
 .debug_loc     0x000012fc      0xdb7 .\CortexM0\ARM_GCC_541\Debug\Design01.a(CyLFClk.o)
 .debug_loc     0x000020b3      0x160 .\CortexM0\ARM_GCC_541\Debug\Design01.a(CyFlash.o)

.debug_macinfo
 *(.debug_macinfo)

.debug_ranges   0x00000000      0x580
 *(.debug_ranges)
 .debug_ranges  0x00000000       0x88 .\CortexM0\ARM_GCC_541\Debug\main.o
 .debug_ranges  0x00000088       0x30 .\CortexM0\ARM_GCC_541\Debug\cyfitter_cfg.o
 .debug_ranges  0x000000b8       0x38 .\CortexM0\ARM_GCC_541\Debug\Cm0Start.o
 .debug_ranges  0x000000f0       0x48 .\CortexM0\ARM_GCC_541\Debug\Design01.a(UART.o)
 .debug_ranges  0x00000138       0x50 .\CortexM0\ARM_GCC_541\Debug\Design01.a(UART_SPI_UART.o)
 .debug_ranges  0x00000188       0x80 .\CortexM0\ARM_GCC_541\Debug\Design01.a(UART_UART.o)
 .debug_ranges  0x00000208       0x18 .\CortexM0\ARM_GCC_541\Debug\Design01.a(Motor.o)
 .debug_ranges  0x00000220      0x1b8 .\CortexM0\ARM_GCC_541\Debug\Design01.a(CyLib.o)
 .debug_ranges  0x000003d8      0x178 .\CortexM0\ARM_GCC_541\Debug\Design01.a(CyLFClk.o)
 .debug_ranges  0x00000550       0x30 .\CortexM0\ARM_GCC_541\Debug\Design01.a(CyFlash.o)

.comment        0x00000000       0x6e
 .comment       0x00000000       0x6e .\CortexM0\ARM_GCC_541\Debug\main.o
                                 0x6f (size before relaxing)
 .comment       0x0000006e       0x6f .\CortexM0\ARM_GCC_541\Debug\cyfitter_cfg.o
 .comment       0x0000006e       0x6f .\CortexM0\ARM_GCC_541\Debug\cymetadata.o
 .comment       0x0000006e       0x6f .\CortexM0\ARM_GCC_541\Debug\Cm0Start.o
 .comment       0x0000006e       0x6f .\CortexM0\ARM_GCC_541\Debug\Design01.a(UART.o)
 .comment       0x0000006e       0x6f .\CortexM0\ARM_GCC_541\Debug\Design01.a(UART_SPI_UART.o)
 .comment       0x0000006e       0x6f .\CortexM0\ARM_GCC_541\Debug\Design01.a(UART_UART.o)
 .comment       0x0000006e       0x6f .\CortexM0\ARM_GCC_541\Debug\Design01.a(Motor.o)
 .comment       0x0000006e       0x6f .\CortexM0\ARM_GCC_541\Debug\Design01.a(CyLib.o)
 .comment       0x0000006e       0x6f .\CortexM0\ARM_GCC_541\Debug\Design01.a(CyLFClk.o)
 .comment       0x0000006e       0x6f .\CortexM0\ARM_GCC_541\Debug\Design01.a(CyFlash.o)

.debug_weaknames
 *(.debug_weaknames)

.debug_funcnames
 *(.debug_funcnames)

.debug_typenames
 *(.debug_typenames)

.debug_varnames
 *(.debug_varnames)

.note.gnu.arm.ident
 *(.note.gnu.arm.ident)

.ARM.attributes
                0x00000000       0x28
 *(.ARM.attributes)
 .ARM.attributes
                0x00000000       0x1e c:/program files (x86)/cypress/psoc creator/4.4/psoc creator/import/gnu/arm/5.4.1/bin/../lib/gcc/arm-none-eabi/5.4.1/armv6-m/crti.o
 .ARM.attributes
                0x0000001e       0x2c c:/program files (x86)/cypress/psoc creator/4.4/psoc creator/import/gnu/arm/5.4.1/bin/../lib/gcc/arm-none-eabi/5.4.1/armv6-m/crtbegin.o
 .ARM.attributes
                0x0000004a       0x1b c:/program files (x86)/cypress/psoc creator/4.4/psoc creator/import/gnu/arm/5.4.1/bin/../lib/gcc/arm-none-eabi/5.4.1/../../../../arm-none-eabi/lib/armv6-m/crt0.o
 .ARM.attributes
                0x00000065       0x31 .\CortexM0\ARM_GCC_541\Debug\main.o
 .ARM.attributes
                0x00000096       0x31 .\CortexM0\ARM_GCC_541\Debug\cyfitter_cfg.o
 .ARM.attributes
                0x000000c7       0x31 .\CortexM0\ARM_GCC_541\Debug\cymetadata.o
 .ARM.attributes
                0x000000f8       0x31 .\CortexM0\ARM_GCC_541\Debug\Cm0Start.o
 .ARM.attributes
                0x00000129       0x31 .\CortexM0\ARM_GCC_541\Debug\Design01.a(UART.o)
 .ARM.attributes
                0x0000015a       0x31 .\CortexM0\ARM_GCC_541\Debug\Design01.a(UART_SPI_UART.o)
 .ARM.attributes
                0x0000018b       0x31 .\CortexM0\ARM_GCC_541\Debug\Design01.a(UART_UART.o)
 .ARM.attributes
                0x000001bc       0x31 .\CortexM0\ARM_GCC_541\Debug\Design01.a(Motor.o)
 .ARM.attributes
                0x000001ed       0x31 .\CortexM0\ARM_GCC_541\Debug\Design01.a(CyLib.o)
 .ARM.attributes
                0x0000021e       0x31 .\CortexM0\ARM_GCC_541\Debug\Design01.a(CyLFClk.o)
 .ARM.attributes
                0x0000024f       0x21 .\CortexM0\ARM_GCC_541\Debug\Design01.a(CyBootAsmGnu.o)
 .ARM.attributes
                0x00000270       0x31 .\CortexM0\ARM_GCC_541\Debug\Design01.a(CyFlash.o)
 .ARM.attributes
                0x000002a1       0x1e c:/program files (x86)/cypress/psoc creator/4.4/psoc creator/import/gnu/arm/5.4.1/bin/../lib/gcc/arm-none-eabi/5.4.1/armv6-m\libgcc.a(_udivsi3.o)
 .ARM.attributes
                0x000002bf       0x1e c:/program files (x86)/cypress/psoc creator/4.4/psoc creator/import/gnu/arm/5.4.1/bin/../lib/gcc/arm-none-eabi/5.4.1/armv6-m\libgcc.a(_divsi3.o)
 .ARM.attributes
                0x000002dd       0x1e c:/program files (x86)/cypress/psoc creator/4.4/psoc creator/import/gnu/arm/5.4.1/bin/../lib/gcc/arm-none-eabi/5.4.1/armv6-m\libgcc.a(_dvmd_tls.o)
 .ARM.attributes
                0x000002fb       0x2c c:/program files (x86)/cypress/psoc creator/4.4/psoc creator/import/gnu/arm/5.4.1/bin/../lib/gcc/arm-none-eabi/5.4.1/armv6-m\libgcc.a(divsf3.o)
 .ARM.attributes
                0x00000327       0x2c c:/program files (x86)/cypress/psoc creator/4.4/psoc creator/import/gnu/arm/5.4.1/bin/../lib/gcc/arm-none-eabi/5.4.1/armv6-m\libgcc.a(mulsf3.o)
 .ARM.attributes
                0x00000353       0x2c c:/program files (x86)/cypress/psoc creator/4.4/psoc creator/import/gnu/arm/5.4.1/bin/../lib/gcc/arm-none-eabi/5.4.1/armv6-m\libgcc.a(fixsfsi.o)
 .ARM.attributes
                0x0000037f       0x2c c:/program files (x86)/cypress/psoc creator/4.4/psoc creator/import/gnu/arm/5.4.1/bin/../lib/gcc/arm-none-eabi/5.4.1/armv6-m\libgcc.a(floatsisf.o)
 .ARM.attributes
                0x000003ab       0x1e c:/program files (x86)/cypress/psoc creator/4.4/psoc creator/import/gnu/arm/5.4.1/bin/../lib/gcc/arm-none-eabi/5.4.1/armv6-m\libgcc.a(_clzsi2.o)
 .ARM.attributes
                0x000003c9       0x2c c:/program files (x86)/cypress/psoc creator/4.4/psoc creator/import/gnu/arm/5.4.1/bin/../lib/gcc/arm-none-eabi/5.4.1/../../../../arm-none-eabi/lib/armv6-m\libg_nano.a(lib_a-errno.o)
 .ARM.attributes
                0x000003f5       0x2c c:/program files (x86)/cypress/psoc creator/4.4/psoc creator/import/gnu/arm/5.4.1/bin/../lib/gcc/arm-none-eabi/5.4.1/../../../../arm-none-eabi/lib/armv6-m\libg_nano.a(lib_a-exit.o)
 .ARM.attributes
                0x00000421       0x2c c:/program files (x86)/cypress/psoc creator/4.4/psoc creator/import/gnu/arm/5.4.1/bin/../lib/gcc/arm-none-eabi/5.4.1/../../../../arm-none-eabi/lib/armv6-m\libg_nano.a(lib_a-impure.o)
 .ARM.attributes
                0x0000044d       0x2c c:/program files (x86)/cypress/psoc creator/4.4/psoc creator/import/gnu/arm/5.4.1/bin/../lib/gcc/arm-none-eabi/5.4.1/../../../../arm-none-eabi/lib/armv6-m\libg_nano.a(lib_a-init.o)
 .ARM.attributes
                0x00000479       0x2c c:/program files (x86)/cypress/psoc creator/4.4/psoc creator/import/gnu/arm/5.4.1/bin/../lib/gcc/arm-none-eabi/5.4.1/../../../../arm-none-eabi/lib/armv6-m\libg_nano.a(lib_a-memcpy-stub.o)
 .ARM.attributes
                0x000004a5       0x2c c:/program files (x86)/cypress/psoc creator/4.4/psoc creator/import/gnu/arm/5.4.1/bin/../lib/gcc/arm-none-eabi/5.4.1/../../../../arm-none-eabi/lib/armv6-m\libg_nano.a(lib_a-memset.o)
 .ARM.attributes
                0x000004d1       0x2c c:/program files (x86)/cypress/psoc creator/4.4/psoc creator/import/gnu/arm/5.4.1/bin/../lib/gcc/arm-none-eabi/5.4.1/armv6-m/crtend.o
 .ARM.attributes
                0x000004fd       0x1e c:/program files (x86)/cypress/psoc creator/4.4/psoc creator/import/gnu/arm/5.4.1/bin/../lib/gcc/arm-none-eabi/5.4.1/armv6-m/crtn.o

/DISCARD/
 *(.note.GNU-stack)
OUTPUT(C:\Users\hElLo KiTtY 2.1\Desktop\ECE381\Lab 4 - UART Motors\Project\Design01.cydsn\CortexM0\ARM_GCC_541\Debug\Design01.elf elf32-littlearm)
