Archive member included to satisfy reference by file (symbol)

.\CortexM0\ARM_GCC_541\Debug\AutomaticPetFeeder.a(BTN_ISR.o)
                              .\CortexM0\ARM_GCC_541\Debug\main.o (BTN_ISR_Start)
.\CortexM0\ARM_GCC_541\Debug\AutomaticPetFeeder.a(ENC_ISR.o)
                              .\CortexM0\ARM_GCC_541\Debug\main.o (ENC_ISR_Start)
.\CortexM0\ARM_GCC_541\Debug\AutomaticPetFeeder.a(CyLib.o)
                              .\CortexM0\ARM_GCC_541\Debug\cyfitter_cfg.o (CyIntEnable)
.\CortexM0\ARM_GCC_541\Debug\AutomaticPetFeeder.a(CyLFClk.o)
                              .\CortexM0\ARM_GCC_541\Debug\AutomaticPetFeeder.a(CyLib.o) (CySysClkWcoEnabled)
.\CortexM0\ARM_GCC_541\Debug\AutomaticPetFeeder.a(I2C.o)
                              .\CortexM0\ARM_GCC_541\Debug\main.o (I2C_Start)
.\CortexM0\ARM_GCC_541\Debug\AutomaticPetFeeder.a(I2C_I2C.o)
                              .\CortexM0\ARM_GCC_541\Debug\AutomaticPetFeeder.a(I2C.o) (I2C_I2CInit)
.\CortexM0\ARM_GCC_541\Debug\AutomaticPetFeeder.a(I2C_I2C_MASTER.o)
                              .\CortexM0\ARM_GCC_541\Debug\LiquidCrystal_i2C.o (I2C_I2CMasterSendStart)
.\CortexM0\ARM_GCC_541\Debug\AutomaticPetFeeder.a(CyBootAsmGnu.o)
                              .\CortexM0\ARM_GCC_541\Debug\AutomaticPetFeeder.a(CyLib.o) (CyDelayCycles)
.\CortexM0\ARM_GCC_541\Debug\AutomaticPetFeeder.a(BTN.o)
                              .\CortexM0\ARM_GCC_541\Debug\AutomaticPetFeeder.a(BTN_ISR.o) (BTN_Read)
.\CortexM0\ARM_GCC_541\Debug\AutomaticPetFeeder.a(ENC.o)
                              .\CortexM0\ARM_GCC_541\Debug\AutomaticPetFeeder.a(ENC_ISR.o) (ENC_Read)
.\CortexM0\ARM_GCC_541\Debug\AutomaticPetFeeder.a(CyFlash.o)
                              .\CortexM0\ARM_GCC_541\Debug\AutomaticPetFeeder.a(CyLib.o) (CySysFlashSetWaitCycles)
.\CortexM0\ARM_GCC_541\Debug\AutomaticPetFeeder.a(I2C_I2C_INT.o)
                              .\CortexM0\ARM_GCC_541\Debug\AutomaticPetFeeder.a(I2C_I2C.o) (I2C_I2C_ISR)
c:/program files (x86)/cypress/psoc creator/4.4/psoc creator/import/gnu/arm/5.4.1/bin/../lib/gcc/arm-none-eabi/5.4.1/armv6-m\libgcc.a(_udivsi3.o)
                              .\CortexM0\ARM_GCC_541\Debug\main.o (__aeabi_uidiv)
c:/program files (x86)/cypress/psoc creator/4.4/psoc creator/import/gnu/arm/5.4.1/bin/../lib/gcc/arm-none-eabi/5.4.1/armv6-m\libgcc.a(_divsi3.o)
                              .\CortexM0\ARM_GCC_541\Debug\AutomaticPetFeeder.a(CyLFClk.o) (__aeabi_idiv)
c:/program files (x86)/cypress/psoc creator/4.4/psoc creator/import/gnu/arm/5.4.1/bin/../lib/gcc/arm-none-eabi/5.4.1/armv6-m\libgcc.a(_dvmd_tls.o)
                              c:/program files (x86)/cypress/psoc creator/4.4/psoc creator/import/gnu/arm/5.4.1/bin/../lib/gcc/arm-none-eabi/5.4.1/armv6-m\libgcc.a(_udivsi3.o) (__aeabi_idiv0)
c:/program files (x86)/cypress/psoc creator/4.4/psoc creator/import/gnu/arm/5.4.1/bin/../lib/gcc/arm-none-eabi/5.4.1/../../../../arm-none-eabi/lib/armv6-m\libg_nano.a(lib_a-errno.o)
                              .\CortexM0\ARM_GCC_541\Debug\Cm0Start.o (__errno)
c:/program files (x86)/cypress/psoc creator/4.4/psoc creator/import/gnu/arm/5.4.1/bin/../lib/gcc/arm-none-eabi/5.4.1/../../../../arm-none-eabi/lib/armv6-m\libg_nano.a(lib_a-exit.o)
                              c:/program files (x86)/cypress/psoc creator/4.4/psoc creator/import/gnu/arm/5.4.1/bin/../lib/gcc/arm-none-eabi/5.4.1/../../../../arm-none-eabi/lib/armv6-m/crt0.o (exit)
c:/program files (x86)/cypress/psoc creator/4.4/psoc creator/import/gnu/arm/5.4.1/bin/../lib/gcc/arm-none-eabi/5.4.1/../../../../arm-none-eabi/lib/armv6-m\libg_nano.a(lib_a-impure.o)
                              c:/program files (x86)/cypress/psoc creator/4.4/psoc creator/import/gnu/arm/5.4.1/bin/../lib/gcc/arm-none-eabi/5.4.1/../../../../arm-none-eabi/lib/armv6-m\libg_nano.a(lib_a-exit.o) (_global_impure_ptr)
c:/program files (x86)/cypress/psoc creator/4.4/psoc creator/import/gnu/arm/5.4.1/bin/../lib/gcc/arm-none-eabi/5.4.1/../../../../arm-none-eabi/lib/armv6-m\libg_nano.a(lib_a-init.o)
                              c:/program files (x86)/cypress/psoc creator/4.4/psoc creator/import/gnu/arm/5.4.1/bin/../lib/gcc/arm-none-eabi/5.4.1/../../../../arm-none-eabi/lib/armv6-m/crt0.o (__libc_init_array)
c:/program files (x86)/cypress/psoc creator/4.4/psoc creator/import/gnu/arm/5.4.1/bin/../lib/gcc/arm-none-eabi/5.4.1/../../../../arm-none-eabi/lib/armv6-m\libg_nano.a(lib_a-memcpy-stub.o)
                              .\CortexM0\ARM_GCC_541\Debug\main.o (memcpy)
c:/program files (x86)/cypress/psoc creator/4.4/psoc creator/import/gnu/arm/5.4.1/bin/../lib/gcc/arm-none-eabi/5.4.1/../../../../arm-none-eabi/lib/armv6-m\libg_nano.a(lib_a-memset.o)
                              c:/program files (x86)/cypress/psoc creator/4.4/psoc creator/import/gnu/arm/5.4.1/bin/../lib/gcc/arm-none-eabi/5.4.1/../../../../arm-none-eabi/lib/armv6-m/crt0.o (memset)
[...]
Memory Configuration

Name             Origin             Length             Attributes
rom              0x00000000         0x00020000         xr
ram              0x20000000         0x00004000         xrw
*default*        0x00000000         0xffffffff

Linker script and memory map

LOAD c:/program files (x86)/cypress/psoc creator/4.4/psoc creator/import/gnu/arm/5.4.1/bin/../lib/gcc/arm-none-eabi/5.4.1/armv6-m/crti.o
LOAD c:/program files (x86)/cypress/psoc creator/4.4/psoc creator/import/gnu/arm/5.4.1/bin/../lib/gcc/arm-none-eabi/5.4.1/armv6-m/crtbegin.o
LOAD c:/program files (x86)/cypress/psoc creator/4.4/psoc creator/import/gnu/arm/5.4.1/bin/../lib/gcc/arm-none-eabi/5.4.1/../../../../arm-none-eabi/lib/armv6-m/crt0.o
START GROUP
LOAD .\CortexM0\ARM_GCC_541\Debug\main.o
LOAD .\CortexM0\ARM_GCC_541\Debug\LiquidCrystal_i2C.o
LOAD .\CortexM0\ARM_GCC_541\Debug\cyfitter_cfg.o
LOAD .\CortexM0\ARM_GCC_541\Debug\cymetadata.o
LOAD .\CortexM0\ARM_GCC_541\Debug\Cm0Start.o
LOAD .\CortexM0\ARM_GCC_541\Debug\AutomaticPetFeeder.a
END GROUP
START GROUP
LOAD c:/program files (x86)/cypress/psoc creator/4.4/psoc creator/import/gnu/arm/5.4.1/bin/../lib/gcc/arm-none-eabi/5.4.1/armv6-m\libgcc.a
LOAD c:/program files (x86)/cypress/psoc creator/4.4/psoc creator/import/gnu/arm/5.4.1/bin/../lib/gcc/arm-none-eabi/5.4.1/../../../../arm-none-eabi/lib/armv6-m\libg_nano.a
LOAD c:/program files (x86)/cypress/psoc creator/4.4/psoc creator/import/gnu/arm/5.4.1/bin/../lib/gcc/arm-none-eabi/5.4.1/../../../../arm-none-eabi/lib/armv6-m\libc_nano.a
END GROUP
START GROUP
LOAD c:/program files (x86)/cypress/psoc creator/4.4/psoc creator/import/gnu/arm/5.4.1/bin/../lib/gcc/arm-none-eabi/5.4.1/armv6-m\libgcc.a
LOAD c:/program files (x86)/cypress/psoc creator/4.4/psoc creator/import/gnu/arm/5.4.1/bin/../lib/gcc/arm-none-eabi/5.4.1/../../../../arm-none-eabi/lib/armv6-m\libc_nano.a
END GROUP
LOAD c:/program files (x86)/cypress/psoc creator/4.4/psoc creator/import/gnu/arm/5.4.1/bin/../lib/gcc/arm-none-eabi/5.4.1/armv6-m/crtend.o
LOAD c:/program files (x86)/cypress/psoc creator/4.4/psoc creator/import/gnu/arm/5.4.1/bin/../lib/gcc/arm-none-eabi/5.4.1/armv6-m/crtn.o
START GROUP
LOAD c:/program files (x86)/cypress/psoc creator/4.4/psoc creator/import/gnu/arm/5.4.1/bin/../lib/gcc/arm-none-eabi/5.4.1/armv6-m\libgcc.a
LOAD c:/program files (x86)/cypress/psoc creator/4.4/psoc creator/import/gnu/arm/5.4.1/bin/../lib/gcc/arm-none-eabi/5.4.1/../../../../arm-none-eabi/lib/armv6-m\libc.a
LOAD c:/program files (x86)/cypress/psoc creator/4.4/psoc creator/import/gnu/arm/5.4.1/bin/../lib/gcc/arm-none-eabi/5.4.1/../../../../arm-none-eabi/lib/armv6-m\libnosys.a
END GROUP
                0x00000000                CY_APPL_ORIGIN = 0x0
                0x00000080                CY_FLASH_ROW_SIZE = 0x80
                0x00000001                CY_APPL_NUM = 0x1
                0x00000001                CY_APPL_MAX = 0x1
                0x00000040                CY_METADATA_SIZE = 0x40
                0x00000000                CY_APPL_LOADABLE = 0x0
                0x00000000                CY_CHECKSUM_EXCLUDE_SIZE = ALIGN (0x0, CY_FLASH_ROW_SIZE)
                0x00000000                CY_APP_FOR_STACK_AND_COPIER = 0x0
                [!provide]                PROVIDE (__cy_heap_start, _end)
                0x00000001                PROVIDE (__cy_region_num, ((__cy_regions_end - __cy_regions) / 0x10))
                0x20004000                PROVIDE (__cy_stack, (ORIGIN (ram) + LENGTH (ram)))
                [!provide]                PROVIDE (__cy_heap_end, (__cy_stack - 0x800))

.cybootloader   0x00000000        0x0
 *(.cybootloader)
                0x00000000                appl1_start = CY_APPL_ORIGIN?CY_APPL_ORIGIN:ALIGN (CY_FLASH_ROW_SIZE)
                0x0000ff80                appl2_start = (appl1_start + ALIGN ((((LENGTH (rom) - appl1_start) - (0x2 * CY_FLASH_ROW_SIZE)) / 0x2), CY_FLASH_ROW_SIZE))
                0x00000000                appl_start = (CY_APPL_NUM == 0x1)?appl1_start:appl2_start
                0x00000001                cy_project_type_bootloader = (appl_start == 0x0)?0x1:0x0
                0x00000000                cy_project_type_app_for_stack_and_copier = (CY_APP_FOR_STACK_AND_COPIER == 0x1)?0x1:0x0

.text           0x00000000     0x2a5e
 CREATE_OBJECT_SYMBOLS
                0x00000000                PROVIDE (__cy_interrupt_vector, RomVectors)
 *(.romvectors)
 .romvectors    0x00000000       0x10 .\CortexM0\ARM_GCC_541\Debug\Cm0Start.o
                0x00000000                RomVectors
                0x00000001                ASSERT ((. != __cy_interrupt_vector), No interrupt vector)
                0x00000001                ASSERT (CY_APPL_ORIGIN?(SIZEOF (.cybootloader) <= CY_APPL_ORIGIN):0x1, Wrong image location)
                0x00000010                PROVIDE (__cy_reset, Reset)
 *(.text.Reset)
 .text.Reset    0x00000010        0x8 .\CortexM0\ARM_GCC_541\Debug\Cm0Start.o
                0x00000010                Reset
                0x00000001                ASSERT ((. != __cy_reset), No reset code)
 *(.psocinit)
 .psocinit      0x00000018      0x260 .\CortexM0\ARM_GCC_541\Debug\cyfitter_cfg.o
                0x000000d8                cyfitter_cfg
                0x00000278                . = MAX (., 0x100)
 *(.text .text.* .gnu.linkonce.t.*)
 .text          0x00000278       0x60 c:/program files (x86)/cypress/psoc creator/4.4/psoc creator/import/gnu/arm/5.4.1/bin/../lib/gcc/arm-none-eabi/5.4.1/armv6-m/crtbegin.o
 .text.bcdToDec
                0x000002d8       0x14 .\CortexM0\ARM_GCC_541\Debug\main.o
                0x000002d8                bcdToDec
 .text.decToBcd
                0x000002ec       0x1c .\CortexM0\ARM_GCC_541\Debug\main.o
                0x000002ec                decToBcd
 .text.readFromAddr
                0x00000308       0x40 .\CortexM0\ARM_GCC_541\Debug\main.o
                0x00000308                readFromAddr
 .text.writeToAddr
                0x00000348       0x20 .\CortexM0\ARM_GCC_541\Debug\main.o
                0x00000348                writeToAddr
 .text.LCDInit  0x00000368       0xb4 .\CortexM0\ARM_GCC_541\Debug\main.o
                0x00000368                LCDInit
 .text.updateNextFeed
                0x0000041c       0x68 .\CortexM0\ARM_GCC_541\Debug\main.o
                0x0000041c                updateNextFeed
 .text.updateCurrTime
                0x00000484       0x60 .\CortexM0\ARM_GCC_541\Debug\main.o
                0x00000484                updateCurrTime
 .text.exitLCD  0x000004e4       0xd4 .\CortexM0\ARM_GCC_541\Debug\main.o
                0x000004e4                exitLCD
 .text.setGlobalTime
                0x000005b8      0x46c .\CortexM0\ARM_GCC_541\Debug\main.o
                0x000005b8                setGlobalTime
 .text.startSettings
                0x00000a24       0xd0 .\CortexM0\ARM_GCC_541\Debug\main.o
                0x00000a24                startSettings
 .text.main     0x00000af4      0x218 .\CortexM0\ARM_GCC_541\Debug\main.o
                0x00000af4                main
 .text.LiquidCrystal_I2C_init
                0x00000d0c       0x30 .\CortexM0\ARM_GCC_541\Debug\LiquidCrystal_i2C.o
                0x00000d0c                LiquidCrystal_I2C_init
 .text.I2C_M_write_byte
                0x00000d3c       0x1c .\CortexM0\ARM_GCC_541\Debug\LiquidCrystal_i2C.o
                0x00000d3c                I2C_M_write_byte
 .text.expanderWrite
                0x00000d58       0x1c .\CortexM0\ARM_GCC_541\Debug\LiquidCrystal_i2C.o
                0x00000d58                expanderWrite
 .text.pulseEnable
                0x00000d74       0x28 .\CortexM0\ARM_GCC_541\Debug\LiquidCrystal_i2C.o
                0x00000d74                pulseEnable
 .text.write4bits
                0x00000d9c       0x10 .\CortexM0\ARM_GCC_541\Debug\LiquidCrystal_i2C.o
                0x00000d9c                write4bits
 .text.send     0x00000dac       0x24 .\CortexM0\ARM_GCC_541\Debug\LiquidCrystal_i2C.o
                0x00000dac                send
 .text.command  0x00000dd0        0xc .\CortexM0\ARM_GCC_541\Debug\LiquidCrystal_i2C.o
                0x00000dd0                command
 .text.clear    0x00000ddc       0x10 .\CortexM0\ARM_GCC_541\Debug\LiquidCrystal_i2C.o
                0x00000ddc                clear
 .text.home     0x00000dec       0x10 .\CortexM0\ARM_GCC_541\Debug\LiquidCrystal_i2C.o
                0x00000dec                home
 .text.setCursor
                0x00000dfc       0x40 .\CortexM0\ARM_GCC_541\Debug\LiquidCrystal_i2C.o
                0x00000dfc                setCursor
 .text.display  0x00000e3c       0x20 .\CortexM0\ARM_GCC_541\Debug\LiquidCrystal_i2C.o
                0x00000e3c                display
 .text.write    0x00000e5c        0xc .\CortexM0\ARM_GCC_541\Debug\LiquidCrystal_i2C.o
                0x00000e5c                write
 .text.LCD_print
                0x00000e68       0x20 .\CortexM0\ARM_GCC_541\Debug\LiquidCrystal_i2C.o
                0x00000e68                LCD_print
 .text.LCDBegin
                0x00000e88       0xb8 .\CortexM0\ARM_GCC_541\Debug\LiquidCrystal_i2C.o
                0x00000e88                LCDBegin
 .text.cfg_write_bytes32
                0x00000f40       0x34 .\CortexM0\ARM_GCC_541\Debug\cyfitter_cfg.o
 .text.AnalogSetDefault
                0x00000f74       0x20 .\CortexM0\ARM_GCC_541\Debug\cyfitter_cfg.o
 .text.CYMEMZERO
                0x00000f94        0xc .\CortexM0\ARM_GCC_541\Debug\cyfitter_cfg.o
 .text.IntDefaultHandler
                0x00000fa0       0x10 .\CortexM0\ARM_GCC_541\Debug\Cm0Start.o
                0x00000fa0                IntDefaultHandler
 .text._sbrk    0x00000fb0       0x30 .\CortexM0\ARM_GCC_541\Debug\Cm0Start.o
                0x00000fb0                _sbrk
 .text.Start_c  0x00000fe0       0x48 .\CortexM0\ARM_GCC_541\Debug\Cm0Start.o
                0x00000fe0                Start_c
 .text.initialize_psoc
                0x00001028       0x4c .\CortexM0\ARM_GCC_541\Debug\Cm0Start.o
                0x00001028                initialize_psoc
 .text.BTN_ISR_Interrupt
                0x00001074       0x28 .\CortexM0\ARM_GCC_541\Debug\AutomaticPetFeeder.a(BTN_ISR.o)
                0x00001074                BTN_ISR_Interrupt
 .text.BTN_ISR_SetVector
                0x0000109c        0xc .\CortexM0\ARM_GCC_541\Debug\AutomaticPetFeeder.a(BTN_ISR.o)
                0x0000109c                BTN_ISR_SetVector
 .text.BTN_ISR_SetPriority
                0x000010a8       0x20 .\CortexM0\ARM_GCC_541\Debug\AutomaticPetFeeder.a(BTN_ISR.o)
                0x000010a8                BTN_ISR_SetPriority
 .text.BTN_ISR_Enable
                0x000010c8        0xc .\CortexM0\ARM_GCC_541\Debug\AutomaticPetFeeder.a(BTN_ISR.o)
                0x000010c8                BTN_ISR_Enable
 .text.BTN_ISR_Disable
                0x000010d4        0xc .\CortexM0\ARM_GCC_541\Debug\AutomaticPetFeeder.a(BTN_ISR.o)
                0x000010d4                BTN_ISR_Disable
 .text.BTN_ISR_Start
                0x000010e0       0x1c .\CortexM0\ARM_GCC_541\Debug\AutomaticPetFeeder.a(BTN_ISR.o)
                0x000010e0                BTN_ISR_Start
 .text.ENC_ISR_Interrupt
                0x000010fc       0x9c .\CortexM0\ARM_GCC_541\Debug\AutomaticPetFeeder.a(ENC_ISR.o)
                0x000010fc                ENC_ISR_Interrupt
 .text.ENC_ISR_SetVector
                0x00001198        0xc .\CortexM0\ARM_GCC_541\Debug\AutomaticPetFeeder.a(ENC_ISR.o)
                0x00001198                ENC_ISR_SetVector
 .text.ENC_ISR_SetPriority
                0x000011a4       0x20 .\CortexM0\ARM_GCC_541\Debug\AutomaticPetFeeder.a(ENC_ISR.o)
                0x000011a4                ENC_ISR_SetPriority
 .text.ENC_ISR_Enable
                0x000011c4        0xc .\CortexM0\ARM_GCC_541\Debug\AutomaticPetFeeder.a(ENC_ISR.o)
                0x000011c4                ENC_ISR_Enable
 .text.ENC_ISR_Disable
                0x000011d0        0xc .\CortexM0\ARM_GCC_541\Debug\AutomaticPetFeeder.a(ENC_ISR.o)
                0x000011d0                ENC_ISR_Disable
 .text.ENC_ISR_Start
                0x000011dc       0x1c .\CortexM0\ARM_GCC_541\Debug\AutomaticPetFeeder.a(ENC_ISR.o)
                0x000011dc                ENC_ISR_Start
 .text.CySysClkImoDisableWcoLock
                0x000011f8       0x54 .\CortexM0\ARM_GCC_541\Debug\AutomaticPetFeeder.a(CyLib.o)
                0x000011f8                CySysClkImoDisableWcoLock
 .text.CySysClkImoGetWcoLock
                0x0000124c       0x14 .\CortexM0\ARM_GCC_541\Debug\AutomaticPetFeeder.a(CyLib.o)
                0x0000124c                CySysClkImoGetWcoLock
 .text.CyIntEnable
                0x00001260       0x14 .\CortexM0\ARM_GCC_541\Debug\AutomaticPetFeeder.a(CyLib.o)
                0x00001260                CyIntEnable
 .text.CyIntDisable
                0x00001274       0x14 .\CortexM0\ARM_GCC_541\Debug\AutomaticPetFeeder.a(CyLib.o)
                0x00001274                CyIntDisable
 .text.CyHalt   0x00001288        0x4 .\CortexM0\ARM_GCC_541\Debug\AutomaticPetFeeder.a(CyLib.o)
                0x00001288                CyHalt
 .text.CyIntSetVector
                0x0000128c       0x24 .\CortexM0\ARM_GCC_541\Debug\AutomaticPetFeeder.a(CyLib.o)
                0x0000128c                CyIntSetVector
 .text.CyIntSetPriority
                0x000012b0       0x4c .\CortexM0\ARM_GCC_541\Debug\AutomaticPetFeeder.a(CyLib.o)
                0x000012b0                CyIntSetPriority
 .text.CyDelay  0x000012fc       0x30 .\CortexM0\ARM_GCC_541\Debug\AutomaticPetFeeder.a(CyLib.o)
                0x000012fc                CyDelay
 .text.CySysClkImoEnableWcoLock
                0x0000132c       0xf4 .\CortexM0\ARM_GCC_541\Debug\AutomaticPetFeeder.a(CyLib.o)
                0x0000132c                CySysClkImoEnableWcoLock
 .text.CySysClkWriteImoFreq
                0x00001420       0x80 .\CortexM0\ARM_GCC_541\Debug\AutomaticPetFeeder.a(CyLib.o)
                0x00001420                CySysClkWriteImoFreq
 .text.CyDelayUs
                0x000014a0       0x14 .\CortexM0\ARM_GCC_541\Debug\AutomaticPetFeeder.a(CyLib.o)
                0x000014a0                CyDelayUs
 .text.CySysWdtLocked
                0x000014b4       0x14 .\CortexM0\ARM_GCC_541\Debug\AutomaticPetFeeder.a(CyLFClk.o)
 .text.CySysClkWcoEnabled
                0x000014c8       0x14 .\CortexM0\ARM_GCC_541\Debug\AutomaticPetFeeder.a(CyLFClk.o)
                0x000014c8                CySysClkWcoEnabled
 .text.CySysWdtLock
                0x000014dc       0x1c .\CortexM0\ARM_GCC_541\Debug\AutomaticPetFeeder.a(CyLFClk.o)
                0x000014dc                CySysWdtLock
 .text.CySysWdtUnlock
                0x000014f8       0x30 .\CortexM0\ARM_GCC_541\Debug\AutomaticPetFeeder.a(CyLFClk.o)
                0x000014f8                CySysWdtUnlock
 .text.CySysWdtClearInterrupt
                0x00001528       0x4c .\CortexM0\ARM_GCC_541\Debug\AutomaticPetFeeder.a(CyLFClk.o)
                0x00001528                CySysWdtClearInterrupt
 .text.CySysWdtIsr
                0x00001574       0xa4 .\CortexM0\ARM_GCC_541\Debug\AutomaticPetFeeder.a(CyLFClk.o)
                0x00001574                CySysWdtIsr
 .text.I2C_ScbEnableIntr
                0x00001618        0xc .\CortexM0\ARM_GCC_541\Debug\AutomaticPetFeeder.a(I2C.o)
 .text.I2C_Init
                0x00001624        0x8 .\CortexM0\ARM_GCC_541\Debug\AutomaticPetFeeder.a(I2C.o)
                0x00001624                I2C_Init
 .text.I2C_Enable
                0x0000162c       0x18 .\CortexM0\ARM_GCC_541\Debug\AutomaticPetFeeder.a(I2C.o)
                0x0000162c                I2C_Enable
 .text.I2C_Start
                0x00001644       0x20 .\CortexM0\ARM_GCC_541\Debug\AutomaticPetFeeder.a(I2C.o)
                0x00001644                I2C_Start
 .text.I2C_I2CInit
                0x00001664       0xb8 .\CortexM0\ARM_GCC_541\Debug\AutomaticPetFeeder.a(I2C_I2C.o)
                0x00001664                I2C_I2CInit
 .text.I2C_I2CFwBlockReset
                0x0000171c       0x5c .\CortexM0\ARM_GCC_541\Debug\AutomaticPetFeeder.a(I2C_I2C.o)
                0x0000171c                I2C_I2CFwBlockReset
 .text.I2C_I2CMasterWaitOneUnit
                0x00001778       0x28 .\CortexM0\ARM_GCC_541\Debug\AutomaticPetFeeder.a(I2C_I2C_MASTER.o)
 .text.I2C_I2CMasterHandleStatus
                0x000017a0       0xc4 .\CortexM0\ARM_GCC_541\Debug\AutomaticPetFeeder.a(I2C_I2C_MASTER.o)
 .text.I2C_I2CMasterSendStart
                0x00001864       0xc4 .\CortexM0\ARM_GCC_541\Debug\AutomaticPetFeeder.a(I2C_I2C_MASTER.o)
                0x00001864                I2C_I2CMasterSendStart
 .text.I2C_I2CMasterSendStop
                0x00001928       0x58 .\CortexM0\ARM_GCC_541\Debug\AutomaticPetFeeder.a(I2C_I2C_MASTER.o)
                0x00001928                I2C_I2CMasterSendStop
 .text.I2C_I2CMasterWriteByte
                0x00001980       0x48 .\CortexM0\ARM_GCC_541\Debug\AutomaticPetFeeder.a(I2C_I2C_MASTER.o)
                0x00001980                I2C_I2CMasterWriteByte
 .text.I2C_I2CMasterStatus
                0x000019c8       0x30 .\CortexM0\ARM_GCC_541\Debug\AutomaticPetFeeder.a(I2C_I2C_MASTER.o)
                0x000019c8                I2C_I2CMasterStatus
 .text.I2C_I2CMasterClearStatus
                0x000019f8       0x20 .\CortexM0\ARM_GCC_541\Debug\AutomaticPetFeeder.a(I2C_I2C_MASTER.o)
                0x000019f8                I2C_I2CMasterClearStatus
 .text.I2C_I2CReStartGeneration
                0x00001a18       0x20 .\CortexM0\ARM_GCC_541\Debug\AutomaticPetFeeder.a(I2C_I2C_MASTER.o)
                0x00001a18                I2C_I2CReStartGeneration
 .text.I2C_I2CMasterWriteBuf
                0x00001a38       0xf8 .\CortexM0\ARM_GCC_541\Debug\AutomaticPetFeeder.a(I2C_I2C_MASTER.o)
                0x00001a38                I2C_I2CMasterWriteBuf
 .text.I2C_I2CMasterReadBuf
                0x00001b30      0x108 .\CortexM0\ARM_GCC_541\Debug\AutomaticPetFeeder.a(I2C_I2C_MASTER.o)
                0x00001b30                I2C_I2CMasterReadBuf
 .text          0x00001c38       0x20 .\CortexM0\ARM_GCC_541\Debug\AutomaticPetFeeder.a(CyBootAsmGnu.o)
                0x00001c38                CyDelayCycles
                0x00001c4a                CyEnterCriticalSection
                0x00001c52                CyExitCriticalSection
 .text.BTN_Read
                0x00001c58       0x10 .\CortexM0\ARM_GCC_541\Debug\AutomaticPetFeeder.a(BTN.o)
                0x00001c58                BTN_Read
 .text.BTN_ClearInterrupt
                0x00001c68       0x14 .\CortexM0\ARM_GCC_541\Debug\AutomaticPetFeeder.a(BTN.o)
                0x00001c68                BTN_ClearInterrupt
 .text.ENC_Read
                0x00001c7c       0x10 .\CortexM0\ARM_GCC_541\Debug\AutomaticPetFeeder.a(ENC.o)
                0x00001c7c                ENC_Read
 .text.ENC_ClearInterrupt
                0x00001c8c       0x10 .\CortexM0\ARM_GCC_541\Debug\AutomaticPetFeeder.a(ENC.o)
                0x00001c8c                ENC_ClearInterrupt
 .text.CySysFlashSetWaitCycles
                0x00001c9c       0x54 .\CortexM0\ARM_GCC_541\Debug\AutomaticPetFeeder.a(CyFlash.o)
                0x00001c9c                CySysFlashSetWaitCycles
 .text.I2C_I2C_ISR
                0x00001cf0      0x340 .\CortexM0\ARM_GCC_541\Debug\AutomaticPetFeeder.a(I2C_I2C_INT.o)
                0x00001cf0                I2C_I2C_ISR
 .text          0x00002030      0x114 c:/program files (x86)/cypress/psoc creator/4.4/psoc creator/import/gnu/arm/5.4.1/bin/../lib/gcc/arm-none-eabi/5.4.1/armv6-m\libgcc.a(_udivsi3.o)
                0x00002030                __aeabi_uidiv
                0x00002030                __udivsi3
                0x0000213c                __aeabi_uidivmod
 .text          0x00002144        0x4 c:/program files (x86)/cypress/psoc creator/4.4/psoc creator/import/gnu/arm/5.4.1/bin/../lib/gcc/arm-none-eabi/5.4.1/armv6-m\libgcc.a(_dvmd_tls.o)
                0x00002144                __aeabi_idiv0
                0x00002144                __aeabi_ldiv0
 .text.__errno  0x00002148        0xc c:/program files (x86)/cypress/psoc creator/4.4/psoc creator/import/gnu/arm/5.4.1/bin/../lib/gcc/arm-none-eabi/5.4.1/../../../../arm-none-eabi/lib/armv6-m\libg_nano.a(lib_a-errno.o)
                0x00002148                __errno
 .text.__libc_init_array
                0x00002154       0x4c c:/program files (x86)/cypress/psoc creator/4.4/psoc creator/import/gnu/arm/5.4.1/bin/../lib/gcc/arm-none-eabi/5.4.1/../../../../arm-none-eabi/lib/armv6-m\libg_nano.a(lib_a-init.o)
                0x00002154                __libc_init_array
 .text.memcpy   0x000021a0       0x12 c:/program files (x86)/cypress/psoc creator/4.4/psoc creator/import/gnu/arm/5.4.1/bin/../lib/gcc/arm-none-eabi/5.4.1/../../../../arm-none-eabi/lib/armv6-m\libg_nano.a(lib_a-memcpy-stub.o)
                0x000021a0                memcpy
 .text.memset   0x000021b2       0x10 c:/program files (x86)/cypress/psoc creator/4.4/psoc creator/import/gnu/arm/5.4.1/bin/../lib/gcc/arm-none-eabi/5.4.1/../../../../arm-none-eabi/lib/armv6-m\libg_nano.a(lib_a-memset.o)
                0x000021b2                memset
 *fill*         0x000021c2        0x2 
 .text.snprintf
                0x000021c4       0x64 c:/program files (x86)/cypress/psoc creator/4.4/psoc creator/import/gnu/arm/5.4.1/bin/../lib/gcc/arm-none-eabi/5.4.1/../../../../arm-none-eabi/lib/armv6-m\libg_nano.a(lib_a-snprintf.o)
                0x000021c4                sniprintf
                0x000021c4                snprintf
 .text          0x00002228        0xe c:/program files (x86)/cypress/psoc creator/4.4/psoc creator/import/gnu/arm/5.4.1/bin/../lib/gcc/arm-none-eabi/5.4.1/../../../../arm-none-eabi/lib/armv6-m\libg_nano.a(lib_a-strlen.o)
                0x00002228                strlen
 .text.strncmp  0x00002236       0x24 c:/program files (x86)/cypress/psoc creator/4.4/psoc creator/import/gnu/arm/5.4.1/bin/../lib/gcc/arm-none-eabi/5.4.1/../../../../arm-none-eabi/lib/armv6-m\libg_nano.a(lib_a-strncmp.o)
                0x00002236                strncmp
 *fill*         0x0000225a        0x2 
 .text.__ssputs_r
                0x0000225c       0xc4 c:/program files (x86)/cypress/psoc creator/4.4/psoc creator/import/gnu/arm/5.4.1/bin/../lib/gcc/arm-none-eabi/5.4.1/../../../../arm-none-eabi/lib/armv6-m\libg_nano.a(lib_a-nano-svfprintf.o)
                0x0000225c                __ssputs_r
 .text._svfprintf_r
                0x00002320      0x1fc c:/program files (x86)/cypress/psoc creator/4.4/psoc creator/import/gnu/arm/5.4.1/bin/../lib/gcc/arm-none-eabi/5.4.1/../../../../arm-none-eabi/lib/armv6-m\libg_nano.a(lib_a-nano-svfprintf.o)
                0x00002320                _svfiprintf_r
                0x00002320                _svfprintf_r
 .text._printf_common
                0x0000251c       0xdc c:/program files (x86)/cypress/psoc creator/4.4/psoc creator/import/gnu/arm/5.4.1/bin/../lib/gcc/arm-none-eabi/5.4.1/../../../../arm-none-eabi/lib/armv6-m\libg_nano.a(lib_a-nano-vfprintf_i.o)
                0x0000251c                _printf_common
 .text._printf_i
                0x000025f8      0x244 c:/program files (x86)/cypress/psoc creator/4.4/psoc creator/import/gnu/arm/5.4.1/bin/../lib/gcc/arm-none-eabi/5.4.1/../../../../arm-none-eabi/lib/armv6-m\libg_nano.a(lib_a-nano-vfprintf_i.o)
                0x000025f8                _printf_i
 .text.memchr   0x0000283c       0x16 c:/program files (x86)/cypress/psoc creator/4.4/psoc creator/import/gnu/arm/5.4.1/bin/../lib/gcc/arm-none-eabi/5.4.1/../../../../arm-none-eabi/lib/armv6-m\libg_nano.a(lib_a-memchr-stub.o)
                0x0000283c                memchr
 .text.memmove  0x00002852       0x2a c:/program files (x86)/cypress/psoc creator/4.4/psoc creator/import/gnu/arm/5.4.1/bin/../lib/gcc/arm-none-eabi/5.4.1/../../../../arm-none-eabi/lib/armv6-m\libg_nano.a(lib_a-memmove.o)
                0x00002852                memmove
 .text._free_r  0x0000287c       0x98 c:/program files (x86)/cypress/psoc creator/4.4/psoc creator/import/gnu/arm/5.4.1/bin/../lib/gcc/arm-none-eabi/5.4.1/../../../../arm-none-eabi/lib/armv6-m\libg_nano.a(lib_a-nano-freer.o)
                0x0000287c                _free_r
 .text._malloc_r
                0x00002914       0xc0 c:/program files (x86)/cypress/psoc creator/4.4/psoc creator/import/gnu/arm/5.4.1/bin/../lib/gcc/arm-none-eabi/5.4.1/../../../../arm-none-eabi/lib/armv6-m\libg_nano.a(lib_a-nano-mallocr.o)
                0x00002914                _malloc_r
 .text._realloc_r
                0x000029d4       0x4c c:/program files (x86)/cypress/psoc creator/4.4/psoc creator/import/gnu/arm/5.4.1/bin/../lib/gcc/arm-none-eabi/5.4.1/../../../../arm-none-eabi/lib/armv6-m\libg_nano.a(lib_a-nano-reallocr.o)
                0x000029d4                _realloc_r
 .text._sbrk_r  0x00002a20       0x24 c:/program files (x86)/cypress/psoc creator/4.4/psoc creator/import/gnu/arm/5.4.1/bin/../lib/gcc/arm-none-eabi/5.4.1/../../../../arm-none-eabi/lib/armv6-m\libg_nano.a(lib_a-sbrkr.o)
                0x00002a20                _sbrk_r
 .text.__malloc_lock
                0x00002a44        0x2 c:/program files (x86)/cypress/psoc creator/4.4/psoc creator/import/gnu/arm/5.4.1/bin/../lib/gcc/arm-none-eabi/5.4.1/../../../../arm-none-eabi/lib/armv6-m\libg_nano.a(lib_a-mlock.o)
                0x00002a44                __malloc_lock
 .text.__malloc_unlock
                0x00002a46        0x2 c:/program files (x86)/cypress/psoc creator/4.4/psoc creator/import/gnu/arm/5.4.1/bin/../lib/gcc/arm-none-eabi/5.4.1/../../../../arm-none-eabi/lib/armv6-m\libg_nano.a(lib_a-mlock.o)
                0x00002a46                __malloc_unlock
 .text._malloc_usable_size_r
                0x00002a48       0x16 c:/program files (x86)/cypress/psoc creator/4.4/psoc creator/import/gnu/arm/5.4.1/bin/../lib/gcc/arm-none-eabi/5.4.1/../../../../arm-none-eabi/lib/armv6-m\libg_nano.a(lib_a-nano-msizer.o)
                0x00002a48                _malloc_usable_size_r
 *(.plt)
 *(.gnu.warning)
 *(.glue_7t)
 .glue_7t       0x00002a5e        0x0 linker stubs
 *(.glue_7)
 .glue_7        0x00002a5e        0x0 linker stubs
 *(.vfp11_veneer)
 .vfp11_veneer  0x00002a5e        0x0 linker stubs
 *(.bootloader)
 *(.ARM.extab* .gnu.linkonce.armextab.*)
 *(.gcc_except_table)

.v4_bx          0x00002a60        0x0
 .v4_bx         0x00002a60        0x0 linker stubs

.iplt           0x00002a60        0x0
 .iplt          0x00002a60        0x0 c:/program files (x86)/cypress/psoc creator/4.4/psoc creator/import/gnu/arm/5.4.1/bin/../lib/gcc/arm-none-eabi/5.4.1/armv6-m/crtbegin.o

.eh_frame_hdr
 *(.eh_frame_hdr)

.eh_frame       0x00002a60        0x4
 *(.eh_frame)
 .eh_frame      0x00002a60        0x0 c:/program files (x86)/cypress/psoc creator/4.4/psoc creator/import/gnu/arm/5.4.1/bin/../lib/gcc/arm-none-eabi/5.4.1/armv6-m/crtbegin.o
 .eh_frame      0x00002a60        0x4 c:/program files (x86)/cypress/psoc creator/4.4/psoc creator/import/gnu/arm/5.4.1/bin/../lib/gcc/arm-none-eabi/5.4.1/armv6-m/crtend.o
                [!provide]                PROVIDE (__exidx_start, .)

.ARM.exidx
 *(.ARM.exidx* .gnu.linkonce.armexidx.*)
                0x00002a64                __exidx_end = .

.rodata         0x00002a64      0x364
 *(.rodata .rodata.* .gnu.linkonce.r.*)
 .rodata        0x00002a64       0x30 .\CortexM0\ARM_GCC_541\Debug\main.o
                0x00002a8c                RTCAddr
                0x00002a90                LCDAddr
 .rodata.str1.4
                0x00002a94      0x1d0 .\CortexM0\ARM_GCC_541\Debug\main.o
 .rodata        0x00002c64       0x10 .\CortexM0\ARM_GCC_541\Debug\LiquidCrystal_i2C.o
 .rodata        0x00002c74       0xbc .\CortexM0\ARM_GCC_541\Debug\cyfitter_cfg.o
 .rodata        0x00002d30       0x2e .\CortexM0\ARM_GCC_541\Debug\AutomaticPetFeeder.a(CyLib.o)
                0x00002d30                cyImoFreqMhz2Reg
 .rodata.str1.1
                0x00002d5e        0x2 c:/program files (x86)/cypress/psoc creator/4.4/psoc creator/import/gnu/arm/5.4.1/bin/../lib/gcc/arm-none-eabi/5.4.1/../../../../arm-none-eabi/lib/armv6-m\libg_nano.a(lib_a-impure.o)
 .rodata.str1.1
                0x00002d60       0x11 c:/program files (x86)/cypress/psoc creator/4.4/psoc creator/import/gnu/arm/5.4.1/bin/../lib/gcc/arm-none-eabi/5.4.1/../../../../arm-none-eabi/lib/armv6-m\libg_nano.a(lib_a-nano-svfprintf.o)
 .rodata.str1.1
                0x00002d71       0x22 c:/program files (x86)/cypress/psoc creator/4.4/psoc creator/import/gnu/arm/5.4.1/bin/../lib/gcc/arm-none-eabi/5.4.1/../../../../arm-none-eabi/lib/armv6-m\libg_nano.a(lib_a-nano-vfprintf_i.o)
                0x00002d94                . = ALIGN (0x4)
 *fill*         0x00002d93        0x1 
 *(.init)
 .init          0x00002d94        0x4 c:/program files (x86)/cypress/psoc creator/4.4/psoc creator/import/gnu/arm/5.4.1/bin/../lib/gcc/arm-none-eabi/5.4.1/armv6-m/crti.o
                0x00002d94                _init
 .init          0x00002d98        0x8 c:/program files (x86)/cypress/psoc creator/4.4/psoc creator/import/gnu/arm/5.4.1/bin/../lib/gcc/arm-none-eabi/5.4.1/armv6-m/crtn.o
                0x00002da0                . = ALIGN (0x4)
                0x00002da0                __preinit_array_start = .
 *(.preinit_array)
                0x00002da0                __preinit_array_end = .
                0x00002da0                . = ALIGN (0x4)
                0x00002da0                __init_array_start = .
 *(SORT(.init_array.*))
 *(.init_array)
 .init_array    0x00002da0        0x4 c:/program files (x86)/cypress/psoc creator/4.4/psoc creator/import/gnu/arm/5.4.1/bin/../lib/gcc/arm-none-eabi/5.4.1/armv6-m/crtbegin.o
 .init_array    0x00002da4        0x4 .\CortexM0\ARM_GCC_541\Debug\Cm0Start.o
                0x00002da8                __init_array_end = .
                0x00002da8                . = ALIGN (0x4)
 *(.fini)
 .fini          0x00002da8        0x4 c:/program files (x86)/cypress/psoc creator/4.4/psoc creator/import/gnu/arm/5.4.1/bin/../lib/gcc/arm-none-eabi/5.4.1/armv6-m/crti.o
                0x00002da8                _fini
 .fini          0x00002dac        0x8 c:/program files (x86)/cypress/psoc creator/4.4/psoc creator/import/gnu/arm/5.4.1/bin/../lib/gcc/arm-none-eabi/5.4.1/armv6-m/crtn.o
                0x00002db4                . = ALIGN (0x4)
                0x00002db4                __fini_array_start = .
 *(.fini_array)
 .fini_array    0x00002db4        0x4 c:/program files (x86)/cypress/psoc creator/4.4/psoc creator/import/gnu/arm/5.4.1/bin/../lib/gcc/arm-none-eabi/5.4.1/armv6-m/crtbegin.o
 *(SORT(.fini_array.*))
                0x00002db8                __fini_array_end = .
                0x00002db8                . = ALIGN (0x4)
 *crtbegin.o(.ctors)
 *(EXCLUDE_FILE(*crtend.o) .ctors)
 *(SORT(.ctors.*))
 *crtend.o(.ctors)
                0x00002db8                . = ALIGN (0x4)
 *crtbegin.o(.dtors)
 *(EXCLUDE_FILE(*crtend.o) .dtors)
 *(SORT(.dtors.*))
 *crtend.o(.dtors)
                0x00002db8                . = ALIGN (0x4)
                0x00002db8                __cy_regions = .
                0x00002db8        0x4 LONG 0x2dc8 __cy_region_init_ram
                0x00002dbc        0x4 LONG 0x200000c0 __cy_region_start_data
                0x00002dc0        0x4 LONG 0x130 __cy_region_init_size_ram
                0x00002dc4        0x4 LONG 0x90 __cy_region_zero_size_ram
                0x00002dc8                __cy_regions_end = .
                0x00002dc8                . = ALIGN (0x8)
                0x00002dc8                _etext = .

.cy_checksum_exclude
                0x00002dc8        0x0
 *(.cy_checksum_exclude)

.ramvectors     0x20000000       0xc0
                0x20000000                __cy_region_start_ram = .
 *(.ramvectors)
 .ramvectors    0x20000000       0xc0 .\CortexM0\ARM_GCC_541\Debug\Cm0Start.o
                0x20000000                CyRamVectors

.noinit
 *(.noinit)

.data           0x200000c0      0x130 load address 0x00002dc8
                0x200000c0                __cy_region_start_data = .
 *(.jcr)
 .jcr           0x200000c0        0x0 c:/program files (x86)/cypress/psoc creator/4.4/psoc creator/import/gnu/arm/5.4.1/bin/../lib/gcc/arm-none-eabi/5.4.1/armv6-m/crtbegin.o
 .jcr           0x200000c0        0x4 c:/program files (x86)/cypress/psoc creator/4.4/psoc creator/import/gnu/arm/5.4.1/bin/../lib/gcc/arm-none-eabi/5.4.1/armv6-m/crtend.o
 *(.got.plt)
 *(.got)
 *(.shdata)
 *(.data .data.* .gnu.linkonce.d.*)
 .data          0x200000c4       0xa8 .\CortexM0\ARM_GCC_541\Debug\main.o
                0x200000c4                rtc
                0x200000d4                feedTimes
                0x20000124                months
                0x20000154                commands
 .data          0x2000016c        0x4 .\CortexM0\ARM_GCC_541\Debug\Cm0Start.o
 .data          0x20000170       0x14 .\CortexM0\ARM_GCC_541\Debug\AutomaticPetFeeder.a(CyLib.o)
                0x20000170                CySysClkPumpConfig
                0x20000174                cydelay32kMs
                0x20000178                cydelayFreqKhz
                0x2000017c                cydelayFreqMhz
                0x20000180                cydelayFreqHz
 .data          0x20000184        0x8 .\CortexM0\ARM_GCC_541\Debug\AutomaticPetFeeder.a(CyLFClk.o)
 .data.impure_data
                0x2000018c       0x60 c:/program files (x86)/cypress/psoc creator/4.4/psoc creator/import/gnu/arm/5.4.1/bin/../lib/gcc/arm-none-eabi/5.4.1/../../../../arm-none-eabi/lib/armv6-m\libg_nano.a(lib_a-impure.o)
 .data._impure_ptr
                0x200001ec        0x4 c:/program files (x86)/cypress/psoc creator/4.4/psoc creator/import/gnu/arm/5.4.1/bin/../lib/gcc/arm-none-eabi/5.4.1/../../../../arm-none-eabi/lib/armv6-m\libg_nano.a(lib_a-impure.o)
                0x200001ec                _impure_ptr
                0x200001f0                . = ALIGN (0x8)
 *(.ram)
                0x200001f0                _edata = .

.igot.plt       0x200001f0        0x0 load address 0x00002ef8
 .igot.plt      0x200001f0        0x0 c:/program files (x86)/cypress/psoc creator/4.4/psoc creator/import/gnu/arm/5.4.1/bin/../lib/gcc/arm-none-eabi/5.4.1/armv6-m/crtbegin.o

.bss            0x200001f0       0x90 load address 0x00002ef8
                0x200001f0                PROVIDE (__bss_start__, .)
 *(.shbss)
 *(.bss .bss.* .gnu.linkonce.b.*)
 .bss           0x200001f0       0x1c c:/program files (x86)/cypress/psoc creator/4.4/psoc creator/import/gnu/arm/5.4.1/bin/../lib/gcc/arm-none-eabi/5.4.1/armv6-m/crtbegin.o
 .bss           0x2000020c        0x4 .\CortexM0\ARM_GCC_541\Debug\main.o
                0x2000020c                feedCounter
                0x2000020d                encFlag
                0x2000020e                encPos
                0x2000020f                buttonFlag
 .bss           0x20000210       0x28 .\CortexM0\ARM_GCC_541\Debug\AutomaticPetFeeder.a(CyLFClk.o)
 .bss           0x20000238        0x8 .\CortexM0\ARM_GCC_541\Debug\AutomaticPetFeeder.a(I2C.o)
                0x20000238                I2C_initVar
                0x2000023c                I2C_customIntrHandler
 .bss.__malloc_sbrk_start
                0x20000240        0x4 c:/program files (x86)/cypress/psoc creator/4.4/psoc creator/import/gnu/arm/5.4.1/bin/../lib/gcc/arm-none-eabi/5.4.1/../../../../arm-none-eabi/lib/armv6-m\libg_nano.a(lib_a-nano-mallocr.o)
                0x20000240                __malloc_sbrk_start
 .bss.__malloc_free_list
                0x20000244        0x4 c:/program files (x86)/cypress/psoc creator/4.4/psoc creator/import/gnu/arm/5.4.1/bin/../lib/gcc/arm-none-eabi/5.4.1/../../../../arm-none-eabi/lib/armv6-m\libg_nano.a(lib_a-nano-mallocr.o)
                0x20000244                __malloc_free_list
 *(COMMON)
 COMMON         0x20000248        0x8 .\CortexM0\ARM_GCC_541\Debug\LiquidCrystal_i2C.o
                0x20000248                _backlightval
                0x20000249                _addr
                0x2000024a                _displaycontrol
                0x2000024b                _charsize
                0x2000024c                _displaymode
                0x2000024d                _displayfunction
                0x2000024e                _cols
                0x2000024f                _rows
 COMMON         0x20000250        0x1 .\CortexM0\ARM_GCC_541\Debug\AutomaticPetFeeder.a(I2C_I2C.o)
                0x20000250                I2C_state
 *fill*         0x20000251        0x3 
 COMMON         0x20000254       0x24 .\CortexM0\ARM_GCC_541\Debug\AutomaticPetFeeder.a(I2C_I2C_MASTER.o)
                0x20000254                I2C_mstrWrBufIndexTmp
                0x20000258                I2C_mstrWrBufIndex
                0x2000025c                I2C_mstrWrBufSize
                0x20000260                I2C_mstrStatus
                0x20000264                I2C_mstrRdBufPtr
                0x20000268                I2C_mstrControl
                0x2000026c                I2C_mstrRdBufSize
                0x20000270                I2C_mstrRdBufIndex
                0x20000274                I2C_mstrWrBufPtr
 COMMON         0x20000278        0x4 c:/program files (x86)/cypress/psoc creator/4.4/psoc creator/import/gnu/arm/5.4.1/bin/../lib/gcc/arm-none-eabi/5.4.1/../../../../arm-none-eabi/lib/armv6-m\libg_nano.a(lib_a-reent.o)
                0x20000278                errno
                0x20000280                . = ALIGN (0x8)
 *fill*         0x2000027c        0x4 
 *(.ram.b)
                0x20000280                _end = .
                0x20000280                __end = .
                0x20000280                PROVIDE (end, .)
                0x20000280                PROVIDE (__bss_end__, .)
                0x00002dc8                __cy_region_init_ram = LOADADDR (.data)
                0x00000130                __cy_region_init_size_ram = (_edata - ADDR (.data))
                0x00000090                __cy_region_zero_size_ram = (_end - _edata)

.heap           0x20000280       0x80 load address 0x00002ef8
                0x20000280                . = _end
                0x20000300                . = (. + 0x80)
 *fill*         0x20000280       0x80 
                0x20000300                __cy_heap_limit = .

.stack          0x20003800      0x800
                0x20003800                __cy_stack_limit = .
                0x20004000                . = (. + 0x800)
 *fill*         0x20003800      0x800 
                0x00000001                ASSERT ((__cy_stack_limit >= __cy_heap_limit), region RAM overflowed with stack)
                0x00000000                cy_checksum_exclude_size = (CY_APPL_LOADABLE == 0x1)?SIZEOF (.cy_checksum_exclude):0x0
                0x00000001                ASSERT ((cy_checksum_exclude_size <= CY_CHECKSUM_EXCLUDE_SIZE), CY_BOOT: Section .cy_checksum_exclude size exceedes specified limit.)
                0x0001ffc0                cyloadermeta_start = (cy_project_type_bootloader || cy_project_type_app_for_stack_and_copier)?(LENGTH (rom) - CY_METADATA_SIZE):0xf0000000

.cyloadermeta
 *(.cyloadermeta)
                0x0001ffc0                cyloadablemeta_start = cy_project_type_app_for_stack_and_copier?((LENGTH (rom) - CY_FLASH_ROW_SIZE) - CY_METADATA_SIZE):((LENGTH (rom) - (CY_FLASH_ROW_SIZE * (CY_APPL_NUM - 0x1))) - CY_METADATA_SIZE)

.cyloadablemeta
 *(.cyloadablemeta)

.cyflashprotect
                0x90400000       0x80
 *(.cyflashprotect)
 .cyflashprotect
                0x90400000       0x80 .\CortexM0\ARM_GCC_541\Debug\cymetadata.o
                0x90400000                cy_meta_flashprotect

.cymeta         0x90500000        0xc
 *(.cymeta)
 .cymeta        0x90500000        0xc .\CortexM0\ARM_GCC_541\Debug\cymetadata.o
                0x90500000                cy_metadata

.cychipprotect  0x90600000        0x1
 *(.cychipprotect)
 .cychipprotect
                0x90600000        0x1 .\CortexM0\ARM_GCC_541\Debug\cymetadata.o
                0x90600000                cy_meta_chipprotect

.rel.dyn        0x00002ef8        0x0 load address 0x90600004
 .rel.iplt      0x00002ef8        0x0 c:/program files (x86)/cypress/psoc creator/4.4/psoc creator/import/gnu/arm/5.4.1/bin/../lib/gcc/arm-none-eabi/5.4.1/armv6-m/crtbegin.o

.stab
 *(.stab)

.stabstr
 *(.stabstr)

.debug
 *(.debug)

.line
 *(.line)

.debug_srcinfo
 *(.debug_srcinfo)

.debug_sfnames
 *(.debug_sfnames)

.debug_aranges  0x00000000      0x8d0
 *(.debug_aranges)
 .debug_aranges
                0x00000000       0xa0 .\CortexM0\ARM_GCC_541\Debug\main.o
 .debug_aranges
                0x000000a0      0x108 .\CortexM0\ARM_GCC_541\Debug\LiquidCrystal_i2C.o
 .debug_aranges
                0x000001a8       0x40 .\CortexM0\ARM_GCC_541\Debug\cyfitter_cfg.o
 .debug_aranges
                0x000001e8       0x18 .\CortexM0\ARM_GCC_541\Debug\cymetadata.o
 .debug_aranges
                0x00000200       0x48 .\CortexM0\ARM_GCC_541\Debug\Cm0Start.o
 .debug_aranges
                0x00000248       0x80 .\CortexM0\ARM_GCC_541\Debug\AutomaticPetFeeder.a(BTN_ISR.o)
 .debug_aranges
                0x000002c8       0x80 .\CortexM0\ARM_GCC_541\Debug\AutomaticPetFeeder.a(ENC_ISR.o)
 .debug_aranges
                0x00000348      0x1c8 .\CortexM0\ARM_GCC_541\Debug\AutomaticPetFeeder.a(CyLib.o)
 .debug_aranges
                0x00000510      0x188 .\CortexM0\ARM_GCC_541\Debug\AutomaticPetFeeder.a(CyLFClk.o)
 .debug_aranges
                0x00000698       0x60 .\CortexM0\ARM_GCC_541\Debug\AutomaticPetFeeder.a(I2C.o)
 .debug_aranges
                0x000006f8       0x30 .\CortexM0\ARM_GCC_541\Debug\AutomaticPetFeeder.a(I2C_I2C.o)
 .debug_aranges
                0x00000728       0x98 .\CortexM0\ARM_GCC_541\Debug\AutomaticPetFeeder.a(I2C_I2C_MASTER.o)
 .debug_aranges
                0x000007c0       0x20 .\CortexM0\ARM_GCC_541\Debug\AutomaticPetFeeder.a(CyBootAsmGnu.o)
 .debug_aranges
                0x000007e0       0x48 .\CortexM0\ARM_GCC_541\Debug\AutomaticPetFeeder.a(BTN.o)
 .debug_aranges
                0x00000828       0x48 .\CortexM0\ARM_GCC_541\Debug\AutomaticPetFeeder.a(ENC.o)
 .debug_aranges
                0x00000870       0x40 .\CortexM0\ARM_GCC_541\Debug\AutomaticPetFeeder.a(CyFlash.o)
 .debug_aranges
                0x000008b0       0x20 .\CortexM0\ARM_GCC_541\Debug\AutomaticPetFeeder.a(I2C_I2C_INT.o)

.debug_pubnames
 *(.debug_pubnames)

.debug_info     0x00000000     0x631d
 *(.debug_info .gnu.linkonce.wi.*)
 .debug_info    0x00000000     0x17fa .\CortexM0\ARM_GCC_541\Debug\main.o
 .debug_info    0x000017fa      0x8f8 .\CortexM0\ARM_GCC_541\Debug\LiquidCrystal_i2C.o
 .debug_info    0x000020f2      0x3bc .\CortexM0\ARM_GCC_541\Debug\cyfitter_cfg.o
 .debug_info    0x000024ae       0xf8 .\CortexM0\ARM_GCC_541\Debug\cymetadata.o
 .debug_info    0x000025a6      0x3a2 .\CortexM0\ARM_GCC_541\Debug\Cm0Start.o
 .debug_info    0x00002948      0x364 .\CortexM0\ARM_GCC_541\Debug\AutomaticPetFeeder.a(BTN_ISR.o)
 .debug_info    0x00002cac      0x3b7 .\CortexM0\ARM_GCC_541\Debug\AutomaticPetFeeder.a(ENC_ISR.o)
 .debug_info    0x00003063      0xd40 .\CortexM0\ARM_GCC_541\Debug\AutomaticPetFeeder.a(CyLib.o)
 .debug_info    0x00003da3     0x1058 .\CortexM0\ARM_GCC_541\Debug\AutomaticPetFeeder.a(CyLFClk.o)
 .debug_info    0x00004dfb      0x298 .\CortexM0\ARM_GCC_541\Debug\AutomaticPetFeeder.a(I2C.o)
 .debug_info    0x00005093      0x195 .\CortexM0\ARM_GCC_541\Debug\AutomaticPetFeeder.a(I2C_I2C.o)
 .debug_info    0x00005228      0x813 .\CortexM0\ARM_GCC_541\Debug\AutomaticPetFeeder.a(I2C_I2C_MASTER.o)
 .debug_info    0x00005a3b       0xb2 .\CortexM0\ARM_GCC_541\Debug\AutomaticPetFeeder.a(CyBootAsmGnu.o)
 .debug_info    0x00005aed      0x19d .\CortexM0\ARM_GCC_541\Debug\AutomaticPetFeeder.a(BTN.o)
 .debug_info    0x00005c8a      0x19b .\CortexM0\ARM_GCC_541\Debug\AutomaticPetFeeder.a(ENC.o)
 .debug_info    0x00005e25      0x350 .\CortexM0\ARM_GCC_541\Debug\AutomaticPetFeeder.a(CyFlash.o)
 .debug_info    0x00006175      0x1a8 .\CortexM0\ARM_GCC_541\Debug\AutomaticPetFeeder.a(I2C_I2C_INT.o)

.debug_abbrev   0x00000000     0x1689
 *(.debug_abbrev)
 .debug_abbrev  0x00000000      0x279 .\CortexM0\ARM_GCC_541\Debug\main.o
 .debug_abbrev  0x00000279      0x151 .\CortexM0\ARM_GCC_541\Debug\LiquidCrystal_i2C.o
 .debug_abbrev  0x000003ca      0x1af .\CortexM0\ARM_GCC_541\Debug\cyfitter_cfg.o
 .debug_abbrev  0x00000579       0x5d .\CortexM0\ARM_GCC_541\Debug\cymetadata.o
 .debug_abbrev  0x000005d6      0x1d7 .\CortexM0\ARM_GCC_541\Debug\Cm0Start.o
 .debug_abbrev  0x000007ad      0x18d .\CortexM0\ARM_GCC_541\Debug\AutomaticPetFeeder.a(BTN_ISR.o)
 .debug_abbrev  0x0000093a      0x191 .\CortexM0\ARM_GCC_541\Debug\AutomaticPetFeeder.a(ENC_ISR.o)
 .debug_abbrev  0x00000acb      0x20b .\CortexM0\ARM_GCC_541\Debug\AutomaticPetFeeder.a(CyLib.o)
 .debug_abbrev  0x00000cd6      0x248 .\CortexM0\ARM_GCC_541\Debug\AutomaticPetFeeder.a(CyLFClk.o)
 .debug_abbrev  0x00000f1e      0x118 .\CortexM0\ARM_GCC_541\Debug\AutomaticPetFeeder.a(I2C.o)
 .debug_abbrev  0x00001036       0xc7 .\CortexM0\ARM_GCC_541\Debug\AutomaticPetFeeder.a(I2C_I2C.o)
 .debug_abbrev  0x000010fd      0x1c2 .\CortexM0\ARM_GCC_541\Debug\AutomaticPetFeeder.a(I2C_I2C_MASTER.o)
 .debug_abbrev  0x000012bf       0x14 .\CortexM0\ARM_GCC_541\Debug\AutomaticPetFeeder.a(CyBootAsmGnu.o)
 .debug_abbrev  0x000012d3       0xc8 .\CortexM0\ARM_GCC_541\Debug\AutomaticPetFeeder.a(BTN.o)
 .debug_abbrev  0x0000139b       0xc8 .\CortexM0\ARM_GCC_541\Debug\AutomaticPetFeeder.a(ENC.o)
 .debug_abbrev  0x00001463      0x182 .\CortexM0\ARM_GCC_541\Debug\AutomaticPetFeeder.a(CyFlash.o)
 .debug_abbrev  0x000015e5       0xa4 .\CortexM0\ARM_GCC_541\Debug\AutomaticPetFeeder.a(I2C_I2C_INT.o)

.debug_line     0x00000000     0x24e6
 *(.debug_line)
 .debug_line    0x00000000      0x3e0 .\CortexM0\ARM_GCC_541\Debug\main.o
 .debug_line    0x000003e0      0x44f .\CortexM0\ARM_GCC_541\Debug\LiquidCrystal_i2C.o
 .debug_line    0x0000082f      0x18f .\CortexM0\ARM_GCC_541\Debug\cyfitter_cfg.o
 .debug_line    0x000009be      0x141 .\CortexM0\ARM_GCC_541\Debug\cymetadata.o
 .debug_line    0x00000aff      0x236 .\CortexM0\ARM_GCC_541\Debug\Cm0Start.o
 .debug_line    0x00000d35      0x15f .\CortexM0\ARM_GCC_541\Debug\AutomaticPetFeeder.a(BTN_ISR.o)
 .debug_line    0x00000e94      0x18f .\CortexM0\ARM_GCC_541\Debug\AutomaticPetFeeder.a(ENC_ISR.o)
 .debug_line    0x00001023      0x563 .\CortexM0\ARM_GCC_541\Debug\AutomaticPetFeeder.a(CyLib.o)
 .debug_line    0x00001586      0x5d1 .\CortexM0\ARM_GCC_541\Debug\AutomaticPetFeeder.a(CyLFClk.o)
 .debug_line    0x00001b57      0x124 .\CortexM0\ARM_GCC_541\Debug\AutomaticPetFeeder.a(I2C.o)
 .debug_line    0x00001c7b       0xc2 .\CortexM0\ARM_GCC_541\Debug\AutomaticPetFeeder.a(I2C_I2C.o)
 .debug_line    0x00001d3d      0x2fc .\CortexM0\ARM_GCC_541\Debug\AutomaticPetFeeder.a(I2C_I2C_MASTER.o)
 .debug_line    0x00002039       0x68 .\CortexM0\ARM_GCC_541\Debug\AutomaticPetFeeder.a(CyBootAsmGnu.o)
 .debug_line    0x000020a1       0xbb .\CortexM0\ARM_GCC_541\Debug\AutomaticPetFeeder.a(BTN.o)
 .debug_line    0x0000215c       0xbb .\CortexM0\ARM_GCC_541\Debug\AutomaticPetFeeder.a(ENC.o)
 .debug_line    0x00002217      0x173 .\CortexM0\ARM_GCC_541\Debug\AutomaticPetFeeder.a(CyFlash.o)
 .debug_line    0x0000238a      0x15c .\CortexM0\ARM_GCC_541\Debug\AutomaticPetFeeder.a(I2C_I2C_INT.o)

.debug_frame    0x00000000     0x1ab0
 *(.debug_frame)
 .debug_frame   0x00000000      0x200 .\CortexM0\ARM_GCC_541\Debug\main.o
 .debug_frame   0x00000200      0x36c .\CortexM0\ARM_GCC_541\Debug\LiquidCrystal_i2C.o
 .debug_frame   0x0000056c       0x98 .\CortexM0\ARM_GCC_541\Debug\cyfitter_cfg.o
 .debug_frame   0x00000604       0xbc .\CortexM0\ARM_GCC_541\Debug\Cm0Start.o
 .debug_frame   0x000006c0      0x11c .\CortexM0\ARM_GCC_541\Debug\AutomaticPetFeeder.a(BTN_ISR.o)
 .debug_frame   0x000007dc      0x11c .\CortexM0\ARM_GCC_541\Debug\AutomaticPetFeeder.a(ENC_ISR.o)
 .debug_frame   0x000008f8      0x48c .\CortexM0\ARM_GCC_541\Debug\AutomaticPetFeeder.a(CyLib.o)
 .debug_frame   0x00000d84      0x4a4 .\CortexM0\ARM_GCC_541\Debug\AutomaticPetFeeder.a(CyLFClk.o)
 .debug_frame   0x00001228       0xe8 .\CortexM0\ARM_GCC_541\Debug\AutomaticPetFeeder.a(I2C.o)
 .debug_frame   0x00001310       0x58 .\CortexM0\ARM_GCC_541\Debug\AutomaticPetFeeder.a(I2C_I2C.o)
 .debug_frame   0x00001368      0x1d8 .\CortexM0\ARM_GCC_541\Debug\AutomaticPetFeeder.a(I2C_I2C_MASTER.o)
 .debug_frame   0x00001540       0x70 .\CortexM0\ARM_GCC_541\Debug\AutomaticPetFeeder.a(BTN.o)
 .debug_frame   0x000015b0       0x70 .\CortexM0\ARM_GCC_541\Debug\AutomaticPetFeeder.a(ENC.o)
 .debug_frame   0x00001620       0x90 .\CortexM0\ARM_GCC_541\Debug\AutomaticPetFeeder.a(CyFlash.o)
 .debug_frame   0x000016b0       0x2c .\CortexM0\ARM_GCC_541\Debug\AutomaticPetFeeder.a(I2C_I2C_INT.o)
 .debug_frame   0x000016dc       0x20 c:/program files (x86)/cypress/psoc creator/4.4/psoc creator/import/gnu/arm/5.4.1/bin/../lib/gcc/arm-none-eabi/5.4.1/armv6-m\libgcc.a(_udivsi3.o)
 .debug_frame   0x000016fc       0x20 c:/program files (x86)/cypress/psoc creator/4.4/psoc creator/import/gnu/arm/5.4.1/bin/../lib/gcc/arm-none-eabi/5.4.1/armv6-m\libgcc.a(_divsi3.o)
 .debug_frame   0x0000171c       0x20 c:/program files (x86)/cypress/psoc creator/4.4/psoc creator/import/gnu/arm/5.4.1/bin/../lib/gcc/arm-none-eabi/5.4.1/../../../../arm-none-eabi/lib/armv6-m\libg_nano.a(lib_a-errno.o)
 .debug_frame   0x0000173c       0x28 c:/program files (x86)/cypress/psoc creator/4.4/psoc creator/import/gnu/arm/5.4.1/bin/../lib/gcc/arm-none-eabi/5.4.1/../../../../arm-none-eabi/lib/armv6-m\libg_nano.a(lib_a-exit.o)
 .debug_frame   0x00001764       0x2c c:/program files (x86)/cypress/psoc creator/4.4/psoc creator/import/gnu/arm/5.4.1/bin/../lib/gcc/arm-none-eabi/5.4.1/../../../../arm-none-eabi/lib/armv6-m\libg_nano.a(lib_a-init.o)
 .debug_frame   0x00001790       0x28 c:/program files (x86)/cypress/psoc creator/4.4/psoc creator/import/gnu/arm/5.4.1/bin/../lib/gcc/arm-none-eabi/5.4.1/../../../../arm-none-eabi/lib/armv6-m\libg_nano.a(lib_a-memcpy-stub.o)
 .debug_frame   0x000017b8       0x20 c:/program files (x86)/cypress/psoc creator/4.4/psoc creator/import/gnu/arm/5.4.1/bin/../lib/gcc/arm-none-eabi/5.4.1/../../../../arm-none-eabi/lib/armv6-m\libg_nano.a(lib_a-memset.o)
 .debug_frame   0x000017d8       0x50 c:/program files (x86)/cypress/psoc creator/4.4/psoc creator/import/gnu/arm/5.4.1/bin/../lib/gcc/arm-none-eabi/5.4.1/../../../../arm-none-eabi/lib/armv6-m\libg_nano.a(lib_a-snprintf.o)
 .debug_frame   0x00001828       0x2c c:/program files (x86)/cypress/psoc creator/4.4/psoc creator/import/gnu/arm/5.4.1/bin/../lib/gcc/arm-none-eabi/5.4.1/../../../../arm-none-eabi/lib/armv6-m\libg_nano.a(lib_a-strncmp.o)
 .debug_frame   0x00001854       0x74 c:/program files (x86)/cypress/psoc creator/4.4/psoc creator/import/gnu/arm/5.4.1/bin/../lib/gcc/arm-none-eabi/5.4.1/../../../../arm-none-eabi/lib/armv6-m\libg_nano.a(lib_a-nano-svfprintf.o)
 .debug_frame   0x000018c8       0x54 c:/program files (x86)/cypress/psoc creator/4.4/psoc creator/import/gnu/arm/5.4.1/bin/../lib/gcc/arm-none-eabi/5.4.1/../../../../arm-none-eabi/lib/armv6-m\libg_nano.a(lib_a-nano-vfprintf_i.o)
 .debug_frame   0x0000191c       0x20 c:/program files (x86)/cypress/psoc creator/4.4/psoc creator/import/gnu/arm/5.4.1/bin/../lib/gcc/arm-none-eabi/5.4.1/../../../../arm-none-eabi/lib/armv6-m\libg_nano.a(lib_a-memchr-stub.o)
 .debug_frame   0x0000193c       0x28 c:/program files (x86)/cypress/psoc creator/4.4/psoc creator/import/gnu/arm/5.4.1/bin/../lib/gcc/arm-none-eabi/5.4.1/../../../../arm-none-eabi/lib/armv6-m\libg_nano.a(lib_a-memmove.o)
 .debug_frame   0x00001964       0x2c c:/program files (x86)/cypress/psoc creator/4.4/psoc creator/import/gnu/arm/5.4.1/bin/../lib/gcc/arm-none-eabi/5.4.1/../../../../arm-none-eabi/lib/armv6-m\libg_nano.a(lib_a-nano-freer.o)
 .debug_frame   0x00001990       0x2c c:/program files (x86)/cypress/psoc creator/4.4/psoc creator/import/gnu/arm/5.4.1/bin/../lib/gcc/arm-none-eabi/5.4.1/../../../../arm-none-eabi/lib/armv6-m\libg_nano.a(lib_a-nano-mallocr.o)
 .debug_frame   0x000019bc       0x30 c:/program files (x86)/cypress/psoc creator/4.4/psoc creator/import/gnu/arm/5.4.1/bin/../lib/gcc/arm-none-eabi/5.4.1/../../../../arm-none-eabi/lib/armv6-m\libg_nano.a(lib_a-nano-reallocr.o)
 .debug_frame   0x000019ec       0x2c c:/program files (x86)/cypress/psoc creator/4.4/psoc creator/import/gnu/arm/5.4.1/bin/../lib/gcc/arm-none-eabi/5.4.1/../../../../arm-none-eabi/lib/armv6-m\libg_nano.a(lib_a-sbrkr.o)
 .debug_frame   0x00001a18       0x30 c:/program files (x86)/cypress/psoc creator/4.4/psoc creator/import/gnu/arm/5.4.1/bin/../lib/gcc/arm-none-eabi/5.4.1/../../../../arm-none-eabi/lib/armv6-m\libg_nano.a(lib_a-mlock.o)
 .debug_frame   0x00001a48       0x20 c:/program files (x86)/cypress/psoc creator/4.4/psoc creator/import/gnu/arm/5.4.1/bin/../lib/gcc/arm-none-eabi/5.4.1/../../../../arm-none-eabi/lib/armv6-m\libg_nano.a(lib_a-nano-msizer.o)
 .debug_frame   0x00001a68       0x48 c:/program files (x86)/cypress/psoc creator/4.4/psoc creator/import/gnu/arm/5.4.1/bin/../lib/gcc/arm-none-eabi/5.4.1/../../../../arm-none-eabi/lib/armv6-m\libg_nano.a(lib_a-reent.o)

.debug_str      0x00000000     0x1e35
 *(.debug_str)
 .debug_str     0x00000000      0x509 .\CortexM0\ARM_GCC_541\Debug\main.o
                                0x553 (size before relaxing)
 .debug_str     0x00000509      0x23e .\CortexM0\ARM_GCC_541\Debug\LiquidCrystal_i2C.o
                                0x468 (size before relaxing)
 .debug_str     0x00000747      0x11e .\CortexM0\ARM_GCC_541\Debug\cyfitter_cfg.o
                                0x2f8 (size before relaxing)
 .debug_str     0x00000865       0x59 .\CortexM0\ARM_GCC_541\Debug\cymetadata.o
                                0x1ea (size before relaxing)
 .debug_str     0x000008be      0x135 .\CortexM0\ARM_GCC_541\Debug\Cm0Start.o
                                0x323 (size before relaxing)
 .debug_str     0x000009f3      0x164 .\CortexM0\ARM_GCC_541\Debug\AutomaticPetFeeder.a(BTN_ISR.o)
                                0x357 (size before relaxing)
 .debug_str     0x00000b57      0x110 .\CortexM0\ARM_GCC_541\Debug\AutomaticPetFeeder.a(ENC_ISR.o)
                                0x359 (size before relaxing)
 .debug_str     0x00000c67      0x5b1 .\CortexM0\ARM_GCC_541\Debug\AutomaticPetFeeder.a(CyLib.o)
                                0x81f (size before relaxing)
 .debug_str     0x00001218      0x6e6 .\CortexM0\ARM_GCC_541\Debug\AutomaticPetFeeder.a(CyLFClk.o)
                                0x93f (size before relaxing)
 .debug_str     0x000018fe       0xfb .\CortexM0\ARM_GCC_541\Debug\AutomaticPetFeeder.a(I2C.o)
                                0x2e0 (size before relaxing)
 .debug_str     0x000019f9       0x74 .\CortexM0\ARM_GCC_541\Debug\AutomaticPetFeeder.a(I2C_I2C.o)
                                0x270 (size before relaxing)
 .debug_str     0x00001a6d      0x203 .\CortexM0\ARM_GCC_541\Debug\AutomaticPetFeeder.a(I2C_I2C_MASTER.o)
                                0x4d8 (size before relaxing)
 .debug_str     0x00001c70       0x81 .\CortexM0\ARM_GCC_541\Debug\AutomaticPetFeeder.a(BTN.o)
                                0x24a (size before relaxing)
 .debug_str     0x00001cf1       0x5d .\CortexM0\ARM_GCC_541\Debug\AutomaticPetFeeder.a(ENC.o)
                                0x24a (size before relaxing)
 .debug_str     0x00001d4e       0xa0 .\CortexM0\ARM_GCC_541\Debug\AutomaticPetFeeder.a(CyFlash.o)
                                0x2d2 (size before relaxing)
 .debug_str     0x00001dee       0x47 .\CortexM0\ARM_GCC_541\Debug\AutomaticPetFeeder.a(I2C_I2C_INT.o)
                                0x2e0 (size before relaxing)

.debug_loc      0x00000000     0x2de0
 *(.debug_loc)
 .debug_loc     0x00000000      0x284 .\CortexM0\ARM_GCC_541\Debug\main.o
 .debug_loc     0x00000284      0x36f .\CortexM0\ARM_GCC_541\Debug\LiquidCrystal_i2C.o
 .debug_loc     0x000005f3      0x118 .\CortexM0\ARM_GCC_541\Debug\cyfitter_cfg.o
 .debug_loc     0x0000070b      0x14f .\CortexM0\ARM_GCC_541\Debug\Cm0Start.o
 .debug_loc     0x0000085a       0x82 .\CortexM0\ARM_GCC_541\Debug\AutomaticPetFeeder.a(BTN_ISR.o)
 .debug_loc     0x000008dc       0xdb .\CortexM0\ARM_GCC_541\Debug\AutomaticPetFeeder.a(ENC_ISR.o)
 .debug_loc     0x000009b7      0x81c .\CortexM0\ARM_GCC_541\Debug\AutomaticPetFeeder.a(CyLib.o)
 .debug_loc     0x000011d3      0xdb7 .\CortexM0\ARM_GCC_541\Debug\AutomaticPetFeeder.a(CyLFClk.o)
 .debug_loc     0x00001f8a       0x7e .\CortexM0\ARM_GCC_541\Debug\AutomaticPetFeeder.a(I2C.o)
 .debug_loc     0x00002008      0xa49 .\CortexM0\ARM_GCC_541\Debug\AutomaticPetFeeder.a(I2C_I2C_MASTER.o)
 .debug_loc     0x00002a51       0xa2 .\CortexM0\ARM_GCC_541\Debug\AutomaticPetFeeder.a(BTN.o)
 .debug_loc     0x00002af3       0x81 .\CortexM0\ARM_GCC_541\Debug\AutomaticPetFeeder.a(ENC.o)
 .debug_loc     0x00002b74      0x160 .\CortexM0\ARM_GCC_541\Debug\AutomaticPetFeeder.a(CyFlash.o)
 .debug_loc     0x00002cd4      0x10c .\CortexM0\ARM_GCC_541\Debug\AutomaticPetFeeder.a(I2C_I2C_INT.o)

.debug_macinfo
 *(.debug_macinfo)

.debug_ranges   0x00000000      0x7a8
 *(.debug_ranges)
 .debug_ranges  0x00000000       0x90 .\CortexM0\ARM_GCC_541\Debug\main.o
 .debug_ranges  0x00000090       0xf8 .\CortexM0\ARM_GCC_541\Debug\LiquidCrystal_i2C.o
 .debug_ranges  0x00000188       0x30 .\CortexM0\ARM_GCC_541\Debug\cyfitter_cfg.o
 .debug_ranges  0x000001b8       0x38 .\CortexM0\ARM_GCC_541\Debug\Cm0Start.o
 .debug_ranges  0x000001f0       0x70 .\CortexM0\ARM_GCC_541\Debug\AutomaticPetFeeder.a(BTN_ISR.o)
 .debug_ranges  0x00000260       0x70 .\CortexM0\ARM_GCC_541\Debug\AutomaticPetFeeder.a(ENC_ISR.o)
 .debug_ranges  0x000002d0      0x1b8 .\CortexM0\ARM_GCC_541\Debug\AutomaticPetFeeder.a(CyLib.o)
 .debug_ranges  0x00000488      0x178 .\CortexM0\ARM_GCC_541\Debug\AutomaticPetFeeder.a(CyLFClk.o)
 .debug_ranges  0x00000600       0x50 .\CortexM0\ARM_GCC_541\Debug\AutomaticPetFeeder.a(I2C.o)
 .debug_ranges  0x00000650       0x20 .\CortexM0\ARM_GCC_541\Debug\AutomaticPetFeeder.a(I2C_I2C.o)
 .debug_ranges  0x00000670       0x88 .\CortexM0\ARM_GCC_541\Debug\AutomaticPetFeeder.a(I2C_I2C_MASTER.o)
 .debug_ranges  0x000006f8       0x38 .\CortexM0\ARM_GCC_541\Debug\AutomaticPetFeeder.a(BTN.o)
 .debug_ranges  0x00000730       0x38 .\CortexM0\ARM_GCC_541\Debug\AutomaticPetFeeder.a(ENC.o)
 .debug_ranges  0x00000768       0x30 .\CortexM0\ARM_GCC_541\Debug\AutomaticPetFeeder.a(CyFlash.o)
 .debug_ranges  0x00000798       0x10 .\CortexM0\ARM_GCC_541\Debug\AutomaticPetFeeder.a(I2C_I2C_INT.o)

.comment        0x00000000       0x6e
 .comment       0x00000000       0x6e .\CortexM0\ARM_GCC_541\Debug\main.o
                                 0x6f (size before relaxing)
 .comment       0x0000006e       0x6f .\CortexM0\ARM_GCC_541\Debug\LiquidCrystal_i2C.o
 .comment       0x0000006e       0x6f .\CortexM0\ARM_GCC_541\Debug\cyfitter_cfg.o
 .comment       0x0000006e       0x6f .\CortexM0\ARM_GCC_541\Debug\cymetadata.o
 .comment       0x0000006e       0x6f .\CortexM0\ARM_GCC_541\Debug\Cm0Start.o
 .comment       0x0000006e       0x6f .\CortexM0\ARM_GCC_541\Debug\AutomaticPetFeeder.a(BTN_ISR.o)
 .comment       0x0000006e       0x6f .\CortexM0\ARM_GCC_541\Debug\AutomaticPetFeeder.a(ENC_ISR.o)
 .comment       0x0000006e       0x6f .\CortexM0\ARM_GCC_541\Debug\AutomaticPetFeeder.a(CyLib.o)
 .comment       0x0000006e       0x6f .\CortexM0\ARM_GCC_541\Debug\AutomaticPetFeeder.a(CyLFClk.o)
 .comment       0x0000006e       0x6f .\CortexM0\ARM_GCC_541\Debug\AutomaticPetFeeder.a(I2C.o)
 .comment       0x0000006e       0x6f .\CortexM0\ARM_GCC_541\Debug\AutomaticPetFeeder.a(I2C_I2C.o)
 .comment       0x0000006e       0x6f .\CortexM0\ARM_GCC_541\Debug\AutomaticPetFeeder.a(I2C_I2C_MASTER.o)
 .comment       0x0000006e       0x6f .\CortexM0\ARM_GCC_541\Debug\AutomaticPetFeeder.a(BTN.o)
 .comment       0x0000006e       0x6f .\CortexM0\ARM_GCC_541\Debug\AutomaticPetFeeder.a(ENC.o)
 .comment       0x0000006e       0x6f .\CortexM0\ARM_GCC_541\Debug\AutomaticPetFeeder.a(CyFlash.o)
 .comment       0x0000006e       0x6f .\CortexM0\ARM_GCC_541\Debug\AutomaticPetFeeder.a(I2C_I2C_INT.o)

.debug_weaknames
 *(.debug_weaknames)

.debug_funcnames
 *(.debug_funcnames)

.debug_typenames
 *(.debug_typenames)

.debug_varnames
 *(.debug_varnames)

.note.gnu.arm.ident
 *(.note.gnu.arm.ident)

.ARM.attributes
                0x00000000       0x28
 *(.ARM.attributes)
 .ARM.attributes
                0x00000000       0x1e c:/program files (x86)/cypress/psoc creator/4.4/psoc creator/import/gnu/arm/5.4.1/bin/../lib/gcc/arm-none-eabi/5.4.1/armv6-m/crti.o
 .ARM.attributes
                0x0000001e       0x2c c:/program files (x86)/cypress/psoc creator/4.4/psoc creator/import/gnu/arm/5.4.1/bin/../lib/gcc/arm-none-eabi/5.4.1/armv6-m/crtbegin.o
 .ARM.attributes
                0x0000004a       0x1b c:/program files (x86)/cypress/psoc creator/4.4/psoc creator/import/gnu/arm/5.4.1/bin/../lib/gcc/arm-none-eabi/5.4.1/../../../../arm-none-eabi/lib/armv6-m/crt0.o
 .ARM.attributes
                0x00000065       0x31 .\CortexM0\ARM_GCC_541\Debug\main.o
 .ARM.attributes
                0x00000096       0x31 .\CortexM0\ARM_GCC_541\Debug\LiquidCrystal_i2C.o
 .ARM.attributes
                0x000000c7       0x31 .\CortexM0\ARM_GCC_541\Debug\cyfitter_cfg.o
 .ARM.attributes
                0x000000f8       0x31 .\CortexM0\ARM_GCC_541\Debug\cymetadata.o
 .ARM.attributes
                0x00000129       0x31 .\CortexM0\ARM_GCC_541\Debug\Cm0Start.o
 .ARM.attributes
                0x0000015a       0x31 .\CortexM0\ARM_GCC_541\Debug\AutomaticPetFeeder.a(BTN_ISR.o)
 .ARM.attributes
                0x0000018b       0x31 .\CortexM0\ARM_GCC_541\Debug\AutomaticPetFeeder.a(ENC_ISR.o)
 .ARM.attributes
                0x000001bc       0x31 .\CortexM0\ARM_GCC_541\Debug\AutomaticPetFeeder.a(CyLib.o)
 .ARM.attributes
                0x000001ed       0x31 .\CortexM0\ARM_GCC_541\Debug\AutomaticPetFeeder.a(CyLFClk.o)
 .ARM.attributes
                0x0000021e       0x31 .\CortexM0\ARM_GCC_541\Debug\AutomaticPetFeeder.a(I2C.o)
 .ARM.attributes
                0x0000024f       0x31 .\CortexM0\ARM_GCC_541\Debug\AutomaticPetFeeder.a(I2C_I2C.o)
 .ARM.attributes
                0x00000280       0x31 .\CortexM0\ARM_GCC_541\Debug\AutomaticPetFeeder.a(I2C_I2C_MASTER.o)
 .ARM.attributes
                0x000002b1       0x21 .\CortexM0\ARM_GCC_541\Debug\AutomaticPetFeeder.a(CyBootAsmGnu.o)
 .ARM.attributes
                0x000002d2       0x31 .\CortexM0\ARM_GCC_541\Debug\AutomaticPetFeeder.a(BTN.o)
 .ARM.attributes
                0x00000303       0x31 .\CortexM0\ARM_GCC_541\Debug\AutomaticPetFeeder.a(ENC.o)
 .ARM.attributes
                0x00000334       0x31 .\CortexM0\ARM_GCC_541\Debug\AutomaticPetFeeder.a(CyFlash.o)
 .ARM.attributes
                0x00000365       0x31 .\CortexM0\ARM_GCC_541\Debug\AutomaticPetFeeder.a(I2C_I2C_INT.o)
 .ARM.attributes
                0x00000396       0x1e c:/program files (x86)/cypress/psoc creator/4.4/psoc creator/import/gnu/arm/5.4.1/bin/../lib/gcc/arm-none-eabi/5.4.1/armv6-m\libgcc.a(_udivsi3.o)
 .ARM.attributes
                0x000003b4       0x1e c:/program files (x86)/cypress/psoc creator/4.4/psoc creator/import/gnu/arm/5.4.1/bin/../lib/gcc/arm-none-eabi/5.4.1/armv6-m\libgcc.a(_divsi3.o)
 .ARM.attributes
                0x000003d2       0x1e c:/program files (x86)/cypress/psoc creator/4.4/psoc creator/import/gnu/arm/5.4.1/bin/../lib/gcc/arm-none-eabi/5.4.1/armv6-m\libgcc.a(_dvmd_tls.o)
 .ARM.attributes
                0x000003f0       0x2c c:/program files (x86)/cypress/psoc creator/4.4/psoc creator/import/gnu/arm/5.4.1/bin/../lib/gcc/arm-none-eabi/5.4.1/../../../../arm-none-eabi/lib/armv6-m\libg_nano.a(lib_a-errno.o)
 .ARM.attributes
                0x0000041c       0x2c c:/program files (x86)/cypress/psoc creator/4.4/psoc creator/import/gnu/arm/5.4.1/bin/../lib/gcc/arm-none-eabi/5.4.1/../../../../arm-none-eabi/lib/armv6-m\libg_nano.a(lib_a-exit.o)
 .ARM.attributes
                0x00000448       0x2c c:/program files (x86)/cypress/psoc creator/4.4/psoc creator/import/gnu/arm/5.4.1/bin/../lib/gcc/arm-none-eabi/5.4.1/../../../../arm-none-eabi/lib/armv6-m\libg_nano.a(lib_a-impure.o)
 .ARM.attributes
                0x00000474       0x2c c:/program files (x86)/cypress/psoc creator/4.4/psoc creator/import/gnu/arm/5.4.1/bin/../lib/gcc/arm-none-eabi/5.4.1/../../../../arm-none-eabi/lib/armv6-m\libg_nano.a(lib_a-init.o)
 .ARM.attributes
                0x000004a0       0x2c c:/program files (x86)/cypress/psoc creator/4.4/psoc creator/import/gnu/arm/5.4.1/bin/../lib/gcc/arm-none-eabi/5.4.1/../../../../arm-none-eabi/lib/armv6-m\libg_nano.a(lib_a-memcpy-stub.o)
 .ARM.attributes
                0x000004cc       0x2c c:/program files (x86)/cypress/psoc creator/4.4/psoc creator/import/gnu/arm/5.4.1/bin/../lib/gcc/arm-none-eabi/5.4.1/../../../../arm-none-eabi/lib/armv6-m\libg_nano.a(lib_a-memset.o)
 .ARM.attributes
                0x000004f8       0x2c c:/program files (x86)/cypress/psoc creator/4.4/psoc creator/import/gnu/arm/5.4.1/bin/../lib/gcc/arm-none-eabi/5.4.1/../../../../arm-none-eabi/lib/armv6-m\libg_nano.a(lib_a-snprintf.o)
 .ARM.attributes
                0x00000524       0x1c c:/program files (x86)/cypress/psoc creator/4.4/psoc creator/import/gnu/arm/5.4.1/bin/../lib/gcc/arm-none-eabi/5.4.1/../../../../arm-none-eabi/lib/armv6-m\libg_nano.a(lib_a-strlen.o)
 .ARM.attributes
                0x00000540       0x2c c:/program files (x86)/cypress/psoc creator/4.4/psoc creator/import/gnu/arm/5.4.1/bin/../lib/gcc/arm-none-eabi/5.4.1/../../../../arm-none-eabi/lib/armv6-m\libg_nano.a(lib_a-strncmp.o)
 .ARM.attributes
                0x0000056c       0x2c c:/program files (x86)/cypress/psoc creator/4.4/psoc creator/import/gnu/arm/5.4.1/bin/../lib/gcc/arm-none-eabi/5.4.1/../../../../arm-none-eabi/lib/armv6-m\libg_nano.a(lib_a-nano-svfprintf.o)
 .ARM.attributes
                0x00000598       0x2c c:/program files (x86)/cypress/psoc creator/4.4/psoc creator/import/gnu/arm/5.4.1/bin/../lib/gcc/arm-none-eabi/5.4.1/../../../../arm-none-eabi/lib/armv6-m\libg_nano.a(lib_a-nano-vfprintf_i.o)
 .ARM.attributes
                0x000005c4       0x2c c:/program files (x86)/cypress/psoc creator/4.4/psoc creator/import/gnu/arm/5.4.1/bin/../lib/gcc/arm-none-eabi/5.4.1/../../../../arm-none-eabi/lib/armv6-m\libg_nano.a(lib_a-memchr-stub.o)
 .ARM.attributes
                0x000005f0       0x2c c:/program files (x86)/cypress/psoc creator/4.4/psoc creator/import/gnu/arm/5.4.1/bin/../lib/gcc/arm-none-eabi/5.4.1/../../../../arm-none-eabi/lib/armv6-m\libg_nano.a(lib_a-memmove.o)
 .ARM.attributes
                0x0000061c       0x2c c:/program files (x86)/cypress/psoc creator/4.4/psoc creator/import/gnu/arm/5.4.1/bin/../lib/gcc/arm-none-eabi/5.4.1/../../../../arm-none-eabi/lib/armv6-m\libg_nano.a(lib_a-nano-freer.o)
 .ARM.attributes
                0x00000648       0x2c c:/program files (x86)/cypress/psoc creator/4.4/psoc creator/import/gnu/arm/5.4.1/bin/../lib/gcc/arm-none-eabi/5.4.1/../../../../arm-none-eabi/lib/armv6-m\libg_nano.a(lib_a-nano-mallocr.o)
 .ARM.attributes
                0x00000674       0x2c c:/program files (x86)/cypress/psoc creator/4.4/psoc creator/import/gnu/arm/5.4.1/bin/../lib/gcc/arm-none-eabi/5.4.1/../../../../arm-none-eabi/lib/armv6-m\libg_nano.a(lib_a-nano-reallocr.o)
 .ARM.attributes
                0x000006a0       0x2c c:/program files (x86)/cypress/psoc creator/4.4/psoc creator/import/gnu/arm/5.4.1/bin/../lib/gcc/arm-none-eabi/5.4.1/../../../../arm-none-eabi/lib/armv6-m\libg_nano.a(lib_a-sbrkr.o)
 .ARM.attributes
                0x000006cc       0x2c c:/program files (x86)/cypress/psoc creator/4.4/psoc creator/import/gnu/arm/5.4.1/bin/../lib/gcc/arm-none-eabi/5.4.1/../../../../arm-none-eabi/lib/armv6-m\libg_nano.a(lib_a-mlock.o)
 .ARM.attributes
                0x000006f8       0x2c c:/program files (x86)/cypress/psoc creator/4.4/psoc creator/import/gnu/arm/5.4.1/bin/../lib/gcc/arm-none-eabi/5.4.1/../../../../arm-none-eabi/lib/armv6-m\libg_nano.a(lib_a-nano-msizer.o)
 .ARM.attributes
                0x00000724       0x2c c:/program files (x86)/cypress/psoc creator/4.4/psoc creator/import/gnu/arm/5.4.1/bin/../lib/gcc/arm-none-eabi/5.4.1/../../../../arm-none-eabi/lib/armv6-m\libg_nano.a(lib_a-reent.o)
 .ARM.attributes
                0x00000750       0x2c c:/program files (x86)/cypress/psoc creator/4.4/psoc creator/import/gnu/arm/5.4.1/bin/../lib/gcc/arm-none-eabi/5.4.1/armv6-m/crtend.o
 .ARM.attributes
                0x0000077c       0x1e c:/program files (x86)/cypress/psoc creator/4.4/psoc creator/import/gnu/arm/5.4.1/bin/../lib/gcc/arm-none-eabi/5.4.1/armv6-m/crtn.o

/DISCARD/
 *(.note.GNU-stack)
OUTPUT(C:\Users\hElLo KiTtY 2.1\Desktop\Final Project\Project Files\Final Project\AutomaticPetFeeder.cydsn\CortexM0\ARM_GCC_541\Debug\AutomaticPetFeeder.elf elf32-littlearm)
