Archive member included to satisfy reference by file (symbol)

.\CortexM0\ARM_GCC_541\Debug\AutomaticPetFeeder.a(CyLib.o)
                              .\CortexM0\ARM_GCC_541\Debug\cyfitter_cfg.o (CyIntEnable)
.\CortexM0\ARM_GCC_541\Debug\AutomaticPetFeeder.a(CyLFClk.o)
                              .\CortexM0\ARM_GCC_541\Debug\AutomaticPetFeeder.a(CyLib.o) (CySysClkWcoEnabled)
.\CortexM0\ARM_GCC_541\Debug\AutomaticPetFeeder.a(I2C.o)
                              .\CortexM0\ARM_GCC_541\Debug\main.o (I2C_Start)
.\CortexM0\ARM_GCC_541\Debug\AutomaticPetFeeder.a(I2C_I2C.o)
                              .\CortexM0\ARM_GCC_541\Debug\AutomaticPetFeeder.a(I2C.o) (I2C_I2CInit)
.\CortexM0\ARM_GCC_541\Debug\AutomaticPetFeeder.a(I2C_I2C_MASTER.o)
                              .\CortexM0\ARM_GCC_541\Debug\LiquidCrystal_i2C.o (I2C_I2CMasterSendStart)
.\CortexM0\ARM_GCC_541\Debug\AutomaticPetFeeder.a(CyBootAsmGnu.o)
                              .\CortexM0\ARM_GCC_541\Debug\AutomaticPetFeeder.a(CyLib.o) (CyDelayCycles)
.\CortexM0\ARM_GCC_541\Debug\AutomaticPetFeeder.a(CyFlash.o)
                              .\CortexM0\ARM_GCC_541\Debug\AutomaticPetFeeder.a(CyLib.o) (CySysFlashSetWaitCycles)
.\CortexM0\ARM_GCC_541\Debug\AutomaticPetFeeder.a(I2C_I2C_INT.o)
                              .\CortexM0\ARM_GCC_541\Debug\AutomaticPetFeeder.a(I2C_I2C.o) (I2C_I2C_ISR)
c:/program files (x86)/cypress/psoc creator/4.2/psoc creator/import/gnu/arm/5.4.1/bin/../lib/gcc/arm-none-eabi/5.4.1/armv6-m\libgcc.a(_udivsi3.o)
                              .\CortexM0\ARM_GCC_541\Debug\main.o (__aeabi_uidiv)
c:/program files (x86)/cypress/psoc creator/4.2/psoc creator/import/gnu/arm/5.4.1/bin/../lib/gcc/arm-none-eabi/5.4.1/armv6-m\libgcc.a(_divsi3.o)
                              .\CortexM0\ARM_GCC_541\Debug\AutomaticPetFeeder.a(CyLFClk.o) (__aeabi_idiv)
c:/program files (x86)/cypress/psoc creator/4.2/psoc creator/import/gnu/arm/5.4.1/bin/../lib/gcc/arm-none-eabi/5.4.1/armv6-m\libgcc.a(_dvmd_tls.o)
                              c:/program files (x86)/cypress/psoc creator/4.2/psoc creator/import/gnu/arm/5.4.1/bin/../lib/gcc/arm-none-eabi/5.4.1/armv6-m\libgcc.a(_udivsi3.o) (__aeabi_idiv0)
c:/program files (x86)/cypress/psoc creator/4.2/psoc creator/import/gnu/arm/5.4.1/bin/../lib/gcc/arm-none-eabi/5.4.1/../../../../arm-none-eabi/lib/armv6-m\libg_nano.a(lib_a-errno.o)
                              .\CortexM0\ARM_GCC_541\Debug\Cm0Start.o (__errno)
c:/program files (x86)/cypress/psoc creator/4.2/psoc creator/import/gnu/arm/5.4.1/bin/../lib/gcc/arm-none-eabi/5.4.1/../../../../arm-none-eabi/lib/armv6-m\libg_nano.a(lib_a-exit.o)
                              c:/program files (x86)/cypress/psoc creator/4.2/psoc creator/import/gnu/arm/5.4.1/bin/../lib/gcc/arm-none-eabi/5.4.1/../../../../arm-none-eabi/lib/armv6-m/crt0.o (exit)
c:/program files (x86)/cypress/psoc creator/4.2/psoc creator/import/gnu/arm/5.4.1/bin/../lib/gcc/arm-none-eabi/5.4.1/../../../../arm-none-eabi/lib/armv6-m\libg_nano.a(lib_a-impure.o)
                              c:/program files (x86)/cypress/psoc creator/4.2/psoc creator/import/gnu/arm/5.4.1/bin/../lib/gcc/arm-none-eabi/5.4.1/../../../../arm-none-eabi/lib/armv6-m\libg_nano.a(lib_a-exit.o) (_global_impure_ptr)
c:/program files (x86)/cypress/psoc creator/4.2/psoc creator/import/gnu/arm/5.4.1/bin/../lib/gcc/arm-none-eabi/5.4.1/../../../../arm-none-eabi/lib/armv6-m\libg_nano.a(lib_a-init.o)
                              c:/program files (x86)/cypress/psoc creator/4.2/psoc creator/import/gnu/arm/5.4.1/bin/../lib/gcc/arm-none-eabi/5.4.1/../../../../arm-none-eabi/lib/armv6-m/crt0.o (__libc_init_array)
c:/program files (x86)/cypress/psoc creator/4.2/psoc creator/import/gnu/arm/5.4.1/bin/../lib/gcc/arm-none-eabi/5.4.1/../../../../arm-none-eabi/lib/armv6-m\libg_nano.a(lib_a-memcpy-stub.o)
                              .\CortexM0\ARM_GCC_541\Debug\main.o (memcpy)
c:/program files (x86)/cypress/psoc creator/4.2/psoc creator/import/gnu/arm/5.4.1/bin/../lib/gcc/arm-none-eabi/5.4.1/../../../../arm-none-eabi/lib/armv6-m\libg_nano.a(lib_a-memset.o)
                              c:/program files (x86)/cypress/psoc creator/4.2/psoc creator/import/gnu/arm/5.4.1/bin/../lib/gcc/arm-none-eabi/5.4.1/../../../../arm-none-eabi/lib/armv6-m/crt0.o (memset)
c:/program files (x86)/cypress/psoc creator/4.2/psoc creator/import/gnu/arm/5.4.1/bin/../lib/gcc/arm-none-eabi/5.4.1/../../../../arm-none-eabi/lib/armv6-m\libg_nano.a(lib_a-snprintf.o)
                              .\CortexM0\ARM_GCC_541\Debug\main.o (snprintf)
c:/program files (x86)/cypress/psoc creator/4.2/psoc creator/import/gnu/arm/5.4.1/bin/../lib/gcc/arm-none-eabi/5.4.1/../../../../arm-none-eabi/lib/armv6-m\libg_nano.a(lib_a-strlen.o)
                              .\CortexM0\ARM_GCC_541\Debug\LiquidCrystal_i2C.o (strlen)
[...]
Memory Configuration

Name             Origin             Length             Attributes
rom              0x00000000         0x00020000         xr
ram              0x20000000         0x00004000         xrw
*default*        0x00000000         0xffffffff

Linker script and memory map

LOAD c:/program files (x86)/cypress/psoc creator/4.2/psoc creator/import/gnu/arm/5.4.1/bin/../lib/gcc/arm-none-eabi/5.4.1/armv6-m/crti.o
LOAD c:/program files (x86)/cypress/psoc creator/4.2/psoc creator/import/gnu/arm/5.4.1/bin/../lib/gcc/arm-none-eabi/5.4.1/armv6-m/crtbegin.o
LOAD c:/program files (x86)/cypress/psoc creator/4.2/psoc creator/import/gnu/arm/5.4.1/bin/../lib/gcc/arm-none-eabi/5.4.1/../../../../arm-none-eabi/lib/armv6-m/crt0.o
START GROUP
LOAD .\CortexM0\ARM_GCC_541\Debug\main.o
LOAD .\CortexM0\ARM_GCC_541\Debug\LiquidCrystal_i2C.o
LOAD .\CortexM0\ARM_GCC_541\Debug\cyfitter_cfg.o
LOAD .\CortexM0\ARM_GCC_541\Debug\cymetadata.o
LOAD .\CortexM0\ARM_GCC_541\Debug\Cm0Start.o
LOAD .\CortexM0\ARM_GCC_541\Debug\AutomaticPetFeeder.a
END GROUP
START GROUP
LOAD c:/program files (x86)/cypress/psoc creator/4.2/psoc creator/import/gnu/arm/5.4.1/bin/../lib/gcc/arm-none-eabi/5.4.1/armv6-m\libgcc.a
LOAD c:/program files (x86)/cypress/psoc creator/4.2/psoc creator/import/gnu/arm/5.4.1/bin/../lib/gcc/arm-none-eabi/5.4.1/../../../../arm-none-eabi/lib/armv6-m\libg_nano.a
LOAD c:/program files (x86)/cypress/psoc creator/4.2/psoc creator/import/gnu/arm/5.4.1/bin/../lib/gcc/arm-none-eabi/5.4.1/../../../../arm-none-eabi/lib/armv6-m\libc_nano.a
END GROUP
START GROUP
LOAD c:/program files (x86)/cypress/psoc creator/4.2/psoc creator/import/gnu/arm/5.4.1/bin/../lib/gcc/arm-none-eabi/5.4.1/armv6-m\libgcc.a
LOAD c:/program files (x86)/cypress/psoc creator/4.2/psoc creator/import/gnu/arm/5.4.1/bin/../lib/gcc/arm-none-eabi/5.4.1/../../../../arm-none-eabi/lib/armv6-m\libc_nano.a
END GROUP
LOAD c:/program files (x86)/cypress/psoc creator/4.2/psoc creator/import/gnu/arm/5.4.1/bin/../lib/gcc/arm-none-eabi/5.4.1/armv6-m/crtend.o
LOAD c:/program files (x86)/cypress/psoc creator/4.2/psoc creator/import/gnu/arm/5.4.1/bin/../lib/gcc/arm-none-eabi/5.4.1/armv6-m/crtn.o
START GROUP
LOAD c:/program files (x86)/cypress/psoc creator/4.2/psoc creator/import/gnu/arm/5.4.1/bin/../lib/gcc/arm-none-eabi/5.4.1/armv6-m\libgcc.a
LOAD c:/program files (x86)/cypress/psoc creator/4.2/psoc creator/import/gnu/arm/5.4.1/bin/../lib/gcc/arm-none-eabi/5.4.1/../../../../arm-none-eabi/lib/armv6-m\libc.a
LOAD c:/program files (x86)/cypress/psoc creator/4.2/psoc creator/import/gnu/arm/5.4.1/bin/../lib/gcc/arm-none-eabi/5.4.1/../../../../arm-none-eabi/lib/armv6-m\libnosys.a
END GROUP
                0x00000000                CY_APPL_ORIGIN = 0x0
                0x00000080                CY_FLASH_ROW_SIZE = 0x80
                0x00000001                CY_APPL_NUM = 0x1
                0x00000001                CY_APPL_MAX = 0x1
                0x00000040                CY_METADATA_SIZE = 0x40
                0x00000000                CY_APPL_LOADABLE = 0x0
                0x00000000                CY_CHECKSUM_EXCLUDE_SIZE = ALIGN (0x0, CY_FLASH_ROW_SIZE)
                0x00000000                CY_APP_FOR_STACK_AND_COPIER = 0x0
                [!provide]                PROVIDE (__cy_heap_start, _end)
                0x00000001                PROVIDE (__cy_region_num, ((__cy_regions_end - __cy_regions) / 0x10))
                0x20004000                PROVIDE (__cy_stack, (ORIGIN (ram) + LENGTH (ram)))
                [!provide]                PROVIDE (__cy_heap_end, (__cy_stack - 0x800))

.cybootloader   0x00000000        0x0
 *(.cybootloader)
                0x00000000                appl1_start = CY_APPL_ORIGIN?CY_APPL_ORIGIN:ALIGN (CY_FLASH_ROW_SIZE)
                0x0000ff80                appl2_start = (appl1_start + ALIGN ((((LENGTH (rom) - appl1_start) - (0x2 * CY_FLASH_ROW_SIZE)) / 0x2), CY_FLASH_ROW_SIZE))
                0x00000000                appl_start = (CY_APPL_NUM == 0x1)?appl1_start:appl2_start
                0x00000001                cy_project_type_bootloader = (appl_start == 0x0)?0x1:0x0
                0x00000000                cy_project_type_app_for_stack_and_copier = (CY_APP_FOR_STACK_AND_COPIER == 0x1)?0x1:0x0

.text           0x00000000     0x225a
 CREATE_OBJECT_SYMBOLS
                0x00000000                PROVIDE (__cy_interrupt_vector, RomVectors)
 *(.romvectors)
 .romvectors    0x00000000       0x10 .\CortexM0\ARM_GCC_541\Debug\Cm0Start.o
                0x00000000                RomVectors
                0x00000001                ASSERT ((. != __cy_interrupt_vector), No interrupt vector)
                0x00000001                ASSERT (CY_APPL_ORIGIN?(SIZEOF (.cybootloader) <= CY_APPL_ORIGIN):0x1, Wrong image location)
                0x00000010                PROVIDE (__cy_reset, Reset)
 *(.text.Reset)
 .text.Reset    0x00000010        0x8 .\CortexM0\ARM_GCC_541\Debug\Cm0Start.o
                0x00000010                Reset
                0x00000001                ASSERT ((. != __cy_reset), No reset code)
 *(.psocinit)
 .psocinit      0x00000018      0x260 .\CortexM0\ARM_GCC_541\Debug\cyfitter_cfg.o
                0x000000d8                cyfitter_cfg
                0x00000278                . = MAX (., 0x100)
 *(.text .text.* .gnu.linkonce.t.*)
 .text          0x00000278       0x60 c:/program files (x86)/cypress/psoc creator/4.2/psoc creator/import/gnu/arm/5.4.1/bin/../lib/gcc/arm-none-eabi/5.4.1/armv6-m/crtbegin.o
 .text.readFromAddr
                0x000002d8       0x40 .\CortexM0\ARM_GCC_541\Debug\main.o
                0x000002d8                readFromAddr
 .text.writeToAddr
                0x00000318       0x20 .\CortexM0\ARM_GCC_541\Debug\main.o
                0x00000318                writeToAddr
 .text.LCDInit  0x00000338       0xb4 .\CortexM0\ARM_GCC_541\Debug\main.o
                0x00000338                LCDInit
 .text.updateNextFeed
                0x000003ec       0x68 .\CortexM0\ARM_GCC_541\Debug\main.o
                0x000003ec                updateNextFeed
 .text.updateCurrTime
                0x00000454       0x60 .\CortexM0\ARM_GCC_541\Debug\main.o
                0x00000454                updateCurrTime
 .text.bcdToDec
                0x000004b4       0x14 .\CortexM0\ARM_GCC_541\Debug\main.o
                0x000004b4                bcdToDec
 .text.main     0x000004c8      0x204 .\CortexM0\ARM_GCC_541\Debug\main.o
                0x000004c8                main
 .text.LiquidCrystal_I2C_init
                0x000006cc       0x30 .\CortexM0\ARM_GCC_541\Debug\LiquidCrystal_i2C.o
                0x000006cc                LiquidCrystal_I2C_init
 .text.I2C_M_write_byte
                0x000006fc       0x1c .\CortexM0\ARM_GCC_541\Debug\LiquidCrystal_i2C.o
                0x000006fc                I2C_M_write_byte
 .text.expanderWrite
                0x00000718       0x1c .\CortexM0\ARM_GCC_541\Debug\LiquidCrystal_i2C.o
                0x00000718                expanderWrite
 .text.pulseEnable
                0x00000734       0x28 .\CortexM0\ARM_GCC_541\Debug\LiquidCrystal_i2C.o
                0x00000734                pulseEnable
 .text.write4bits
                0x0000075c       0x10 .\CortexM0\ARM_GCC_541\Debug\LiquidCrystal_i2C.o
                0x0000075c                write4bits
 .text.send     0x0000076c       0x24 .\CortexM0\ARM_GCC_541\Debug\LiquidCrystal_i2C.o
                0x0000076c                send
 .text.command  0x00000790        0xc .\CortexM0\ARM_GCC_541\Debug\LiquidCrystal_i2C.o
                0x00000790                command
 .text.clear    0x0000079c       0x10 .\CortexM0\ARM_GCC_541\Debug\LiquidCrystal_i2C.o
                0x0000079c                clear
 .text.home     0x000007ac       0x10 .\CortexM0\ARM_GCC_541\Debug\LiquidCrystal_i2C.o
                0x000007ac                home
 .text.setCursor
                0x000007bc       0x40 .\CortexM0\ARM_GCC_541\Debug\LiquidCrystal_i2C.o
                0x000007bc                setCursor
 .text.display  0x000007fc       0x20 .\CortexM0\ARM_GCC_541\Debug\LiquidCrystal_i2C.o
                0x000007fc                display
 .text.write    0x0000081c        0xc .\CortexM0\ARM_GCC_541\Debug\LiquidCrystal_i2C.o
                0x0000081c                write
 .text.LCD_print
                0x00000828       0x20 .\CortexM0\ARM_GCC_541\Debug\LiquidCrystal_i2C.o
                0x00000828                LCD_print
 .text.LCDBegin
                0x00000848       0xb8 .\CortexM0\ARM_GCC_541\Debug\LiquidCrystal_i2C.o
                0x00000848                LCDBegin
 .text.cfg_write_bytes32
                0x00000900       0x34 .\CortexM0\ARM_GCC_541\Debug\cyfitter_cfg.o
 .text.AnalogSetDefault
                0x00000934       0x20 .\CortexM0\ARM_GCC_541\Debug\cyfitter_cfg.o
 .text.CYMEMZERO
                0x00000954        0xc .\CortexM0\ARM_GCC_541\Debug\cyfitter_cfg.o
 .text.IntDefaultHandler
                0x00000960       0x10 .\CortexM0\ARM_GCC_541\Debug\Cm0Start.o
                0x00000960                IntDefaultHandler
 .text._sbrk    0x00000970       0x30 .\CortexM0\ARM_GCC_541\Debug\Cm0Start.o
                0x00000970                _sbrk
 .text.Start_c  0x000009a0       0x48 .\CortexM0\ARM_GCC_541\Debug\Cm0Start.o
                0x000009a0                Start_c
 .text.initialize_psoc
                0x000009e8       0x4c .\CortexM0\ARM_GCC_541\Debug\Cm0Start.o
                0x000009e8                initialize_psoc
 .text.CySysClkImoDisableWcoLock
                0x00000a34       0x54 .\CortexM0\ARM_GCC_541\Debug\AutomaticPetFeeder.a(CyLib.o)
                0x00000a34                CySysClkImoDisableWcoLock
 .text.CySysClkImoGetWcoLock
                0x00000a88       0x14 .\CortexM0\ARM_GCC_541\Debug\AutomaticPetFeeder.a(CyLib.o)
                0x00000a88                CySysClkImoGetWcoLock
 .text.CyIntEnable
                0x00000a9c       0x14 .\CortexM0\ARM_GCC_541\Debug\AutomaticPetFeeder.a(CyLib.o)
                0x00000a9c                CyIntEnable
 .text.CyIntDisable
                0x00000ab0       0x14 .\CortexM0\ARM_GCC_541\Debug\AutomaticPetFeeder.a(CyLib.o)
                0x00000ab0                CyIntDisable
 .text.CyHalt   0x00000ac4        0x4 .\CortexM0\ARM_GCC_541\Debug\AutomaticPetFeeder.a(CyLib.o)
                0x00000ac4                CyHalt
 .text.CyIntSetVector
                0x00000ac8       0x24 .\CortexM0\ARM_GCC_541\Debug\AutomaticPetFeeder.a(CyLib.o)
                0x00000ac8                CyIntSetVector
 .text.CyIntSetPriority
                0x00000aec       0x4c .\CortexM0\ARM_GCC_541\Debug\AutomaticPetFeeder.a(CyLib.o)
                0x00000aec                CyIntSetPriority
 .text.CyDelay  0x00000b38       0x30 .\CortexM0\ARM_GCC_541\Debug\AutomaticPetFeeder.a(CyLib.o)
                0x00000b38                CyDelay
 .text.CySysClkImoEnableWcoLock
                0x00000b68       0xf4 .\CortexM0\ARM_GCC_541\Debug\AutomaticPetFeeder.a(CyLib.o)
                0x00000b68                CySysClkImoEnableWcoLock
 .text.CySysClkWriteImoFreq
                0x00000c5c       0x80 .\CortexM0\ARM_GCC_541\Debug\AutomaticPetFeeder.a(CyLib.o)
                0x00000c5c                CySysClkWriteImoFreq
 .text.CyDelayUs
                0x00000cdc       0x14 .\CortexM0\ARM_GCC_541\Debug\AutomaticPetFeeder.a(CyLib.o)
                0x00000cdc                CyDelayUs
 .text.CySysWdtLocked
                0x00000cf0       0x14 .\CortexM0\ARM_GCC_541\Debug\AutomaticPetFeeder.a(CyLFClk.o)
 .text.CySysClkWcoEnabled
                0x00000d04       0x14 .\CortexM0\ARM_GCC_541\Debug\AutomaticPetFeeder.a(CyLFClk.o)
                0x00000d04                CySysClkWcoEnabled
 .text.CySysWdtLock
                0x00000d18       0x1c .\CortexM0\ARM_GCC_541\Debug\AutomaticPetFeeder.a(CyLFClk.o)
                0x00000d18                CySysWdtLock
 .text.CySysWdtUnlock
                0x00000d34       0x30 .\CortexM0\ARM_GCC_541\Debug\AutomaticPetFeeder.a(CyLFClk.o)
                0x00000d34                CySysWdtUnlock
 .text.CySysWdtClearInterrupt
                0x00000d64       0x4c .\CortexM0\ARM_GCC_541\Debug\AutomaticPetFeeder.a(CyLFClk.o)
                0x00000d64                CySysWdtClearInterrupt
 .text.CySysWdtIsr
                0x00000db0       0xa4 .\CortexM0\ARM_GCC_541\Debug\AutomaticPetFeeder.a(CyLFClk.o)
                0x00000db0                CySysWdtIsr
 .text.I2C_ScbEnableIntr
                0x00000e54        0xc .\CortexM0\ARM_GCC_541\Debug\AutomaticPetFeeder.a(I2C.o)
 .text.I2C_Init
                0x00000e60        0x8 .\CortexM0\ARM_GCC_541\Debug\AutomaticPetFeeder.a(I2C.o)
                0x00000e60                I2C_Init
 .text.I2C_Enable
                0x00000e68       0x18 .\CortexM0\ARM_GCC_541\Debug\AutomaticPetFeeder.a(I2C.o)
                0x00000e68                I2C_Enable
 .text.I2C_Start
                0x00000e80       0x20 .\CortexM0\ARM_GCC_541\Debug\AutomaticPetFeeder.a(I2C.o)
                0x00000e80                I2C_Start
 .text.I2C_I2CInit
                0x00000ea0       0xb8 .\CortexM0\ARM_GCC_541\Debug\AutomaticPetFeeder.a(I2C_I2C.o)
                0x00000ea0                I2C_I2CInit
 .text.I2C_I2CFwBlockReset
                0x00000f58       0x5c .\CortexM0\ARM_GCC_541\Debug\AutomaticPetFeeder.a(I2C_I2C.o)
                0x00000f58                I2C_I2CFwBlockReset
 .text.I2C_I2CMasterWaitOneUnit
                0x00000fb4       0x28 .\CortexM0\ARM_GCC_541\Debug\AutomaticPetFeeder.a(I2C_I2C_MASTER.o)
 .text.I2C_I2CMasterHandleStatus
                0x00000fdc       0xc4 .\CortexM0\ARM_GCC_541\Debug\AutomaticPetFeeder.a(I2C_I2C_MASTER.o)
 .text.I2C_I2CMasterSendStart
                0x000010a0       0xc4 .\CortexM0\ARM_GCC_541\Debug\AutomaticPetFeeder.a(I2C_I2C_MASTER.o)
                0x000010a0                I2C_I2CMasterSendStart
 .text.I2C_I2CMasterSendStop
                0x00001164       0x58 .\CortexM0\ARM_GCC_541\Debug\AutomaticPetFeeder.a(I2C_I2C_MASTER.o)
                0x00001164                I2C_I2CMasterSendStop
 .text.I2C_I2CMasterWriteByte
                0x000011bc       0x48 .\CortexM0\ARM_GCC_541\Debug\AutomaticPetFeeder.a(I2C_I2C_MASTER.o)
                0x000011bc                I2C_I2CMasterWriteByte
 .text.I2C_I2CMasterStatus
                0x00001204       0x30 .\CortexM0\ARM_GCC_541\Debug\AutomaticPetFeeder.a(I2C_I2C_MASTER.o)
                0x00001204                I2C_I2CMasterStatus
 .text.I2C_I2CMasterClearStatus
                0x00001234       0x20 .\CortexM0\ARM_GCC_541\Debug\AutomaticPetFeeder.a(I2C_I2C_MASTER.o)
                0x00001234                I2C_I2CMasterClearStatus
 .text.I2C_I2CReStartGeneration
                0x00001254       0x20 .\CortexM0\ARM_GCC_541\Debug\AutomaticPetFeeder.a(I2C_I2C_MASTER.o)
                0x00001254                I2C_I2CReStartGeneration
 .text.I2C_I2CMasterWriteBuf
                0x00001274       0xf8 .\CortexM0\ARM_GCC_541\Debug\AutomaticPetFeeder.a(I2C_I2C_MASTER.o)
                0x00001274                I2C_I2CMasterWriteBuf
 .text.I2C_I2CMasterReadBuf
                0x0000136c      0x108 .\CortexM0\ARM_GCC_541\Debug\AutomaticPetFeeder.a(I2C_I2C_MASTER.o)
                0x0000136c                I2C_I2CMasterReadBuf
 *fill*         0x00001474        0x4 
 .text          0x00001478       0x20 .\CortexM0\ARM_GCC_541\Debug\AutomaticPetFeeder.a(CyBootAsmGnu.o)
                0x00001478                CyDelayCycles
                0x0000148a                CyEnterCriticalSection
                0x00001492                CyExitCriticalSection
 .text.CySysFlashSetWaitCycles
                0x00001498       0x54 .\CortexM0\ARM_GCC_541\Debug\AutomaticPetFeeder.a(CyFlash.o)
                0x00001498                CySysFlashSetWaitCycles
 .text.I2C_I2C_ISR
                0x000014ec      0x340 .\CortexM0\ARM_GCC_541\Debug\AutomaticPetFeeder.a(I2C_I2C_INT.o)
                0x000014ec                I2C_I2C_ISR
 .text          0x0000182c      0x114 c:/program files (x86)/cypress/psoc creator/4.2/psoc creator/import/gnu/arm/5.4.1/bin/../lib/gcc/arm-none-eabi/5.4.1/armv6-m\libgcc.a(_udivsi3.o)
                0x0000182c                __aeabi_uidiv
                0x0000182c                __udivsi3
                0x00001938                __aeabi_uidivmod
 .text          0x00001940        0x4 c:/program files (x86)/cypress/psoc creator/4.2/psoc creator/import/gnu/arm/5.4.1/bin/../lib/gcc/arm-none-eabi/5.4.1/armv6-m\libgcc.a(_dvmd_tls.o)
                0x00001940                __aeabi_idiv0
                0x00001940                __aeabi_ldiv0
 .text.__errno  0x00001944        0xc c:/program files (x86)/cypress/psoc creator/4.2/psoc creator/import/gnu/arm/5.4.1/bin/../lib/gcc/arm-none-eabi/5.4.1/../../../../arm-none-eabi/lib/armv6-m\libg_nano.a(lib_a-errno.o)
                0x00001944                __errno
 .text.__libc_init_array
                0x00001950       0x4c c:/program files (x86)/cypress/psoc creator/4.2/psoc creator/import/gnu/arm/5.4.1/bin/../lib/gcc/arm-none-eabi/5.4.1/../../../../arm-none-eabi/lib/armv6-m\libg_nano.a(lib_a-init.o)
                0x00001950                __libc_init_array
 .text.memcpy   0x0000199c       0x12 c:/program files (x86)/cypress/psoc creator/4.2/psoc creator/import/gnu/arm/5.4.1/bin/../lib/gcc/arm-none-eabi/5.4.1/../../../../arm-none-eabi/lib/armv6-m\libg_nano.a(lib_a-memcpy-stub.o)
                0x0000199c                memcpy
 .text.memset   0x000019ae       0x10 c:/program files (x86)/cypress/psoc creator/4.2/psoc creator/import/gnu/arm/5.4.1/bin/../lib/gcc/arm-none-eabi/5.4.1/../../../../arm-none-eabi/lib/armv6-m\libg_nano.a(lib_a-memset.o)
                0x000019ae                memset
 *fill*         0x000019be        0x2 
 .text.snprintf
                0x000019c0       0x64 c:/program files (x86)/cypress/psoc creator/4.2/psoc creator/import/gnu/arm/5.4.1/bin/../lib/gcc/arm-none-eabi/5.4.1/../../../../arm-none-eabi/lib/armv6-m\libg_nano.a(lib_a-snprintf.o)
                0x000019c0                sniprintf
                0x000019c0                snprintf
 .text          0x00001a24        0xe c:/program files (x86)/cypress/psoc creator/4.2/psoc creator/import/gnu/arm/5.4.1/bin/../lib/gcc/arm-none-eabi/5.4.1/../../../../arm-none-eabi/lib/armv6-m\libg_nano.a(lib_a-strlen.o)
                0x00001a24                strlen
 .text.strncmp  0x00001a32       0x24 c:/program files (x86)/cypress/psoc creator/4.2/psoc creator/import/gnu/arm/5.4.1/bin/../lib/gcc/arm-none-eabi/5.4.1/../../../../arm-none-eabi/lib/armv6-m\libg_nano.a(lib_a-strncmp.o)
                0x00001a32                strncmp
 *fill*         0x00001a56        0x2 
 .text.__ssputs_r
                0x00001a58       0xc4 c:/program files (x86)/cypress/psoc creator/4.2/psoc creator/import/gnu/arm/5.4.1/bin/../lib/gcc/arm-none-eabi/5.4.1/../../../../arm-none-eabi/lib/armv6-m\libg_nano.a(lib_a-nano-svfprintf.o)
                0x00001a58                __ssputs_r
 .text._svfprintf_r
                0x00001b1c      0x1fc c:/program files (x86)/cypress/psoc creator/4.2/psoc creator/import/gnu/arm/5.4.1/bin/../lib/gcc/arm-none-eabi/5.4.1/../../../../arm-none-eabi/lib/armv6-m\libg_nano.a(lib_a-nano-svfprintf.o)
                0x00001b1c                _svfiprintf_r
                0x00001b1c                _svfprintf_r
 .text._printf_common
                0x00001d18       0xdc c:/program files (x86)/cypress/psoc creator/4.2/psoc creator/import/gnu/arm/5.4.1/bin/../lib/gcc/arm-none-eabi/5.4.1/../../../../arm-none-eabi/lib/armv6-m\libg_nano.a(lib_a-nano-vfprintf_i.o)
                0x00001d18                _printf_common
 .text._printf_i
                0x00001df4      0x244 c:/program files (x86)/cypress/psoc creator/4.2/psoc creator/import/gnu/arm/5.4.1/bin/../lib/gcc/arm-none-eabi/5.4.1/../../../../arm-none-eabi/lib/armv6-m\libg_nano.a(lib_a-nano-vfprintf_i.o)
                0x00001df4                _printf_i
 .text.memchr   0x00002038       0x16 c:/program files (x86)/cypress/psoc creator/4.2/psoc creator/import/gnu/arm/5.4.1/bin/../lib/gcc/arm-none-eabi/5.4.1/../../../../arm-none-eabi/lib/armv6-m\libg_nano.a(lib_a-memchr-stub.o)
                0x00002038                memchr
 .text.memmove  0x0000204e       0x2a c:/program files (x86)/cypress/psoc creator/4.2/psoc creator/import/gnu/arm/5.4.1/bin/../lib/gcc/arm-none-eabi/5.4.1/../../../../arm-none-eabi/lib/armv6-m\libg_nano.a(lib_a-memmove.o)
                0x0000204e                memmove
 .text._free_r  0x00002078       0x98 c:/program files (x86)/cypress/psoc creator/4.2/psoc creator/import/gnu/arm/5.4.1/bin/../lib/gcc/arm-none-eabi/5.4.1/../../../../arm-none-eabi/lib/armv6-m\libg_nano.a(lib_a-nano-freer.o)
                0x00002078                _free_r
 .text._malloc_r
                0x00002110       0xc0 c:/program files (x86)/cypress/psoc creator/4.2/psoc creator/import/gnu/arm/5.4.1/bin/../lib/gcc/arm-none-eabi/5.4.1/../../../../arm-none-eabi/lib/armv6-m\libg_nano.a(lib_a-nano-mallocr.o)
                0x00002110                _malloc_r
 .text._realloc_r
                0x000021d0       0x4c c:/program files (x86)/cypress/psoc creator/4.2/psoc creator/import/gnu/arm/5.4.1/bin/../lib/gcc/arm-none-eabi/5.4.1/../../../../arm-none-eabi/lib/armv6-m\libg_nano.a(lib_a-nano-reallocr.o)
                0x000021d0                _realloc_r
 .text._sbrk_r  0x0000221c       0x24 c:/program files (x86)/cypress/psoc creator/4.2/psoc creator/import/gnu/arm/5.4.1/bin/../lib/gcc/arm-none-eabi/5.4.1/../../../../arm-none-eabi/lib/armv6-m\libg_nano.a(lib_a-sbrkr.o)
                0x0000221c                _sbrk_r
 .text.__malloc_lock
                0x00002240        0x2 c:/program files (x86)/cypress/psoc creator/4.2/psoc creator/import/gnu/arm/5.4.1/bin/../lib/gcc/arm-none-eabi/5.4.1/../../../../arm-none-eabi/lib/armv6-m\libg_nano.a(lib_a-mlock.o)
                0x00002240                __malloc_lock
 .text.__malloc_unlock
                0x00002242        0x2 c:/program files (x86)/cypress/psoc creator/4.2/psoc creator/import/gnu/arm/5.4.1/bin/../lib/gcc/arm-none-eabi/5.4.1/../../../../arm-none-eabi/lib/armv6-m\libg_nano.a(lib_a-mlock.o)
                0x00002242                __malloc_unlock
 .text._malloc_usable_size_r
                0x00002244       0x16 c:/program files (x86)/cypress/psoc creator/4.2/psoc creator/import/gnu/arm/5.4.1/bin/../lib/gcc/arm-none-eabi/5.4.1/../../../../arm-none-eabi/lib/armv6-m\libg_nano.a(lib_a-nano-msizer.o)
                0x00002244                _malloc_usable_size_r
 *(.plt)
 *(.gnu.warning)
 *(.glue_7t)
 .glue_7t       0x0000225a        0x0 linker stubs
 *(.glue_7)
 .glue_7        0x0000225a        0x0 linker stubs
 *(.vfp11_veneer)
 .vfp11_veneer  0x0000225a        0x0 linker stubs
 *(.bootloader)
 *(.ARM.extab* .gnu.linkonce.armextab.*)
 *(.gcc_except_table)

.v4_bx          0x0000225c        0x0
 .v4_bx         0x0000225c        0x0 linker stubs

.iplt           0x0000225c        0x0
 .iplt          0x0000225c        0x0 c:/program files (x86)/cypress/psoc creator/4.2/psoc creator/import/gnu/arm/5.4.1/bin/../lib/gcc/arm-none-eabi/5.4.1/armv6-m/crtbegin.o

.eh_frame_hdr
 *(.eh_frame_hdr)

.eh_frame       0x0000225c        0x4
 *(.eh_frame)
 .eh_frame      0x0000225c        0x0 c:/program files (x86)/cypress/psoc creator/4.2/psoc creator/import/gnu/arm/5.4.1/bin/../lib/gcc/arm-none-eabi/5.4.1/armv6-m/crtbegin.o
 .eh_frame      0x0000225c        0x4 c:/program files (x86)/cypress/psoc creator/4.2/psoc creator/import/gnu/arm/5.4.1/bin/../lib/gcc/arm-none-eabi/5.4.1/armv6-m/crtend.o
                [!provide]                PROVIDE (__exidx_start, .)

.ARM.exidx
 *(.ARM.exidx* .gnu.linkonce.armexidx.*)
                0x00002260                __exidx_end = .

.rodata         0x00002260      0x210
 *(.rodata .rodata.* .gnu.linkonce.r.*)
 .rodata        0x00002260       0x30 .\CortexM0\ARM_GCC_541\Debug\main.o
                0x00002288                RTCAddr
                0x0000228c                LCDAddr
 .rodata.str1.4
                0x00002290       0x7c .\CortexM0\ARM_GCC_541\Debug\main.o
 .rodata        0x0000230c       0x10 .\CortexM0\ARM_GCC_541\Debug\LiquidCrystal_i2C.o
 .rodata        0x0000231c       0xbc .\CortexM0\ARM_GCC_541\Debug\cyfitter_cfg.o
 .rodata        0x000023d8       0x2e .\CortexM0\ARM_GCC_541\Debug\AutomaticPetFeeder.a(CyLib.o)
                0x000023d8                cyImoFreqMhz2Reg
 .rodata.str1.1
                0x00002406        0x2 c:/program files (x86)/cypress/psoc creator/4.2/psoc creator/import/gnu/arm/5.4.1/bin/../lib/gcc/arm-none-eabi/5.4.1/../../../../arm-none-eabi/lib/armv6-m\libg_nano.a(lib_a-impure.o)
 .rodata.str1.1
                0x00002408       0x11 c:/program files (x86)/cypress/psoc creator/4.2/psoc creator/import/gnu/arm/5.4.1/bin/../lib/gcc/arm-none-eabi/5.4.1/../../../../arm-none-eabi/lib/armv6-m\libg_nano.a(lib_a-nano-svfprintf.o)
 .rodata.str1.1
                0x00002419       0x22 c:/program files (x86)/cypress/psoc creator/4.2/psoc creator/import/gnu/arm/5.4.1/bin/../lib/gcc/arm-none-eabi/5.4.1/../../../../arm-none-eabi/lib/armv6-m\libg_nano.a(lib_a-nano-vfprintf_i.o)
                0x0000243c                . = ALIGN (0x4)
 *fill*         0x0000243b        0x1 
 *(.init)
 .init          0x0000243c        0x4 c:/program files (x86)/cypress/psoc creator/4.2/psoc creator/import/gnu/arm/5.4.1/bin/../lib/gcc/arm-none-eabi/5.4.1/armv6-m/crti.o
                0x0000243c                _init
 .init          0x00002440        0x8 c:/program files (x86)/cypress/psoc creator/4.2/psoc creator/import/gnu/arm/5.4.1/bin/../lib/gcc/arm-none-eabi/5.4.1/armv6-m/crtn.o
                0x00002448                . = ALIGN (0x4)
                0x00002448                __preinit_array_start = .
 *(.preinit_array)
                0x00002448                __preinit_array_end = .
                0x00002448                . = ALIGN (0x4)
                0x00002448                __init_array_start = .
 *(SORT(.init_array.*))
 *(.init_array)
 .init_array    0x00002448        0x4 c:/program files (x86)/cypress/psoc creator/4.2/psoc creator/import/gnu/arm/5.4.1/bin/../lib/gcc/arm-none-eabi/5.4.1/armv6-m/crtbegin.o
 .init_array    0x0000244c        0x4 .\CortexM0\ARM_GCC_541\Debug\Cm0Start.o
                0x00002450                __init_array_end = .
                0x00002450                . = ALIGN (0x4)
 *(.fini)
 .fini          0x00002450        0x4 c:/program files (x86)/cypress/psoc creator/4.2/psoc creator/import/gnu/arm/5.4.1/bin/../lib/gcc/arm-none-eabi/5.4.1/armv6-m/crti.o
                0x00002450                _fini
 .fini          0x00002454        0x8 c:/program files (x86)/cypress/psoc creator/4.2/psoc creator/import/gnu/arm/5.4.1/bin/../lib/gcc/arm-none-eabi/5.4.1/armv6-m/crtn.o
                0x0000245c                . = ALIGN (0x4)
                0x0000245c                __fini_array_start = .
 *(.fini_array)
 .fini_array    0x0000245c        0x4 c:/program files (x86)/cypress/psoc creator/4.2/psoc creator/import/gnu/arm/5.4.1/bin/../lib/gcc/arm-none-eabi/5.4.1/armv6-m/crtbegin.o
 *(SORT(.fini_array.*))
                0x00002460                __fini_array_end = .
                0x00002460                . = ALIGN (0x4)
 *crtbegin.o(.ctors)
 *(EXCLUDE_FILE(*crtend.o) .ctors)
 *(SORT(.ctors.*))
 *crtend.o(.ctors)
                0x00002460                . = ALIGN (0x4)
 *crtbegin.o(.dtors)
 *(EXCLUDE_FILE(*crtend.o) .dtors)
 *(SORT(.dtors.*))
 *crtend.o(.dtors)
                0x00002460                . = ALIGN (0x4)
                0x00002460                __cy_regions = .
                0x00002460        0x4 LONG 0x2470 __cy_region_init_ram
                0x00002464        0x4 LONG 0x200000c0 __cy_region_start_data
                0x00002468        0x4 LONG 0x118 __cy_region_init_size_ram
                0x0000246c        0x4 LONG 0x90 __cy_region_zero_size_ram
                0x00002470                __cy_regions_end = .
                0x00002470                . = ALIGN (0x8)
                0x00002470                _etext = .

.cy_checksum_exclude
                0x00002470        0x0
 *(.cy_checksum_exclude)

.ramvectors     0x20000000       0xc0
                0x20000000                __cy_region_start_ram = .
 *(.ramvectors)
 .ramvectors    0x20000000       0xc0 .\CortexM0\ARM_GCC_541\Debug\Cm0Start.o
                0x20000000                CyRamVectors

.noinit
 *(.noinit)

.data           0x200000c0      0x118 load address 0x00002470
                0x200000c0                __cy_region_start_data = .
 *(.jcr)
 .jcr           0x200000c0        0x0 c:/program files (x86)/cypress/psoc creator/4.2/psoc creator/import/gnu/arm/5.4.1/bin/../lib/gcc/arm-none-eabi/5.4.1/armv6-m/crtbegin.o
 .jcr           0x200000c0        0x4 c:/program files (x86)/cypress/psoc creator/4.2/psoc creator/import/gnu/arm/5.4.1/bin/../lib/gcc/arm-none-eabi/5.4.1/armv6-m/crtend.o
 *(.got.plt)
 *(.got)
 *(.shdata)
 *(.data .data.* .gnu.linkonce.d.*)
 .data          0x200000c4       0x90 .\CortexM0\ARM_GCC_541\Debug\main.o
                0x200000c4                rtc
                0x200000d4                months
                0x20000104                feedTimes
 .data          0x20000154        0x4 .\CortexM0\ARM_GCC_541\Debug\Cm0Start.o
 .data          0x20000158       0x14 .\CortexM0\ARM_GCC_541\Debug\AutomaticPetFeeder.a(CyLib.o)
                0x20000158                CySysClkPumpConfig
                0x2000015c                cydelay32kMs
                0x20000160                cydelayFreqKhz
                0x20000164                cydelayFreqMhz
                0x20000168                cydelayFreqHz
 .data          0x2000016c        0x8 .\CortexM0\ARM_GCC_541\Debug\AutomaticPetFeeder.a(CyLFClk.o)
 .data.impure_data
                0x20000174       0x60 c:/program files (x86)/cypress/psoc creator/4.2/psoc creator/import/gnu/arm/5.4.1/bin/../lib/gcc/arm-none-eabi/5.4.1/../../../../arm-none-eabi/lib/armv6-m\libg_nano.a(lib_a-impure.o)
 .data._impure_ptr
                0x200001d4        0x4 c:/program files (x86)/cypress/psoc creator/4.2/psoc creator/import/gnu/arm/5.4.1/bin/../lib/gcc/arm-none-eabi/5.4.1/../../../../arm-none-eabi/lib/armv6-m\libg_nano.a(lib_a-impure.o)
                0x200001d4                _impure_ptr
                0x200001d8                . = ALIGN (0x8)
 *(.ram)
                0x200001d8                _edata = .

.igot.plt       0x200001d8        0x0 load address 0x00002588
 .igot.plt      0x200001d8        0x0 c:/program files (x86)/cypress/psoc creator/4.2/psoc creator/import/gnu/arm/5.4.1/bin/../lib/gcc/arm-none-eabi/5.4.1/armv6-m/crtbegin.o

.bss            0x200001d8       0x90 load address 0x00002588
                0x200001d8                PROVIDE (__bss_start__, .)
 *(.shbss)
 *(.bss .bss.* .gnu.linkonce.b.*)
 .bss           0x200001d8       0x1c c:/program files (x86)/cypress/psoc creator/4.2/psoc creator/import/gnu/arm/5.4.1/bin/../lib/gcc/arm-none-eabi/5.4.1/armv6-m/crtbegin.o
 .bss           0x200001f4        0x1 .\CortexM0\ARM_GCC_541\Debug\main.o
                0x200001f4                feedCounter
 *fill*         0x200001f5        0x3 
 .bss           0x200001f8       0x28 .\CortexM0\ARM_GCC_541\Debug\AutomaticPetFeeder.a(CyLFClk.o)
 .bss           0x20000220        0x8 .\CortexM0\ARM_GCC_541\Debug\AutomaticPetFeeder.a(I2C.o)
                0x20000220                I2C_initVar
                0x20000224                I2C_customIntrHandler
 .bss.__malloc_sbrk_start
                0x20000228        0x4 c:/program files (x86)/cypress/psoc creator/4.2/psoc creator/import/gnu/arm/5.4.1/bin/../lib/gcc/arm-none-eabi/5.4.1/../../../../arm-none-eabi/lib/armv6-m\libg_nano.a(lib_a-nano-mallocr.o)
                0x20000228                __malloc_sbrk_start
 .bss.__malloc_free_list
                0x2000022c        0x4 c:/program files (x86)/cypress/psoc creator/4.2/psoc creator/import/gnu/arm/5.4.1/bin/../lib/gcc/arm-none-eabi/5.4.1/../../../../arm-none-eabi/lib/armv6-m\libg_nano.a(lib_a-nano-mallocr.o)
                0x2000022c                __malloc_free_list
 *(COMMON)
 COMMON         0x20000230        0x8 .\CortexM0\ARM_GCC_541\Debug\LiquidCrystal_i2C.o
                0x20000230                _backlightval
                0x20000231                _addr
                0x20000232                _displaycontrol
                0x20000233                _charsize
                0x20000234                _displaymode
                0x20000235                _displayfunction
                0x20000236                _cols
                0x20000237                _rows
 COMMON         0x20000238        0x1 .\CortexM0\ARM_GCC_541\Debug\AutomaticPetFeeder.a(I2C_I2C.o)
                0x20000238                I2C_state
 *fill*         0x20000239        0x3 
 COMMON         0x2000023c       0x24 .\CortexM0\ARM_GCC_541\Debug\AutomaticPetFeeder.a(I2C_I2C_MASTER.o)
                0x2000023c                I2C_mstrWrBufIndexTmp
                0x20000240                I2C_mstrWrBufIndex
                0x20000244                I2C_mstrWrBufSize
                0x20000248                I2C_mstrStatus
                0x2000024c                I2C_mstrRdBufPtr
                0x20000250                I2C_mstrControl
                0x20000254                I2C_mstrRdBufSize
                0x20000258                I2C_mstrRdBufIndex
                0x2000025c                I2C_mstrWrBufPtr
 COMMON         0x20000260        0x4 c:/program files (x86)/cypress/psoc creator/4.2/psoc creator/import/gnu/arm/5.4.1/bin/../lib/gcc/arm-none-eabi/5.4.1/../../../../arm-none-eabi/lib/armv6-m\libg_nano.a(lib_a-reent.o)
                0x20000260                errno
                0x20000268                . = ALIGN (0x8)
 *fill*         0x20000264        0x4 
 *(.ram.b)
                0x20000268                _end = .
                0x20000268                __end = .
                0x20000268                PROVIDE (end, .)
                0x20000268                PROVIDE (__bss_end__, .)
                0x00002470                __cy_region_init_ram = LOADADDR (.data)
                0x00000118                __cy_region_init_size_ram = (_edata - ADDR (.data))
                0x00000090                __cy_region_zero_size_ram = (_end - _edata)

.heap           0x20000268       0x80 load address 0x00002588
                0x20000268                . = _end
                0x200002e8                . = (. + 0x80)
 *fill*         0x20000268       0x80 
                0x200002e8                __cy_heap_limit = .

.stack          0x20003800      0x800
                0x20003800                __cy_stack_limit = .
                0x20004000                . = (. + 0x800)
 *fill*         0x20003800      0x800 
                0x00000001                ASSERT ((__cy_stack_limit >= __cy_heap_limit), region RAM overflowed with stack)
                0x00000000                cy_checksum_exclude_size = (CY_APPL_LOADABLE == 0x1)?SIZEOF (.cy_checksum_exclude):0x0
                0x00000001                ASSERT ((cy_checksum_exclude_size <= CY_CHECKSUM_EXCLUDE_SIZE), CY_BOOT: Section .cy_checksum_exclude size exceedes specified limit.)
                0x0001ffc0                cyloadermeta_start = (cy_project_type_bootloader || cy_project_type_app_for_stack_and_copier)?(LENGTH (rom) - CY_METADATA_SIZE):0xf0000000

.cyloadermeta
 *(.cyloadermeta)
                0x0001ffc0                cyloadablemeta_start = cy_project_type_app_for_stack_and_copier?((LENGTH (rom) - CY_FLASH_ROW_SIZE) - CY_METADATA_SIZE):((LENGTH (rom) - (CY_FLASH_ROW_SIZE * (CY_APPL_NUM - 0x1))) - CY_METADATA_SIZE)

.cyloadablemeta
 *(.cyloadablemeta)

.cyflashprotect
                0x90400000       0x80
 *(.cyflashprotect)
 .cyflashprotect
                0x90400000       0x80 .\CortexM0\ARM_GCC_541\Debug\cymetadata.o
                0x90400000                cy_meta_flashprotect

.cymeta         0x90500000        0xc
 *(.cymeta)
 .cymeta        0x90500000        0xc .\CortexM0\ARM_GCC_541\Debug\cymetadata.o
                0x90500000                cy_metadata

.cychipprotect  0x90600000        0x1
 *(.cychipprotect)
 .cychipprotect
                0x90600000        0x1 .\CortexM0\ARM_GCC_541\Debug\cymetadata.o
                0x90600000                cy_meta_chipprotect

.rel.dyn        0x00002588        0x0 load address 0x90600004
 .rel.iplt      0x00002588        0x0 c:/program files (x86)/cypress/psoc creator/4.2/psoc creator/import/gnu/arm/5.4.1/bin/../lib/gcc/arm-none-eabi/5.4.1/armv6-m/crtbegin.o

.stab
 *(.stab)

.stabstr
 *(.stabstr)

.debug
 *(.debug)

.line
 *(.line)

.debug_srcinfo
 *(.debug_srcinfo)

.debug_sfnames
 *(.debug_sfnames)

.debug_aranges  0x00000000      0x700
 *(.debug_aranges)
 .debug_aranges
                0x00000000       0x60 .\CortexM0\ARM_GCC_541\Debug\main.o
 .debug_aranges
                0x00000060      0x108 .\CortexM0\ARM_GCC_541\Debug\LiquidCrystal_i2C.o
 .debug_aranges
                0x00000168       0x40 .\CortexM0\ARM_GCC_541\Debug\cyfitter_cfg.o
 .debug_aranges
                0x000001a8       0x18 .\CortexM0\ARM_GCC_541\Debug\cymetadata.o
 .debug_aranges
                0x000001c0       0x48 .\CortexM0\ARM_GCC_541\Debug\Cm0Start.o
 .debug_aranges
                0x00000208      0x1c8 .\CortexM0\ARM_GCC_541\Debug\AutomaticPetFeeder.a(CyLib.o)
 .debug_aranges
                0x000003d0      0x188 .\CortexM0\ARM_GCC_541\Debug\AutomaticPetFeeder.a(CyLFClk.o)
 .debug_aranges
                0x00000558       0x60 .\CortexM0\ARM_GCC_541\Debug\AutomaticPetFeeder.a(I2C.o)
 .debug_aranges
                0x000005b8       0x30 .\CortexM0\ARM_GCC_541\Debug\AutomaticPetFeeder.a(I2C_I2C.o)
 .debug_aranges
                0x000005e8       0x98 .\CortexM0\ARM_GCC_541\Debug\AutomaticPetFeeder.a(I2C_I2C_MASTER.o)
 .debug_aranges
                0x00000680       0x20 .\CortexM0\ARM_GCC_541\Debug\AutomaticPetFeeder.a(CyBootAsmGnu.o)
 .debug_aranges
                0x000006a0       0x40 .\CortexM0\ARM_GCC_541\Debug\AutomaticPetFeeder.a(CyFlash.o)
 .debug_aranges
                0x000006e0       0x20 .\CortexM0\ARM_GCC_541\Debug\AutomaticPetFeeder.a(I2C_I2C_INT.o)

.debug_pubnames
 *(.debug_pubnames)

.debug_info     0x00000000     0x4d8a
 *(.debug_info .gnu.linkonce.wi.*)
 .debug_info    0x00000000      0xcab .\CortexM0\ARM_GCC_541\Debug\main.o
 .debug_info    0x00000cab      0x8f8 .\CortexM0\ARM_GCC_541\Debug\LiquidCrystal_i2C.o
 .debug_info    0x000015a3      0x3bc .\CortexM0\ARM_GCC_541\Debug\cyfitter_cfg.o
 .debug_info    0x0000195f       0xf8 .\CortexM0\ARM_GCC_541\Debug\cymetadata.o
 .debug_info    0x00001a57      0x3a2 .\CortexM0\ARM_GCC_541\Debug\Cm0Start.o
 .debug_info    0x00001df9      0xd3f .\CortexM0\ARM_GCC_541\Debug\AutomaticPetFeeder.a(CyLib.o)
 .debug_info    0x00002b38     0x1058 .\CortexM0\ARM_GCC_541\Debug\AutomaticPetFeeder.a(CyLFClk.o)
 .debug_info    0x00003b90      0x298 .\CortexM0\ARM_GCC_541\Debug\AutomaticPetFeeder.a(I2C.o)
 .debug_info    0x00003e28      0x195 .\CortexM0\ARM_GCC_541\Debug\AutomaticPetFeeder.a(I2C_I2C.o)
 .debug_info    0x00003fbd      0x813 .\CortexM0\ARM_GCC_541\Debug\AutomaticPetFeeder.a(I2C_I2C_MASTER.o)
 .debug_info    0x000047d0       0xc2 .\CortexM0\ARM_GCC_541\Debug\AutomaticPetFeeder.a(CyBootAsmGnu.o)
 .debug_info    0x00004892      0x350 .\CortexM0\ARM_GCC_541\Debug\AutomaticPetFeeder.a(CyFlash.o)
 .debug_info    0x00004be2      0x1a8 .\CortexM0\ARM_GCC_541\Debug\AutomaticPetFeeder.a(I2C_I2C_INT.o)

.debug_abbrev   0x00000000     0x115b
 *(.debug_abbrev)
 .debug_abbrev  0x00000000      0x1ec .\CortexM0\ARM_GCC_541\Debug\main.o
 .debug_abbrev  0x000001ec      0x151 .\CortexM0\ARM_GCC_541\Debug\LiquidCrystal_i2C.o
 .debug_abbrev  0x0000033d      0x1af .\CortexM0\ARM_GCC_541\Debug\cyfitter_cfg.o
 .debug_abbrev  0x000004ec       0x5d .\CortexM0\ARM_GCC_541\Debug\cymetadata.o
 .debug_abbrev  0x00000549      0x1d7 .\CortexM0\ARM_GCC_541\Debug\Cm0Start.o
 .debug_abbrev  0x00000720      0x218 .\CortexM0\ARM_GCC_541\Debug\AutomaticPetFeeder.a(CyLib.o)
 .debug_abbrev  0x00000938      0x248 .\CortexM0\ARM_GCC_541\Debug\AutomaticPetFeeder.a(CyLFClk.o)
 .debug_abbrev  0x00000b80      0x118 .\CortexM0\ARM_GCC_541\Debug\AutomaticPetFeeder.a(I2C.o)
 .debug_abbrev  0x00000c98       0xc7 .\CortexM0\ARM_GCC_541\Debug\AutomaticPetFeeder.a(I2C_I2C.o)
 .debug_abbrev  0x00000d5f      0x1c2 .\CortexM0\ARM_GCC_541\Debug\AutomaticPetFeeder.a(I2C_I2C_MASTER.o)
 .debug_abbrev  0x00000f21       0x14 .\CortexM0\ARM_GCC_541\Debug\AutomaticPetFeeder.a(CyBootAsmGnu.o)
 .debug_abbrev  0x00000f35      0x182 .\CortexM0\ARM_GCC_541\Debug\AutomaticPetFeeder.a(CyFlash.o)
 .debug_abbrev  0x000010b7       0xa4 .\CortexM0\ARM_GCC_541\Debug\AutomaticPetFeeder.a(I2C_I2C_INT.o)

.debug_line     0x00000000     0x1ec5
 *(.debug_line)
 .debug_line    0x00000000      0x223 .\CortexM0\ARM_GCC_541\Debug\main.o
 .debug_line    0x00000223      0x44f .\CortexM0\ARM_GCC_541\Debug\LiquidCrystal_i2C.o
 .debug_line    0x00000672      0x18f .\CortexM0\ARM_GCC_541\Debug\cyfitter_cfg.o
 .debug_line    0x00000801      0x141 .\CortexM0\ARM_GCC_541\Debug\cymetadata.o
 .debug_line    0x00000942      0x236 .\CortexM0\ARM_GCC_541\Debug\Cm0Start.o
 .debug_line    0x00000b78      0x563 .\CortexM0\ARM_GCC_541\Debug\AutomaticPetFeeder.a(CyLib.o)
 .debug_line    0x000010db      0x5d1 .\CortexM0\ARM_GCC_541\Debug\AutomaticPetFeeder.a(CyLFClk.o)
 .debug_line    0x000016ac      0x124 .\CortexM0\ARM_GCC_541\Debug\AutomaticPetFeeder.a(I2C.o)
 .debug_line    0x000017d0       0xc2 .\CortexM0\ARM_GCC_541\Debug\AutomaticPetFeeder.a(I2C_I2C.o)
 .debug_line    0x00001892      0x2fc .\CortexM0\ARM_GCC_541\Debug\AutomaticPetFeeder.a(I2C_I2C_MASTER.o)
 .debug_line    0x00001b8e       0x68 .\CortexM0\ARM_GCC_541\Debug\AutomaticPetFeeder.a(CyBootAsmGnu.o)
 .debug_line    0x00001bf6      0x173 .\CortexM0\ARM_GCC_541\Debug\AutomaticPetFeeder.a(CyFlash.o)
 .debug_line    0x00001d69      0x15c .\CortexM0\ARM_GCC_541\Debug\AutomaticPetFeeder.a(I2C_I2C_INT.o)

.debug_frame    0x00000000     0x16d4
 *(.debug_frame)
 .debug_frame   0x00000000      0x13c .\CortexM0\ARM_GCC_541\Debug\main.o
 .debug_frame   0x0000013c      0x36c .\CortexM0\ARM_GCC_541\Debug\LiquidCrystal_i2C.o
 .debug_frame   0x000004a8       0x98 .\CortexM0\ARM_GCC_541\Debug\cyfitter_cfg.o
 .debug_frame   0x00000540       0xbc .\CortexM0\ARM_GCC_541\Debug\Cm0Start.o
 .debug_frame   0x000005fc      0x48c .\CortexM0\ARM_GCC_541\Debug\AutomaticPetFeeder.a(CyLib.o)
 .debug_frame   0x00000a88      0x4a4 .\CortexM0\ARM_GCC_541\Debug\AutomaticPetFeeder.a(CyLFClk.o)
 .debug_frame   0x00000f2c       0xe8 .\CortexM0\ARM_GCC_541\Debug\AutomaticPetFeeder.a(I2C.o)
 .debug_frame   0x00001014       0x58 .\CortexM0\ARM_GCC_541\Debug\AutomaticPetFeeder.a(I2C_I2C.o)
 .debug_frame   0x0000106c      0x1d8 .\CortexM0\ARM_GCC_541\Debug\AutomaticPetFeeder.a(I2C_I2C_MASTER.o)
 .debug_frame   0x00001244       0x90 .\CortexM0\ARM_GCC_541\Debug\AutomaticPetFeeder.a(CyFlash.o)
 .debug_frame   0x000012d4       0x2c .\CortexM0\ARM_GCC_541\Debug\AutomaticPetFeeder.a(I2C_I2C_INT.o)
 .debug_frame   0x00001300       0x20 c:/program files (x86)/cypress/psoc creator/4.2/psoc creator/import/gnu/arm/5.4.1/bin/../lib/gcc/arm-none-eabi/5.4.1/armv6-m\libgcc.a(_udivsi3.o)
 .debug_frame   0x00001320       0x20 c:/program files (x86)/cypress/psoc creator/4.2/psoc creator/import/gnu/arm/5.4.1/bin/../lib/gcc/arm-none-eabi/5.4.1/armv6-m\libgcc.a(_divsi3.o)
 .debug_frame   0x00001340       0x20 c:/program files (x86)/cypress/psoc creator/4.2/psoc creator/import/gnu/arm/5.4.1/bin/../lib/gcc/arm-none-eabi/5.4.1/../../../../arm-none-eabi/lib/armv6-m\libg_nano.a(lib_a-errno.o)
 .debug_frame   0x00001360       0x28 c:/program files (x86)/cypress/psoc creator/4.2/psoc creator/import/gnu/arm/5.4.1/bin/../lib/gcc/arm-none-eabi/5.4.1/../../../../arm-none-eabi/lib/armv6-m\libg_nano.a(lib_a-exit.o)
 .debug_frame   0x00001388       0x2c c:/program files (x86)/cypress/psoc creator/4.2/psoc creator/import/gnu/arm/5.4.1/bin/../lib/gcc/arm-none-eabi/5.4.1/../../../../arm-none-eabi/lib/armv6-m\libg_nano.a(lib_a-init.o)
 .debug_frame   0x000013b4       0x28 c:/program files (x86)/cypress/psoc creator/4.2/psoc creator/import/gnu/arm/5.4.1/bin/../lib/gcc/arm-none-eabi/5.4.1/../../../../arm-none-eabi/lib/armv6-m\libg_nano.a(lib_a-memcpy-stub.o)
 .debug_frame   0x000013dc       0x20 c:/program files (x86)/cypress/psoc creator/4.2/psoc creator/import/gnu/arm/5.4.1/bin/../lib/gcc/arm-none-eabi/5.4.1/../../../../arm-none-eabi/lib/armv6-m\libg_nano.a(lib_a-memset.o)
 .debug_frame   0x000013fc       0x50 c:/program files (x86)/cypress/psoc creator/4.2/psoc creator/import/gnu/arm/5.4.1/bin/../lib/gcc/arm-none-eabi/5.4.1/../../../../arm-none-eabi/lib/armv6-m\libg_nano.a(lib_a-snprintf.o)
 .debug_frame   0x0000144c       0x2c c:/program files (x86)/cypress/psoc creator/4.2/psoc creator/import/gnu/arm/5.4.1/bin/../lib/gcc/arm-none-eabi/5.4.1/../../../../arm-none-eabi/lib/armv6-m\libg_nano.a(lib_a-strncmp.o)
 .debug_frame   0x00001478       0x74 c:/program files (x86)/cypress/psoc creator/4.2/psoc creator/import/gnu/arm/5.4.1/bin/../lib/gcc/arm-none-eabi/5.4.1/../../../../arm-none-eabi/lib/armv6-m\libg_nano.a(lib_a-nano-svfprintf.o)
 .debug_frame   0x000014ec       0x54 c:/program files (x86)/cypress/psoc creator/4.2/psoc creator/import/gnu/arm/5.4.1/bin/../lib/gcc/arm-none-eabi/5.4.1/../../../../arm-none-eabi/lib/armv6-m\libg_nano.a(lib_a-nano-vfprintf_i.o)
 .debug_frame   0x00001540       0x20 c:/program files (x86)/cypress/psoc creator/4.2/psoc creator/import/gnu/arm/5.4.1/bin/../lib/gcc/arm-none-eabi/5.4.1/../../../../arm-none-eabi/lib/armv6-m\libg_nano.a(lib_a-memchr-stub.o)
 .debug_frame   0x00001560       0x28 c:/program files (x86)/cypress/psoc creator/4.2/psoc creator/import/gnu/arm/5.4.1/bin/../lib/gcc/arm-none-eabi/5.4.1/../../../../arm-none-eabi/lib/armv6-m\libg_nano.a(lib_a-memmove.o)
 .debug_frame   0x00001588       0x2c c:/program files (x86)/cypress/psoc creator/4.2/psoc creator/import/gnu/arm/5.4.1/bin/../lib/gcc/arm-none-eabi/5.4.1/../../../../arm-none-eabi/lib/armv6-m\libg_nano.a(lib_a-nano-freer.o)
 .debug_frame   0x000015b4       0x2c c:/program files (x86)/cypress/psoc creator/4.2/psoc creator/import/gnu/arm/5.4.1/bin/../lib/gcc/arm-none-eabi/5.4.1/../../../../arm-none-eabi/lib/armv6-m\libg_nano.a(lib_a-nano-mallocr.o)
 .debug_frame   0x000015e0       0x30 c:/program files (x86)/cypress/psoc creator/4.2/psoc creator/import/gnu/arm/5.4.1/bin/../lib/gcc/arm-none-eabi/5.4.1/../../../../arm-none-eabi/lib/armv6-m\libg_nano.a(lib_a-nano-reallocr.o)
 .debug_frame   0x00001610       0x2c c:/program files (x86)/cypress/psoc creator/4.2/psoc creator/import/gnu/arm/5.4.1/bin/../lib/gcc/arm-none-eabi/5.4.1/../../../../arm-none-eabi/lib/armv6-m\libg_nano.a(lib_a-sbrkr.o)
 .debug_frame   0x0000163c       0x30 c:/program files (x86)/cypress/psoc creator/4.2/psoc creator/import/gnu/arm/5.4.1/bin/../lib/gcc/arm-none-eabi/5.4.1/../../../../arm-none-eabi/lib/armv6-m\libg_nano.a(lib_a-mlock.o)
 .debug_frame   0x0000166c       0x20 c:/program files (x86)/cypress/psoc creator/4.2/psoc creator/import/gnu/arm/5.4.1/bin/../lib/gcc/arm-none-eabi/5.4.1/../../../../arm-none-eabi/lib/armv6-m\libg_nano.a(lib_a-nano-msizer.o)
 .debug_frame   0x0000168c       0x48 c:/program files (x86)/cypress/psoc creator/4.2/psoc creator/import/gnu/arm/5.4.1/bin/../lib/gcc/arm-none-eabi/5.4.1/../../../../arm-none-eabi/lib/armv6-m\libg_nano.a(lib_a-reent.o)

.debug_str      0x00000000     0x1a30
 *(.debug_str)
 .debug_str     0x00000000      0x40b .\CortexM0\ARM_GCC_541\Debug\main.o
                                0x455 (size before relaxing)
 .debug_str     0x0000040b      0x244 .\CortexM0\ARM_GCC_541\Debug\LiquidCrystal_i2C.o
                                0x478 (size before relaxing)
 .debug_str     0x0000064f      0x11e .\CortexM0\ARM_GCC_541\Debug\cyfitter_cfg.o
                                0x308 (size before relaxing)
 .debug_str     0x0000076d       0x59 .\CortexM0\ARM_GCC_541\Debug\cymetadata.o
                                0x1fa (size before relaxing)
 .debug_str     0x000007c6      0x135 .\CortexM0\ARM_GCC_541\Debug\Cm0Start.o
                                0x333 (size before relaxing)
 .debug_str     0x000008fb      0x5f6 .\CortexM0\ARM_GCC_541\Debug\AutomaticPetFeeder.a(CyLib.o)
                                0x82f (size before relaxing)
 .debug_str     0x00000ef1      0x6e6 .\CortexM0\ARM_GCC_541\Debug\AutomaticPetFeeder.a(CyLFClk.o)
                                0x94f (size before relaxing)
 .debug_str     0x000015d7       0xfb .\CortexM0\ARM_GCC_541\Debug\AutomaticPetFeeder.a(I2C.o)
                                0x2f0 (size before relaxing)
 .debug_str     0x000016d2       0x74 .\CortexM0\ARM_GCC_541\Debug\AutomaticPetFeeder.a(I2C_I2C.o)
                                0x280 (size before relaxing)
 .debug_str     0x00001746      0x203 .\CortexM0\ARM_GCC_541\Debug\AutomaticPetFeeder.a(I2C_I2C_MASTER.o)
                                0x4e8 (size before relaxing)
 .debug_str     0x00001949       0xa0 .\CortexM0\ARM_GCC_541\Debug\AutomaticPetFeeder.a(CyFlash.o)
                                0x2e2 (size before relaxing)
 .debug_str     0x000019e9       0x47 .\CortexM0\ARM_GCC_541\Debug\AutomaticPetFeeder.a(I2C_I2C_INT.o)
                                0x2f0 (size before relaxing)

.debug_loc      0x00000000     0x2a68
 *(.debug_loc)
 .debug_loc     0x00000000      0x18c .\CortexM0\ARM_GCC_541\Debug\main.o
 .debug_loc     0x0000018c      0x36f .\CortexM0\ARM_GCC_541\Debug\LiquidCrystal_i2C.o
 .debug_loc     0x000004fb      0x118 .\CortexM0\ARM_GCC_541\Debug\cyfitter_cfg.o
 .debug_loc     0x00000613      0x14f .\CortexM0\ARM_GCC_541\Debug\Cm0Start.o
 .debug_loc     0x00000762      0x81c .\CortexM0\ARM_GCC_541\Debug\AutomaticPetFeeder.a(CyLib.o)
 .debug_loc     0x00000f7e      0xdb7 .\CortexM0\ARM_GCC_541\Debug\AutomaticPetFeeder.a(CyLFClk.o)
 .debug_loc     0x00001d35       0x7e .\CortexM0\ARM_GCC_541\Debug\AutomaticPetFeeder.a(I2C.o)
 .debug_loc     0x00001db3      0xa49 .\CortexM0\ARM_GCC_541\Debug\AutomaticPetFeeder.a(I2C_I2C_MASTER.o)
 .debug_loc     0x000027fc      0x160 .\CortexM0\ARM_GCC_541\Debug\AutomaticPetFeeder.a(CyFlash.o)
 .debug_loc     0x0000295c      0x10c .\CortexM0\ARM_GCC_541\Debug\AutomaticPetFeeder.a(I2C_I2C_INT.o)

.debug_macinfo
 *(.debug_macinfo)

.debug_ranges   0x00000000      0x618
 *(.debug_ranges)
 .debug_ranges  0x00000000       0x50 .\CortexM0\ARM_GCC_541\Debug\main.o
 .debug_ranges  0x00000050       0xf8 .\CortexM0\ARM_GCC_541\Debug\LiquidCrystal_i2C.o
 .debug_ranges  0x00000148       0x30 .\CortexM0\ARM_GCC_541\Debug\cyfitter_cfg.o
 .debug_ranges  0x00000178       0x38 .\CortexM0\ARM_GCC_541\Debug\Cm0Start.o
 .debug_ranges  0x000001b0      0x1b8 .\CortexM0\ARM_GCC_541\Debug\AutomaticPetFeeder.a(CyLib.o)
 .debug_ranges  0x00000368      0x178 .\CortexM0\ARM_GCC_541\Debug\AutomaticPetFeeder.a(CyLFClk.o)
 .debug_ranges  0x000004e0       0x50 .\CortexM0\ARM_GCC_541\Debug\AutomaticPetFeeder.a(I2C.o)
 .debug_ranges  0x00000530       0x20 .\CortexM0\ARM_GCC_541\Debug\AutomaticPetFeeder.a(I2C_I2C.o)
 .debug_ranges  0x00000550       0x88 .\CortexM0\ARM_GCC_541\Debug\AutomaticPetFeeder.a(I2C_I2C_MASTER.o)
 .debug_ranges  0x000005d8       0x30 .\CortexM0\ARM_GCC_541\Debug\AutomaticPetFeeder.a(CyFlash.o)
 .debug_ranges  0x00000608       0x10 .\CortexM0\ARM_GCC_541\Debug\AutomaticPetFeeder.a(I2C_I2C_INT.o)

.comment        0x00000000       0x6e
 .comment       0x00000000       0x6e .\CortexM0\ARM_GCC_541\Debug\main.o
                                 0x6f (size before relaxing)
 .comment       0x0000006e       0x6f .\CortexM0\ARM_GCC_541\Debug\LiquidCrystal_i2C.o
 .comment       0x0000006e       0x6f .\CortexM0\ARM_GCC_541\Debug\cyfitter_cfg.o
 .comment       0x0000006e       0x6f .\CortexM0\ARM_GCC_541\Debug\cymetadata.o
 .comment       0x0000006e       0x6f .\CortexM0\ARM_GCC_541\Debug\Cm0Start.o
 .comment       0x0000006e       0x6f .\CortexM0\ARM_GCC_541\Debug\AutomaticPetFeeder.a(CyLib.o)
 .comment       0x0000006e       0x6f .\CortexM0\ARM_GCC_541\Debug\AutomaticPetFeeder.a(CyLFClk.o)
 .comment       0x0000006e       0x6f .\CortexM0\ARM_GCC_541\Debug\AutomaticPetFeeder.a(I2C.o)
 .comment       0x0000006e       0x6f .\CortexM0\ARM_GCC_541\Debug\AutomaticPetFeeder.a(I2C_I2C.o)
 .comment       0x0000006e       0x6f .\CortexM0\ARM_GCC_541\Debug\AutomaticPetFeeder.a(I2C_I2C_MASTER.o)
 .comment       0x0000006e       0x6f .\CortexM0\ARM_GCC_541\Debug\AutomaticPetFeeder.a(CyFlash.o)
 .comment       0x0000006e       0x6f .\CortexM0\ARM_GCC_541\Debug\AutomaticPetFeeder.a(I2C_I2C_INT.o)

.debug_weaknames
 *(.debug_weaknames)

.debug_funcnames
 *(.debug_funcnames)

.debug_typenames
 *(.debug_typenames)

.debug_varnames
 *(.debug_varnames)

.note.gnu.arm.ident
 *(.note.gnu.arm.ident)

.ARM.attributes
                0x00000000       0x28
 *(.ARM.attributes)
 .ARM.attributes
                0x00000000       0x1e c:/program files (x86)/cypress/psoc creator/4.2/psoc creator/import/gnu/arm/5.4.1/bin/../lib/gcc/arm-none-eabi/5.4.1/armv6-m/crti.o
 .ARM.attributes
                0x0000001e       0x2c c:/program files (x86)/cypress/psoc creator/4.2/psoc creator/import/gnu/arm/5.4.1/bin/../lib/gcc/arm-none-eabi/5.4.1/armv6-m/crtbegin.o
 .ARM.attributes
                0x0000004a       0x1b c:/program files (x86)/cypress/psoc creator/4.2/psoc creator/import/gnu/arm/5.4.1/bin/../lib/gcc/arm-none-eabi/5.4.1/../../../../arm-none-eabi/lib/armv6-m/crt0.o
 .ARM.attributes
                0x00000065       0x31 .\CortexM0\ARM_GCC_541\Debug\main.o
 .ARM.attributes
                0x00000096       0x31 .\CortexM0\ARM_GCC_541\Debug\LiquidCrystal_i2C.o
 .ARM.attributes
                0x000000c7       0x31 .\CortexM0\ARM_GCC_541\Debug\cyfitter_cfg.o
 .ARM.attributes
                0x000000f8       0x31 .\CortexM0\ARM_GCC_541\Debug\cymetadata.o
 .ARM.attributes
                0x00000129       0x31 .\CortexM0\ARM_GCC_541\Debug\Cm0Start.o
 .ARM.attributes
                0x0000015a       0x31 .\CortexM0\ARM_GCC_541\Debug\AutomaticPetFeeder.a(CyLib.o)
 .ARM.attributes
                0x0000018b       0x31 .\CortexM0\ARM_GCC_541\Debug\AutomaticPetFeeder.a(CyLFClk.o)
 .ARM.attributes
                0x000001bc       0x31 .\CortexM0\ARM_GCC_541\Debug\AutomaticPetFeeder.a(I2C.o)
 .ARM.attributes
                0x000001ed       0x31 .\CortexM0\ARM_GCC_541\Debug\AutomaticPetFeeder.a(I2C_I2C.o)
 .ARM.attributes
                0x0000021e       0x31 .\CortexM0\ARM_GCC_541\Debug\AutomaticPetFeeder.a(I2C_I2C_MASTER.o)
 .ARM.attributes
                0x0000024f       0x21 .\CortexM0\ARM_GCC_541\Debug\AutomaticPetFeeder.a(CyBootAsmGnu.o)
 .ARM.attributes
                0x00000270       0x31 .\CortexM0\ARM_GCC_541\Debug\AutomaticPetFeeder.a(CyFlash.o)
 .ARM.attributes
                0x000002a1       0x31 .\CortexM0\ARM_GCC_541\Debug\AutomaticPetFeeder.a(I2C_I2C_INT.o)
 .ARM.attributes
                0x000002d2       0x1e c:/program files (x86)/cypress/psoc creator/4.2/psoc creator/import/gnu/arm/5.4.1/bin/../lib/gcc/arm-none-eabi/5.4.1/armv6-m\libgcc.a(_udivsi3.o)
 .ARM.attributes
                0x000002f0       0x1e c:/program files (x86)/cypress/psoc creator/4.2/psoc creator/import/gnu/arm/5.4.1/bin/../lib/gcc/arm-none-eabi/5.4.1/armv6-m\libgcc.a(_divsi3.o)
 .ARM.attributes
                0x0000030e       0x1e c:/program files (x86)/cypress/psoc creator/4.2/psoc creator/import/gnu/arm/5.4.1/bin/../lib/gcc/arm-none-eabi/5.4.1/armv6-m\libgcc.a(_dvmd_tls.o)
 .ARM.attributes
                0x0000032c       0x2c c:/program files (x86)/cypress/psoc creator/4.2/psoc creator/import/gnu/arm/5.4.1/bin/../lib/gcc/arm-none-eabi/5.4.1/../../../../arm-none-eabi/lib/armv6-m\libg_nano.a(lib_a-errno.o)
 .ARM.attributes
                0x00000358       0x2c c:/program files (x86)/cypress/psoc creator/4.2/psoc creator/import/gnu/arm/5.4.1/bin/../lib/gcc/arm-none-eabi/5.4.1/../../../../arm-none-eabi/lib/armv6-m\libg_nano.a(lib_a-exit.o)
 .ARM.attributes
                0x00000384       0x2c c:/program files (x86)/cypress/psoc creator/4.2/psoc creator/import/gnu/arm/5.4.1/bin/../lib/gcc/arm-none-eabi/5.4.1/../../../../arm-none-eabi/lib/armv6-m\libg_nano.a(lib_a-impure.o)
 .ARM.attributes
                0x000003b0       0x2c c:/program files (x86)/cypress/psoc creator/4.2/psoc creator/import/gnu/arm/5.4.1/bin/../lib/gcc/arm-none-eabi/5.4.1/../../../../arm-none-eabi/lib/armv6-m\libg_nano.a(lib_a-init.o)
 .ARM.attributes
                0x000003dc       0x2c c:/program files (x86)/cypress/psoc creator/4.2/psoc creator/import/gnu/arm/5.4.1/bin/../lib/gcc/arm-none-eabi/5.4.1/../../../../arm-none-eabi/lib/armv6-m\libg_nano.a(lib_a-memcpy-stub.o)
 .ARM.attributes
                0x00000408       0x2c c:/program files (x86)/cypress/psoc creator/4.2/psoc creator/import/gnu/arm/5.4.1/bin/../lib/gcc/arm-none-eabi/5.4.1/../../../../arm-none-eabi/lib/armv6-m\libg_nano.a(lib_a-memset.o)
 .ARM.attributes
                0x00000434       0x2c c:/program files (x86)/cypress/psoc creator/4.2/psoc creator/import/gnu/arm/5.4.1/bin/../lib/gcc/arm-none-eabi/5.4.1/../../../../arm-none-eabi/lib/armv6-m\libg_nano.a(lib_a-snprintf.o)
 .ARM.attributes
                0x00000460       0x1c c:/program files (x86)/cypress/psoc creator/4.2/psoc creator/import/gnu/arm/5.4.1/bin/../lib/gcc/arm-none-eabi/5.4.1/../../../../arm-none-eabi/lib/armv6-m\libg_nano.a(lib_a-strlen.o)
 .ARM.attributes
                0x0000047c       0x2c c:/program files (x86)/cypress/psoc creator/4.2/psoc creator/import/gnu/arm/5.4.1/bin/../lib/gcc/arm-none-eabi/5.4.1/../../../../arm-none-eabi/lib/armv6-m\libg_nano.a(lib_a-strncmp.o)
 .ARM.attributes
                0x000004a8       0x2c c:/program files (x86)/cypress/psoc creator/4.2/psoc creator/import/gnu/arm/5.4.1/bin/../lib/gcc/arm-none-eabi/5.4.1/../../../../arm-none-eabi/lib/armv6-m\libg_nano.a(lib_a-nano-svfprintf.o)
 .ARM.attributes
                0x000004d4       0x2c c:/program files (x86)/cypress/psoc creator/4.2/psoc creator/import/gnu/arm/5.4.1/bin/../lib/gcc/arm-none-eabi/5.4.1/../../../../arm-none-eabi/lib/armv6-m\libg_nano.a(lib_a-nano-vfprintf_i.o)
 .ARM.attributes
                0x00000500       0x2c c:/program files (x86)/cypress/psoc creator/4.2/psoc creator/import/gnu/arm/5.4.1/bin/../lib/gcc/arm-none-eabi/5.4.1/../../../../arm-none-eabi/lib/armv6-m\libg_nano.a(lib_a-memchr-stub.o)
 .ARM.attributes
                0x0000052c       0x2c c:/program files (x86)/cypress/psoc creator/4.2/psoc creator/import/gnu/arm/5.4.1/bin/../lib/gcc/arm-none-eabi/5.4.1/../../../../arm-none-eabi/lib/armv6-m\libg_nano.a(lib_a-memmove.o)
 .ARM.attributes
                0x00000558       0x2c c:/program files (x86)/cypress/psoc creator/4.2/psoc creator/import/gnu/arm/5.4.1/bin/../lib/gcc/arm-none-eabi/5.4.1/../../../../arm-none-eabi/lib/armv6-m\libg_nano.a(lib_a-nano-freer.o)
 .ARM.attributes
                0x00000584       0x2c c:/program files (x86)/cypress/psoc creator/4.2/psoc creator/import/gnu/arm/5.4.1/bin/../lib/gcc/arm-none-eabi/5.4.1/../../../../arm-none-eabi/lib/armv6-m\libg_nano.a(lib_a-nano-mallocr.o)
 .ARM.attributes
                0x000005b0       0x2c c:/program files (x86)/cypress/psoc creator/4.2/psoc creator/import/gnu/arm/5.4.1/bin/../lib/gcc/arm-none-eabi/5.4.1/../../../../arm-none-eabi/lib/armv6-m\libg_nano.a(lib_a-nano-reallocr.o)
 .ARM.attributes
                0x000005dc       0x2c c:/program files (x86)/cypress/psoc creator/4.2/psoc creator/import/gnu/arm/5.4.1/bin/../lib/gcc/arm-none-eabi/5.4.1/../../../../arm-none-eabi/lib/armv6-m\libg_nano.a(lib_a-sbrkr.o)
 .ARM.attributes
                0x00000608       0x2c c:/program files (x86)/cypress/psoc creator/4.2/psoc creator/import/gnu/arm/5.4.1/bin/../lib/gcc/arm-none-eabi/5.4.1/../../../../arm-none-eabi/lib/armv6-m\libg_nano.a(lib_a-mlock.o)
 .ARM.attributes
                0x00000634       0x2c c:/program files (x86)/cypress/psoc creator/4.2/psoc creator/import/gnu/arm/5.4.1/bin/../lib/gcc/arm-none-eabi/5.4.1/../../../../arm-none-eabi/lib/armv6-m\libg_nano.a(lib_a-nano-msizer.o)
 .ARM.attributes
                0x00000660       0x2c c:/program files (x86)/cypress/psoc creator/4.2/psoc creator/import/gnu/arm/5.4.1/bin/../lib/gcc/arm-none-eabi/5.4.1/../../../../arm-none-eabi/lib/armv6-m\libg_nano.a(lib_a-reent.o)
 .ARM.attributes
                0x0000068c       0x2c c:/program files (x86)/cypress/psoc creator/4.2/psoc creator/import/gnu/arm/5.4.1/bin/../lib/gcc/arm-none-eabi/5.4.1/armv6-m/crtend.o
 .ARM.attributes
                0x000006b8       0x1e c:/program files (x86)/cypress/psoc creator/4.2/psoc creator/import/gnu/arm/5.4.1/bin/../lib/gcc/arm-none-eabi/5.4.1/armv6-m/crtn.o

/DISCARD/
 *(.note.GNU-stack)
OUTPUT(C:\Users\Hello Kitty\Desktop\MicrocontrollersLab\Final Project\Project Files\Final Project\AutomaticPetFeeder.cydsn\CortexM0\ARM_GCC_541\Debug\AutomaticPetFeeder.elf elf32-littlearm)
