Archive member included to satisfy reference by file (symbol)

.\CortexM0\ARM_GCC_541\Debug\AutomaticPetFeeder.a(CyLib.o)
                              .\CortexM0\ARM_GCC_541\Debug\cyfitter_cfg.o (CyIntEnable)
.\CortexM0\ARM_GCC_541\Debug\AutomaticPetFeeder.a(cyPm.o)
                              .\CortexM0\ARM_GCC_541\Debug\main.o (CySysPmDeepSleep)
.\CortexM0\ARM_GCC_541\Debug\AutomaticPetFeeder.a(CyLFClk.o)
                              .\CortexM0\ARM_GCC_541\Debug\AutomaticPetFeeder.a(CyLib.o) (CySysClkWcoEnabled)
.\CortexM0\ARM_GCC_541\Debug\AutomaticPetFeeder.a(I2C.o)
                              .\CortexM0\ARM_GCC_541\Debug\main.o (I2C_Start)
.\CortexM0\ARM_GCC_541\Debug\AutomaticPetFeeder.a(I2C_I2C.o)
                              .\CortexM0\ARM_GCC_541\Debug\AutomaticPetFeeder.a(I2C.o) (I2C_I2CInit)
.\CortexM0\ARM_GCC_541\Debug\AutomaticPetFeeder.a(I2C_I2C_MASTER.o)
                              .\CortexM0\ARM_GCC_541\Debug\LiquidCrystal_i2C.o (I2C_I2CMasterSendStart)
.\CortexM0\ARM_GCC_541\Debug\AutomaticPetFeeder.a(CyBootAsmGnu.o)
                              .\CortexM0\ARM_GCC_541\Debug\AutomaticPetFeeder.a(CyLib.o) (CyDelayCycles)
.\CortexM0\ARM_GCC_541\Debug\AutomaticPetFeeder.a(CyFlash.o)
                              .\CortexM0\ARM_GCC_541\Debug\AutomaticPetFeeder.a(CyLib.o) (CySysFlashSetWaitCycles)
.\CortexM0\ARM_GCC_541\Debug\AutomaticPetFeeder.a(I2C_I2C_INT.o)
                              .\CortexM0\ARM_GCC_541\Debug\AutomaticPetFeeder.a(I2C_I2C.o) (I2C_I2C_ISR)
c:/program files (x86)/cypress/psoc creator/4.4/psoc creator/import/gnu/arm/5.4.1/bin/../lib/gcc/arm-none-eabi/5.4.1/armv6-m\libgcc.a(_udivsi3.o)
                              .\CortexM0\ARM_GCC_541\Debug\AutomaticPetFeeder.a(CyLib.o) (__aeabi_uidiv)
c:/program files (x86)/cypress/psoc creator/4.4/psoc creator/import/gnu/arm/5.4.1/bin/../lib/gcc/arm-none-eabi/5.4.1/armv6-m\libgcc.a(_divsi3.o)
                              .\CortexM0\ARM_GCC_541\Debug\AutomaticPetFeeder.a(CyLFClk.o) (__aeabi_idiv)
c:/program files (x86)/cypress/psoc creator/4.4/psoc creator/import/gnu/arm/5.4.1/bin/../lib/gcc/arm-none-eabi/5.4.1/armv6-m\libgcc.a(_dvmd_tls.o)
                              c:/program files (x86)/cypress/psoc creator/4.4/psoc creator/import/gnu/arm/5.4.1/bin/../lib/gcc/arm-none-eabi/5.4.1/armv6-m\libgcc.a(_udivsi3.o) (__aeabi_idiv0)
c:/program files (x86)/cypress/psoc creator/4.4/psoc creator/import/gnu/arm/5.4.1/bin/../lib/gcc/arm-none-eabi/5.4.1/../../../../arm-none-eabi/lib/armv6-m\libg_nano.a(lib_a-errno.o)
                              .\CortexM0\ARM_GCC_541\Debug\Cm0Start.o (__errno)
c:/program files (x86)/cypress/psoc creator/4.4/psoc creator/import/gnu/arm/5.4.1/bin/../lib/gcc/arm-none-eabi/5.4.1/../../../../arm-none-eabi/lib/armv6-m\libg_nano.a(lib_a-exit.o)
                              c:/program files (x86)/cypress/psoc creator/4.4/psoc creator/import/gnu/arm/5.4.1/bin/../lib/gcc/arm-none-eabi/5.4.1/../../../../arm-none-eabi/lib/armv6-m/crt0.o (exit)
c:/program files (x86)/cypress/psoc creator/4.4/psoc creator/import/gnu/arm/5.4.1/bin/../lib/gcc/arm-none-eabi/5.4.1/../../../../arm-none-eabi/lib/armv6-m\libg_nano.a(lib_a-impure.o)
                              c:/program files (x86)/cypress/psoc creator/4.4/psoc creator/import/gnu/arm/5.4.1/bin/../lib/gcc/arm-none-eabi/5.4.1/../../../../arm-none-eabi/lib/armv6-m\libg_nano.a(lib_a-exit.o) (_global_impure_ptr)
c:/program files (x86)/cypress/psoc creator/4.4/psoc creator/import/gnu/arm/5.4.1/bin/../lib/gcc/arm-none-eabi/5.4.1/../../../../arm-none-eabi/lib/armv6-m\libg_nano.a(lib_a-init.o)
                              c:/program files (x86)/cypress/psoc creator/4.4/psoc creator/import/gnu/arm/5.4.1/bin/../lib/gcc/arm-none-eabi/5.4.1/../../../../arm-none-eabi/lib/armv6-m/crt0.o (__libc_init_array)
c:/program files (x86)/cypress/psoc creator/4.4/psoc creator/import/gnu/arm/5.4.1/bin/../lib/gcc/arm-none-eabi/5.4.1/../../../../arm-none-eabi/lib/armv6-m\libg_nano.a(lib_a-memcpy-stub.o)
                              .\CortexM0\ARM_GCC_541\Debug\AutomaticPetFeeder.a(CyFlash.o) (memcpy)
c:/program files (x86)/cypress/psoc creator/4.4/psoc creator/import/gnu/arm/5.4.1/bin/../lib/gcc/arm-none-eabi/5.4.1/../../../../arm-none-eabi/lib/armv6-m\libg_nano.a(lib_a-memset.o)
                              c:/program files (x86)/cypress/psoc creator/4.4/psoc creator/import/gnu/arm/5.4.1/bin/../lib/gcc/arm-none-eabi/5.4.1/../../../../arm-none-eabi/lib/armv6-m/crt0.o (memset)
c:/program files (x86)/cypress/psoc creator/4.4/psoc creator/import/gnu/arm/5.4.1/bin/../lib/gcc/arm-none-eabi/5.4.1/../../../../arm-none-eabi/lib/armv6-m\libg_nano.a(lib_a-snprintf.o)
                              .\CortexM0\ARM_GCC_541\Debug\main.o (snprintf)
c:/program files (x86)/cypress/psoc creator/4.4/psoc creator/import/gnu/arm/5.4.1/bin/../lib/gcc/arm-none-eabi/5.4.1/../../../../arm-none-eabi/lib/armv6-m\libg_nano.a(lib_a-strlen.o)
[...]
Memory Configuration

Name             Origin             Length             Attributes
rom              0x00000000         0x00020000         xr
ram              0x20000000         0x00004000         xrw
*default*        0x00000000         0xffffffff

Linker script and memory map

LOAD c:/program files (x86)/cypress/psoc creator/4.4/psoc creator/import/gnu/arm/5.4.1/bin/../lib/gcc/arm-none-eabi/5.4.1/armv6-m/crti.o
LOAD c:/program files (x86)/cypress/psoc creator/4.4/psoc creator/import/gnu/arm/5.4.1/bin/../lib/gcc/arm-none-eabi/5.4.1/armv6-m/crtbegin.o
LOAD c:/program files (x86)/cypress/psoc creator/4.4/psoc creator/import/gnu/arm/5.4.1/bin/../lib/gcc/arm-none-eabi/5.4.1/../../../../arm-none-eabi/lib/armv6-m/crt0.o
START GROUP
LOAD .\CortexM0\ARM_GCC_541\Debug\main.o
LOAD .\CortexM0\ARM_GCC_541\Debug\LiquidCrystal_i2C.o
LOAD .\CortexM0\ARM_GCC_541\Debug\cyfitter_cfg.o
LOAD .\CortexM0\ARM_GCC_541\Debug\cymetadata.o
LOAD .\CortexM0\ARM_GCC_541\Debug\Cm0Start.o
LOAD .\CortexM0\ARM_GCC_541\Debug\AutomaticPetFeeder.a
END GROUP
START GROUP
LOAD c:/program files (x86)/cypress/psoc creator/4.4/psoc creator/import/gnu/arm/5.4.1/bin/../lib/gcc/arm-none-eabi/5.4.1/armv6-m\libgcc.a
LOAD c:/program files (x86)/cypress/psoc creator/4.4/psoc creator/import/gnu/arm/5.4.1/bin/../lib/gcc/arm-none-eabi/5.4.1/../../../../arm-none-eabi/lib/armv6-m\libg_nano.a
LOAD c:/program files (x86)/cypress/psoc creator/4.4/psoc creator/import/gnu/arm/5.4.1/bin/../lib/gcc/arm-none-eabi/5.4.1/../../../../arm-none-eabi/lib/armv6-m\libc_nano.a
END GROUP
START GROUP
LOAD c:/program files (x86)/cypress/psoc creator/4.4/psoc creator/import/gnu/arm/5.4.1/bin/../lib/gcc/arm-none-eabi/5.4.1/armv6-m\libgcc.a
LOAD c:/program files (x86)/cypress/psoc creator/4.4/psoc creator/import/gnu/arm/5.4.1/bin/../lib/gcc/arm-none-eabi/5.4.1/../../../../arm-none-eabi/lib/armv6-m\libc_nano.a
END GROUP
LOAD c:/program files (x86)/cypress/psoc creator/4.4/psoc creator/import/gnu/arm/5.4.1/bin/../lib/gcc/arm-none-eabi/5.4.1/armv6-m/crtend.o
LOAD c:/program files (x86)/cypress/psoc creator/4.4/psoc creator/import/gnu/arm/5.4.1/bin/../lib/gcc/arm-none-eabi/5.4.1/armv6-m/crtn.o
START GROUP
LOAD c:/program files (x86)/cypress/psoc creator/4.4/psoc creator/import/gnu/arm/5.4.1/bin/../lib/gcc/arm-none-eabi/5.4.1/armv6-m\libgcc.a
LOAD c:/program files (x86)/cypress/psoc creator/4.4/psoc creator/import/gnu/arm/5.4.1/bin/../lib/gcc/arm-none-eabi/5.4.1/../../../../arm-none-eabi/lib/armv6-m\libc.a
LOAD c:/program files (x86)/cypress/psoc creator/4.4/psoc creator/import/gnu/arm/5.4.1/bin/../lib/gcc/arm-none-eabi/5.4.1/../../../../arm-none-eabi/lib/armv6-m\libnosys.a
END GROUP
                0x00000000                CY_APPL_ORIGIN = 0x0
                0x00000080                CY_FLASH_ROW_SIZE = 0x80
                0x00000001                CY_APPL_NUM = 0x1
                0x00000001                CY_APPL_MAX = 0x1
                0x00000040                CY_METADATA_SIZE = 0x40
                0x00000000                CY_APPL_LOADABLE = 0x0
                0x00000000                CY_CHECKSUM_EXCLUDE_SIZE = ALIGN (0x0, CY_FLASH_ROW_SIZE)
                0x00000000                CY_APP_FOR_STACK_AND_COPIER = 0x0
                [!provide]                PROVIDE (__cy_heap_start, _end)
                0x00000001                PROVIDE (__cy_region_num, ((__cy_regions_end - __cy_regions) / 0x10))
                0x20004000                PROVIDE (__cy_stack, (ORIGIN (ram) + LENGTH (ram)))
                [!provide]                PROVIDE (__cy_heap_end, (__cy_stack - 0x800))

.cybootloader   0x00000000        0x0
 *(.cybootloader)
                0x00000000                appl1_start = CY_APPL_ORIGIN?CY_APPL_ORIGIN:ALIGN (CY_FLASH_ROW_SIZE)
                0x0000ff80                appl2_start = (appl1_start + ALIGN ((((LENGTH (rom) - appl1_start) - (0x2 * CY_FLASH_ROW_SIZE)) / 0x2), CY_FLASH_ROW_SIZE))
                0x00000000                appl_start = (CY_APPL_NUM == 0x1)?appl1_start:appl2_start
                0x00000001                cy_project_type_bootloader = (appl_start == 0x0)?0x1:0x0
                0x00000000                cy_project_type_app_for_stack_and_copier = (CY_APP_FOR_STACK_AND_COPIER == 0x1)?0x1:0x0

.text           0x00000000     0x1dbe
 CREATE_OBJECT_SYMBOLS
                0x00000000                PROVIDE (__cy_interrupt_vector, RomVectors)
 *(.romvectors)
 .romvectors    0x00000000       0x10 .\CortexM0\ARM_GCC_541\Debug\Cm0Start.o
                0x00000000                RomVectors
                0x00000001                ASSERT ((. != __cy_interrupt_vector), No interrupt vector)
                0x00000001                ASSERT (CY_APPL_ORIGIN?(SIZEOF (.cybootloader) <= CY_APPL_ORIGIN):0x1, Wrong image location)
                0x00000010                PROVIDE (__cy_reset, Reset)
 *(.text.Reset)
 .text.Reset    0x00000010        0x8 .\CortexM0\ARM_GCC_541\Debug\Cm0Start.o
                0x00000010                Reset
                0x00000001                ASSERT ((. != __cy_reset), No reset code)
 *(.psocinit)
 .psocinit      0x00000018      0x260 .\CortexM0\ARM_GCC_541\Debug\cyfitter_cfg.o
                0x000000d8                cyfitter_cfg
                0x00000278                . = MAX (., 0x100)
 *(.text .text.* .gnu.linkonce.t.*)
 .text          0x00000278       0x60 c:/program files (x86)/cypress/psoc creator/4.4/psoc creator/import/gnu/arm/5.4.1/bin/../lib/gcc/arm-none-eabi/5.4.1/armv6-m/crtbegin.o
 .text.LCDInit  0x000002d8       0xac .\CortexM0\ARM_GCC_541\Debug\main.o
                0x000002d8                LCDInit
 .text.main     0x00000384       0x6c .\CortexM0\ARM_GCC_541\Debug\main.o
                0x00000384                main
 .text.LiquidCrystal_I2C_init
                0x000003f0       0x30 .\CortexM0\ARM_GCC_541\Debug\LiquidCrystal_i2C.o
                0x000003f0                LiquidCrystal_I2C_init
 .text.I2C_M_write_byte
                0x00000420       0x1c .\CortexM0\ARM_GCC_541\Debug\LiquidCrystal_i2C.o
                0x00000420                I2C_M_write_byte
 .text.expanderWrite
                0x0000043c       0x1c .\CortexM0\ARM_GCC_541\Debug\LiquidCrystal_i2C.o
                0x0000043c                expanderWrite
 .text.pulseEnable
                0x00000458       0x28 .\CortexM0\ARM_GCC_541\Debug\LiquidCrystal_i2C.o
                0x00000458                pulseEnable
 .text.write4bits
                0x00000480       0x10 .\CortexM0\ARM_GCC_541\Debug\LiquidCrystal_i2C.o
                0x00000480                write4bits
 .text.send     0x00000490       0x24 .\CortexM0\ARM_GCC_541\Debug\LiquidCrystal_i2C.o
                0x00000490                send
 .text.command  0x000004b4        0xc .\CortexM0\ARM_GCC_541\Debug\LiquidCrystal_i2C.o
                0x000004b4                command
 .text.clear    0x000004c0       0x10 .\CortexM0\ARM_GCC_541\Debug\LiquidCrystal_i2C.o
                0x000004c0                clear
 .text.home     0x000004d0       0x10 .\CortexM0\ARM_GCC_541\Debug\LiquidCrystal_i2C.o
                0x000004d0                home
 .text.setCursor
                0x000004e0       0x40 .\CortexM0\ARM_GCC_541\Debug\LiquidCrystal_i2C.o
                0x000004e0                setCursor
 .text.display  0x00000520       0x20 .\CortexM0\ARM_GCC_541\Debug\LiquidCrystal_i2C.o
                0x00000520                display
 .text.write    0x00000540        0xc .\CortexM0\ARM_GCC_541\Debug\LiquidCrystal_i2C.o
                0x00000540                write
 .text.LCD_print
                0x0000054c       0x20 .\CortexM0\ARM_GCC_541\Debug\LiquidCrystal_i2C.o
                0x0000054c                LCD_print
 .text.LCDBegin
                0x0000056c       0xb8 .\CortexM0\ARM_GCC_541\Debug\LiquidCrystal_i2C.o
                0x0000056c                LCDBegin
 .text.cfg_write_bytes32
                0x00000624       0x34 .\CortexM0\ARM_GCC_541\Debug\cyfitter_cfg.o
 .text.AnalogSetDefault
                0x00000658       0x20 .\CortexM0\ARM_GCC_541\Debug\cyfitter_cfg.o
 .text.CYMEMZERO
                0x00000678        0xc .\CortexM0\ARM_GCC_541\Debug\cyfitter_cfg.o
 .text.IntDefaultHandler
                0x00000684       0x10 .\CortexM0\ARM_GCC_541\Debug\Cm0Start.o
                0x00000684                IntDefaultHandler
 .text._sbrk    0x00000694       0x30 .\CortexM0\ARM_GCC_541\Debug\Cm0Start.o
                0x00000694                _sbrk
 .text.Start_c  0x000006c4       0x48 .\CortexM0\ARM_GCC_541\Debug\Cm0Start.o
                0x000006c4                Start_c
 .text.initialize_psoc
                0x0000070c       0x4c .\CortexM0\ARM_GCC_541\Debug\Cm0Start.o
                0x0000070c                initialize_psoc
 .text.CySysClkImoDisableWcoLock
                0x00000758       0x54 .\CortexM0\ARM_GCC_541\Debug\AutomaticPetFeeder.a(CyLib.o)
                0x00000758                CySysClkImoDisableWcoLock
 .text.CySysClkImoGetWcoLock
                0x000007ac       0x14 .\CortexM0\ARM_GCC_541\Debug\AutomaticPetFeeder.a(CyLib.o)
                0x000007ac                CySysClkImoGetWcoLock
 .text.CySysClkWriteSysclkDiv
                0x000007c0       0x30 .\CortexM0\ARM_GCC_541\Debug\AutomaticPetFeeder.a(CyLib.o)
                0x000007c0                CySysClkWriteSysclkDiv
 .text.CyIntEnable
                0x000007f0       0x14 .\CortexM0\ARM_GCC_541\Debug\AutomaticPetFeeder.a(CyLib.o)
                0x000007f0                CyIntEnable
 .text.CyIntDisable
                0x00000804       0x14 .\CortexM0\ARM_GCC_541\Debug\AutomaticPetFeeder.a(CyLib.o)
                0x00000804                CyIntDisable
 .text.CyHalt   0x00000818        0x4 .\CortexM0\ARM_GCC_541\Debug\AutomaticPetFeeder.a(CyLib.o)
                0x00000818                CyHalt
 .text.CyIntSetVector
                0x0000081c       0x24 .\CortexM0\ARM_GCC_541\Debug\AutomaticPetFeeder.a(CyLib.o)
                0x0000081c                CyIntSetVector
 .text.CyIntSetPriority
                0x00000840       0x4c .\CortexM0\ARM_GCC_541\Debug\AutomaticPetFeeder.a(CyLib.o)
                0x00000840                CyIntSetPriority
 .text.CyDelay  0x0000088c       0x30 .\CortexM0\ARM_GCC_541\Debug\AutomaticPetFeeder.a(CyLib.o)
                0x0000088c                CyDelay
 .text.CySysClkImoEnableWcoLock
                0x000008bc       0xf4 .\CortexM0\ARM_GCC_541\Debug\AutomaticPetFeeder.a(CyLib.o)
                0x000008bc                CySysClkImoEnableWcoLock
 .text.CySysClkWriteImoFreq
                0x000009b0       0x80 .\CortexM0\ARM_GCC_541\Debug\AutomaticPetFeeder.a(CyLib.o)
                0x000009b0                CySysClkWriteImoFreq
 .text.CyDelayUs
                0x00000a30       0x14 .\CortexM0\ARM_GCC_541\Debug\AutomaticPetFeeder.a(CyLib.o)
                0x00000a30                CyDelayUs
 .text.CySysPmDeepSleep
                0x00000a44       0xa8 .\CortexM0\ARM_GCC_541\Debug\AutomaticPetFeeder.a(cyPm.o)
                0x00000a44                CySysPmDeepSleep
 .text.CySysWdtLocked
                0x00000aec       0x14 .\CortexM0\ARM_GCC_541\Debug\AutomaticPetFeeder.a(CyLFClk.o)
 .text.CySysClkWcoEnabled
                0x00000b00       0x14 .\CortexM0\ARM_GCC_541\Debug\AutomaticPetFeeder.a(CyLFClk.o)
                0x00000b00                CySysClkWcoEnabled
 .text.CySysWdtLock
                0x00000b14       0x1c .\CortexM0\ARM_GCC_541\Debug\AutomaticPetFeeder.a(CyLFClk.o)
                0x00000b14                CySysWdtLock
 .text.CySysWdtUnlock
                0x00000b30       0x30 .\CortexM0\ARM_GCC_541\Debug\AutomaticPetFeeder.a(CyLFClk.o)
                0x00000b30                CySysWdtUnlock
 .text.CySysWdtClearInterrupt
                0x00000b60       0x4c .\CortexM0\ARM_GCC_541\Debug\AutomaticPetFeeder.a(CyLFClk.o)
                0x00000b60                CySysWdtClearInterrupt
 .text.CySysWdtIsr
                0x00000bac       0xa4 .\CortexM0\ARM_GCC_541\Debug\AutomaticPetFeeder.a(CyLFClk.o)
                0x00000bac                CySysWdtIsr
 .text.I2C_ScbEnableIntr
                0x00000c50        0xc .\CortexM0\ARM_GCC_541\Debug\AutomaticPetFeeder.a(I2C.o)
 .text.I2C_Init
                0x00000c5c        0x8 .\CortexM0\ARM_GCC_541\Debug\AutomaticPetFeeder.a(I2C.o)
                0x00000c5c                I2C_Init
 .text.I2C_Enable
                0x00000c64       0x18 .\CortexM0\ARM_GCC_541\Debug\AutomaticPetFeeder.a(I2C.o)
                0x00000c64                I2C_Enable
 .text.I2C_Start
                0x00000c7c       0x20 .\CortexM0\ARM_GCC_541\Debug\AutomaticPetFeeder.a(I2C.o)
                0x00000c7c                I2C_Start
 .text.I2C_I2CInit
                0x00000c9c       0xb8 .\CortexM0\ARM_GCC_541\Debug\AutomaticPetFeeder.a(I2C_I2C.o)
                0x00000c9c                I2C_I2CInit
 .text.I2C_I2CFwBlockReset
                0x00000d54       0x5c .\CortexM0\ARM_GCC_541\Debug\AutomaticPetFeeder.a(I2C_I2C.o)
                0x00000d54                I2C_I2CFwBlockReset
 .text.I2C_I2CMasterWaitOneUnit
                0x00000db0       0x28 .\CortexM0\ARM_GCC_541\Debug\AutomaticPetFeeder.a(I2C_I2C_MASTER.o)
 .text.I2C_I2CMasterHandleStatus
                0x00000dd8       0xc4 .\CortexM0\ARM_GCC_541\Debug\AutomaticPetFeeder.a(I2C_I2C_MASTER.o)
 .text.I2C_I2CMasterSendStart
                0x00000e9c       0xc4 .\CortexM0\ARM_GCC_541\Debug\AutomaticPetFeeder.a(I2C_I2C_MASTER.o)
                0x00000e9c                I2C_I2CMasterSendStart
 .text.I2C_I2CMasterSendStop
                0x00000f60       0x58 .\CortexM0\ARM_GCC_541\Debug\AutomaticPetFeeder.a(I2C_I2C_MASTER.o)
                0x00000f60                I2C_I2CMasterSendStop
 .text.I2C_I2CMasterWriteByte
                0x00000fb8       0x48 .\CortexM0\ARM_GCC_541\Debug\AutomaticPetFeeder.a(I2C_I2C_MASTER.o)
                0x00000fb8                I2C_I2CMasterWriteByte
 .text          0x00001000       0x20 .\CortexM0\ARM_GCC_541\Debug\AutomaticPetFeeder.a(CyBootAsmGnu.o)
                0x00001000                CyDelayCycles
                0x00001012                CyEnterCriticalSection
                0x0000101a                CyExitCriticalSection
 .text.CySysFlashSetWaitCycles
                0x00001020       0x54 .\CortexM0\ARM_GCC_541\Debug\AutomaticPetFeeder.a(CyFlash.o)
                0x00001020                CySysFlashSetWaitCycles
 .text.I2C_I2C_ISR
                0x00001074      0x340 .\CortexM0\ARM_GCC_541\Debug\AutomaticPetFeeder.a(I2C_I2C_INT.o)
                0x00001074                I2C_I2C_ISR
 .text          0x000013b4      0x114 c:/program files (x86)/cypress/psoc creator/4.4/psoc creator/import/gnu/arm/5.4.1/bin/../lib/gcc/arm-none-eabi/5.4.1/armv6-m\libgcc.a(_udivsi3.o)
                0x000013b4                __aeabi_uidiv
                0x000013b4                __udivsi3
                0x000014c0                __aeabi_uidivmod
 .text          0x000014c8        0x4 c:/program files (x86)/cypress/psoc creator/4.4/psoc creator/import/gnu/arm/5.4.1/bin/../lib/gcc/arm-none-eabi/5.4.1/armv6-m\libgcc.a(_dvmd_tls.o)
                0x000014c8                __aeabi_idiv0
                0x000014c8                __aeabi_ldiv0
 .text.__errno  0x000014cc        0xc c:/program files (x86)/cypress/psoc creator/4.4/psoc creator/import/gnu/arm/5.4.1/bin/../lib/gcc/arm-none-eabi/5.4.1/../../../../arm-none-eabi/lib/armv6-m\libg_nano.a(lib_a-errno.o)
                0x000014cc                __errno
 .text.__libc_init_array
                0x000014d8       0x4c c:/program files (x86)/cypress/psoc creator/4.4/psoc creator/import/gnu/arm/5.4.1/bin/../lib/gcc/arm-none-eabi/5.4.1/../../../../arm-none-eabi/lib/armv6-m\libg_nano.a(lib_a-init.o)
                0x000014d8                __libc_init_array
 .text.memcpy   0x00001524       0x12 c:/program files (x86)/cypress/psoc creator/4.4/psoc creator/import/gnu/arm/5.4.1/bin/../lib/gcc/arm-none-eabi/5.4.1/../../../../arm-none-eabi/lib/armv6-m\libg_nano.a(lib_a-memcpy-stub.o)
                0x00001524                memcpy
 .text.memset   0x00001536       0x10 c:/program files (x86)/cypress/psoc creator/4.4/psoc creator/import/gnu/arm/5.4.1/bin/../lib/gcc/arm-none-eabi/5.4.1/../../../../arm-none-eabi/lib/armv6-m\libg_nano.a(lib_a-memset.o)
                0x00001536                memset
 *fill*         0x00001546        0x2 
 .text.snprintf
                0x00001548       0x64 c:/program files (x86)/cypress/psoc creator/4.4/psoc creator/import/gnu/arm/5.4.1/bin/../lib/gcc/arm-none-eabi/5.4.1/../../../../arm-none-eabi/lib/armv6-m\libg_nano.a(lib_a-snprintf.o)
                0x00001548                sniprintf
                0x00001548                snprintf
 .text          0x000015ac        0xe c:/program files (x86)/cypress/psoc creator/4.4/psoc creator/import/gnu/arm/5.4.1/bin/../lib/gcc/arm-none-eabi/5.4.1/../../../../arm-none-eabi/lib/armv6-m\libg_nano.a(lib_a-strlen.o)
                0x000015ac                strlen
 *fill*         0x000015ba        0x2 
 .text.__ssputs_r
                0x000015bc       0xc4 c:/program files (x86)/cypress/psoc creator/4.4/psoc creator/import/gnu/arm/5.4.1/bin/../lib/gcc/arm-none-eabi/5.4.1/../../../../arm-none-eabi/lib/armv6-m\libg_nano.a(lib_a-nano-svfprintf.o)
                0x000015bc                __ssputs_r
 .text._svfprintf_r
                0x00001680      0x1fc c:/program files (x86)/cypress/psoc creator/4.4/psoc creator/import/gnu/arm/5.4.1/bin/../lib/gcc/arm-none-eabi/5.4.1/../../../../arm-none-eabi/lib/armv6-m\libg_nano.a(lib_a-nano-svfprintf.o)
                0x00001680                _svfiprintf_r
                0x00001680                _svfprintf_r
 .text._printf_common
                0x0000187c       0xdc c:/program files (x86)/cypress/psoc creator/4.4/psoc creator/import/gnu/arm/5.4.1/bin/../lib/gcc/arm-none-eabi/5.4.1/../../../../arm-none-eabi/lib/armv6-m\libg_nano.a(lib_a-nano-vfprintf_i.o)
                0x0000187c                _printf_common
 .text._printf_i
                0x00001958      0x244 c:/program files (x86)/cypress/psoc creator/4.4/psoc creator/import/gnu/arm/5.4.1/bin/../lib/gcc/arm-none-eabi/5.4.1/../../../../arm-none-eabi/lib/armv6-m\libg_nano.a(lib_a-nano-vfprintf_i.o)
                0x00001958                _printf_i
 .text.memchr   0x00001b9c       0x16 c:/program files (x86)/cypress/psoc creator/4.4/psoc creator/import/gnu/arm/5.4.1/bin/../lib/gcc/arm-none-eabi/5.4.1/../../../../arm-none-eabi/lib/armv6-m\libg_nano.a(lib_a-memchr-stub.o)
                0x00001b9c                memchr
 .text.memmove  0x00001bb2       0x2a c:/program files (x86)/cypress/psoc creator/4.4/psoc creator/import/gnu/arm/5.4.1/bin/../lib/gcc/arm-none-eabi/5.4.1/../../../../arm-none-eabi/lib/armv6-m\libg_nano.a(lib_a-memmove.o)
                0x00001bb2                memmove
 .text._free_r  0x00001bdc       0x98 c:/program files (x86)/cypress/psoc creator/4.4/psoc creator/import/gnu/arm/5.4.1/bin/../lib/gcc/arm-none-eabi/5.4.1/../../../../arm-none-eabi/lib/armv6-m\libg_nano.a(lib_a-nano-freer.o)
                0x00001bdc                _free_r
 .text._malloc_r
                0x00001c74       0xc0 c:/program files (x86)/cypress/psoc creator/4.4/psoc creator/import/gnu/arm/5.4.1/bin/../lib/gcc/arm-none-eabi/5.4.1/../../../../arm-none-eabi/lib/armv6-m\libg_nano.a(lib_a-nano-mallocr.o)
                0x00001c74                _malloc_r
 .text._realloc_r
                0x00001d34       0x4c c:/program files (x86)/cypress/psoc creator/4.4/psoc creator/import/gnu/arm/5.4.1/bin/../lib/gcc/arm-none-eabi/5.4.1/../../../../arm-none-eabi/lib/armv6-m\libg_nano.a(lib_a-nano-reallocr.o)
                0x00001d34                _realloc_r
 .text._sbrk_r  0x00001d80       0x24 c:/program files (x86)/cypress/psoc creator/4.4/psoc creator/import/gnu/arm/5.4.1/bin/../lib/gcc/arm-none-eabi/5.4.1/../../../../arm-none-eabi/lib/armv6-m\libg_nano.a(lib_a-sbrkr.o)
                0x00001d80                _sbrk_r
 .text.__malloc_lock
                0x00001da4        0x2 c:/program files (x86)/cypress/psoc creator/4.4/psoc creator/import/gnu/arm/5.4.1/bin/../lib/gcc/arm-none-eabi/5.4.1/../../../../arm-none-eabi/lib/armv6-m\libg_nano.a(lib_a-mlock.o)
                0x00001da4                __malloc_lock
 .text.__malloc_unlock
                0x00001da6        0x2 c:/program files (x86)/cypress/psoc creator/4.4/psoc creator/import/gnu/arm/5.4.1/bin/../lib/gcc/arm-none-eabi/5.4.1/../../../../arm-none-eabi/lib/armv6-m\libg_nano.a(lib_a-mlock.o)
                0x00001da6                __malloc_unlock
 .text._malloc_usable_size_r
                0x00001da8       0x16 c:/program files (x86)/cypress/psoc creator/4.4/psoc creator/import/gnu/arm/5.4.1/bin/../lib/gcc/arm-none-eabi/5.4.1/../../../../arm-none-eabi/lib/armv6-m\libg_nano.a(lib_a-nano-msizer.o)
                0x00001da8                _malloc_usable_size_r
 *(.plt)
 *(.gnu.warning)
 *(.glue_7t)
 .glue_7t       0x00001dbe        0x0 linker stubs
 *(.glue_7)
 .glue_7        0x00001dbe        0x0 linker stubs
 *(.vfp11_veneer)
 .vfp11_veneer  0x00001dbe        0x0 linker stubs
 *(.bootloader)
 *(.ARM.extab* .gnu.linkonce.armextab.*)
 *(.gcc_except_table)

.v4_bx          0x00001dc0        0x0
 .v4_bx         0x00001dc0        0x0 linker stubs

.iplt           0x00001dc0        0x0
 .iplt          0x00001dc0        0x0 c:/program files (x86)/cypress/psoc creator/4.4/psoc creator/import/gnu/arm/5.4.1/bin/../lib/gcc/arm-none-eabi/5.4.1/armv6-m/crtbegin.o

.eh_frame_hdr
 *(.eh_frame_hdr)

.eh_frame       0x00001dc0        0x4
 *(.eh_frame)
 .eh_frame      0x00001dc0        0x0 c:/program files (x86)/cypress/psoc creator/4.4/psoc creator/import/gnu/arm/5.4.1/bin/../lib/gcc/arm-none-eabi/5.4.1/armv6-m/crtbegin.o
 .eh_frame      0x00001dc0        0x4 c:/program files (x86)/cypress/psoc creator/4.4/psoc creator/import/gnu/arm/5.4.1/bin/../lib/gcc/arm-none-eabi/5.4.1/armv6-m/crtend.o
                [!provide]                PROVIDE (__exidx_start, .)

.ARM.exidx
 *(.ARM.exidx* .gnu.linkonce.armexidx.*)
                0x00001dc4                __exidx_end = .

.rodata         0x00001dc4      0x1e4
 *(.rodata .rodata.* .gnu.linkonce.r.*)
 .rodata        0x00001dc4       0x2c .\CortexM0\ARM_GCC_541\Debug\main.o
                0x00001dec                LCDAddr
 .rodata.str1.4
                0x00001df0       0x54 .\CortexM0\ARM_GCC_541\Debug\main.o
                                 0x53 (size before relaxing)
 .rodata        0x00001e44       0x10 .\CortexM0\ARM_GCC_541\Debug\LiquidCrystal_i2C.o
 .rodata        0x00001e54       0xbc .\CortexM0\ARM_GCC_541\Debug\cyfitter_cfg.o
 .rodata        0x00001f10       0x2e .\CortexM0\ARM_GCC_541\Debug\AutomaticPetFeeder.a(CyLib.o)
                0x00001f10                cyImoFreqMhz2Reg
 .rodata.str1.1
                0x00001f3e        0x2 c:/program files (x86)/cypress/psoc creator/4.4/psoc creator/import/gnu/arm/5.4.1/bin/../lib/gcc/arm-none-eabi/5.4.1/../../../../arm-none-eabi/lib/armv6-m\libg_nano.a(lib_a-impure.o)
 .rodata.str1.1
                0x00001f40       0x11 c:/program files (x86)/cypress/psoc creator/4.4/psoc creator/import/gnu/arm/5.4.1/bin/../lib/gcc/arm-none-eabi/5.4.1/../../../../arm-none-eabi/lib/armv6-m\libg_nano.a(lib_a-nano-svfprintf.o)
 .rodata.str1.1
                0x00001f51       0x22 c:/program files (x86)/cypress/psoc creator/4.4/psoc creator/import/gnu/arm/5.4.1/bin/../lib/gcc/arm-none-eabi/5.4.1/../../../../arm-none-eabi/lib/armv6-m\libg_nano.a(lib_a-nano-vfprintf_i.o)
                0x00001f74                . = ALIGN (0x4)
 *fill*         0x00001f73        0x1 
 *(.init)
 .init          0x00001f74        0x4 c:/program files (x86)/cypress/psoc creator/4.4/psoc creator/import/gnu/arm/5.4.1/bin/../lib/gcc/arm-none-eabi/5.4.1/armv6-m/crti.o
                0x00001f74                _init
 .init          0x00001f78        0x8 c:/program files (x86)/cypress/psoc creator/4.4/psoc creator/import/gnu/arm/5.4.1/bin/../lib/gcc/arm-none-eabi/5.4.1/armv6-m/crtn.o
                0x00001f80                . = ALIGN (0x4)
                0x00001f80                __preinit_array_start = .
 *(.preinit_array)
                0x00001f80                __preinit_array_end = .
                0x00001f80                . = ALIGN (0x4)
                0x00001f80                __init_array_start = .
 *(SORT(.init_array.*))
 *(.init_array)
 .init_array    0x00001f80        0x4 c:/program files (x86)/cypress/psoc creator/4.4/psoc creator/import/gnu/arm/5.4.1/bin/../lib/gcc/arm-none-eabi/5.4.1/armv6-m/crtbegin.o
 .init_array    0x00001f84        0x4 .\CortexM0\ARM_GCC_541\Debug\Cm0Start.o
                0x00001f88                __init_array_end = .
                0x00001f88                . = ALIGN (0x4)
 *(.fini)
 .fini          0x00001f88        0x4 c:/program files (x86)/cypress/psoc creator/4.4/psoc creator/import/gnu/arm/5.4.1/bin/../lib/gcc/arm-none-eabi/5.4.1/armv6-m/crti.o
                0x00001f88                _fini
 .fini          0x00001f8c        0x8 c:/program files (x86)/cypress/psoc creator/4.4/psoc creator/import/gnu/arm/5.4.1/bin/../lib/gcc/arm-none-eabi/5.4.1/armv6-m/crtn.o
                0x00001f94                . = ALIGN (0x4)
                0x00001f94                __fini_array_start = .
 *(.fini_array)
 .fini_array    0x00001f94        0x4 c:/program files (x86)/cypress/psoc creator/4.4/psoc creator/import/gnu/arm/5.4.1/bin/../lib/gcc/arm-none-eabi/5.4.1/armv6-m/crtbegin.o
 *(SORT(.fini_array.*))
                0x00001f98                __fini_array_end = .
                0x00001f98                . = ALIGN (0x4)
 *crtbegin.o(.ctors)
 *(EXCLUDE_FILE(*crtend.o) .ctors)
 *(SORT(.ctors.*))
 *crtend.o(.ctors)
                0x00001f98                . = ALIGN (0x4)
 *crtbegin.o(.dtors)
 *(EXCLUDE_FILE(*crtend.o) .dtors)
 *(SORT(.dtors.*))
 *crtend.o(.dtors)
                0x00001f98                . = ALIGN (0x4)
                0x00001f98                __cy_regions = .
                0x00001f98        0x4 LONG 0x1fa8 __cy_region_init_ram
                0x00001f9c        0x4 LONG 0x200000c0 __cy_region_start_data
                0x00001fa0        0x4 LONG 0x88 __cy_region_init_size_ram
                0x00001fa4        0x4 LONG 0x88 __cy_region_zero_size_ram
                0x00001fa8                __cy_regions_end = .
                0x00001fa8                . = ALIGN (0x8)
                0x00001fa8                _etext = .

.cy_checksum_exclude
                0x00001fa8        0x0
 *(.cy_checksum_exclude)

.ramvectors     0x20000000       0xc0
                0x20000000                __cy_region_start_ram = .
 *(.ramvectors)
 .ramvectors    0x20000000       0xc0 .\CortexM0\ARM_GCC_541\Debug\Cm0Start.o
                0x20000000                CyRamVectors

.noinit
 *(.noinit)

.data           0x200000c0       0x88 load address 0x00001fa8
                0x200000c0                __cy_region_start_data = .
 *(.jcr)
 .jcr           0x200000c0        0x0 c:/program files (x86)/cypress/psoc creator/4.4/psoc creator/import/gnu/arm/5.4.1/bin/../lib/gcc/arm-none-eabi/5.4.1/armv6-m/crtbegin.o
 .jcr           0x200000c0        0x4 c:/program files (x86)/cypress/psoc creator/4.4/psoc creator/import/gnu/arm/5.4.1/bin/../lib/gcc/arm-none-eabi/5.4.1/armv6-m/crtend.o
 *(.got.plt)
 *(.got)
 *(.shdata)
 *(.data .data.* .gnu.linkonce.d.*)
 .data          0x200000c4        0x4 .\CortexM0\ARM_GCC_541\Debug\Cm0Start.o
 .data          0x200000c8       0x14 .\CortexM0\ARM_GCC_541\Debug\AutomaticPetFeeder.a(CyLib.o)
                0x200000c8                CySysClkPumpConfig
                0x200000cc                cydelay32kMs
                0x200000d0                cydelayFreqKhz
                0x200000d4                cydelayFreqMhz
                0x200000d8                cydelayFreqHz
 .data          0x200000dc        0x8 .\CortexM0\ARM_GCC_541\Debug\AutomaticPetFeeder.a(CyLFClk.o)
 .data.impure_data
                0x200000e4       0x60 c:/program files (x86)/cypress/psoc creator/4.4/psoc creator/import/gnu/arm/5.4.1/bin/../lib/gcc/arm-none-eabi/5.4.1/../../../../arm-none-eabi/lib/armv6-m\libg_nano.a(lib_a-impure.o)
 .data._impure_ptr
                0x20000144        0x4 c:/program files (x86)/cypress/psoc creator/4.4/psoc creator/import/gnu/arm/5.4.1/bin/../lib/gcc/arm-none-eabi/5.4.1/../../../../arm-none-eabi/lib/armv6-m\libg_nano.a(lib_a-impure.o)
                0x20000144                _impure_ptr
                0x20000148                . = ALIGN (0x8)
 *(.ram)
                0x20000148                _edata = .

.igot.plt       0x20000148        0x0 load address 0x00002030
 .igot.plt      0x20000148        0x0 c:/program files (x86)/cypress/psoc creator/4.4/psoc creator/import/gnu/arm/5.4.1/bin/../lib/gcc/arm-none-eabi/5.4.1/armv6-m/crtbegin.o

.bss            0x20000148       0x88 load address 0x00002030
                0x20000148                PROVIDE (__bss_start__, .)
 *(.shbss)
 *(.bss .bss.* .gnu.linkonce.b.*)
 .bss           0x20000148       0x1c c:/program files (x86)/cypress/psoc creator/4.4/psoc creator/import/gnu/arm/5.4.1/bin/../lib/gcc/arm-none-eabi/5.4.1/armv6-m/crtbegin.o
 .bss           0x20000164       0x28 .\CortexM0\ARM_GCC_541\Debug\AutomaticPetFeeder.a(CyLFClk.o)
 .bss           0x2000018c        0x8 .\CortexM0\ARM_GCC_541\Debug\AutomaticPetFeeder.a(I2C.o)
                0x2000018c                I2C_initVar
                0x20000190                I2C_customIntrHandler
 .bss.__malloc_sbrk_start
                0x20000194        0x4 c:/program files (x86)/cypress/psoc creator/4.4/psoc creator/import/gnu/arm/5.4.1/bin/../lib/gcc/arm-none-eabi/5.4.1/../../../../arm-none-eabi/lib/armv6-m\libg_nano.a(lib_a-nano-mallocr.o)
                0x20000194                __malloc_sbrk_start
 .bss.__malloc_free_list
                0x20000198        0x4 c:/program files (x86)/cypress/psoc creator/4.4/psoc creator/import/gnu/arm/5.4.1/bin/../lib/gcc/arm-none-eabi/5.4.1/../../../../arm-none-eabi/lib/armv6-m\libg_nano.a(lib_a-nano-mallocr.o)
                0x20000198                __malloc_free_list
 *(COMMON)
 COMMON         0x2000019c        0x8 .\CortexM0\ARM_GCC_541\Debug\LiquidCrystal_i2C.o
                0x2000019c                _backlightval
                0x2000019d                _addr
                0x2000019e                _displaycontrol
                0x2000019f                _charsize
                0x200001a0                _displaymode
                0x200001a1                _displayfunction
                0x200001a2                _cols
                0x200001a3                _rows
 COMMON         0x200001a4        0x1 .\CortexM0\ARM_GCC_541\Debug\AutomaticPetFeeder.a(I2C_I2C.o)
                0x200001a4                I2C_state
 *fill*         0x200001a5        0x3 
 COMMON         0x200001a8       0x24 .\CortexM0\ARM_GCC_541\Debug\AutomaticPetFeeder.a(I2C_I2C_MASTER.o)
                0x200001a8                I2C_mstrWrBufIndexTmp
                0x200001ac                I2C_mstrWrBufIndex
                0x200001b0                I2C_mstrWrBufSize
                0x200001b4                I2C_mstrStatus
                0x200001b8                I2C_mstrRdBufPtr
                0x200001bc                I2C_mstrControl
                0x200001c0                I2C_mstrRdBufSize
                0x200001c4                I2C_mstrRdBufIndex
                0x200001c8                I2C_mstrWrBufPtr
 COMMON         0x200001cc        0x4 c:/program files (x86)/cypress/psoc creator/4.4/psoc creator/import/gnu/arm/5.4.1/bin/../lib/gcc/arm-none-eabi/5.4.1/../../../../arm-none-eabi/lib/armv6-m\libg_nano.a(lib_a-reent.o)
                0x200001cc                errno
                0x200001d0                . = ALIGN (0x8)
 *(.ram.b)
                0x200001d0                _end = .
                0x200001d0                __end = .
                0x200001d0                PROVIDE (end, .)
                0x200001d0                PROVIDE (__bss_end__, .)
                0x00001fa8                __cy_region_init_ram = LOADADDR (.data)
                0x00000088                __cy_region_init_size_ram = (_edata - ADDR (.data))
                0x00000088                __cy_region_zero_size_ram = (_end - _edata)

.heap           0x200001d0       0x80 load address 0x00002030
                0x200001d0                . = _end
                0x20000250                . = (. + 0x80)
 *fill*         0x200001d0       0x80 
                0x20000250                __cy_heap_limit = .

.stack          0x20003800      0x800
                0x20003800                __cy_stack_limit = .
                0x20004000                . = (. + 0x800)
 *fill*         0x20003800      0x800 
                0x00000001                ASSERT ((__cy_stack_limit >= __cy_heap_limit), region RAM overflowed with stack)
                0x00000000                cy_checksum_exclude_size = (CY_APPL_LOADABLE == 0x1)?SIZEOF (.cy_checksum_exclude):0x0
                0x00000001                ASSERT ((cy_checksum_exclude_size <= CY_CHECKSUM_EXCLUDE_SIZE), CY_BOOT: Section .cy_checksum_exclude size exceedes specified limit.)
                0x0001ffc0                cyloadermeta_start = (cy_project_type_bootloader || cy_project_type_app_for_stack_and_copier)?(LENGTH (rom) - CY_METADATA_SIZE):0xf0000000

.cyloadermeta
 *(.cyloadermeta)
                0x0001ffc0                cyloadablemeta_start = cy_project_type_app_for_stack_and_copier?((LENGTH (rom) - CY_FLASH_ROW_SIZE) - CY_METADATA_SIZE):((LENGTH (rom) - (CY_FLASH_ROW_SIZE * (CY_APPL_NUM - 0x1))) - CY_METADATA_SIZE)

.cyloadablemeta
 *(.cyloadablemeta)

.cyflashprotect
                0x90400000       0x80
 *(.cyflashprotect)
 .cyflashprotect
                0x90400000       0x80 .\CortexM0\ARM_GCC_541\Debug\cymetadata.o
                0x90400000                cy_meta_flashprotect

.cymeta         0x90500000        0xc
 *(.cymeta)
 .cymeta        0x90500000        0xc .\CortexM0\ARM_GCC_541\Debug\cymetadata.o
                0x90500000                cy_metadata

.cychipprotect  0x90600000        0x1
 *(.cychipprotect)
 .cychipprotect
                0x90600000        0x1 .\CortexM0\ARM_GCC_541\Debug\cymetadata.o
                0x90600000                cy_meta_chipprotect

.rel.dyn        0x00002030        0x0 load address 0x90600004
 .rel.iplt      0x00002030        0x0 c:/program files (x86)/cypress/psoc creator/4.4/psoc creator/import/gnu/arm/5.4.1/bin/../lib/gcc/arm-none-eabi/5.4.1/armv6-m/crtbegin.o

.stab
 *(.stab)

.stabstr
 *(.stabstr)

.debug
 *(.debug)

.line
 *(.line)

.debug_srcinfo
 *(.debug_srcinfo)

.debug_sfnames
 *(.debug_sfnames)

.debug_aranges  0x00000000      0x728
 *(.debug_aranges)
 .debug_aranges
                0x00000000       0x30 .\CortexM0\ARM_GCC_541\Debug\main.o
 .debug_aranges
                0x00000030      0x108 .\CortexM0\ARM_GCC_541\Debug\LiquidCrystal_i2C.o
 .debug_aranges
                0x00000138       0x40 .\CortexM0\ARM_GCC_541\Debug\cyfitter_cfg.o
 .debug_aranges
                0x00000178       0x18 .\CortexM0\ARM_GCC_541\Debug\cymetadata.o
 .debug_aranges
                0x00000190       0x48 .\CortexM0\ARM_GCC_541\Debug\Cm0Start.o
 .debug_aranges
                0x000001d8      0x1c8 .\CortexM0\ARM_GCC_541\Debug\AutomaticPetFeeder.a(CyLib.o)
 .debug_aranges
                0x000003a0       0x58 .\CortexM0\ARM_GCC_541\Debug\AutomaticPetFeeder.a(cyPm.o)
 .debug_aranges
                0x000003f8      0x188 .\CortexM0\ARM_GCC_541\Debug\AutomaticPetFeeder.a(CyLFClk.o)
 .debug_aranges
                0x00000580       0x60 .\CortexM0\ARM_GCC_541\Debug\AutomaticPetFeeder.a(I2C.o)
 .debug_aranges
                0x000005e0       0x30 .\CortexM0\ARM_GCC_541\Debug\AutomaticPetFeeder.a(I2C_I2C.o)
 .debug_aranges
                0x00000610       0x98 .\CortexM0\ARM_GCC_541\Debug\AutomaticPetFeeder.a(I2C_I2C_MASTER.o)
 .debug_aranges
                0x000006a8       0x20 .\CortexM0\ARM_GCC_541\Debug\AutomaticPetFeeder.a(CyBootAsmGnu.o)
 .debug_aranges
                0x000006c8       0x40 .\CortexM0\ARM_GCC_541\Debug\AutomaticPetFeeder.a(CyFlash.o)
 .debug_aranges
                0x00000708       0x20 .\CortexM0\ARM_GCC_541\Debug\AutomaticPetFeeder.a(I2C_I2C_INT.o)

.debug_pubnames
 *(.debug_pubnames)

.debug_info     0x00000000     0x4850
 *(.debug_info .gnu.linkonce.wi.*)
 .debug_info    0x00000000      0x488 .\CortexM0\ARM_GCC_541\Debug\main.o
 .debug_info    0x00000488      0x8f8 .\CortexM0\ARM_GCC_541\Debug\LiquidCrystal_i2C.o
 .debug_info    0x00000d80      0x3bc .\CortexM0\ARM_GCC_541\Debug\cyfitter_cfg.o
 .debug_info    0x0000113c       0xf8 .\CortexM0\ARM_GCC_541\Debug\cymetadata.o
 .debug_info    0x00001234      0x3a2 .\CortexM0\ARM_GCC_541\Debug\Cm0Start.o
 .debug_info    0x000015d6      0xd40 .\CortexM0\ARM_GCC_541\Debug\AutomaticPetFeeder.a(CyLib.o)
 .debug_info    0x00002316      0x316 .\CortexM0\ARM_GCC_541\Debug\AutomaticPetFeeder.a(cyPm.o)
 .debug_info    0x0000262c     0x1058 .\CortexM0\ARM_GCC_541\Debug\AutomaticPetFeeder.a(CyLFClk.o)
 .debug_info    0x00003684      0x298 .\CortexM0\ARM_GCC_541\Debug\AutomaticPetFeeder.a(I2C.o)
 .debug_info    0x0000391c      0x195 .\CortexM0\ARM_GCC_541\Debug\AutomaticPetFeeder.a(I2C_I2C.o)
 .debug_info    0x00003ab1      0x813 .\CortexM0\ARM_GCC_541\Debug\AutomaticPetFeeder.a(I2C_I2C_MASTER.o)
 .debug_info    0x000042c4       0x94 .\CortexM0\ARM_GCC_541\Debug\AutomaticPetFeeder.a(CyBootAsmGnu.o)
 .debug_info    0x00004358      0x350 .\CortexM0\ARM_GCC_541\Debug\AutomaticPetFeeder.a(CyFlash.o)
 .debug_info    0x000046a8      0x1a8 .\CortexM0\ARM_GCC_541\Debug\AutomaticPetFeeder.a(I2C_I2C_INT.o)

.debug_abbrev   0x00000000     0x11d8
 *(.debug_abbrev)
 .debug_abbrev  0x00000000      0x14e .\CortexM0\ARM_GCC_541\Debug\main.o
 .debug_abbrev  0x0000014e      0x151 .\CortexM0\ARM_GCC_541\Debug\LiquidCrystal_i2C.o
 .debug_abbrev  0x0000029f      0x1af .\CortexM0\ARM_GCC_541\Debug\cyfitter_cfg.o
 .debug_abbrev  0x0000044e       0x5d .\CortexM0\ARM_GCC_541\Debug\cymetadata.o
 .debug_abbrev  0x000004ab      0x1d7 .\CortexM0\ARM_GCC_541\Debug\Cm0Start.o
 .debug_abbrev  0x00000682      0x20b .\CortexM0\ARM_GCC_541\Debug\AutomaticPetFeeder.a(CyLib.o)
 .debug_abbrev  0x0000088d      0x128 .\CortexM0\ARM_GCC_541\Debug\AutomaticPetFeeder.a(cyPm.o)
 .debug_abbrev  0x000009b5      0x248 .\CortexM0\ARM_GCC_541\Debug\AutomaticPetFeeder.a(CyLFClk.o)
 .debug_abbrev  0x00000bfd      0x118 .\CortexM0\ARM_GCC_541\Debug\AutomaticPetFeeder.a(I2C.o)
 .debug_abbrev  0x00000d15       0xc7 .\CortexM0\ARM_GCC_541\Debug\AutomaticPetFeeder.a(I2C_I2C.o)
 .debug_abbrev  0x00000ddc      0x1c2 .\CortexM0\ARM_GCC_541\Debug\AutomaticPetFeeder.a(I2C_I2C_MASTER.o)
 .debug_abbrev  0x00000f9e       0x14 .\CortexM0\ARM_GCC_541\Debug\AutomaticPetFeeder.a(CyBootAsmGnu.o)
 .debug_abbrev  0x00000fb2      0x182 .\CortexM0\ARM_GCC_541\Debug\AutomaticPetFeeder.a(CyFlash.o)
 .debug_abbrev  0x00001134       0xa4 .\CortexM0\ARM_GCC_541\Debug\AutomaticPetFeeder.a(I2C_I2C_INT.o)

.debug_line     0x00000000     0x1f3d
 *(.debug_line)
 .debug_line    0x00000000      0x149 .\CortexM0\ARM_GCC_541\Debug\main.o
 .debug_line    0x00000149      0x44f .\CortexM0\ARM_GCC_541\Debug\LiquidCrystal_i2C.o
 .debug_line    0x00000598      0x18f .\CortexM0\ARM_GCC_541\Debug\cyfitter_cfg.o
 .debug_line    0x00000727      0x141 .\CortexM0\ARM_GCC_541\Debug\cymetadata.o
 .debug_line    0x00000868      0x236 .\CortexM0\ARM_GCC_541\Debug\Cm0Start.o
 .debug_line    0x00000a9e      0x563 .\CortexM0\ARM_GCC_541\Debug\AutomaticPetFeeder.a(CyLib.o)
 .debug_line    0x00001001      0x152 .\CortexM0\ARM_GCC_541\Debug\AutomaticPetFeeder.a(cyPm.o)
 .debug_line    0x00001153      0x5d1 .\CortexM0\ARM_GCC_541\Debug\AutomaticPetFeeder.a(CyLFClk.o)
 .debug_line    0x00001724      0x124 .\CortexM0\ARM_GCC_541\Debug\AutomaticPetFeeder.a(I2C.o)
 .debug_line    0x00001848       0xc2 .\CortexM0\ARM_GCC_541\Debug\AutomaticPetFeeder.a(I2C_I2C.o)
 .debug_line    0x0000190a      0x2fc .\CortexM0\ARM_GCC_541\Debug\AutomaticPetFeeder.a(I2C_I2C_MASTER.o)
 .debug_line    0x00001c06       0x68 .\CortexM0\ARM_GCC_541\Debug\AutomaticPetFeeder.a(CyBootAsmGnu.o)
 .debug_line    0x00001c6e      0x173 .\CortexM0\ARM_GCC_541\Debug\AutomaticPetFeeder.a(CyFlash.o)
 .debug_line    0x00001de1      0x15c .\CortexM0\ARM_GCC_541\Debug\AutomaticPetFeeder.a(I2C_I2C_INT.o)

.debug_frame    0x00000000     0x16d0
 *(.debug_frame)
 .debug_frame   0x00000000       0x7c .\CortexM0\ARM_GCC_541\Debug\main.o
 .debug_frame   0x0000007c      0x36c .\CortexM0\ARM_GCC_541\Debug\LiquidCrystal_i2C.o
 .debug_frame   0x000003e8       0x98 .\CortexM0\ARM_GCC_541\Debug\cyfitter_cfg.o
 .debug_frame   0x00000480       0xbc .\CortexM0\ARM_GCC_541\Debug\Cm0Start.o
 .debug_frame   0x0000053c      0x48c .\CortexM0\ARM_GCC_541\Debug\AutomaticPetFeeder.a(CyLib.o)
 .debug_frame   0x000009c8       0xe8 .\CortexM0\ARM_GCC_541\Debug\AutomaticPetFeeder.a(cyPm.o)
 .debug_frame   0x00000ab0      0x4a4 .\CortexM0\ARM_GCC_541\Debug\AutomaticPetFeeder.a(CyLFClk.o)
 .debug_frame   0x00000f54       0xe8 .\CortexM0\ARM_GCC_541\Debug\AutomaticPetFeeder.a(I2C.o)
 .debug_frame   0x0000103c       0x58 .\CortexM0\ARM_GCC_541\Debug\AutomaticPetFeeder.a(I2C_I2C.o)
 .debug_frame   0x00001094      0x1d8 .\CortexM0\ARM_GCC_541\Debug\AutomaticPetFeeder.a(I2C_I2C_MASTER.o)
 .debug_frame   0x0000126c       0x90 .\CortexM0\ARM_GCC_541\Debug\AutomaticPetFeeder.a(CyFlash.o)
 .debug_frame   0x000012fc       0x2c .\CortexM0\ARM_GCC_541\Debug\AutomaticPetFeeder.a(I2C_I2C_INT.o)
 .debug_frame   0x00001328       0x20 c:/program files (x86)/cypress/psoc creator/4.4/psoc creator/import/gnu/arm/5.4.1/bin/../lib/gcc/arm-none-eabi/5.4.1/armv6-m\libgcc.a(_udivsi3.o)
 .debug_frame   0x00001348       0x20 c:/program files (x86)/cypress/psoc creator/4.4/psoc creator/import/gnu/arm/5.4.1/bin/../lib/gcc/arm-none-eabi/5.4.1/armv6-m\libgcc.a(_divsi3.o)
 .debug_frame   0x00001368       0x20 c:/program files (x86)/cypress/psoc creator/4.4/psoc creator/import/gnu/arm/5.4.1/bin/../lib/gcc/arm-none-eabi/5.4.1/../../../../arm-none-eabi/lib/armv6-m\libg_nano.a(lib_a-errno.o)
 .debug_frame   0x00001388       0x28 c:/program files (x86)/cypress/psoc creator/4.4/psoc creator/import/gnu/arm/5.4.1/bin/../lib/gcc/arm-none-eabi/5.4.1/../../../../arm-none-eabi/lib/armv6-m\libg_nano.a(lib_a-exit.o)
 .debug_frame   0x000013b0       0x2c c:/program files (x86)/cypress/psoc creator/4.4/psoc creator/import/gnu/arm/5.4.1/bin/../lib/gcc/arm-none-eabi/5.4.1/../../../../arm-none-eabi/lib/armv6-m\libg_nano.a(lib_a-init.o)
 .debug_frame   0x000013dc       0x28 c:/program files (x86)/cypress/psoc creator/4.4/psoc creator/import/gnu/arm/5.4.1/bin/../lib/gcc/arm-none-eabi/5.4.1/../../../../arm-none-eabi/lib/armv6-m\libg_nano.a(lib_a-memcpy-stub.o)
 .debug_frame   0x00001404       0x20 c:/program files (x86)/cypress/psoc creator/4.4/psoc creator/import/gnu/arm/5.4.1/bin/../lib/gcc/arm-none-eabi/5.4.1/../../../../arm-none-eabi/lib/armv6-m\libg_nano.a(lib_a-memset.o)
 .debug_frame   0x00001424       0x50 c:/program files (x86)/cypress/psoc creator/4.4/psoc creator/import/gnu/arm/5.4.1/bin/../lib/gcc/arm-none-eabi/5.4.1/../../../../arm-none-eabi/lib/armv6-m\libg_nano.a(lib_a-snprintf.o)
 .debug_frame   0x00001474       0x74 c:/program files (x86)/cypress/psoc creator/4.4/psoc creator/import/gnu/arm/5.4.1/bin/../lib/gcc/arm-none-eabi/5.4.1/../../../../arm-none-eabi/lib/armv6-m\libg_nano.a(lib_a-nano-svfprintf.o)
 .debug_frame   0x000014e8       0x54 c:/program files (x86)/cypress/psoc creator/4.4/psoc creator/import/gnu/arm/5.4.1/bin/../lib/gcc/arm-none-eabi/5.4.1/../../../../arm-none-eabi/lib/armv6-m\libg_nano.a(lib_a-nano-vfprintf_i.o)
 .debug_frame   0x0000153c       0x20 c:/program files (x86)/cypress/psoc creator/4.4/psoc creator/import/gnu/arm/5.4.1/bin/../lib/gcc/arm-none-eabi/5.4.1/../../../../arm-none-eabi/lib/armv6-m\libg_nano.a(lib_a-memchr-stub.o)
 .debug_frame   0x0000155c       0x28 c:/program files (x86)/cypress/psoc creator/4.4/psoc creator/import/gnu/arm/5.4.1/bin/../lib/gcc/arm-none-eabi/5.4.1/../../../../arm-none-eabi/lib/armv6-m\libg_nano.a(lib_a-memmove.o)
 .debug_frame   0x00001584       0x2c c:/program files (x86)/cypress/psoc creator/4.4/psoc creator/import/gnu/arm/5.4.1/bin/../lib/gcc/arm-none-eabi/5.4.1/../../../../arm-none-eabi/lib/armv6-m\libg_nano.a(lib_a-nano-freer.o)
 .debug_frame   0x000015b0       0x2c c:/program files (x86)/cypress/psoc creator/4.4/psoc creator/import/gnu/arm/5.4.1/bin/../lib/gcc/arm-none-eabi/5.4.1/../../../../arm-none-eabi/lib/armv6-m\libg_nano.a(lib_a-nano-mallocr.o)
 .debug_frame   0x000015dc       0x30 c:/program files (x86)/cypress/psoc creator/4.4/psoc creator/import/gnu/arm/5.4.1/bin/../lib/gcc/arm-none-eabi/5.4.1/../../../../arm-none-eabi/lib/armv6-m\libg_nano.a(lib_a-nano-reallocr.o)
 .debug_frame   0x0000160c       0x2c c:/program files (x86)/cypress/psoc creator/4.4/psoc creator/import/gnu/arm/5.4.1/bin/../lib/gcc/arm-none-eabi/5.4.1/../../../../arm-none-eabi/lib/armv6-m\libg_nano.a(lib_a-sbrkr.o)
 .debug_frame   0x00001638       0x30 c:/program files (x86)/cypress/psoc creator/4.4/psoc creator/import/gnu/arm/5.4.1/bin/../lib/gcc/arm-none-eabi/5.4.1/../../../../arm-none-eabi/lib/armv6-m\libg_nano.a(lib_a-mlock.o)
 .debug_frame   0x00001668       0x20 c:/program files (x86)/cypress/psoc creator/4.4/psoc creator/import/gnu/arm/5.4.1/bin/../lib/gcc/arm-none-eabi/5.4.1/../../../../arm-none-eabi/lib/armv6-m\libg_nano.a(lib_a-nano-msizer.o)
 .debug_frame   0x00001688       0x48 c:/program files (x86)/cypress/psoc creator/4.4/psoc creator/import/gnu/arm/5.4.1/bin/../lib/gcc/arm-none-eabi/5.4.1/../../../../arm-none-eabi/lib/armv6-m\libg_nano.a(lib_a-reent.o)

.debug_str      0x00000000     0x19ad
 *(.debug_str)
 .debug_str     0x00000000      0x28b .\CortexM0\ARM_GCC_541\Debug\main.o
                                0x2d5 (size before relaxing)
 .debug_str     0x0000028b      0x252 .\CortexM0\ARM_GCC_541\Debug\LiquidCrystal_i2C.o
                                0x44a (size before relaxing)
 .debug_str     0x000004dd      0x11e .\CortexM0\ARM_GCC_541\Debug\cyfitter_cfg.o
                                0x2da (size before relaxing)
 .debug_str     0x000005fb       0x59 .\CortexM0\ARM_GCC_541\Debug\cymetadata.o
                                0x1cc (size before relaxing)
 .debug_str     0x00000654      0x135 .\CortexM0\ARM_GCC_541\Debug\Cm0Start.o
                                0x305 (size before relaxing)
 .debug_str     0x00000789      0x5f6 .\CortexM0\ARM_GCC_541\Debug\AutomaticPetFeeder.a(CyLib.o)
                                0x801 (size before relaxing)
 .debug_str     0x00000d7f       0xd3 .\CortexM0\ARM_GCC_541\Debug\AutomaticPetFeeder.a(cyPm.o)
                                0x2e8 (size before relaxing)
 .debug_str     0x00000e52      0x6e6 .\CortexM0\ARM_GCC_541\Debug\AutomaticPetFeeder.a(CyLFClk.o)
                                0x921 (size before relaxing)
 .debug_str     0x00001538       0xfb .\CortexM0\ARM_GCC_541\Debug\AutomaticPetFeeder.a(I2C.o)
                                0x2c2 (size before relaxing)
 .debug_str     0x00001633       0x74 .\CortexM0\ARM_GCC_541\Debug\AutomaticPetFeeder.a(I2C_I2C.o)
                                0x252 (size before relaxing)
 .debug_str     0x000016a7      0x218 .\CortexM0\ARM_GCC_541\Debug\AutomaticPetFeeder.a(I2C_I2C_MASTER.o)
                                0x4ba (size before relaxing)
 .debug_str     0x000018bf       0xa7 .\CortexM0\ARM_GCC_541\Debug\AutomaticPetFeeder.a(CyFlash.o)
                                0x2b4 (size before relaxing)
 .debug_str     0x00001966       0x47 .\CortexM0\ARM_GCC_541\Debug\AutomaticPetFeeder.a(I2C_I2C_INT.o)
                                0x2c2 (size before relaxing)

.debug_loc      0x00000000     0x2a8c
 *(.debug_loc)
 .debug_loc     0x00000000       0xa5 .\CortexM0\ARM_GCC_541\Debug\main.o
 .debug_loc     0x000000a5      0x36f .\CortexM0\ARM_GCC_541\Debug\LiquidCrystal_i2C.o
 .debug_loc     0x00000414      0x118 .\CortexM0\ARM_GCC_541\Debug\cyfitter_cfg.o
 .debug_loc     0x0000052c      0x14f .\CortexM0\ARM_GCC_541\Debug\Cm0Start.o
 .debug_loc     0x0000067b      0x81c .\CortexM0\ARM_GCC_541\Debug\AutomaticPetFeeder.a(CyLib.o)
 .debug_loc     0x00000e97      0x10b .\CortexM0\ARM_GCC_541\Debug\AutomaticPetFeeder.a(cyPm.o)
 .debug_loc     0x00000fa2      0xdb7 .\CortexM0\ARM_GCC_541\Debug\AutomaticPetFeeder.a(CyLFClk.o)
 .debug_loc     0x00001d59       0x7e .\CortexM0\ARM_GCC_541\Debug\AutomaticPetFeeder.a(I2C.o)
 .debug_loc     0x00001dd7      0xa49 .\CortexM0\ARM_GCC_541\Debug\AutomaticPetFeeder.a(I2C_I2C_MASTER.o)
 .debug_loc     0x00002820      0x160 .\CortexM0\ARM_GCC_541\Debug\AutomaticPetFeeder.a(CyFlash.o)
 .debug_loc     0x00002980      0x10c .\CortexM0\ARM_GCC_541\Debug\AutomaticPetFeeder.a(I2C_I2C_INT.o)

.debug_macinfo
 *(.debug_macinfo)

.debug_ranges   0x00000000      0x630
 *(.debug_ranges)
 .debug_ranges  0x00000000       0x20 .\CortexM0\ARM_GCC_541\Debug\main.o
 .debug_ranges  0x00000020       0xf8 .\CortexM0\ARM_GCC_541\Debug\LiquidCrystal_i2C.o
 .debug_ranges  0x00000118       0x30 .\CortexM0\ARM_GCC_541\Debug\cyfitter_cfg.o
 .debug_ranges  0x00000148       0x38 .\CortexM0\ARM_GCC_541\Debug\Cm0Start.o
 .debug_ranges  0x00000180      0x1b8 .\CortexM0\ARM_GCC_541\Debug\AutomaticPetFeeder.a(CyLib.o)
 .debug_ranges  0x00000338       0x48 .\CortexM0\ARM_GCC_541\Debug\AutomaticPetFeeder.a(cyPm.o)
 .debug_ranges  0x00000380      0x178 .\CortexM0\ARM_GCC_541\Debug\AutomaticPetFeeder.a(CyLFClk.o)
 .debug_ranges  0x000004f8       0x50 .\CortexM0\ARM_GCC_541\Debug\AutomaticPetFeeder.a(I2C.o)
 .debug_ranges  0x00000548       0x20 .\CortexM0\ARM_GCC_541\Debug\AutomaticPetFeeder.a(I2C_I2C.o)
 .debug_ranges  0x00000568       0x88 .\CortexM0\ARM_GCC_541\Debug\AutomaticPetFeeder.a(I2C_I2C_MASTER.o)
 .debug_ranges  0x000005f0       0x30 .\CortexM0\ARM_GCC_541\Debug\AutomaticPetFeeder.a(CyFlash.o)
 .debug_ranges  0x00000620       0x10 .\CortexM0\ARM_GCC_541\Debug\AutomaticPetFeeder.a(I2C_I2C_INT.o)

.comment        0x00000000       0x6e
 .comment       0x00000000       0x6e .\CortexM0\ARM_GCC_541\Debug\main.o
                                 0x6f (size before relaxing)
 .comment       0x0000006e       0x6f .\CortexM0\ARM_GCC_541\Debug\LiquidCrystal_i2C.o
 .comment       0x0000006e       0x6f .\CortexM0\ARM_GCC_541\Debug\cyfitter_cfg.o
 .comment       0x0000006e       0x6f .\CortexM0\ARM_GCC_541\Debug\cymetadata.o
 .comment       0x0000006e       0x6f .\CortexM0\ARM_GCC_541\Debug\Cm0Start.o
 .comment       0x0000006e       0x6f .\CortexM0\ARM_GCC_541\Debug\AutomaticPetFeeder.a(CyLib.o)
 .comment       0x0000006e       0x6f .\CortexM0\ARM_GCC_541\Debug\AutomaticPetFeeder.a(cyPm.o)
 .comment       0x0000006e       0x6f .\CortexM0\ARM_GCC_541\Debug\AutomaticPetFeeder.a(CyLFClk.o)
 .comment       0x0000006e       0x6f .\CortexM0\ARM_GCC_541\Debug\AutomaticPetFeeder.a(I2C.o)
 .comment       0x0000006e       0x6f .\CortexM0\ARM_GCC_541\Debug\AutomaticPetFeeder.a(I2C_I2C.o)
 .comment       0x0000006e       0x6f .\CortexM0\ARM_GCC_541\Debug\AutomaticPetFeeder.a(I2C_I2C_MASTER.o)
 .comment       0x0000006e       0x6f .\CortexM0\ARM_GCC_541\Debug\AutomaticPetFeeder.a(CyFlash.o)
 .comment       0x0000006e       0x6f .\CortexM0\ARM_GCC_541\Debug\AutomaticPetFeeder.a(I2C_I2C_INT.o)

.debug_weaknames
 *(.debug_weaknames)

.debug_funcnames
 *(.debug_funcnames)

.debug_typenames
 *(.debug_typenames)

.debug_varnames
 *(.debug_varnames)

.note.gnu.arm.ident
 *(.note.gnu.arm.ident)

.ARM.attributes
                0x00000000       0x28
 *(.ARM.attributes)
 .ARM.attributes
                0x00000000       0x1e c:/program files (x86)/cypress/psoc creator/4.4/psoc creator/import/gnu/arm/5.4.1/bin/../lib/gcc/arm-none-eabi/5.4.1/armv6-m/crti.o
 .ARM.attributes
                0x0000001e       0x2c c:/program files (x86)/cypress/psoc creator/4.4/psoc creator/import/gnu/arm/5.4.1/bin/../lib/gcc/arm-none-eabi/5.4.1/armv6-m/crtbegin.o
 .ARM.attributes
                0x0000004a       0x1b c:/program files (x86)/cypress/psoc creator/4.4/psoc creator/import/gnu/arm/5.4.1/bin/../lib/gcc/arm-none-eabi/5.4.1/../../../../arm-none-eabi/lib/armv6-m/crt0.o
 .ARM.attributes
                0x00000065       0x31 .\CortexM0\ARM_GCC_541\Debug\main.o
 .ARM.attributes
                0x00000096       0x31 .\CortexM0\ARM_GCC_541\Debug\LiquidCrystal_i2C.o
 .ARM.attributes
                0x000000c7       0x31 .\CortexM0\ARM_GCC_541\Debug\cyfitter_cfg.o
 .ARM.attributes
                0x000000f8       0x31 .\CortexM0\ARM_GCC_541\Debug\cymetadata.o
 .ARM.attributes
                0x00000129       0x31 .\CortexM0\ARM_GCC_541\Debug\Cm0Start.o
 .ARM.attributes
                0x0000015a       0x31 .\CortexM0\ARM_GCC_541\Debug\AutomaticPetFeeder.a(CyLib.o)
 .ARM.attributes
                0x0000018b       0x31 .\CortexM0\ARM_GCC_541\Debug\AutomaticPetFeeder.a(cyPm.o)
 .ARM.attributes
                0x000001bc       0x31 .\CortexM0\ARM_GCC_541\Debug\AutomaticPetFeeder.a(CyLFClk.o)
 .ARM.attributes
                0x000001ed       0x31 .\CortexM0\ARM_GCC_541\Debug\AutomaticPetFeeder.a(I2C.o)
 .ARM.attributes
                0x0000021e       0x31 .\CortexM0\ARM_GCC_541\Debug\AutomaticPetFeeder.a(I2C_I2C.o)
 .ARM.attributes
                0x0000024f       0x31 .\CortexM0\ARM_GCC_541\Debug\AutomaticPetFeeder.a(I2C_I2C_MASTER.o)
 .ARM.attributes
                0x00000280       0x21 .\CortexM0\ARM_GCC_541\Debug\AutomaticPetFeeder.a(CyBootAsmGnu.o)
 .ARM.attributes
                0x000002a1       0x31 .\CortexM0\ARM_GCC_541\Debug\AutomaticPetFeeder.a(CyFlash.o)
 .ARM.attributes
                0x000002d2       0x31 .\CortexM0\ARM_GCC_541\Debug\AutomaticPetFeeder.a(I2C_I2C_INT.o)
 .ARM.attributes
                0x00000303       0x1e c:/program files (x86)/cypress/psoc creator/4.4/psoc creator/import/gnu/arm/5.4.1/bin/../lib/gcc/arm-none-eabi/5.4.1/armv6-m\libgcc.a(_udivsi3.o)
 .ARM.attributes
                0x00000321       0x1e c:/program files (x86)/cypress/psoc creator/4.4/psoc creator/import/gnu/arm/5.4.1/bin/../lib/gcc/arm-none-eabi/5.4.1/armv6-m\libgcc.a(_divsi3.o)
 .ARM.attributes
                0x0000033f       0x1e c:/program files (x86)/cypress/psoc creator/4.4/psoc creator/import/gnu/arm/5.4.1/bin/../lib/gcc/arm-none-eabi/5.4.1/armv6-m\libgcc.a(_dvmd_tls.o)
 .ARM.attributes
                0x0000035d       0x2c c:/program files (x86)/cypress/psoc creator/4.4/psoc creator/import/gnu/arm/5.4.1/bin/../lib/gcc/arm-none-eabi/5.4.1/../../../../arm-none-eabi/lib/armv6-m\libg_nano.a(lib_a-errno.o)
 .ARM.attributes
                0x00000389       0x2c c:/program files (x86)/cypress/psoc creator/4.4/psoc creator/import/gnu/arm/5.4.1/bin/../lib/gcc/arm-none-eabi/5.4.1/../../../../arm-none-eabi/lib/armv6-m\libg_nano.a(lib_a-exit.o)
 .ARM.attributes
                0x000003b5       0x2c c:/program files (x86)/cypress/psoc creator/4.4/psoc creator/import/gnu/arm/5.4.1/bin/../lib/gcc/arm-none-eabi/5.4.1/../../../../arm-none-eabi/lib/armv6-m\libg_nano.a(lib_a-impure.o)
 .ARM.attributes
                0x000003e1       0x2c c:/program files (x86)/cypress/psoc creator/4.4/psoc creator/import/gnu/arm/5.4.1/bin/../lib/gcc/arm-none-eabi/5.4.1/../../../../arm-none-eabi/lib/armv6-m\libg_nano.a(lib_a-init.o)
 .ARM.attributes
                0x0000040d       0x2c c:/program files (x86)/cypress/psoc creator/4.4/psoc creator/import/gnu/arm/5.4.1/bin/../lib/gcc/arm-none-eabi/5.4.1/../../../../arm-none-eabi/lib/armv6-m\libg_nano.a(lib_a-memcpy-stub.o)
 .ARM.attributes
                0x00000439       0x2c c:/program files (x86)/cypress/psoc creator/4.4/psoc creator/import/gnu/arm/5.4.1/bin/../lib/gcc/arm-none-eabi/5.4.1/../../../../arm-none-eabi/lib/armv6-m\libg_nano.a(lib_a-memset.o)
 .ARM.attributes
                0x00000465       0x2c c:/program files (x86)/cypress/psoc creator/4.4/psoc creator/import/gnu/arm/5.4.1/bin/../lib/gcc/arm-none-eabi/5.4.1/../../../../arm-none-eabi/lib/armv6-m\libg_nano.a(lib_a-snprintf.o)
 .ARM.attributes
                0x00000491       0x1c c:/program files (x86)/cypress/psoc creator/4.4/psoc creator/import/gnu/arm/5.4.1/bin/../lib/gcc/arm-none-eabi/5.4.1/../../../../arm-none-eabi/lib/armv6-m\libg_nano.a(lib_a-strlen.o)
 .ARM.attributes
                0x000004ad       0x2c c:/program files (x86)/cypress/psoc creator/4.4/psoc creator/import/gnu/arm/5.4.1/bin/../lib/gcc/arm-none-eabi/5.4.1/../../../../arm-none-eabi/lib/armv6-m\libg_nano.a(lib_a-nano-svfprintf.o)
 .ARM.attributes
                0x000004d9       0x2c c:/program files (x86)/cypress/psoc creator/4.4/psoc creator/import/gnu/arm/5.4.1/bin/../lib/gcc/arm-none-eabi/5.4.1/../../../../arm-none-eabi/lib/armv6-m\libg_nano.a(lib_a-nano-vfprintf_i.o)
 .ARM.attributes
                0x00000505       0x2c c:/program files (x86)/cypress/psoc creator/4.4/psoc creator/import/gnu/arm/5.4.1/bin/../lib/gcc/arm-none-eabi/5.4.1/../../../../arm-none-eabi/lib/armv6-m\libg_nano.a(lib_a-memchr-stub.o)
 .ARM.attributes
                0x00000531       0x2c c:/program files (x86)/cypress/psoc creator/4.4/psoc creator/import/gnu/arm/5.4.1/bin/../lib/gcc/arm-none-eabi/5.4.1/../../../../arm-none-eabi/lib/armv6-m\libg_nano.a(lib_a-memmove.o)
 .ARM.attributes
                0x0000055d       0x2c c:/program files (x86)/cypress/psoc creator/4.4/psoc creator/import/gnu/arm/5.4.1/bin/../lib/gcc/arm-none-eabi/5.4.1/../../../../arm-none-eabi/lib/armv6-m\libg_nano.a(lib_a-nano-freer.o)
 .ARM.attributes
                0x00000589       0x2c c:/program files (x86)/cypress/psoc creator/4.4/psoc creator/import/gnu/arm/5.4.1/bin/../lib/gcc/arm-none-eabi/5.4.1/../../../../arm-none-eabi/lib/armv6-m\libg_nano.a(lib_a-nano-mallocr.o)
 .ARM.attributes
                0x000005b5       0x2c c:/program files (x86)/cypress/psoc creator/4.4/psoc creator/import/gnu/arm/5.4.1/bin/../lib/gcc/arm-none-eabi/5.4.1/../../../../arm-none-eabi/lib/armv6-m\libg_nano.a(lib_a-nano-reallocr.o)
 .ARM.attributes
                0x000005e1       0x2c c:/program files (x86)/cypress/psoc creator/4.4/psoc creator/import/gnu/arm/5.4.1/bin/../lib/gcc/arm-none-eabi/5.4.1/../../../../arm-none-eabi/lib/armv6-m\libg_nano.a(lib_a-sbrkr.o)
 .ARM.attributes
                0x0000060d       0x2c c:/program files (x86)/cypress/psoc creator/4.4/psoc creator/import/gnu/arm/5.4.1/bin/../lib/gcc/arm-none-eabi/5.4.1/../../../../arm-none-eabi/lib/armv6-m\libg_nano.a(lib_a-mlock.o)
 .ARM.attributes
                0x00000639       0x2c c:/program files (x86)/cypress/psoc creator/4.4/psoc creator/import/gnu/arm/5.4.1/bin/../lib/gcc/arm-none-eabi/5.4.1/../../../../arm-none-eabi/lib/armv6-m\libg_nano.a(lib_a-nano-msizer.o)
 .ARM.attributes
                0x00000665       0x2c c:/program files (x86)/cypress/psoc creator/4.4/psoc creator/import/gnu/arm/5.4.1/bin/../lib/gcc/arm-none-eabi/5.4.1/../../../../arm-none-eabi/lib/armv6-m\libg_nano.a(lib_a-reent.o)
 .ARM.attributes
                0x00000691       0x2c c:/program files (x86)/cypress/psoc creator/4.4/psoc creator/import/gnu/arm/5.4.1/bin/../lib/gcc/arm-none-eabi/5.4.1/armv6-m/crtend.o
 .ARM.attributes
                0x000006bd       0x1e c:/program files (x86)/cypress/psoc creator/4.4/psoc creator/import/gnu/arm/5.4.1/bin/../lib/gcc/arm-none-eabi/5.4.1/armv6-m/crtn.o

/DISCARD/
 *(.note.GNU-stack)
OUTPUT(D:\Final Project\Project Files\Final Project\AutomaticPetFeeder.cydsn\CortexM0\ARM_GCC_541\Debug\AutomaticPetFeeder.elf elf32-littlearm)
