Archive member included to satisfy reference by file (symbol)

.\CortexM0\ARM_GCC_541\Debug\AutomaticPetFeeder.a(BTN.o)
                              .\CortexM0\ARM_GCC_541\Debug\main.o (BTN_Read)
.\CortexM0\ARM_GCC_541\Debug\AutomaticPetFeeder.a(LED_PWM.o)
                              .\CortexM0\ARM_GCC_541\Debug\main.o (LED_PWM_Stop)
.\CortexM0\ARM_GCC_541\Debug\AutomaticPetFeeder.a(SPEAKER_PWM.o)
                              .\CortexM0\ARM_GCC_541\Debug\main.o (SPEAKER_PWM_Stop)
.\CortexM0\ARM_GCC_541\Debug\AutomaticPetFeeder.a(LED_SEL.o)
                              .\CortexM0\ARM_GCC_541\Debug\main.o (LED_SEL_Write)
.\CortexM0\ARM_GCC_541\Debug\AutomaticPetFeeder.a(Motor.o)
                              .\CortexM0\ARM_GCC_541\Debug\main.o (Motor_Write)
.\CortexM0\ARM_GCC_541\Debug\AutomaticPetFeeder.a(BTN_ISR.o)
                              .\CortexM0\ARM_GCC_541\Debug\main.o (BTN_ISR_Start)
.\CortexM0\ARM_GCC_541\Debug\AutomaticPetFeeder.a(ENC_ISR.o)
                              .\CortexM0\ARM_GCC_541\Debug\main.o (ENC_ISR_Start)
.\CortexM0\ARM_GCC_541\Debug\AutomaticPetFeeder.a(CyLib.o)
                              .\CortexM0\ARM_GCC_541\Debug\cyfitter_cfg.o (CyIntEnable)
.\CortexM0\ARM_GCC_541\Debug\AutomaticPetFeeder.a(CyLFClk.o)
                              .\CortexM0\ARM_GCC_541\Debug\AutomaticPetFeeder.a(CyLib.o) (CySysClkWcoEnabled)
.\CortexM0\ARM_GCC_541\Debug\AutomaticPetFeeder.a(I2C.o)
                              .\CortexM0\ARM_GCC_541\Debug\main.o (I2C_Start)
.\CortexM0\ARM_GCC_541\Debug\AutomaticPetFeeder.a(I2C_I2C.o)
                              .\CortexM0\ARM_GCC_541\Debug\AutomaticPetFeeder.a(I2C.o) (I2C_I2CInit)
.\CortexM0\ARM_GCC_541\Debug\AutomaticPetFeeder.a(I2C_I2C_MASTER.o)
                              .\CortexM0\ARM_GCC_541\Debug\LiquidCrystal_i2C.o (I2C_I2CMasterSendStart)
.\CortexM0\ARM_GCC_541\Debug\AutomaticPetFeeder.a(CyBootAsmGnu.o)
                              .\CortexM0\ARM_GCC_541\Debug\AutomaticPetFeeder.a(CyLib.o) (CyDelayCycles)
.\CortexM0\ARM_GCC_541\Debug\AutomaticPetFeeder.a(ENC.o)
                              .\CortexM0\ARM_GCC_541\Debug\AutomaticPetFeeder.a(ENC_ISR.o) (ENC_Read)
.\CortexM0\ARM_GCC_541\Debug\AutomaticPetFeeder.a(CyFlash.o)
                              .\CortexM0\ARM_GCC_541\Debug\AutomaticPetFeeder.a(CyLib.o) (CySysFlashSetWaitCycles)
.\CortexM0\ARM_GCC_541\Debug\AutomaticPetFeeder.a(I2C_I2C_INT.o)
                              .\CortexM0\ARM_GCC_541\Debug\AutomaticPetFeeder.a(I2C_I2C.o) (I2C_I2C_ISR)
c:/program files (x86)/cypress/psoc creator/4.4/psoc creator/import/gnu/arm/5.4.1/bin/../lib/gcc/arm-none-eabi/5.4.1/armv6-m\libgcc.a(_udivsi3.o)
                              .\CortexM0\ARM_GCC_541\Debug\main.o (__aeabi_uidiv)
c:/program files (x86)/cypress/psoc creator/4.4/psoc creator/import/gnu/arm/5.4.1/bin/../lib/gcc/arm-none-eabi/5.4.1/armv6-m\libgcc.a(_divsi3.o)
                              .\CortexM0\ARM_GCC_541\Debug\AutomaticPetFeeder.a(CyLFClk.o) (__aeabi_idiv)
c:/program files (x86)/cypress/psoc creator/4.4/psoc creator/import/gnu/arm/5.4.1/bin/../lib/gcc/arm-none-eabi/5.4.1/armv6-m\libgcc.a(_dvmd_tls.o)
                              c:/program files (x86)/cypress/psoc creator/4.4/psoc creator/import/gnu/arm/5.4.1/bin/../lib/gcc/arm-none-eabi/5.4.1/armv6-m\libgcc.a(_udivsi3.o) (__aeabi_idiv0)
c:/program files (x86)/cypress/psoc creator/4.4/psoc creator/import/gnu/arm/5.4.1/bin/../lib/gcc/arm-none-eabi/5.4.1/../../../../arm-none-eabi/lib/armv6-m\libg_nano.a(lib_a-errno.o)
                              .\CortexM0\ARM_GCC_541\Debug\Cm0Start.o (__errno)
c:/program files (x86)/cypress/psoc creator/4.4/psoc creator/import/gnu/arm/5.4.1/bin/../lib/gcc/arm-none-eabi/5.4.1/../../../../arm-none-eabi/lib/armv6-m\libg_nano.a(lib_a-exit.o)
                              c:/program files (x86)/cypress/psoc creator/4.4/psoc creator/import/gnu/arm/5.4.1/bin/../lib/gcc/arm-none-eabi/5.4.1/../../../../arm-none-eabi/lib/armv6-m/crt0.o (exit)
c:/program files (x86)/cypress/psoc creator/4.4/psoc creator/import/gnu/arm/5.4.1/bin/../lib/gcc/arm-none-eabi/5.4.1/../../../../arm-none-eabi/lib/armv6-m\libg_nano.a(lib_a-impure.o)
                              c:/program files (x86)/cypress/psoc creator/4.4/psoc creator/import/gnu/arm/5.4.1/bin/../lib/gcc/arm-none-eabi/5.4.1/../../../../arm-none-eabi/lib/armv6-m\libg_nano.a(lib_a-exit.o) (_global_impure_ptr)
c:/program files (x86)/cypress/psoc creator/4.4/psoc creator/import/gnu/arm/5.4.1/bin/../lib/gcc/arm-none-eabi/5.4.1/../../../../arm-none-eabi/lib/armv6-m\libg_nano.a(lib_a-init.o)
                              c:/program files (x86)/cypress/psoc creator/4.4/psoc creator/import/gnu/arm/5.4.1/bin/../lib/gcc/arm-none-eabi/5.4.1/../../../../arm-none-eabi/lib/armv6-m/crt0.o (__libc_init_array)
[...]
Memory Configuration

Name             Origin             Length             Attributes
rom              0x00000000         0x00020000         xr
ram              0x20000000         0x00004000         xrw
*default*        0x00000000         0xffffffff

Linker script and memory map

LOAD c:/program files (x86)/cypress/psoc creator/4.4/psoc creator/import/gnu/arm/5.4.1/bin/../lib/gcc/arm-none-eabi/5.4.1/armv6-m/crti.o
LOAD c:/program files (x86)/cypress/psoc creator/4.4/psoc creator/import/gnu/arm/5.4.1/bin/../lib/gcc/arm-none-eabi/5.4.1/armv6-m/crtbegin.o
LOAD c:/program files (x86)/cypress/psoc creator/4.4/psoc creator/import/gnu/arm/5.4.1/bin/../lib/gcc/arm-none-eabi/5.4.1/../../../../arm-none-eabi/lib/armv6-m/crt0.o
START GROUP
LOAD .\CortexM0\ARM_GCC_541\Debug\main.o
LOAD .\CortexM0\ARM_GCC_541\Debug\LiquidCrystal_i2C.o
LOAD .\CortexM0\ARM_GCC_541\Debug\cyfitter_cfg.o
LOAD .\CortexM0\ARM_GCC_541\Debug\cymetadata.o
LOAD .\CortexM0\ARM_GCC_541\Debug\Cm0Start.o
LOAD .\CortexM0\ARM_GCC_541\Debug\AutomaticPetFeeder.a
END GROUP
START GROUP
LOAD c:/program files (x86)/cypress/psoc creator/4.4/psoc creator/import/gnu/arm/5.4.1/bin/../lib/gcc/arm-none-eabi/5.4.1/armv6-m\libgcc.a
LOAD c:/program files (x86)/cypress/psoc creator/4.4/psoc creator/import/gnu/arm/5.4.1/bin/../lib/gcc/arm-none-eabi/5.4.1/../../../../arm-none-eabi/lib/armv6-m\libg_nano.a
LOAD c:/program files (x86)/cypress/psoc creator/4.4/psoc creator/import/gnu/arm/5.4.1/bin/../lib/gcc/arm-none-eabi/5.4.1/../../../../arm-none-eabi/lib/armv6-m\libc_nano.a
END GROUP
START GROUP
LOAD c:/program files (x86)/cypress/psoc creator/4.4/psoc creator/import/gnu/arm/5.4.1/bin/../lib/gcc/arm-none-eabi/5.4.1/armv6-m\libgcc.a
LOAD c:/program files (x86)/cypress/psoc creator/4.4/psoc creator/import/gnu/arm/5.4.1/bin/../lib/gcc/arm-none-eabi/5.4.1/../../../../arm-none-eabi/lib/armv6-m\libc_nano.a
END GROUP
LOAD c:/program files (x86)/cypress/psoc creator/4.4/psoc creator/import/gnu/arm/5.4.1/bin/../lib/gcc/arm-none-eabi/5.4.1/armv6-m/crtend.o
LOAD c:/program files (x86)/cypress/psoc creator/4.4/psoc creator/import/gnu/arm/5.4.1/bin/../lib/gcc/arm-none-eabi/5.4.1/armv6-m/crtn.o
START GROUP
LOAD c:/program files (x86)/cypress/psoc creator/4.4/psoc creator/import/gnu/arm/5.4.1/bin/../lib/gcc/arm-none-eabi/5.4.1/armv6-m\libgcc.a
LOAD c:/program files (x86)/cypress/psoc creator/4.4/psoc creator/import/gnu/arm/5.4.1/bin/../lib/gcc/arm-none-eabi/5.4.1/../../../../arm-none-eabi/lib/armv6-m\libc.a
LOAD c:/program files (x86)/cypress/psoc creator/4.4/psoc creator/import/gnu/arm/5.4.1/bin/../lib/gcc/arm-none-eabi/5.4.1/../../../../arm-none-eabi/lib/armv6-m\libnosys.a
END GROUP
                0x00000000                CY_APPL_ORIGIN = 0x0
                0x00000080                CY_FLASH_ROW_SIZE = 0x80
                0x00000001                CY_APPL_NUM = 0x1
                0x00000001                CY_APPL_MAX = 0x1
                0x00000040                CY_METADATA_SIZE = 0x40
                0x00000000                CY_APPL_LOADABLE = 0x0
                0x00000000                CY_CHECKSUM_EXCLUDE_SIZE = ALIGN (0x0, CY_FLASH_ROW_SIZE)
                0x00000000                CY_APP_FOR_STACK_AND_COPIER = 0x0
                [!provide]                PROVIDE (__cy_heap_start, _end)
                0x00000001                PROVIDE (__cy_region_num, ((__cy_regions_end - __cy_regions) / 0x10))
                0x20004000                PROVIDE (__cy_stack, (ORIGIN (ram) + LENGTH (ram)))
                [!provide]                PROVIDE (__cy_heap_end, (__cy_stack - 0x800))

.cybootloader   0x00000000        0x0
 *(.cybootloader)
                0x00000000                appl1_start = CY_APPL_ORIGIN?CY_APPL_ORIGIN:ALIGN (CY_FLASH_ROW_SIZE)
                0x0000ff80                appl2_start = (appl1_start + ALIGN ((((LENGTH (rom) - appl1_start) - (0x2 * CY_FLASH_ROW_SIZE)) / 0x2), CY_FLASH_ROW_SIZE))
                0x00000000                appl_start = (CY_APPL_NUM == 0x1)?appl1_start:appl2_start
                0x00000001                cy_project_type_bootloader = (appl_start == 0x0)?0x1:0x0
                0x00000000                cy_project_type_app_for_stack_and_copier = (CY_APP_FOR_STACK_AND_COPIER == 0x1)?0x1:0x0

.text           0x00000000     0x33a2
 CREATE_OBJECT_SYMBOLS
                0x00000000                PROVIDE (__cy_interrupt_vector, RomVectors)
 *(.romvectors)
 .romvectors    0x00000000       0x10 .\CortexM0\ARM_GCC_541\Debug\Cm0Start.o
                0x00000000                RomVectors
                0x00000001                ASSERT ((. != __cy_interrupt_vector), No interrupt vector)
                0x00000001                ASSERT (CY_APPL_ORIGIN?(SIZEOF (.cybootloader) <= CY_APPL_ORIGIN):0x1, Wrong image location)
                0x00000010                PROVIDE (__cy_reset, Reset)
 *(.text.Reset)
 .text.Reset    0x00000010        0x8 .\CortexM0\ARM_GCC_541\Debug\Cm0Start.o
                0x00000010                Reset
                0x00000001                ASSERT ((. != __cy_reset), No reset code)
 *(.psocinit)
 .psocinit      0x00000018      0x260 .\CortexM0\ARM_GCC_541\Debug\cyfitter_cfg.o
                0x000000d8                cyfitter_cfg
                0x00000278                . = MAX (., 0x100)
 *(.text .text.* .gnu.linkonce.t.*)
 .text          0x00000278       0x60 c:/program files (x86)/cypress/psoc creator/4.4/psoc creator/import/gnu/arm/5.4.1/bin/../lib/gcc/arm-none-eabi/5.4.1/armv6-m/crtbegin.o
 .text.MVCW     0x000002d8       0x64 .\CortexM0\ARM_GCC_541\Debug\main.o
                0x000002d8                MVCW
 .text.bcdToDec
                0x0000033c       0x14 .\CortexM0\ARM_GCC_541\Debug\main.o
                0x0000033c                bcdToDec
 .text.decToBcd
                0x00000350       0x1c .\CortexM0\ARM_GCC_541\Debug\main.o
                0x00000350                decToBcd
 .text.readFromAddr
                0x0000036c       0x40 .\CortexM0\ARM_GCC_541\Debug\main.o
                0x0000036c                readFromAddr
 .text.writeToAddr
                0x000003ac       0x20 .\CortexM0\ARM_GCC_541\Debug\main.o
                0x000003ac                writeToAddr
 .text.LCDInit  0x000003cc       0xb4 .\CortexM0\ARM_GCC_541\Debug\main.o
                0x000003cc                LCDInit
 .text.updateNextFeed
                0x00000480       0x68 .\CortexM0\ARM_GCC_541\Debug\main.o
                0x00000480                updateNextFeed
 .text.updateCurrTime
                0x000004e8       0x60 .\CortexM0\ARM_GCC_541\Debug\main.o
                0x000004e8                updateCurrTime
 .text.exitLCD  0x00000548       0xd4 .\CortexM0\ARM_GCC_541\Debug\main.o
                0x00000548                exitLCD
 .text.FEEEEED  0x0000061c       0xac .\CortexM0\ARM_GCC_541\Debug\main.o
                0x0000061c                FEEEEED
 .text.setGlobalTime
                0x000006c8      0x46c .\CortexM0\ARM_GCC_541\Debug\main.o
                0x000006c8                setGlobalTime
 .text.setFeedTimes
                0x00000b34      0x3c0 .\CortexM0\ARM_GCC_541\Debug\main.o
                0x00000b34                setFeedTimes
 .text.setAmountOfFood
                0x00000ef4       0xa0 .\CortexM0\ARM_GCC_541\Debug\main.o
                0x00000ef4                setAmountOfFood
 .text.toggleLEDs
                0x00000f94       0xc8 .\CortexM0\ARM_GCC_541\Debug\main.o
                0x00000f94                toggleLEDs
 .text.toggleSpeakers
                0x0000105c       0xc8 .\CortexM0\ARM_GCC_541\Debug\main.o
                0x0000105c                toggleSpeakers
 .text.startSettings
                0x00001124       0xf0 .\CortexM0\ARM_GCC_541\Debug\main.o
                0x00001124                startSettings
 .text.main     0x00001214      0x218 .\CortexM0\ARM_GCC_541\Debug\main.o
                0x00001214                main
 .text.LiquidCrystal_I2C_init
                0x0000142c       0x30 .\CortexM0\ARM_GCC_541\Debug\LiquidCrystal_i2C.o
                0x0000142c                LiquidCrystal_I2C_init
 .text.I2C_M_write_byte
                0x0000145c       0x1c .\CortexM0\ARM_GCC_541\Debug\LiquidCrystal_i2C.o
                0x0000145c                I2C_M_write_byte
 .text.expanderWrite
                0x00001478       0x1c .\CortexM0\ARM_GCC_541\Debug\LiquidCrystal_i2C.o
                0x00001478                expanderWrite
 .text.pulseEnable
                0x00001494       0x28 .\CortexM0\ARM_GCC_541\Debug\LiquidCrystal_i2C.o
                0x00001494                pulseEnable
 .text.write4bits
                0x000014bc       0x10 .\CortexM0\ARM_GCC_541\Debug\LiquidCrystal_i2C.o
                0x000014bc                write4bits
 .text.send     0x000014cc       0x24 .\CortexM0\ARM_GCC_541\Debug\LiquidCrystal_i2C.o
                0x000014cc                send
 .text.command  0x000014f0        0xc .\CortexM0\ARM_GCC_541\Debug\LiquidCrystal_i2C.o
                0x000014f0                command
 .text.clear    0x000014fc       0x10 .\CortexM0\ARM_GCC_541\Debug\LiquidCrystal_i2C.o
                0x000014fc                clear
 .text.home     0x0000150c       0x10 .\CortexM0\ARM_GCC_541\Debug\LiquidCrystal_i2C.o
                0x0000150c                home
 .text.setCursor
                0x0000151c       0x40 .\CortexM0\ARM_GCC_541\Debug\LiquidCrystal_i2C.o
                0x0000151c                setCursor
 .text.display  0x0000155c       0x20 .\CortexM0\ARM_GCC_541\Debug\LiquidCrystal_i2C.o
                0x0000155c                display
 .text.write    0x0000157c        0xc .\CortexM0\ARM_GCC_541\Debug\LiquidCrystal_i2C.o
                0x0000157c                write
 .text.LCD_print
                0x00001588       0x20 .\CortexM0\ARM_GCC_541\Debug\LiquidCrystal_i2C.o
                0x00001588                LCD_print
 .text.LCDBegin
                0x000015a8       0xb8 .\CortexM0\ARM_GCC_541\Debug\LiquidCrystal_i2C.o
                0x000015a8                LCDBegin
 .text.cfg_write_bytes32
                0x00001660       0x34 .\CortexM0\ARM_GCC_541\Debug\cyfitter_cfg.o
 .text.AnalogSetDefault
                0x00001694       0x20 .\CortexM0\ARM_GCC_541\Debug\cyfitter_cfg.o
 .text.CYMEMZERO
                0x000016b4        0xc .\CortexM0\ARM_GCC_541\Debug\cyfitter_cfg.o
 .text.IntDefaultHandler
                0x000016c0       0x10 .\CortexM0\ARM_GCC_541\Debug\Cm0Start.o
                0x000016c0                IntDefaultHandler
 .text._sbrk    0x000016d0       0x30 .\CortexM0\ARM_GCC_541\Debug\Cm0Start.o
                0x000016d0                _sbrk
 .text.Start_c  0x00001700       0x48 .\CortexM0\ARM_GCC_541\Debug\Cm0Start.o
                0x00001700                Start_c
 .text.initialize_psoc
                0x00001748       0x4c .\CortexM0\ARM_GCC_541\Debug\Cm0Start.o
                0x00001748                initialize_psoc
 .text.BTN_Read
                0x00001794       0x10 .\CortexM0\ARM_GCC_541\Debug\AutomaticPetFeeder.a(BTN.o)
                0x00001794                BTN_Read
 .text.BTN_ClearInterrupt
                0x000017a4       0x14 .\CortexM0\ARM_GCC_541\Debug\AutomaticPetFeeder.a(BTN.o)
                0x000017a4                BTN_ClearInterrupt
 .text.LED_PWM_Stop
                0x000017b8       0x1c .\CortexM0\ARM_GCC_541\Debug\AutomaticPetFeeder.a(LED_PWM.o)
                0x000017b8                LED_PWM_Stop
 .text.LED_PWM_WriteCounter
                0x000017d4       0x10 .\CortexM0\ARM_GCC_541\Debug\AutomaticPetFeeder.a(LED_PWM.o)
                0x000017d4                LED_PWM_WriteCounter
 .text.LED_PWM_WritePeriod
                0x000017e4       0x10 .\CortexM0\ARM_GCC_541\Debug\AutomaticPetFeeder.a(LED_PWM.o)
                0x000017e4                LED_PWM_WritePeriod
 .text.LED_PWM_WriteCompare
                0x000017f4       0x10 .\CortexM0\ARM_GCC_541\Debug\AutomaticPetFeeder.a(LED_PWM.o)
                0x000017f4                LED_PWM_WriteCompare
 .text.LED_PWM_TriggerCommand
                0x00001804       0x1c .\CortexM0\ARM_GCC_541\Debug\AutomaticPetFeeder.a(LED_PWM.o)
                0x00001804                LED_PWM_TriggerCommand
 .text.LED_PWM_Enable
                0x00001820       0x24 .\CortexM0\ARM_GCC_541\Debug\AutomaticPetFeeder.a(LED_PWM.o)
                0x00001820                LED_PWM_Enable
 .text.LED_PWM_SetInterruptMode
                0x00001844        0xc .\CortexM0\ARM_GCC_541\Debug\AutomaticPetFeeder.a(LED_PWM.o)
                0x00001844                LED_PWM_SetInterruptMode
 .text.LED_PWM_Init
                0x00001850       0x4c .\CortexM0\ARM_GCC_541\Debug\AutomaticPetFeeder.a(LED_PWM.o)
                0x00001850                LED_PWM_Init
 .text.LED_PWM_Start
                0x0000189c       0x20 .\CortexM0\ARM_GCC_541\Debug\AutomaticPetFeeder.a(LED_PWM.o)
                0x0000189c                LED_PWM_Start
 .text.SPEAKER_PWM_Stop
                0x000018bc       0x1c .\CortexM0\ARM_GCC_541\Debug\AutomaticPetFeeder.a(SPEAKER_PWM.o)
                0x000018bc                SPEAKER_PWM_Stop
 .text.SPEAKER_PWM_WriteCounter
                0x000018d8       0x10 .\CortexM0\ARM_GCC_541\Debug\AutomaticPetFeeder.a(SPEAKER_PWM.o)
                0x000018d8                SPEAKER_PWM_WriteCounter
 .text.SPEAKER_PWM_WritePeriod
                0x000018e8       0x10 .\CortexM0\ARM_GCC_541\Debug\AutomaticPetFeeder.a(SPEAKER_PWM.o)
                0x000018e8                SPEAKER_PWM_WritePeriod
 .text.SPEAKER_PWM_WriteCompare
                0x000018f8       0x10 .\CortexM0\ARM_GCC_541\Debug\AutomaticPetFeeder.a(SPEAKER_PWM.o)
                0x000018f8                SPEAKER_PWM_WriteCompare
 .text.SPEAKER_PWM_TriggerCommand
                0x00001908       0x1c .\CortexM0\ARM_GCC_541\Debug\AutomaticPetFeeder.a(SPEAKER_PWM.o)
                0x00001908                SPEAKER_PWM_TriggerCommand
 .text.SPEAKER_PWM_Enable
                0x00001924       0x24 .\CortexM0\ARM_GCC_541\Debug\AutomaticPetFeeder.a(SPEAKER_PWM.o)
                0x00001924                SPEAKER_PWM_Enable
 .text.SPEAKER_PWM_SetInterruptMode
                0x00001948        0xc .\CortexM0\ARM_GCC_541\Debug\AutomaticPetFeeder.a(SPEAKER_PWM.o)
                0x00001948                SPEAKER_PWM_SetInterruptMode
 .text.SPEAKER_PWM_Init
                0x00001954       0x4c .\CortexM0\ARM_GCC_541\Debug\AutomaticPetFeeder.a(SPEAKER_PWM.o)
                0x00001954                SPEAKER_PWM_Init
 .text.SPEAKER_PWM_Start
                0x000019a0       0x20 .\CortexM0\ARM_GCC_541\Debug\AutomaticPetFeeder.a(SPEAKER_PWM.o)
                0x000019a0                SPEAKER_PWM_Start
 .text.LED_SEL_Write
                0x000019c0        0xc .\CortexM0\ARM_GCC_541\Debug\AutomaticPetFeeder.a(LED_SEL.o)
                0x000019c0                LED_SEL_Write
 .text.Motor_Write
                0x000019cc        0xc .\CortexM0\ARM_GCC_541\Debug\AutomaticPetFeeder.a(Motor.o)
                0x000019cc                Motor_Write
 .text.BTN_ISR_Interrupt
                0x000019d8       0x28 .\CortexM0\ARM_GCC_541\Debug\AutomaticPetFeeder.a(BTN_ISR.o)
                0x000019d8                BTN_ISR_Interrupt
 .text.BTN_ISR_SetVector
                0x00001a00        0xc .\CortexM0\ARM_GCC_541\Debug\AutomaticPetFeeder.a(BTN_ISR.o)
                0x00001a00                BTN_ISR_SetVector
 .text.BTN_ISR_SetPriority
                0x00001a0c       0x20 .\CortexM0\ARM_GCC_541\Debug\AutomaticPetFeeder.a(BTN_ISR.o)
                0x00001a0c                BTN_ISR_SetPriority
 .text.BTN_ISR_Enable
                0x00001a2c        0xc .\CortexM0\ARM_GCC_541\Debug\AutomaticPetFeeder.a(BTN_ISR.o)
                0x00001a2c                BTN_ISR_Enable
 .text.BTN_ISR_Disable
                0x00001a38        0xc .\CortexM0\ARM_GCC_541\Debug\AutomaticPetFeeder.a(BTN_ISR.o)
                0x00001a38                BTN_ISR_Disable
 .text.BTN_ISR_Start
                0x00001a44       0x1c .\CortexM0\ARM_GCC_541\Debug\AutomaticPetFeeder.a(BTN_ISR.o)
                0x00001a44                BTN_ISR_Start
 .text.ENC_ISR_Interrupt
                0x00001a60       0x9c .\CortexM0\ARM_GCC_541\Debug\AutomaticPetFeeder.a(ENC_ISR.o)
                0x00001a60                ENC_ISR_Interrupt
 .text.ENC_ISR_SetVector
                0x00001afc        0xc .\CortexM0\ARM_GCC_541\Debug\AutomaticPetFeeder.a(ENC_ISR.o)
                0x00001afc                ENC_ISR_SetVector
 .text.ENC_ISR_SetPriority
                0x00001b08       0x20 .\CortexM0\ARM_GCC_541\Debug\AutomaticPetFeeder.a(ENC_ISR.o)
                0x00001b08                ENC_ISR_SetPriority
 .text.ENC_ISR_Enable
                0x00001b28        0xc .\CortexM0\ARM_GCC_541\Debug\AutomaticPetFeeder.a(ENC_ISR.o)
                0x00001b28                ENC_ISR_Enable
 .text.ENC_ISR_Disable
                0x00001b34        0xc .\CortexM0\ARM_GCC_541\Debug\AutomaticPetFeeder.a(ENC_ISR.o)
                0x00001b34                ENC_ISR_Disable
 .text.ENC_ISR_Start
                0x00001b40       0x1c .\CortexM0\ARM_GCC_541\Debug\AutomaticPetFeeder.a(ENC_ISR.o)
                0x00001b40                ENC_ISR_Start
 .text.CySysClkImoDisableWcoLock
                0x00001b5c       0x54 .\CortexM0\ARM_GCC_541\Debug\AutomaticPetFeeder.a(CyLib.o)
                0x00001b5c                CySysClkImoDisableWcoLock
 .text.CySysClkImoGetWcoLock
                0x00001bb0       0x14 .\CortexM0\ARM_GCC_541\Debug\AutomaticPetFeeder.a(CyLib.o)
                0x00001bb0                CySysClkImoGetWcoLock
 .text.CyIntEnable
                0x00001bc4       0x14 .\CortexM0\ARM_GCC_541\Debug\AutomaticPetFeeder.a(CyLib.o)
                0x00001bc4                CyIntEnable
 .text.CyIntDisable
                0x00001bd8       0x14 .\CortexM0\ARM_GCC_541\Debug\AutomaticPetFeeder.a(CyLib.o)
                0x00001bd8                CyIntDisable
 .text.CyHalt   0x00001bec        0x4 .\CortexM0\ARM_GCC_541\Debug\AutomaticPetFeeder.a(CyLib.o)
                0x00001bec                CyHalt
 .text.CyIntSetVector
                0x00001bf0       0x24 .\CortexM0\ARM_GCC_541\Debug\AutomaticPetFeeder.a(CyLib.o)
                0x00001bf0                CyIntSetVector
 .text.CyIntSetPriority
                0x00001c14       0x4c .\CortexM0\ARM_GCC_541\Debug\AutomaticPetFeeder.a(CyLib.o)
                0x00001c14                CyIntSetPriority
 .text.CyDelay  0x00001c60       0x30 .\CortexM0\ARM_GCC_541\Debug\AutomaticPetFeeder.a(CyLib.o)
                0x00001c60                CyDelay
 .text.CySysClkImoEnableWcoLock
                0x00001c90       0xf4 .\CortexM0\ARM_GCC_541\Debug\AutomaticPetFeeder.a(CyLib.o)
                0x00001c90                CySysClkImoEnableWcoLock
 .text.CySysClkWriteImoFreq
                0x00001d84       0x80 .\CortexM0\ARM_GCC_541\Debug\AutomaticPetFeeder.a(CyLib.o)
                0x00001d84                CySysClkWriteImoFreq
 .text.CyDelayUs
                0x00001e04       0x14 .\CortexM0\ARM_GCC_541\Debug\AutomaticPetFeeder.a(CyLib.o)
                0x00001e04                CyDelayUs
 .text.CySysWdtLocked
                0x00001e18       0x14 .\CortexM0\ARM_GCC_541\Debug\AutomaticPetFeeder.a(CyLFClk.o)
 .text.CySysClkWcoEnabled
                0x00001e2c       0x14 .\CortexM0\ARM_GCC_541\Debug\AutomaticPetFeeder.a(CyLFClk.o)
                0x00001e2c                CySysClkWcoEnabled
 .text.CySysWdtLock
                0x00001e40       0x1c .\CortexM0\ARM_GCC_541\Debug\AutomaticPetFeeder.a(CyLFClk.o)
                0x00001e40                CySysWdtLock
 .text.CySysWdtUnlock
                0x00001e5c       0x30 .\CortexM0\ARM_GCC_541\Debug\AutomaticPetFeeder.a(CyLFClk.o)
                0x00001e5c                CySysWdtUnlock
 .text.CySysWdtClearInterrupt
                0x00001e8c       0x4c .\CortexM0\ARM_GCC_541\Debug\AutomaticPetFeeder.a(CyLFClk.o)
                0x00001e8c                CySysWdtClearInterrupt
 .text.CySysWdtIsr
                0x00001ed8       0xa4 .\CortexM0\ARM_GCC_541\Debug\AutomaticPetFeeder.a(CyLFClk.o)
                0x00001ed8                CySysWdtIsr
 .text.I2C_ScbEnableIntr
                0x00001f7c        0xc .\CortexM0\ARM_GCC_541\Debug\AutomaticPetFeeder.a(I2C.o)
 .text.I2C_Init
                0x00001f88        0x8 .\CortexM0\ARM_GCC_541\Debug\AutomaticPetFeeder.a(I2C.o)
                0x00001f88                I2C_Init
 .text.I2C_Enable
                0x00001f90       0x18 .\CortexM0\ARM_GCC_541\Debug\AutomaticPetFeeder.a(I2C.o)
                0x00001f90                I2C_Enable
 .text.I2C_Start
                0x00001fa8       0x20 .\CortexM0\ARM_GCC_541\Debug\AutomaticPetFeeder.a(I2C.o)
                0x00001fa8                I2C_Start
 .text.I2C_I2CInit
                0x00001fc8       0xb8 .\CortexM0\ARM_GCC_541\Debug\AutomaticPetFeeder.a(I2C_I2C.o)
                0x00001fc8                I2C_I2CInit
 .text.I2C_I2CFwBlockReset
                0x00002080       0x5c .\CortexM0\ARM_GCC_541\Debug\AutomaticPetFeeder.a(I2C_I2C.o)
                0x00002080                I2C_I2CFwBlockReset
 .text.I2C_I2CMasterWaitOneUnit
                0x000020dc       0x28 .\CortexM0\ARM_GCC_541\Debug\AutomaticPetFeeder.a(I2C_I2C_MASTER.o)
 .text.I2C_I2CMasterHandleStatus
                0x00002104       0xc4 .\CortexM0\ARM_GCC_541\Debug\AutomaticPetFeeder.a(I2C_I2C_MASTER.o)
 .text.I2C_I2CMasterSendStart
                0x000021c8       0xc4 .\CortexM0\ARM_GCC_541\Debug\AutomaticPetFeeder.a(I2C_I2C_MASTER.o)
                0x000021c8                I2C_I2CMasterSendStart
 .text.I2C_I2CMasterSendStop
                0x0000228c       0x58 .\CortexM0\ARM_GCC_541\Debug\AutomaticPetFeeder.a(I2C_I2C_MASTER.o)
                0x0000228c                I2C_I2CMasterSendStop
 .text.I2C_I2CMasterWriteByte
                0x000022e4       0x48 .\CortexM0\ARM_GCC_541\Debug\AutomaticPetFeeder.a(I2C_I2C_MASTER.o)
                0x000022e4                I2C_I2CMasterWriteByte
 .text.I2C_I2CMasterStatus
                0x0000232c       0x30 .\CortexM0\ARM_GCC_541\Debug\AutomaticPetFeeder.a(I2C_I2C_MASTER.o)
                0x0000232c                I2C_I2CMasterStatus
 .text.I2C_I2CMasterClearStatus
                0x0000235c       0x20 .\CortexM0\ARM_GCC_541\Debug\AutomaticPetFeeder.a(I2C_I2C_MASTER.o)
                0x0000235c                I2C_I2CMasterClearStatus
 .text.I2C_I2CReStartGeneration
                0x0000237c       0x20 .\CortexM0\ARM_GCC_541\Debug\AutomaticPetFeeder.a(I2C_I2C_MASTER.o)
                0x0000237c                I2C_I2CReStartGeneration
 .text.I2C_I2CMasterWriteBuf
                0x0000239c       0xf8 .\CortexM0\ARM_GCC_541\Debug\AutomaticPetFeeder.a(I2C_I2C_MASTER.o)
                0x0000239c                I2C_I2CMasterWriteBuf
 .text.I2C_I2CMasterReadBuf
                0x00002494      0x108 .\CortexM0\ARM_GCC_541\Debug\AutomaticPetFeeder.a(I2C_I2C_MASTER.o)
                0x00002494                I2C_I2CMasterReadBuf
 *fill*         0x0000259c        0x4 
 .text          0x000025a0       0x20 .\CortexM0\ARM_GCC_541\Debug\AutomaticPetFeeder.a(CyBootAsmGnu.o)
                0x000025a0                CyDelayCycles
                0x000025b2                CyEnterCriticalSection
                0x000025ba                CyExitCriticalSection
 .text.ENC_Read
                0x000025c0       0x10 .\CortexM0\ARM_GCC_541\Debug\AutomaticPetFeeder.a(ENC.o)
                0x000025c0                ENC_Read
 .text.ENC_ClearInterrupt
                0x000025d0       0x10 .\CortexM0\ARM_GCC_541\Debug\AutomaticPetFeeder.a(ENC.o)
                0x000025d0                ENC_ClearInterrupt
 .text.CySysFlashSetWaitCycles
                0x000025e0       0x54 .\CortexM0\ARM_GCC_541\Debug\AutomaticPetFeeder.a(CyFlash.o)
                0x000025e0                CySysFlashSetWaitCycles
 .text.I2C_I2C_ISR
                0x00002634      0x340 .\CortexM0\ARM_GCC_541\Debug\AutomaticPetFeeder.a(I2C_I2C_INT.o)
                0x00002634                I2C_I2C_ISR
 .text          0x00002974      0x114 c:/program files (x86)/cypress/psoc creator/4.4/psoc creator/import/gnu/arm/5.4.1/bin/../lib/gcc/arm-none-eabi/5.4.1/armv6-m\libgcc.a(_udivsi3.o)
                0x00002974                __aeabi_uidiv
                0x00002974                __udivsi3
                0x00002a80                __aeabi_uidivmod
 .text          0x00002a88        0x4 c:/program files (x86)/cypress/psoc creator/4.4/psoc creator/import/gnu/arm/5.4.1/bin/../lib/gcc/arm-none-eabi/5.4.1/armv6-m\libgcc.a(_dvmd_tls.o)
                0x00002a88                __aeabi_idiv0
                0x00002a88                __aeabi_ldiv0
 .text.__errno  0x00002a8c        0xc c:/program files (x86)/cypress/psoc creator/4.4/psoc creator/import/gnu/arm/5.4.1/bin/../lib/gcc/arm-none-eabi/5.4.1/../../../../arm-none-eabi/lib/armv6-m\libg_nano.a(lib_a-errno.o)
                0x00002a8c                __errno
 .text.__libc_init_array
                0x00002a98       0x4c c:/program files (x86)/cypress/psoc creator/4.4/psoc creator/import/gnu/arm/5.4.1/bin/../lib/gcc/arm-none-eabi/5.4.1/../../../../arm-none-eabi/lib/armv6-m\libg_nano.a(lib_a-init.o)
                0x00002a98                __libc_init_array
 .text.memcpy   0x00002ae4       0x12 c:/program files (x86)/cypress/psoc creator/4.4/psoc creator/import/gnu/arm/5.4.1/bin/../lib/gcc/arm-none-eabi/5.4.1/../../../../arm-none-eabi/lib/armv6-m\libg_nano.a(lib_a-memcpy-stub.o)
                0x00002ae4                memcpy
 .text.memset   0x00002af6       0x10 c:/program files (x86)/cypress/psoc creator/4.4/psoc creator/import/gnu/arm/5.4.1/bin/../lib/gcc/arm-none-eabi/5.4.1/../../../../arm-none-eabi/lib/armv6-m\libg_nano.a(lib_a-memset.o)
                0x00002af6                memset
 *fill*         0x00002b06        0x2 
 .text.snprintf
                0x00002b08       0x64 c:/program files (x86)/cypress/psoc creator/4.4/psoc creator/import/gnu/arm/5.4.1/bin/../lib/gcc/arm-none-eabi/5.4.1/../../../../arm-none-eabi/lib/armv6-m\libg_nano.a(lib_a-snprintf.o)
                0x00002b08                sniprintf
                0x00002b08                snprintf
 .text          0x00002b6c        0xe c:/program files (x86)/cypress/psoc creator/4.4/psoc creator/import/gnu/arm/5.4.1/bin/../lib/gcc/arm-none-eabi/5.4.1/../../../../arm-none-eabi/lib/armv6-m\libg_nano.a(lib_a-strlen.o)
                0x00002b6c                strlen
 .text.strncmp  0x00002b7a       0x24 c:/program files (x86)/cypress/psoc creator/4.4/psoc creator/import/gnu/arm/5.4.1/bin/../lib/gcc/arm-none-eabi/5.4.1/../../../../arm-none-eabi/lib/armv6-m\libg_nano.a(lib_a-strncmp.o)
                0x00002b7a                strncmp
 *fill*         0x00002b9e        0x2 
 .text.__ssputs_r
                0x00002ba0       0xc4 c:/program files (x86)/cypress/psoc creator/4.4/psoc creator/import/gnu/arm/5.4.1/bin/../lib/gcc/arm-none-eabi/5.4.1/../../../../arm-none-eabi/lib/armv6-m\libg_nano.a(lib_a-nano-svfprintf.o)
                0x00002ba0                __ssputs_r
 .text._svfprintf_r
                0x00002c64      0x1fc c:/program files (x86)/cypress/psoc creator/4.4/psoc creator/import/gnu/arm/5.4.1/bin/../lib/gcc/arm-none-eabi/5.4.1/../../../../arm-none-eabi/lib/armv6-m\libg_nano.a(lib_a-nano-svfprintf.o)
                0x00002c64                _svfiprintf_r
                0x00002c64                _svfprintf_r
 .text._printf_common
                0x00002e60       0xdc c:/program files (x86)/cypress/psoc creator/4.4/psoc creator/import/gnu/arm/5.4.1/bin/../lib/gcc/arm-none-eabi/5.4.1/../../../../arm-none-eabi/lib/armv6-m\libg_nano.a(lib_a-nano-vfprintf_i.o)
                0x00002e60                _printf_common
 .text._printf_i
                0x00002f3c      0x244 c:/program files (x86)/cypress/psoc creator/4.4/psoc creator/import/gnu/arm/5.4.1/bin/../lib/gcc/arm-none-eabi/5.4.1/../../../../arm-none-eabi/lib/armv6-m\libg_nano.a(lib_a-nano-vfprintf_i.o)
                0x00002f3c                _printf_i
 .text.memchr   0x00003180       0x16 c:/program files (x86)/cypress/psoc creator/4.4/psoc creator/import/gnu/arm/5.4.1/bin/../lib/gcc/arm-none-eabi/5.4.1/../../../../arm-none-eabi/lib/armv6-m\libg_nano.a(lib_a-memchr-stub.o)
                0x00003180                memchr
 .text.memmove  0x00003196       0x2a c:/program files (x86)/cypress/psoc creator/4.4/psoc creator/import/gnu/arm/5.4.1/bin/../lib/gcc/arm-none-eabi/5.4.1/../../../../arm-none-eabi/lib/armv6-m\libg_nano.a(lib_a-memmove.o)
                0x00003196                memmove
 .text._free_r  0x000031c0       0x98 c:/program files (x86)/cypress/psoc creator/4.4/psoc creator/import/gnu/arm/5.4.1/bin/../lib/gcc/arm-none-eabi/5.4.1/../../../../arm-none-eabi/lib/armv6-m\libg_nano.a(lib_a-nano-freer.o)
                0x000031c0                _free_r
 .text._malloc_r
                0x00003258       0xc0 c:/program files (x86)/cypress/psoc creator/4.4/psoc creator/import/gnu/arm/5.4.1/bin/../lib/gcc/arm-none-eabi/5.4.1/../../../../arm-none-eabi/lib/armv6-m\libg_nano.a(lib_a-nano-mallocr.o)
                0x00003258                _malloc_r
 .text._realloc_r
                0x00003318       0x4c c:/program files (x86)/cypress/psoc creator/4.4/psoc creator/import/gnu/arm/5.4.1/bin/../lib/gcc/arm-none-eabi/5.4.1/../../../../arm-none-eabi/lib/armv6-m\libg_nano.a(lib_a-nano-reallocr.o)
                0x00003318                _realloc_r
 .text._sbrk_r  0x00003364       0x24 c:/program files (x86)/cypress/psoc creator/4.4/psoc creator/import/gnu/arm/5.4.1/bin/../lib/gcc/arm-none-eabi/5.4.1/../../../../arm-none-eabi/lib/armv6-m\libg_nano.a(lib_a-sbrkr.o)
                0x00003364                _sbrk_r
 .text.__malloc_lock
                0x00003388        0x2 c:/program files (x86)/cypress/psoc creator/4.4/psoc creator/import/gnu/arm/5.4.1/bin/../lib/gcc/arm-none-eabi/5.4.1/../../../../arm-none-eabi/lib/armv6-m\libg_nano.a(lib_a-mlock.o)
                0x00003388                __malloc_lock
 .text.__malloc_unlock
                0x0000338a        0x2 c:/program files (x86)/cypress/psoc creator/4.4/psoc creator/import/gnu/arm/5.4.1/bin/../lib/gcc/arm-none-eabi/5.4.1/../../../../arm-none-eabi/lib/armv6-m\libg_nano.a(lib_a-mlock.o)
                0x0000338a                __malloc_unlock
 .text._malloc_usable_size_r
                0x0000338c       0x16 c:/program files (x86)/cypress/psoc creator/4.4/psoc creator/import/gnu/arm/5.4.1/bin/../lib/gcc/arm-none-eabi/5.4.1/../../../../arm-none-eabi/lib/armv6-m\libg_nano.a(lib_a-nano-msizer.o)
                0x0000338c                _malloc_usable_size_r
 *(.plt)
 *(.gnu.warning)
 *(.glue_7t)
 .glue_7t       0x000033a2        0x0 linker stubs
 *(.glue_7)
 .glue_7        0x000033a2        0x0 linker stubs
 *(.vfp11_veneer)
 .vfp11_veneer  0x000033a2        0x0 linker stubs
 *(.bootloader)
 *(.ARM.extab* .gnu.linkonce.armextab.*)
 *(.gcc_except_table)

.v4_bx          0x000033a4        0x0
 .v4_bx         0x000033a4        0x0 linker stubs

.iplt           0x000033a4        0x0
 .iplt          0x000033a4        0x0 c:/program files (x86)/cypress/psoc creator/4.4/psoc creator/import/gnu/arm/5.4.1/bin/../lib/gcc/arm-none-eabi/5.4.1/armv6-m/crtbegin.o

.eh_frame_hdr
 *(.eh_frame_hdr)

.eh_frame       0x000033a4        0x4
 *(.eh_frame)
 .eh_frame      0x000033a4        0x0 c:/program files (x86)/cypress/psoc creator/4.4/psoc creator/import/gnu/arm/5.4.1/bin/../lib/gcc/arm-none-eabi/5.4.1/armv6-m/crtbegin.o
 .eh_frame      0x000033a4        0x4 c:/program files (x86)/cypress/psoc creator/4.4/psoc creator/import/gnu/arm/5.4.1/bin/../lib/gcc/arm-none-eabi/5.4.1/armv6-m/crtend.o
                [!provide]                PROVIDE (__exidx_start, .)

.ARM.exidx
 *(.ARM.exidx* .gnu.linkonce.armexidx.*)
                0x000033a8                __exidx_end = .

.rodata         0x000033a8      0x4d8
 *(.rodata .rodata.* .gnu.linkonce.r.*)
 .rodata        0x000033a8       0x94 .\CortexM0\ARM_GCC_541\Debug\main.o
                0x000033e8                ramAddr
                0x000033ec                RTCAddr
                0x000033f0                LCDAddr
                0x000033f4                ram
 .rodata.str1.4
                0x0000343c      0x2e0 .\CortexM0\ARM_GCC_541\Debug\main.o
 .rodata        0x0000371c       0x10 .\CortexM0\ARM_GCC_541\Debug\LiquidCrystal_i2C.o
 .rodata        0x0000372c       0xbc .\CortexM0\ARM_GCC_541\Debug\cyfitter_cfg.o
 .rodata        0x000037e8       0x2e .\CortexM0\ARM_GCC_541\Debug\AutomaticPetFeeder.a(CyLib.o)
                0x000037e8                cyImoFreqMhz2Reg
 .rodata.str1.1
                0x00003816        0x2 c:/program files (x86)/cypress/psoc creator/4.4/psoc creator/import/gnu/arm/5.4.1/bin/../lib/gcc/arm-none-eabi/5.4.1/../../../../arm-none-eabi/lib/armv6-m\libg_nano.a(lib_a-impure.o)
 .rodata.str1.1
                0x00003818       0x11 c:/program files (x86)/cypress/psoc creator/4.4/psoc creator/import/gnu/arm/5.4.1/bin/../lib/gcc/arm-none-eabi/5.4.1/../../../../arm-none-eabi/lib/armv6-m\libg_nano.a(lib_a-nano-svfprintf.o)
 .rodata.str1.1
                0x00003829       0x22 c:/program files (x86)/cypress/psoc creator/4.4/psoc creator/import/gnu/arm/5.4.1/bin/../lib/gcc/arm-none-eabi/5.4.1/../../../../arm-none-eabi/lib/armv6-m\libg_nano.a(lib_a-nano-vfprintf_i.o)
                0x0000384c                . = ALIGN (0x4)
 *fill*         0x0000384b        0x1 
 *(.init)
 .init          0x0000384c        0x4 c:/program files (x86)/cypress/psoc creator/4.4/psoc creator/import/gnu/arm/5.4.1/bin/../lib/gcc/arm-none-eabi/5.4.1/armv6-m/crti.o
                0x0000384c                _init
 .init          0x00003850        0x8 c:/program files (x86)/cypress/psoc creator/4.4/psoc creator/import/gnu/arm/5.4.1/bin/../lib/gcc/arm-none-eabi/5.4.1/armv6-m/crtn.o
                0x00003858                . = ALIGN (0x4)
                0x00003858                __preinit_array_start = .
 *(.preinit_array)
                0x00003858                __preinit_array_end = .
                0x00003858                . = ALIGN (0x4)
                0x00003858                __init_array_start = .
 *(SORT(.init_array.*))
 *(.init_array)
 .init_array    0x00003858        0x4 c:/program files (x86)/cypress/psoc creator/4.4/psoc creator/import/gnu/arm/5.4.1/bin/../lib/gcc/arm-none-eabi/5.4.1/armv6-m/crtbegin.o
 .init_array    0x0000385c        0x4 .\CortexM0\ARM_GCC_541\Debug\Cm0Start.o
                0x00003860                __init_array_end = .
                0x00003860                . = ALIGN (0x4)
 *(.fini)
 .fini          0x00003860        0x4 c:/program files (x86)/cypress/psoc creator/4.4/psoc creator/import/gnu/arm/5.4.1/bin/../lib/gcc/arm-none-eabi/5.4.1/armv6-m/crti.o
                0x00003860                _fini
 .fini          0x00003864        0x8 c:/program files (x86)/cypress/psoc creator/4.4/psoc creator/import/gnu/arm/5.4.1/bin/../lib/gcc/arm-none-eabi/5.4.1/armv6-m/crtn.o
                0x0000386c                . = ALIGN (0x4)
                0x0000386c                __fini_array_start = .
 *(.fini_array)
 .fini_array    0x0000386c        0x4 c:/program files (x86)/cypress/psoc creator/4.4/psoc creator/import/gnu/arm/5.4.1/bin/../lib/gcc/arm-none-eabi/5.4.1/armv6-m/crtbegin.o
 *(SORT(.fini_array.*))
                0x00003870                __fini_array_end = .
                0x00003870                . = ALIGN (0x4)
 *crtbegin.o(.ctors)
 *(EXCLUDE_FILE(*crtend.o) .ctors)
 *(SORT(.ctors.*))
 *crtend.o(.ctors)
                0x00003870                . = ALIGN (0x4)
 *crtbegin.o(.dtors)
 *(EXCLUDE_FILE(*crtend.o) .dtors)
 *(SORT(.dtors.*))
 *crtend.o(.dtors)
                0x00003870                . = ALIGN (0x4)
                0x00003870                __cy_regions = .
                0x00003870        0x4 LONG 0x3880 __cy_region_init_ram
                0x00003874        0x4 LONG 0x200000c0 __cy_region_start_data
                0x00003878        0x4 LONG 0x140 __cy_region_init_size_ram
                0x0000387c        0x4 LONG 0x90 __cy_region_zero_size_ram
                0x00003880                __cy_regions_end = .
                0x00003880                . = ALIGN (0x8)
                0x00003880                _etext = .

.cy_checksum_exclude
                0x00003880        0x0
 *(.cy_checksum_exclude)

.ramvectors     0x20000000       0xc0
                0x20000000                __cy_region_start_ram = .
 *(.ramvectors)
 .ramvectors    0x20000000       0xc0 .\CortexM0\ARM_GCC_541\Debug\Cm0Start.o
                0x20000000                CyRamVectors

.noinit
 *(.noinit)

.data           0x200000c0      0x140 load address 0x00003880
                0x200000c0                __cy_region_start_data = .
 *(.jcr)
 .jcr           0x200000c0        0x0 c:/program files (x86)/cypress/psoc creator/4.4/psoc creator/import/gnu/arm/5.4.1/bin/../lib/gcc/arm-none-eabi/5.4.1/armv6-m/crtbegin.o
 .jcr           0x200000c0        0x4 c:/program files (x86)/cypress/psoc creator/4.4/psoc creator/import/gnu/arm/5.4.1/bin/../lib/gcc/arm-none-eabi/5.4.1/armv6-m/crtend.o
 *(.got.plt)
 *(.got)
 *(.shdata)
 *(.data .data.* .gnu.linkonce.d.*)
 .data          0x200000c4       0xb8 .\CortexM0\ARM_GCC_541\Debug\main.o
                0x200000c4                motorDelay
                0x200000c8                rtc
                0x200000d8                feedTimes
                0x20000128                months
                0x20000158                motor
                0x2000015c                feedSteps
                0x20000160                speakerToggle
                0x20000161                LEDToggle
                0x20000164                commands
 .data          0x2000017c        0x4 .\CortexM0\ARM_GCC_541\Debug\Cm0Start.o
 .data          0x20000180       0x14 .\CortexM0\ARM_GCC_541\Debug\AutomaticPetFeeder.a(CyLib.o)
                0x20000180                CySysClkPumpConfig
                0x20000184                cydelay32kMs
                0x20000188                cydelayFreqKhz
                0x2000018c                cydelayFreqMhz
                0x20000190                cydelayFreqHz
 .data          0x20000194        0x8 .\CortexM0\ARM_GCC_541\Debug\AutomaticPetFeeder.a(CyLFClk.o)
 .data.impure_data
                0x2000019c       0x60 c:/program files (x86)/cypress/psoc creator/4.4/psoc creator/import/gnu/arm/5.4.1/bin/../lib/gcc/arm-none-eabi/5.4.1/../../../../arm-none-eabi/lib/armv6-m\libg_nano.a(lib_a-impure.o)
 .data._impure_ptr
                0x200001fc        0x4 c:/program files (x86)/cypress/psoc creator/4.4/psoc creator/import/gnu/arm/5.4.1/bin/../lib/gcc/arm-none-eabi/5.4.1/../../../../arm-none-eabi/lib/armv6-m\libg_nano.a(lib_a-impure.o)
                0x200001fc                _impure_ptr
                0x20000200                . = ALIGN (0x8)
 *(.ram)
                0x20000200                _edata = .

.igot.plt       0x20000200        0x0 load address 0x000039c0
 .igot.plt      0x20000200        0x0 c:/program files (x86)/cypress/psoc creator/4.4/psoc creator/import/gnu/arm/5.4.1/bin/../lib/gcc/arm-none-eabi/5.4.1/armv6-m/crtbegin.o

.bss            0x20000200       0x90 load address 0x000039c0
                0x20000200                PROVIDE (__bss_start__, .)
 *(.shbss)
 *(.bss .bss.* .gnu.linkonce.b.*)
 .bss           0x20000200       0x1c c:/program files (x86)/cypress/psoc creator/4.4/psoc creator/import/gnu/arm/5.4.1/bin/../lib/gcc/arm-none-eabi/5.4.1/armv6-m/crtbegin.o
 .bss           0x2000021c        0x5 .\CortexM0\ARM_GCC_541\Debug\main.o
                0x2000021c                feedCounter
                0x2000021d                encFlag
                0x2000021e                encPos
                0x2000021f                buttonFlag
                0x20000220                timesToFeed
 .bss           0x20000221        0x1 .\CortexM0\ARM_GCC_541\Debug\AutomaticPetFeeder.a(LED_PWM.o)
                0x20000221                LED_PWM_initVar
 .bss           0x20000222        0x1 .\CortexM0\ARM_GCC_541\Debug\AutomaticPetFeeder.a(SPEAKER_PWM.o)
                0x20000222                SPEAKER_PWM_initVar
 *fill*         0x20000223        0x1 
 .bss           0x20000224       0x28 .\CortexM0\ARM_GCC_541\Debug\AutomaticPetFeeder.a(CyLFClk.o)
 .bss           0x2000024c        0x8 .\CortexM0\ARM_GCC_541\Debug\AutomaticPetFeeder.a(I2C.o)
                0x2000024c                I2C_initVar
                0x20000250                I2C_customIntrHandler
 .bss.__malloc_sbrk_start
                0x20000254        0x4 c:/program files (x86)/cypress/psoc creator/4.4/psoc creator/import/gnu/arm/5.4.1/bin/../lib/gcc/arm-none-eabi/5.4.1/../../../../arm-none-eabi/lib/armv6-m\libg_nano.a(lib_a-nano-mallocr.o)
                0x20000254                __malloc_sbrk_start
 .bss.__malloc_free_list
                0x20000258        0x4 c:/program files (x86)/cypress/psoc creator/4.4/psoc creator/import/gnu/arm/5.4.1/bin/../lib/gcc/arm-none-eabi/5.4.1/../../../../arm-none-eabi/lib/armv6-m\libg_nano.a(lib_a-nano-mallocr.o)
                0x20000258                __malloc_free_list
 *(COMMON)
 COMMON         0x2000025c        0x8 .\CortexM0\ARM_GCC_541\Debug\LiquidCrystal_i2C.o
                0x2000025c                _backlightval
                0x2000025d                _addr
                0x2000025e                _displaycontrol
                0x2000025f                _charsize
                0x20000260                _displaymode
                0x20000261                _displayfunction
                0x20000262                _cols
                0x20000263                _rows
 COMMON         0x20000264        0x1 .\CortexM0\ARM_GCC_541\Debug\AutomaticPetFeeder.a(I2C_I2C.o)
                0x20000264                I2C_state
 *fill*         0x20000265        0x3 
 COMMON         0x20000268       0x24 .\CortexM0\ARM_GCC_541\Debug\AutomaticPetFeeder.a(I2C_I2C_MASTER.o)
                0x20000268                I2C_mstrWrBufIndexTmp
                0x2000026c                I2C_mstrWrBufIndex
                0x20000270                I2C_mstrWrBufSize
                0x20000274                I2C_mstrStatus
                0x20000278                I2C_mstrRdBufPtr
                0x2000027c                I2C_mstrControl
                0x20000280                I2C_mstrRdBufSize
                0x20000284                I2C_mstrRdBufIndex
                0x20000288                I2C_mstrWrBufPtr
 COMMON         0x2000028c        0x4 c:/program files (x86)/cypress/psoc creator/4.4/psoc creator/import/gnu/arm/5.4.1/bin/../lib/gcc/arm-none-eabi/5.4.1/../../../../arm-none-eabi/lib/armv6-m\libg_nano.a(lib_a-reent.o)
                0x2000028c                errno
                0x20000290                . = ALIGN (0x8)
 *(.ram.b)
                0x20000290                _end = .
                0x20000290                __end = .
                0x20000290                PROVIDE (end, .)
                0x20000290                PROVIDE (__bss_end__, .)
                0x00003880                __cy_region_init_ram = LOADADDR (.data)
                0x00000140                __cy_region_init_size_ram = (_edata - ADDR (.data))
                0x00000090                __cy_region_zero_size_ram = (_end - _edata)

.heap           0x20000290       0x80 load address 0x000039c0
                0x20000290                . = _end
                0x20000310                . = (. + 0x80)
 *fill*         0x20000290       0x80 
                0x20000310                __cy_heap_limit = .

.stack          0x20003800      0x800
                0x20003800                __cy_stack_limit = .
                0x20004000                . = (. + 0x800)
 *fill*         0x20003800      0x800 
                0x00000001                ASSERT ((__cy_stack_limit >= __cy_heap_limit), region RAM overflowed with stack)
                0x00000000                cy_checksum_exclude_size = (CY_APPL_LOADABLE == 0x1)?SIZEOF (.cy_checksum_exclude):0x0
                0x00000001                ASSERT ((cy_checksum_exclude_size <= CY_CHECKSUM_EXCLUDE_SIZE), CY_BOOT: Section .cy_checksum_exclude size exceedes specified limit.)
                0x0001ffc0                cyloadermeta_start = (cy_project_type_bootloader || cy_project_type_app_for_stack_and_copier)?(LENGTH (rom) - CY_METADATA_SIZE):0xf0000000

.cyloadermeta
 *(.cyloadermeta)
                0x0001ffc0                cyloadablemeta_start = cy_project_type_app_for_stack_and_copier?((LENGTH (rom) - CY_FLASH_ROW_SIZE) - CY_METADATA_SIZE):((LENGTH (rom) - (CY_FLASH_ROW_SIZE * (CY_APPL_NUM - 0x1))) - CY_METADATA_SIZE)

.cyloadablemeta
 *(.cyloadablemeta)

.cyflashprotect
                0x90400000       0x80
 *(.cyflashprotect)
 .cyflashprotect
                0x90400000       0x80 .\CortexM0\ARM_GCC_541\Debug\cymetadata.o
                0x90400000                cy_meta_flashprotect

.cymeta         0x90500000        0xc
 *(.cymeta)
 .cymeta        0x90500000        0xc .\CortexM0\ARM_GCC_541\Debug\cymetadata.o
                0x90500000                cy_metadata

.cychipprotect  0x90600000        0x1
 *(.cychipprotect)
 .cychipprotect
                0x90600000        0x1 .\CortexM0\ARM_GCC_541\Debug\cymetadata.o
                0x90600000                cy_meta_chipprotect

.rel.dyn        0x000039c0        0x0 load address 0x90600004
 .rel.iplt      0x000039c0        0x0 c:/program files (x86)/cypress/psoc creator/4.4/psoc creator/import/gnu/arm/5.4.1/bin/../lib/gcc/arm-none-eabi/5.4.1/armv6-m/crtbegin.o

.stab
 *(.stab)

.stabstr
 *(.stabstr)

.debug
 *(.debug)

.line
 *(.line)

.debug_srcinfo
 *(.debug_srcinfo)

.debug_sfnames
 *(.debug_sfnames)

.debug_aranges  0x00000000      0xbf0
 *(.debug_aranges)
 .debug_aranges
                0x00000000       0xc0 .\CortexM0\ARM_GCC_541\Debug\main.o
 .debug_aranges
                0x000000c0      0x108 .\CortexM0\ARM_GCC_541\Debug\LiquidCrystal_i2C.o
 .debug_aranges
                0x000001c8       0x40 .\CortexM0\ARM_GCC_541\Debug\cyfitter_cfg.o
 .debug_aranges
                0x00000208       0x18 .\CortexM0\ARM_GCC_541\Debug\cymetadata.o
 .debug_aranges
                0x00000220       0x48 .\CortexM0\ARM_GCC_541\Debug\Cm0Start.o
 .debug_aranges
                0x00000268       0x48 .\CortexM0\ARM_GCC_541\Debug\AutomaticPetFeeder.a(BTN.o)
 .debug_aranges
                0x000002b0      0x158 .\CortexM0\ARM_GCC_541\Debug\AutomaticPetFeeder.a(LED_PWM.o)
 .debug_aranges
                0x00000408      0x158 .\CortexM0\ARM_GCC_541\Debug\AutomaticPetFeeder.a(SPEAKER_PWM.o)
 .debug_aranges
                0x00000560       0x28 .\CortexM0\ARM_GCC_541\Debug\AutomaticPetFeeder.a(LED_SEL.o)
 .debug_aranges
                0x00000588       0x28 .\CortexM0\ARM_GCC_541\Debug\AutomaticPetFeeder.a(Motor.o)
 .debug_aranges
                0x000005b0       0x80 .\CortexM0\ARM_GCC_541\Debug\AutomaticPetFeeder.a(BTN_ISR.o)
 .debug_aranges
                0x00000630       0x80 .\CortexM0\ARM_GCC_541\Debug\AutomaticPetFeeder.a(ENC_ISR.o)
 .debug_aranges
                0x000006b0      0x1c8 .\CortexM0\ARM_GCC_541\Debug\AutomaticPetFeeder.a(CyLib.o)
 .debug_aranges
                0x00000878      0x188 .\CortexM0\ARM_GCC_541\Debug\AutomaticPetFeeder.a(CyLFClk.o)
 .debug_aranges
                0x00000a00       0x60 .\CortexM0\ARM_GCC_541\Debug\AutomaticPetFeeder.a(I2C.o)
 .debug_aranges
                0x00000a60       0x30 .\CortexM0\ARM_GCC_541\Debug\AutomaticPetFeeder.a(I2C_I2C.o)
 .debug_aranges
                0x00000a90       0x98 .\CortexM0\ARM_GCC_541\Debug\AutomaticPetFeeder.a(I2C_I2C_MASTER.o)
 .debug_aranges
                0x00000b28       0x20 .\CortexM0\ARM_GCC_541\Debug\AutomaticPetFeeder.a(CyBootAsmGnu.o)
 .debug_aranges
                0x00000b48       0x48 .\CortexM0\ARM_GCC_541\Debug\AutomaticPetFeeder.a(ENC.o)
 .debug_aranges
                0x00000b90       0x40 .\CortexM0\ARM_GCC_541\Debug\AutomaticPetFeeder.a(CyFlash.o)
 .debug_aranges
                0x00000bd0       0x20 .\CortexM0\ARM_GCC_541\Debug\AutomaticPetFeeder.a(I2C_I2C_INT.o)

.debug_pubnames
 *(.debug_pubnames)

.debug_info     0x00000000     0x85ad
 *(.debug_info .gnu.linkonce.wi.*)
 .debug_info    0x00000000     0x26cc .\CortexM0\ARM_GCC_541\Debug\main.o
 .debug_info    0x000026cc      0x8f8 .\CortexM0\ARM_GCC_541\Debug\LiquidCrystal_i2C.o
 .debug_info    0x00002fc4      0x3bc .\CortexM0\ARM_GCC_541\Debug\cyfitter_cfg.o
 .debug_info    0x00003380       0xf8 .\CortexM0\ARM_GCC_541\Debug\cymetadata.o
 .debug_info    0x00003478      0x3a2 .\CortexM0\ARM_GCC_541\Debug\Cm0Start.o
 .debug_info    0x0000381a      0x19d .\CortexM0\ARM_GCC_541\Debug\AutomaticPetFeeder.a(BTN.o)
 .debug_info    0x000039b7      0x909 .\CortexM0\ARM_GCC_541\Debug\AutomaticPetFeeder.a(LED_PWM.o)
 .debug_info    0x000042c0      0x909 .\CortexM0\ARM_GCC_541\Debug\AutomaticPetFeeder.a(SPEAKER_PWM.o)
 .debug_info    0x00004bc9       0xd6 .\CortexM0\ARM_GCC_541\Debug\AutomaticPetFeeder.a(LED_SEL.o)
 .debug_info    0x00004c9f       0xd6 .\CortexM0\ARM_GCC_541\Debug\AutomaticPetFeeder.a(Motor.o)
 .debug_info    0x00004d75      0x364 .\CortexM0\ARM_GCC_541\Debug\AutomaticPetFeeder.a(BTN_ISR.o)
 .debug_info    0x000050d9      0x3b7 .\CortexM0\ARM_GCC_541\Debug\AutomaticPetFeeder.a(ENC_ISR.o)
 .debug_info    0x00005490      0xd40 .\CortexM0\ARM_GCC_541\Debug\AutomaticPetFeeder.a(CyLib.o)
 .debug_info    0x000061d0     0x1058 .\CortexM0\ARM_GCC_541\Debug\AutomaticPetFeeder.a(CyLFClk.o)
 .debug_info    0x00007228      0x298 .\CortexM0\ARM_GCC_541\Debug\AutomaticPetFeeder.a(I2C.o)
 .debug_info    0x000074c0      0x195 .\CortexM0\ARM_GCC_541\Debug\AutomaticPetFeeder.a(I2C_I2C.o)
 .debug_info    0x00007655      0x813 .\CortexM0\ARM_GCC_541\Debug\AutomaticPetFeeder.a(I2C_I2C_MASTER.o)
 .debug_info    0x00007e68       0xb2 .\CortexM0\ARM_GCC_541\Debug\AutomaticPetFeeder.a(CyBootAsmGnu.o)
 .debug_info    0x00007f1a      0x19b .\CortexM0\ARM_GCC_541\Debug\AutomaticPetFeeder.a(ENC.o)
 .debug_info    0x000080b5      0x350 .\CortexM0\ARM_GCC_541\Debug\AutomaticPetFeeder.a(CyFlash.o)
 .debug_info    0x00008405      0x1a8 .\CortexM0\ARM_GCC_541\Debug\AutomaticPetFeeder.a(I2C_I2C_INT.o)

.debug_abbrev   0x00000000     0x19ce
 *(.debug_abbrev)
 .debug_abbrev  0x00000000      0x28a .\CortexM0\ARM_GCC_541\Debug\main.o
 .debug_abbrev  0x0000028a      0x151 .\CortexM0\ARM_GCC_541\Debug\LiquidCrystal_i2C.o
 .debug_abbrev  0x000003db      0x1af .\CortexM0\ARM_GCC_541\Debug\cyfitter_cfg.o
 .debug_abbrev  0x0000058a       0x5d .\CortexM0\ARM_GCC_541\Debug\cymetadata.o
 .debug_abbrev  0x000005e7      0x1d7 .\CortexM0\ARM_GCC_541\Debug\Cm0Start.o
 .debug_abbrev  0x000007be       0xc8 .\CortexM0\ARM_GCC_541\Debug\AutomaticPetFeeder.a(BTN.o)
 .debug_abbrev  0x00000886      0x119 .\CortexM0\ARM_GCC_541\Debug\AutomaticPetFeeder.a(LED_PWM.o)
 .debug_abbrev  0x0000099f      0x119 .\CortexM0\ARM_GCC_541\Debug\AutomaticPetFeeder.a(SPEAKER_PWM.o)
 .debug_abbrev  0x00000ab8       0x81 .\CortexM0\ARM_GCC_541\Debug\AutomaticPetFeeder.a(LED_SEL.o)
 .debug_abbrev  0x00000b39       0x81 .\CortexM0\ARM_GCC_541\Debug\AutomaticPetFeeder.a(Motor.o)
 .debug_abbrev  0x00000bba      0x18d .\CortexM0\ARM_GCC_541\Debug\AutomaticPetFeeder.a(BTN_ISR.o)
 .debug_abbrev  0x00000d47      0x191 .\CortexM0\ARM_GCC_541\Debug\AutomaticPetFeeder.a(ENC_ISR.o)
 .debug_abbrev  0x00000ed8      0x20b .\CortexM0\ARM_GCC_541\Debug\AutomaticPetFeeder.a(CyLib.o)
 .debug_abbrev  0x000010e3      0x248 .\CortexM0\ARM_GCC_541\Debug\AutomaticPetFeeder.a(CyLFClk.o)
 .debug_abbrev  0x0000132b      0x118 .\CortexM0\ARM_GCC_541\Debug\AutomaticPetFeeder.a(I2C.o)
 .debug_abbrev  0x00001443       0xc7 .\CortexM0\ARM_GCC_541\Debug\AutomaticPetFeeder.a(I2C_I2C.o)
 .debug_abbrev  0x0000150a      0x1c2 .\CortexM0\ARM_GCC_541\Debug\AutomaticPetFeeder.a(I2C_I2C_MASTER.o)
 .debug_abbrev  0x000016cc       0x14 .\CortexM0\ARM_GCC_541\Debug\AutomaticPetFeeder.a(CyBootAsmGnu.o)
 .debug_abbrev  0x000016e0       0xc8 .\CortexM0\ARM_GCC_541\Debug\AutomaticPetFeeder.a(ENC.o)
 .debug_abbrev  0x000017a8      0x182 .\CortexM0\ARM_GCC_541\Debug\AutomaticPetFeeder.a(CyFlash.o)
 .debug_abbrev  0x0000192a       0xa4 .\CortexM0\ARM_GCC_541\Debug\AutomaticPetFeeder.a(I2C_I2C_INT.o)

.debug_line     0x00000000     0x2edc
 *(.debug_line)
 .debug_line    0x00000000      0x5f4 .\CortexM0\ARM_GCC_541\Debug\main.o
 .debug_line    0x000005f4      0x44f .\CortexM0\ARM_GCC_541\Debug\LiquidCrystal_i2C.o
 .debug_line    0x00000a43      0x18f .\CortexM0\ARM_GCC_541\Debug\cyfitter_cfg.o
 .debug_line    0x00000bd2      0x141 .\CortexM0\ARM_GCC_541\Debug\cymetadata.o
 .debug_line    0x00000d13      0x236 .\CortexM0\ARM_GCC_541\Debug\Cm0Start.o
 .debug_line    0x00000f49       0xbb .\CortexM0\ARM_GCC_541\Debug\AutomaticPetFeeder.a(BTN.o)
 .debug_line    0x00001004      0x380 .\CortexM0\ARM_GCC_541\Debug\AutomaticPetFeeder.a(LED_PWM.o)
 .debug_line    0x00001384      0x384 .\CortexM0\ARM_GCC_541\Debug\AutomaticPetFeeder.a(SPEAKER_PWM.o)
 .debug_line    0x00001708       0x70 .\CortexM0\ARM_GCC_541\Debug\AutomaticPetFeeder.a(LED_SEL.o)
 .debug_line    0x00001778       0x6e .\CortexM0\ARM_GCC_541\Debug\AutomaticPetFeeder.a(Motor.o)
 .debug_line    0x000017e6      0x15f .\CortexM0\ARM_GCC_541\Debug\AutomaticPetFeeder.a(BTN_ISR.o)
 .debug_line    0x00001945      0x18f .\CortexM0\ARM_GCC_541\Debug\AutomaticPetFeeder.a(ENC_ISR.o)
 .debug_line    0x00001ad4      0x563 .\CortexM0\ARM_GCC_541\Debug\AutomaticPetFeeder.a(CyLib.o)
 .debug_line    0x00002037      0x5d1 .\CortexM0\ARM_GCC_541\Debug\AutomaticPetFeeder.a(CyLFClk.o)
 .debug_line    0x00002608      0x124 .\CortexM0\ARM_GCC_541\Debug\AutomaticPetFeeder.a(I2C.o)
 .debug_line    0x0000272c       0xc2 .\CortexM0\ARM_GCC_541\Debug\AutomaticPetFeeder.a(I2C_I2C.o)
 .debug_line    0x000027ee      0x2fc .\CortexM0\ARM_GCC_541\Debug\AutomaticPetFeeder.a(I2C_I2C_MASTER.o)
 .debug_line    0x00002aea       0x68 .\CortexM0\ARM_GCC_541\Debug\AutomaticPetFeeder.a(CyBootAsmGnu.o)
 .debug_line    0x00002b52       0xbb .\CortexM0\ARM_GCC_541\Debug\AutomaticPetFeeder.a(ENC.o)
 .debug_line    0x00002c0d      0x173 .\CortexM0\ARM_GCC_541\Debug\AutomaticPetFeeder.a(CyFlash.o)
 .debug_line    0x00002d80      0x15c .\CortexM0\ARM_GCC_541\Debug\AutomaticPetFeeder.a(I2C_I2C_INT.o)

.debug_frame    0x00000000     0x230c
 *(.debug_frame)
 .debug_frame   0x00000000      0x2bc .\CortexM0\ARM_GCC_541\Debug\main.o
 .debug_frame   0x000002bc      0x36c .\CortexM0\ARM_GCC_541\Debug\LiquidCrystal_i2C.o
 .debug_frame   0x00000628       0x98 .\CortexM0\ARM_GCC_541\Debug\cyfitter_cfg.o
 .debug_frame   0x000006c0       0xbc .\CortexM0\ARM_GCC_541\Debug\Cm0Start.o
 .debug_frame   0x0000077c       0x70 .\CortexM0\ARM_GCC_541\Debug\AutomaticPetFeeder.a(BTN.o)
 .debug_frame   0x000007ec      0x3a0 .\CortexM0\ARM_GCC_541\Debug\AutomaticPetFeeder.a(LED_PWM.o)
 .debug_frame   0x00000b8c      0x3a0 .\CortexM0\ARM_GCC_541\Debug\AutomaticPetFeeder.a(SPEAKER_PWM.o)
 .debug_frame   0x00000f2c       0x30 .\CortexM0\ARM_GCC_541\Debug\AutomaticPetFeeder.a(LED_SEL.o)
 .debug_frame   0x00000f5c       0x30 .\CortexM0\ARM_GCC_541\Debug\AutomaticPetFeeder.a(Motor.o)
 .debug_frame   0x00000f8c      0x11c .\CortexM0\ARM_GCC_541\Debug\AutomaticPetFeeder.a(BTN_ISR.o)
 .debug_frame   0x000010a8      0x11c .\CortexM0\ARM_GCC_541\Debug\AutomaticPetFeeder.a(ENC_ISR.o)
 .debug_frame   0x000011c4      0x48c .\CortexM0\ARM_GCC_541\Debug\AutomaticPetFeeder.a(CyLib.o)
 .debug_frame   0x00001650      0x4a4 .\CortexM0\ARM_GCC_541\Debug\AutomaticPetFeeder.a(CyLFClk.o)
 .debug_frame   0x00001af4       0xe8 .\CortexM0\ARM_GCC_541\Debug\AutomaticPetFeeder.a(I2C.o)
 .debug_frame   0x00001bdc       0x58 .\CortexM0\ARM_GCC_541\Debug\AutomaticPetFeeder.a(I2C_I2C.o)
 .debug_frame   0x00001c34      0x1d8 .\CortexM0\ARM_GCC_541\Debug\AutomaticPetFeeder.a(I2C_I2C_MASTER.o)
 .debug_frame   0x00001e0c       0x70 .\CortexM0\ARM_GCC_541\Debug\AutomaticPetFeeder.a(ENC.o)
 .debug_frame   0x00001e7c       0x90 .\CortexM0\ARM_GCC_541\Debug\AutomaticPetFeeder.a(CyFlash.o)
 .debug_frame   0x00001f0c       0x2c .\CortexM0\ARM_GCC_541\Debug\AutomaticPetFeeder.a(I2C_I2C_INT.o)
 .debug_frame   0x00001f38       0x20 c:/program files (x86)/cypress/psoc creator/4.4/psoc creator/import/gnu/arm/5.4.1/bin/../lib/gcc/arm-none-eabi/5.4.1/armv6-m\libgcc.a(_udivsi3.o)
 .debug_frame   0x00001f58       0x20 c:/program files (x86)/cypress/psoc creator/4.4/psoc creator/import/gnu/arm/5.4.1/bin/../lib/gcc/arm-none-eabi/5.4.1/armv6-m\libgcc.a(_divsi3.o)
 .debug_frame   0x00001f78       0x20 c:/program files (x86)/cypress/psoc creator/4.4/psoc creator/import/gnu/arm/5.4.1/bin/../lib/gcc/arm-none-eabi/5.4.1/../../../../arm-none-eabi/lib/armv6-m\libg_nano.a(lib_a-errno.o)
 .debug_frame   0x00001f98       0x28 c:/program files (x86)/cypress/psoc creator/4.4/psoc creator/import/gnu/arm/5.4.1/bin/../lib/gcc/arm-none-eabi/5.4.1/../../../../arm-none-eabi/lib/armv6-m\libg_nano.a(lib_a-exit.o)
 .debug_frame   0x00001fc0       0x2c c:/program files (x86)/cypress/psoc creator/4.4/psoc creator/import/gnu/arm/5.4.1/bin/../lib/gcc/arm-none-eabi/5.4.1/../../../../arm-none-eabi/lib/armv6-m\libg_nano.a(lib_a-init.o)
 .debug_frame   0x00001fec       0x28 c:/program files (x86)/cypress/psoc creator/4.4/psoc creator/import/gnu/arm/5.4.1/bin/../lib/gcc/arm-none-eabi/5.4.1/../../../../arm-none-eabi/lib/armv6-m\libg_nano.a(lib_a-memcpy-stub.o)
 .debug_frame   0x00002014       0x20 c:/program files (x86)/cypress/psoc creator/4.4/psoc creator/import/gnu/arm/5.4.1/bin/../lib/gcc/arm-none-eabi/5.4.1/../../../../arm-none-eabi/lib/armv6-m\libg_nano.a(lib_a-memset.o)
 .debug_frame   0x00002034       0x50 c:/program files (x86)/cypress/psoc creator/4.4/psoc creator/import/gnu/arm/5.4.1/bin/../lib/gcc/arm-none-eabi/5.4.1/../../../../arm-none-eabi/lib/armv6-m\libg_nano.a(lib_a-snprintf.o)
 .debug_frame   0x00002084       0x2c c:/program files (x86)/cypress/psoc creator/4.4/psoc creator/import/gnu/arm/5.4.1/bin/../lib/gcc/arm-none-eabi/5.4.1/../../../../arm-none-eabi/lib/armv6-m\libg_nano.a(lib_a-strncmp.o)
 .debug_frame   0x000020b0       0x74 c:/program files (x86)/cypress/psoc creator/4.4/psoc creator/import/gnu/arm/5.4.1/bin/../lib/gcc/arm-none-eabi/5.4.1/../../../../arm-none-eabi/lib/armv6-m\libg_nano.a(lib_a-nano-svfprintf.o)
 .debug_frame   0x00002124       0x54 c:/program files (x86)/cypress/psoc creator/4.4/psoc creator/import/gnu/arm/5.4.1/bin/../lib/gcc/arm-none-eabi/5.4.1/../../../../arm-none-eabi/lib/armv6-m\libg_nano.a(lib_a-nano-vfprintf_i.o)
 .debug_frame   0x00002178       0x20 c:/program files (x86)/cypress/psoc creator/4.4/psoc creator/import/gnu/arm/5.4.1/bin/../lib/gcc/arm-none-eabi/5.4.1/../../../../arm-none-eabi/lib/armv6-m\libg_nano.a(lib_a-memchr-stub.o)
 .debug_frame   0x00002198       0x28 c:/program files (x86)/cypress/psoc creator/4.4/psoc creator/import/gnu/arm/5.4.1/bin/../lib/gcc/arm-none-eabi/5.4.1/../../../../arm-none-eabi/lib/armv6-m\libg_nano.a(lib_a-memmove.o)
 .debug_frame   0x000021c0       0x2c c:/program files (x86)/cypress/psoc creator/4.4/psoc creator/import/gnu/arm/5.4.1/bin/../lib/gcc/arm-none-eabi/5.4.1/../../../../arm-none-eabi/lib/armv6-m\libg_nano.a(lib_a-nano-freer.o)
 .debug_frame   0x000021ec       0x2c c:/program files (x86)/cypress/psoc creator/4.4/psoc creator/import/gnu/arm/5.4.1/bin/../lib/gcc/arm-none-eabi/5.4.1/../../../../arm-none-eabi/lib/armv6-m\libg_nano.a(lib_a-nano-mallocr.o)
 .debug_frame   0x00002218       0x30 c:/program files (x86)/cypress/psoc creator/4.4/psoc creator/import/gnu/arm/5.4.1/bin/../lib/gcc/arm-none-eabi/5.4.1/../../../../arm-none-eabi/lib/armv6-m\libg_nano.a(lib_a-nano-reallocr.o)
 .debug_frame   0x00002248       0x2c c:/program files (x86)/cypress/psoc creator/4.4/psoc creator/import/gnu/arm/5.4.1/bin/../lib/gcc/arm-none-eabi/5.4.1/../../../../arm-none-eabi/lib/armv6-m\libg_nano.a(lib_a-sbrkr.o)
 .debug_frame   0x00002274       0x30 c:/program files (x86)/cypress/psoc creator/4.4/psoc creator/import/gnu/arm/5.4.1/bin/../lib/gcc/arm-none-eabi/5.4.1/../../../../arm-none-eabi/lib/armv6-m\libg_nano.a(lib_a-mlock.o)
 .debug_frame   0x000022a4       0x20 c:/program files (x86)/cypress/psoc creator/4.4/psoc creator/import/gnu/arm/5.4.1/bin/../lib/gcc/arm-none-eabi/5.4.1/../../../../arm-none-eabi/lib/armv6-m\libg_nano.a(lib_a-nano-msizer.o)
 .debug_frame   0x000022c4       0x48 c:/program files (x86)/cypress/psoc creator/4.4/psoc creator/import/gnu/arm/5.4.1/bin/../lib/gcc/arm-none-eabi/5.4.1/../../../../arm-none-eabi/lib/armv6-m\libg_nano.a(lib_a-reent.o)

.debug_str      0x00000000     0x2819
 *(.debug_str)
 .debug_str     0x00000000      0x6f4 .\CortexM0\ARM_GCC_541\Debug\main.o
                                0x743 (size before relaxing)
 .debug_str     0x000006f4      0x234 .\CortexM0\ARM_GCC_541\Debug\LiquidCrystal_i2C.o
                                0x468 (size before relaxing)
 .debug_str     0x00000928      0x11e .\CortexM0\ARM_GCC_541\Debug\cyfitter_cfg.o
                                0x2f8 (size before relaxing)
 .debug_str     0x00000a46       0x59 .\CortexM0\ARM_GCC_541\Debug\cymetadata.o
                                0x1ea (size before relaxing)
 .debug_str     0x00000a9f      0x135 .\CortexM0\ARM_GCC_541\Debug\Cm0Start.o
                                0x323 (size before relaxing)
 .debug_str     0x00000bd4       0x8b .\CortexM0\ARM_GCC_541\Debug\AutomaticPetFeeder.a(BTN.o)
                                0x24a (size before relaxing)
 .debug_str     0x00000c5f      0x420 .\CortexM0\ARM_GCC_541\Debug\AutomaticPetFeeder.a(LED_PWM.o)
                                0x627 (size before relaxing)
 .debug_str     0x0000107f      0x3cf .\CortexM0\ARM_GCC_541\Debug\AutomaticPetFeeder.a(SPEAKER_PWM.o)
                                0x6cf (size before relaxing)
 .debug_str     0x0000144e       0x2e .\CortexM0\ARM_GCC_541\Debug\AutomaticPetFeeder.a(LED_SEL.o)
                                0x1d7 (size before relaxing)
 .debug_str     0x0000147c       0x2a .\CortexM0\ARM_GCC_541\Debug\AutomaticPetFeeder.a(Motor.o)
                                0x1d1 (size before relaxing)
 .debug_str     0x000014a6      0x11b .\CortexM0\ARM_GCC_541\Debug\AutomaticPetFeeder.a(BTN_ISR.o)
                                0x357 (size before relaxing)
 .debug_str     0x000015c1      0x110 .\CortexM0\ARM_GCC_541\Debug\AutomaticPetFeeder.a(ENC_ISR.o)
                                0x359 (size before relaxing)
 .debug_str     0x000016d1      0x5ac .\CortexM0\ARM_GCC_541\Debug\AutomaticPetFeeder.a(CyLib.o)
                                0x81f (size before relaxing)
 .debug_str     0x00001c7d      0x6e6 .\CortexM0\ARM_GCC_541\Debug\AutomaticPetFeeder.a(CyLFClk.o)
                                0x93f (size before relaxing)
 .debug_str     0x00002363       0xfb .\CortexM0\ARM_GCC_541\Debug\AutomaticPetFeeder.a(I2C.o)
                                0x2e0 (size before relaxing)
 .debug_str     0x0000245e       0x74 .\CortexM0\ARM_GCC_541\Debug\AutomaticPetFeeder.a(I2C_I2C.o)
                                0x270 (size before relaxing)
 .debug_str     0x000024d2      0x203 .\CortexM0\ARM_GCC_541\Debug\AutomaticPetFeeder.a(I2C_I2C_MASTER.o)
                                0x4d8 (size before relaxing)
 .debug_str     0x000026d5       0x5d .\CortexM0\ARM_GCC_541\Debug\AutomaticPetFeeder.a(ENC.o)
                                0x24a (size before relaxing)
 .debug_str     0x00002732       0xa0 .\CortexM0\ARM_GCC_541\Debug\AutomaticPetFeeder.a(CyFlash.o)
                                0x2d2 (size before relaxing)
 .debug_str     0x000027d2       0x47 .\CortexM0\ARM_GCC_541\Debug\AutomaticPetFeeder.a(I2C_I2C_INT.o)
                                0x2e0 (size before relaxing)

.debug_loc      0x00000000     0x3b26
 *(.debug_loc)
 .debug_loc     0x00000000      0x53c .\CortexM0\ARM_GCC_541\Debug\main.o
 .debug_loc     0x0000053c      0x36f .\CortexM0\ARM_GCC_541\Debug\LiquidCrystal_i2C.o
 .debug_loc     0x000008ab      0x118 .\CortexM0\ARM_GCC_541\Debug\cyfitter_cfg.o
 .debug_loc     0x000009c3      0x14f .\CortexM0\ARM_GCC_541\Debug\Cm0Start.o
 .debug_loc     0x00000b12       0xa2 .\CortexM0\ARM_GCC_541\Debug\AutomaticPetFeeder.a(BTN.o)
 .debug_loc     0x00000bb4      0x547 .\CortexM0\ARM_GCC_541\Debug\AutomaticPetFeeder.a(LED_PWM.o)
 .debug_loc     0x000010fb      0x547 .\CortexM0\ARM_GCC_541\Debug\AutomaticPetFeeder.a(SPEAKER_PWM.o)
 .debug_loc     0x00001642       0x82 .\CortexM0\ARM_GCC_541\Debug\AutomaticPetFeeder.a(BTN_ISR.o)
 .debug_loc     0x000016c4       0xdb .\CortexM0\ARM_GCC_541\Debug\AutomaticPetFeeder.a(ENC_ISR.o)
 .debug_loc     0x0000179f      0x81c .\CortexM0\ARM_GCC_541\Debug\AutomaticPetFeeder.a(CyLib.o)
 .debug_loc     0x00001fbb      0xdb7 .\CortexM0\ARM_GCC_541\Debug\AutomaticPetFeeder.a(CyLFClk.o)
 .debug_loc     0x00002d72       0x7e .\CortexM0\ARM_GCC_541\Debug\AutomaticPetFeeder.a(I2C.o)
 .debug_loc     0x00002df0      0xa49 .\CortexM0\ARM_GCC_541\Debug\AutomaticPetFeeder.a(I2C_I2C_MASTER.o)
 .debug_loc     0x00003839       0x81 .\CortexM0\ARM_GCC_541\Debug\AutomaticPetFeeder.a(ENC.o)
 .debug_loc     0x000038ba      0x160 .\CortexM0\ARM_GCC_541\Debug\AutomaticPetFeeder.a(CyFlash.o)
 .debug_loc     0x00003a1a      0x10c .\CortexM0\ARM_GCC_541\Debug\AutomaticPetFeeder.a(I2C_I2C_INT.o)

.debug_macinfo
 *(.debug_macinfo)

.debug_ranges   0x00000000      0xaa0
 *(.debug_ranges)
 .debug_ranges  0x00000000       0xc8 .\CortexM0\ARM_GCC_541\Debug\main.o
 .debug_ranges  0x000000c8       0xf8 .\CortexM0\ARM_GCC_541\Debug\LiquidCrystal_i2C.o
 .debug_ranges  0x000001c0       0x30 .\CortexM0\ARM_GCC_541\Debug\cyfitter_cfg.o
 .debug_ranges  0x000001f0       0x38 .\CortexM0\ARM_GCC_541\Debug\Cm0Start.o
 .debug_ranges  0x00000228       0x38 .\CortexM0\ARM_GCC_541\Debug\AutomaticPetFeeder.a(BTN.o)
 .debug_ranges  0x00000260      0x148 .\CortexM0\ARM_GCC_541\Debug\AutomaticPetFeeder.a(LED_PWM.o)
 .debug_ranges  0x000003a8      0x148 .\CortexM0\ARM_GCC_541\Debug\AutomaticPetFeeder.a(SPEAKER_PWM.o)
 .debug_ranges  0x000004f0       0x18 .\CortexM0\ARM_GCC_541\Debug\AutomaticPetFeeder.a(LED_SEL.o)
 .debug_ranges  0x00000508       0x18 .\CortexM0\ARM_GCC_541\Debug\AutomaticPetFeeder.a(Motor.o)
 .debug_ranges  0x00000520       0x70 .\CortexM0\ARM_GCC_541\Debug\AutomaticPetFeeder.a(BTN_ISR.o)
 .debug_ranges  0x00000590       0x70 .\CortexM0\ARM_GCC_541\Debug\AutomaticPetFeeder.a(ENC_ISR.o)
 .debug_ranges  0x00000600      0x1b8 .\CortexM0\ARM_GCC_541\Debug\AutomaticPetFeeder.a(CyLib.o)
 .debug_ranges  0x000007b8      0x178 .\CortexM0\ARM_GCC_541\Debug\AutomaticPetFeeder.a(CyLFClk.o)
 .debug_ranges  0x00000930       0x50 .\CortexM0\ARM_GCC_541\Debug\AutomaticPetFeeder.a(I2C.o)
 .debug_ranges  0x00000980       0x20 .\CortexM0\ARM_GCC_541\Debug\AutomaticPetFeeder.a(I2C_I2C.o)
 .debug_ranges  0x000009a0       0x88 .\CortexM0\ARM_GCC_541\Debug\AutomaticPetFeeder.a(I2C_I2C_MASTER.o)
 .debug_ranges  0x00000a28       0x38 .\CortexM0\ARM_GCC_541\Debug\AutomaticPetFeeder.a(ENC.o)
 .debug_ranges  0x00000a60       0x30 .\CortexM0\ARM_GCC_541\Debug\AutomaticPetFeeder.a(CyFlash.o)
 .debug_ranges  0x00000a90       0x10 .\CortexM0\ARM_GCC_541\Debug\AutomaticPetFeeder.a(I2C_I2C_INT.o)

.comment        0x00000000       0x6e
 .comment       0x00000000       0x6e .\CortexM0\ARM_GCC_541\Debug\main.o
                                 0x6f (size before relaxing)
 .comment       0x0000006e       0x6f .\CortexM0\ARM_GCC_541\Debug\LiquidCrystal_i2C.o
 .comment       0x0000006e       0x6f .\CortexM0\ARM_GCC_541\Debug\cyfitter_cfg.o
 .comment       0x0000006e       0x6f .\CortexM0\ARM_GCC_541\Debug\cymetadata.o
 .comment       0x0000006e       0x6f .\CortexM0\ARM_GCC_541\Debug\Cm0Start.o
 .comment       0x0000006e       0x6f .\CortexM0\ARM_GCC_541\Debug\AutomaticPetFeeder.a(BTN.o)
 .comment       0x0000006e       0x6f .\CortexM0\ARM_GCC_541\Debug\AutomaticPetFeeder.a(LED_PWM.o)
 .comment       0x0000006e       0x6f .\CortexM0\ARM_GCC_541\Debug\AutomaticPetFeeder.a(SPEAKER_PWM.o)
 .comment       0x0000006e       0x6f .\CortexM0\ARM_GCC_541\Debug\AutomaticPetFeeder.a(LED_SEL.o)
 .comment       0x0000006e       0x6f .\CortexM0\ARM_GCC_541\Debug\AutomaticPetFeeder.a(Motor.o)
 .comment       0x0000006e       0x6f .\CortexM0\ARM_GCC_541\Debug\AutomaticPetFeeder.a(BTN_ISR.o)
 .comment       0x0000006e       0x6f .\CortexM0\ARM_GCC_541\Debug\AutomaticPetFeeder.a(ENC_ISR.o)
 .comment       0x0000006e       0x6f .\CortexM0\ARM_GCC_541\Debug\AutomaticPetFeeder.a(CyLib.o)
 .comment       0x0000006e       0x6f .\CortexM0\ARM_GCC_541\Debug\AutomaticPetFeeder.a(CyLFClk.o)
 .comment       0x0000006e       0x6f .\CortexM0\ARM_GCC_541\Debug\AutomaticPetFeeder.a(I2C.o)
 .comment       0x0000006e       0x6f .\CortexM0\ARM_GCC_541\Debug\AutomaticPetFeeder.a(I2C_I2C.o)
 .comment       0x0000006e       0x6f .\CortexM0\ARM_GCC_541\Debug\AutomaticPetFeeder.a(I2C_I2C_MASTER.o)
 .comment       0x0000006e       0x6f .\CortexM0\ARM_GCC_541\Debug\AutomaticPetFeeder.a(ENC.o)
 .comment       0x0000006e       0x6f .\CortexM0\ARM_GCC_541\Debug\AutomaticPetFeeder.a(CyFlash.o)
 .comment       0x0000006e       0x6f .\CortexM0\ARM_GCC_541\Debug\AutomaticPetFeeder.a(I2C_I2C_INT.o)

.debug_weaknames
 *(.debug_weaknames)

.debug_funcnames
 *(.debug_funcnames)

.debug_typenames
 *(.debug_typenames)

.debug_varnames
 *(.debug_varnames)

.note.gnu.arm.ident
 *(.note.gnu.arm.ident)

.ARM.attributes
                0x00000000       0x28
 *(.ARM.attributes)
 .ARM.attributes
                0x00000000       0x1e c:/program files (x86)/cypress/psoc creator/4.4/psoc creator/import/gnu/arm/5.4.1/bin/../lib/gcc/arm-none-eabi/5.4.1/armv6-m/crti.o
 .ARM.attributes
                0x0000001e       0x2c c:/program files (x86)/cypress/psoc creator/4.4/psoc creator/import/gnu/arm/5.4.1/bin/../lib/gcc/arm-none-eabi/5.4.1/armv6-m/crtbegin.o
 .ARM.attributes
                0x0000004a       0x1b c:/program files (x86)/cypress/psoc creator/4.4/psoc creator/import/gnu/arm/5.4.1/bin/../lib/gcc/arm-none-eabi/5.4.1/../../../../arm-none-eabi/lib/armv6-m/crt0.o
 .ARM.attributes
                0x00000065       0x31 .\CortexM0\ARM_GCC_541\Debug\main.o
 .ARM.attributes
                0x00000096       0x31 .\CortexM0\ARM_GCC_541\Debug\LiquidCrystal_i2C.o
 .ARM.attributes
                0x000000c7       0x31 .\CortexM0\ARM_GCC_541\Debug\cyfitter_cfg.o
 .ARM.attributes
                0x000000f8       0x31 .\CortexM0\ARM_GCC_541\Debug\cymetadata.o
 .ARM.attributes
                0x00000129       0x31 .\CortexM0\ARM_GCC_541\Debug\Cm0Start.o
 .ARM.attributes
                0x0000015a       0x31 .\CortexM0\ARM_GCC_541\Debug\AutomaticPetFeeder.a(BTN.o)
 .ARM.attributes
                0x0000018b       0x31 .\CortexM0\ARM_GCC_541\Debug\AutomaticPetFeeder.a(LED_PWM.o)
 .ARM.attributes
                0x000001bc       0x31 .\CortexM0\ARM_GCC_541\Debug\AutomaticPetFeeder.a(SPEAKER_PWM.o)
 .ARM.attributes
                0x000001ed       0x31 .\CortexM0\ARM_GCC_541\Debug\AutomaticPetFeeder.a(LED_SEL.o)
 .ARM.attributes
                0x0000021e       0x31 .\CortexM0\ARM_GCC_541\Debug\AutomaticPetFeeder.a(Motor.o)
 .ARM.attributes
                0x0000024f       0x31 .\CortexM0\ARM_GCC_541\Debug\AutomaticPetFeeder.a(BTN_ISR.o)
 .ARM.attributes
                0x00000280       0x31 .\CortexM0\ARM_GCC_541\Debug\AutomaticPetFeeder.a(ENC_ISR.o)
 .ARM.attributes
                0x000002b1       0x31 .\CortexM0\ARM_GCC_541\Debug\AutomaticPetFeeder.a(CyLib.o)
 .ARM.attributes
                0x000002e2       0x31 .\CortexM0\ARM_GCC_541\Debug\AutomaticPetFeeder.a(CyLFClk.o)
 .ARM.attributes
                0x00000313       0x31 .\CortexM0\ARM_GCC_541\Debug\AutomaticPetFeeder.a(I2C.o)
 .ARM.attributes
                0x00000344       0x31 .\CortexM0\ARM_GCC_541\Debug\AutomaticPetFeeder.a(I2C_I2C.o)
 .ARM.attributes
                0x00000375       0x31 .\CortexM0\ARM_GCC_541\Debug\AutomaticPetFeeder.a(I2C_I2C_MASTER.o)
 .ARM.attributes
                0x000003a6       0x21 .\CortexM0\ARM_GCC_541\Debug\AutomaticPetFeeder.a(CyBootAsmGnu.o)
 .ARM.attributes
                0x000003c7       0x31 .\CortexM0\ARM_GCC_541\Debug\AutomaticPetFeeder.a(ENC.o)
 .ARM.attributes
                0x000003f8       0x31 .\CortexM0\ARM_GCC_541\Debug\AutomaticPetFeeder.a(CyFlash.o)
 .ARM.attributes
                0x00000429       0x31 .\CortexM0\ARM_GCC_541\Debug\AutomaticPetFeeder.a(I2C_I2C_INT.o)
 .ARM.attributes
                0x0000045a       0x1e c:/program files (x86)/cypress/psoc creator/4.4/psoc creator/import/gnu/arm/5.4.1/bin/../lib/gcc/arm-none-eabi/5.4.1/armv6-m\libgcc.a(_udivsi3.o)
 .ARM.attributes
                0x00000478       0x1e c:/program files (x86)/cypress/psoc creator/4.4/psoc creator/import/gnu/arm/5.4.1/bin/../lib/gcc/arm-none-eabi/5.4.1/armv6-m\libgcc.a(_divsi3.o)
 .ARM.attributes
                0x00000496       0x1e c:/program files (x86)/cypress/psoc creator/4.4/psoc creator/import/gnu/arm/5.4.1/bin/../lib/gcc/arm-none-eabi/5.4.1/armv6-m\libgcc.a(_dvmd_tls.o)
 .ARM.attributes
                0x000004b4       0x2c c:/program files (x86)/cypress/psoc creator/4.4/psoc creator/import/gnu/arm/5.4.1/bin/../lib/gcc/arm-none-eabi/5.4.1/../../../../arm-none-eabi/lib/armv6-m\libg_nano.a(lib_a-errno.o)
 .ARM.attributes
                0x000004e0       0x2c c:/program files (x86)/cypress/psoc creator/4.4/psoc creator/import/gnu/arm/5.4.1/bin/../lib/gcc/arm-none-eabi/5.4.1/../../../../arm-none-eabi/lib/armv6-m\libg_nano.a(lib_a-exit.o)
 .ARM.attributes
                0x0000050c       0x2c c:/program files (x86)/cypress/psoc creator/4.4/psoc creator/import/gnu/arm/5.4.1/bin/../lib/gcc/arm-none-eabi/5.4.1/../../../../arm-none-eabi/lib/armv6-m\libg_nano.a(lib_a-impure.o)
 .ARM.attributes
                0x00000538       0x2c c:/program files (x86)/cypress/psoc creator/4.4/psoc creator/import/gnu/arm/5.4.1/bin/../lib/gcc/arm-none-eabi/5.4.1/../../../../arm-none-eabi/lib/armv6-m\libg_nano.a(lib_a-init.o)
 .ARM.attributes
                0x00000564       0x2c c:/program files (x86)/cypress/psoc creator/4.4/psoc creator/import/gnu/arm/5.4.1/bin/../lib/gcc/arm-none-eabi/5.4.1/../../../../arm-none-eabi/lib/armv6-m\libg_nano.a(lib_a-memcpy-stub.o)
 .ARM.attributes
                0x00000590       0x2c c:/program files (x86)/cypress/psoc creator/4.4/psoc creator/import/gnu/arm/5.4.1/bin/../lib/gcc/arm-none-eabi/5.4.1/../../../../arm-none-eabi/lib/armv6-m\libg_nano.a(lib_a-memset.o)
 .ARM.attributes
                0x000005bc       0x2c c:/program files (x86)/cypress/psoc creator/4.4/psoc creator/import/gnu/arm/5.4.1/bin/../lib/gcc/arm-none-eabi/5.4.1/../../../../arm-none-eabi/lib/armv6-m\libg_nano.a(lib_a-snprintf.o)
 .ARM.attributes
                0x000005e8       0x1c c:/program files (x86)/cypress/psoc creator/4.4/psoc creator/import/gnu/arm/5.4.1/bin/../lib/gcc/arm-none-eabi/5.4.1/../../../../arm-none-eabi/lib/armv6-m\libg_nano.a(lib_a-strlen.o)
 .ARM.attributes
                0x00000604       0x2c c:/program files (x86)/cypress/psoc creator/4.4/psoc creator/import/gnu/arm/5.4.1/bin/../lib/gcc/arm-none-eabi/5.4.1/../../../../arm-none-eabi/lib/armv6-m\libg_nano.a(lib_a-strncmp.o)
 .ARM.attributes
                0x00000630       0x2c c:/program files (x86)/cypress/psoc creator/4.4/psoc creator/import/gnu/arm/5.4.1/bin/../lib/gcc/arm-none-eabi/5.4.1/../../../../arm-none-eabi/lib/armv6-m\libg_nano.a(lib_a-nano-svfprintf.o)
 .ARM.attributes
                0x0000065c       0x2c c:/program files (x86)/cypress/psoc creator/4.4/psoc creator/import/gnu/arm/5.4.1/bin/../lib/gcc/arm-none-eabi/5.4.1/../../../../arm-none-eabi/lib/armv6-m\libg_nano.a(lib_a-nano-vfprintf_i.o)
 .ARM.attributes
                0x00000688       0x2c c:/program files (x86)/cypress/psoc creator/4.4/psoc creator/import/gnu/arm/5.4.1/bin/../lib/gcc/arm-none-eabi/5.4.1/../../../../arm-none-eabi/lib/armv6-m\libg_nano.a(lib_a-memchr-stub.o)
 .ARM.attributes
                0x000006b4       0x2c c:/program files (x86)/cypress/psoc creator/4.4/psoc creator/import/gnu/arm/5.4.1/bin/../lib/gcc/arm-none-eabi/5.4.1/../../../../arm-none-eabi/lib/armv6-m\libg_nano.a(lib_a-memmove.o)
 .ARM.attributes
                0x000006e0       0x2c c:/program files (x86)/cypress/psoc creator/4.4/psoc creator/import/gnu/arm/5.4.1/bin/../lib/gcc/arm-none-eabi/5.4.1/../../../../arm-none-eabi/lib/armv6-m\libg_nano.a(lib_a-nano-freer.o)
 .ARM.attributes
                0x0000070c       0x2c c:/program files (x86)/cypress/psoc creator/4.4/psoc creator/import/gnu/arm/5.4.1/bin/../lib/gcc/arm-none-eabi/5.4.1/../../../../arm-none-eabi/lib/armv6-m\libg_nano.a(lib_a-nano-mallocr.o)
 .ARM.attributes
                0x00000738       0x2c c:/program files (x86)/cypress/psoc creator/4.4/psoc creator/import/gnu/arm/5.4.1/bin/../lib/gcc/arm-none-eabi/5.4.1/../../../../arm-none-eabi/lib/armv6-m\libg_nano.a(lib_a-nano-reallocr.o)
 .ARM.attributes
                0x00000764       0x2c c:/program files (x86)/cypress/psoc creator/4.4/psoc creator/import/gnu/arm/5.4.1/bin/../lib/gcc/arm-none-eabi/5.4.1/../../../../arm-none-eabi/lib/armv6-m\libg_nano.a(lib_a-sbrkr.o)
 .ARM.attributes
                0x00000790       0x2c c:/program files (x86)/cypress/psoc creator/4.4/psoc creator/import/gnu/arm/5.4.1/bin/../lib/gcc/arm-none-eabi/5.4.1/../../../../arm-none-eabi/lib/armv6-m\libg_nano.a(lib_a-mlock.o)
 .ARM.attributes
                0x000007bc       0x2c c:/program files (x86)/cypress/psoc creator/4.4/psoc creator/import/gnu/arm/5.4.1/bin/../lib/gcc/arm-none-eabi/5.4.1/../../../../arm-none-eabi/lib/armv6-m\libg_nano.a(lib_a-nano-msizer.o)
 .ARM.attributes
                0x000007e8       0x2c c:/program files (x86)/cypress/psoc creator/4.4/psoc creator/import/gnu/arm/5.4.1/bin/../lib/gcc/arm-none-eabi/5.4.1/../../../../arm-none-eabi/lib/armv6-m\libg_nano.a(lib_a-reent.o)
 .ARM.attributes
                0x00000814       0x2c c:/program files (x86)/cypress/psoc creator/4.4/psoc creator/import/gnu/arm/5.4.1/bin/../lib/gcc/arm-none-eabi/5.4.1/armv6-m/crtend.o
 .ARM.attributes
                0x00000840       0x1e c:/program files (x86)/cypress/psoc creator/4.4/psoc creator/import/gnu/arm/5.4.1/bin/../lib/gcc/arm-none-eabi/5.4.1/armv6-m/crtn.o

/DISCARD/
 *(.note.GNU-stack)
OUTPUT(C:\Users\hElLo KiTtY 2.1\Desktop\Final Project\Project Files\Final Project\AutomaticPetFeeder.cydsn\CortexM0\ARM_GCC_541\Debug\AutomaticPetFeeder.elf elf32-littlearm)
